========================================
 CWE-190 Integer Overflow Risk Detector
 Source  : /Users/afiaasante/Security-Code-Smells/linux/net/rose/rose_subr.c
 Report  : /Users/afiaasante/Security-Code-Smells/results/net_scan/SCS006/rose__rose_subr.c/rose_subr_report_20260417_174350.txt
 Findings: /Users/afiaasante/Security-Code-Smells/results/net_scan/SCS006/rose__rose_subr.c/rose_subr_findings_20260417_174350.json
 Date    : Fri Apr 17 17:43:50 EDT 2026
========================================

=== Stage 1: srcml ===

real	0m0.039s
user	0m0.033s
sys	0m0.004s

=== Stage 2: srcslice ===
Writing to :: /Users/afiaasante/Security-Code-Smells/linux/net/rose/rose_subr.c.json
Output Saved to :: /Users/afiaasante/Security-Code-Smells/linux/net/rose/rose_subr.c.json

real	0m0.196s
user	0m0.090s
sys	0m0.005s

=== Stage 3: srcattributor ===

real	0m0.888s
user	0m0.854s
sys	0m0.009s

=== Detector 1: unchecked_multiply ===
    input  : /Users/afiaasante/Security-Code-Smells/linux/net/rose/rose_subr.c.xml
    output : /tmp/cwe190_findings_wAcEWn

    query  : FIND $T $FUNC($PARAMS) {} CONTAINS $TYPE $RESULT = $A * $B
    note   : destructor/constructor blocks covered by XPath fallback


real	0m0.019s
user	0m0.014s
sys	0m0.004s


--- Stage 2: XPath destructor/constructor fallback ---
    no unguarded destructor/constructor multiply found

[ unchecked_multiply ] 0 finding(s) written to /tmp/cwe190_findings_wAcEWn
=== Detector 2: unchecked_add ===
    input  : /Users/afiaasante/Security-Code-Smells/linux/net/rose/rose_subr.c.xml
    output : /tmp/cwe190_findings_wAcEWn

    query  : FIND $T $FUNC($PARAMS) {} CONTAINS $TYPE $RESULT = $A + $B
    note   : destructor/constructor blocks covered by XPath fallback


real	0m0.022s
user	0m0.014s
sys	0m0.005s

--- Stage 1: checking srcQL result for MAX guard in <condition> ---
    no taint source -- warning/smell
    finding: /Users/afiaasante/Security-Code-Smells/linux/net/rose/rose_subr.c:437:35 -- rose_create_facilities() adds without MAX guard

--- Stage 2: XPath destructor/constructor fallback ---
    no unguarded destructor/constructor addition found

[ unchecked_add ] 1 finding(s) written to /tmp/cwe190_findings_wAcEWn
=== Detector 3: unchecked_increment ===
    input  : /Users/afiaasante/Security-Code-Smells/linux/net/rose/rose_subr.c.xml
    output : /tmp/cwe190_findings_wAcEWn

    strategy : XPath on srcML XML -- ancestor-scoped guard check

--- extracting finding via XPath ---
    function : rose_write_internal
    position : 140:22

    no taint source -- warning/smell
    finding: /Users/afiaasante/Security-Code-Smells/linux/net/rose/rose_subr.c:140:22 -- rose_write_internal() increments without MAX guard

[ unchecked_increment ] 1 finding(s) written to /tmp/cwe190_findings_wAcEWn
========================================
 Findings JSON
========================================
{
  "detector": "unchecked_add",
  "severity": "warning",
  "classification": "smell",
  "rule": "integerOverflow",
  "file": "/Users/afiaasante/Security-Code-Smells/linux/net/rose/rose_subr.c",
  "line": 437,
  "col": 35,
  "varname": "rose_create_facilities",
  "note": {
    "line": 437,
    "col": 35,
    "message": "addition in rose_create_facilities() -- no upper-bound guard before adding"
  }
}
{
  "detector": "unchecked_increment",
  "severity": "warning",
  "classification": "smell",
  "rule": "integerOverflow",
  "file": "/Users/afiaasante/Security-Code-Smells/linux/net/rose/rose_subr.c",
  "line": 140,
  "col": 22,
  "varname": "rose_write_internal",
  "note": {
    "line": 140,
    "col": 22,
    "message": "increment (++) in rose_write_internal() -- no upper-bound guard (INT_MAX check)"
  }
}

========================================
 Summary
 Total findings : 2
 Errors         : 0
 Warnings       : 2

 Breakdown by detector:
   unchecked_add             1
   unchecked_increment       1
========================================
