========================================
 CWE-195 Signed-to-Unsigned Conversion Detector
 Source  : /Users/afiaasante/Security-Code-Smells/linux/net/rxrpc/rxperf.c
 Report  : /Users/afiaasante/Security-Code-Smells/results/net_scan/SCS007/rxrpc__rxperf.c/rxperf_report_20260417_180437.txt
 Findings: /Users/afiaasante/Security-Code-Smells/results/net_scan/SCS007/rxrpc__rxperf.c/rxperf_findings_20260417_180437.json
 Date    : Fri Apr 17 18:04:37 EDT 2026
========================================

=== Stage 1: srcml ===

real	0m0.057s
user	0m0.046s
sys	0m0.005s

=== Stage 2: srcslice ===
Writing to :: /Users/afiaasante/Security-Code-Smells/linux/net/rxrpc/rxperf.c.json
Output Saved to :: /Users/afiaasante/Security-Code-Smells/linux/net/rxrpc/rxperf.c.json

real	0m0.247s
user	0m0.097s
sys	0m0.005s

=== Stage 3: srcattributor ===

real	0m1.009s
user	0m0.948s
sys	0m0.014s

=== Detector 1: signed_malloc ===
    input  : /Users/afiaasante/Security-Code-Smells/linux/net/rxrpc/rxperf.c.xml
    output : /tmp/cwe195_findings_6cIJ8U

    query  : FIND $T $FUNC($PARAMS) {} CONTAINS malloc($A)
    note   : destructor/constructor blocks covered by XPath fallback


real	0m0.032s
user	0m0.017s
sys	0m0.005s


--- Stage 2: XPath destructor/constructor fallback ---
    no unguarded destructor/constructor malloc found

[ signed_malloc ] 0 finding(s) written to /tmp/cwe195_findings_6cIJ8U
=== Detector 2: signed_memcpy ===
    input  : /Users/afiaasante/Security-Code-Smells/linux/net/rxrpc/rxperf.c.xml
    output : /tmp/cwe195_findings_6cIJ8U

    query  : FIND $T $FUNC($PARAMS) {} CONTAINS memcpy($A, $B, $C)

real	0m0.026s
user	0m0.017s
sys	0m0.005s

    query  : FIND $T $FUNC($PARAMS) {} CONTAINS memmove($A, $B, $C)

real	0m0.025s
user	0m0.018s
sys	0m0.004s


--- Stage 2: XPath destructor/constructor fallback ---
    no unguarded destructor/constructor memcpy/memmove found

[ signed_memcpy ] 0 finding(s) written to /tmp/cwe195_findings_6cIJ8U
=== Detector 3: signed_strncpy ===
    input  : /Users/afiaasante/Security-Code-Smells/linux/net/rxrpc/rxperf.c.xml
    output : /tmp/cwe195_findings_6cIJ8U

    query  : FIND $T $FUNC($PARAMS) {} CONTAINS strncpy($A, $B, $C)
    note   : destructor/constructor blocks covered by XPath fallback


real	0m0.023s
user	0m0.016s
sys	0m0.005s


--- Stage 2: XPath destructor/constructor fallback ---
    no unguarded destructor/constructor strncpy found

[ signed_strncpy ] 0 finding(s) written to /tmp/cwe195_findings_6cIJ8U
========================================
 Findings JSON
========================================

========================================
 Summary
 Total findings : 0
 Errors         : 0
 Warnings       : 0
========================================
