========================================
 CWE-190 Integer Overflow Risk Detector
 Source  : /Users/afiaasante/Security-Code-Smells/linux/net/mptcp/syncookies.c
 Report  : /Users/afiaasante/Security-Code-Smells/results/net_scan/SCS006/mptcp__syncookies.c/syncookies_report_20260417_174154.txt
 Findings: /Users/afiaasante/Security-Code-Smells/results/net_scan/SCS006/mptcp__syncookies.c/syncookies_findings_20260417_174154.json
 Date    : Fri Apr 17 17:41:54 EDT 2026
========================================

=== Stage 1: srcml ===

real	0m0.017s
user	0m0.011s
sys	0m0.004s

=== Stage 2: srcslice ===
Writing to :: /Users/afiaasante/Security-Code-Smells/linux/net/mptcp/syncookies.c.json
Output Saved to :: /Users/afiaasante/Security-Code-Smells/linux/net/mptcp/syncookies.c.json

real	0m0.191s
user	0m0.031s
sys	0m0.004s

=== Stage 3: srcattributor ===

real	0m0.046s
user	0m0.040s
sys	0m0.004s

=== Detector 1: unchecked_multiply ===
    input  : /Users/afiaasante/Security-Code-Smells/linux/net/mptcp/syncookies.c.xml
    output : /tmp/cwe190_findings_fUX03V

    query  : FIND $T $FUNC($PARAMS) {} CONTAINS $TYPE $RESULT = $A * $B
    note   : destructor/constructor blocks covered by XPath fallback


real	0m0.013s
user	0m0.008s
sys	0m0.004s


--- Stage 2: XPath destructor/constructor fallback ---
    no unguarded destructor/constructor multiply found

[ unchecked_multiply ] 0 finding(s) written to /tmp/cwe190_findings_fUX03V
=== Detector 2: unchecked_add ===
    input  : /Users/afiaasante/Security-Code-Smells/linux/net/mptcp/syncookies.c.xml
    output : /tmp/cwe190_findings_fUX03V

    query  : FIND $T $FUNC($PARAMS) {} CONTAINS $TYPE $RESULT = $A + $B
    note   : destructor/constructor blocks covered by XPath fallback


real	0m0.013s
user	0m0.008s
sys	0m0.004s


--- Stage 2: XPath destructor/constructor fallback ---
    no unguarded destructor/constructor addition found

[ unchecked_add ] 0 finding(s) written to /tmp/cwe190_findings_fUX03V
=== Detector 3: unchecked_increment ===
    input  : /Users/afiaasante/Security-Code-Smells/linux/net/mptcp/syncookies.c.xml
    output : /tmp/cwe190_findings_fUX03V

    strategy : XPath on srcML XML -- ancestor-scoped guard check

--- extracting finding via XPath ---
    function : mptcp_join_cookie_init
    position : 131:45

    no taint source -- warning/smell
    finding: /Users/afiaasante/Security-Code-Smells/linux/net/mptcp/syncookies.c:131:45 -- mptcp_join_cookie_init() increments without MAX guard

[ unchecked_increment ] 1 finding(s) written to /tmp/cwe190_findings_fUX03V
========================================
 Findings JSON
========================================
{
  "detector": "unchecked_increment",
  "severity": "warning",
  "classification": "smell",
  "rule": "integerOverflow",
  "file": "/Users/afiaasante/Security-Code-Smells/linux/net/mptcp/syncookies.c",
  "line": 131,
  "col": 45,
  "varname": "mptcp_join_cookie_init",
  "note": {
    "line": 131,
    "col": 45,
    "message": "increment (++) in mptcp_join_cookie_init() -- no upper-bound guard (INT_MAX check)"
  }
}

========================================
 Summary
 Total findings : 1
 Errors         : 0
 Warnings       : 1

 Breakdown by detector:
   unchecked_increment       1
========================================
