========================================
 CWE-190 Integer Overflow Risk Detector
 Source  : /Users/afiaasante/Security-Code-Smells/linux/net/rxrpc/rxgk.c
 Report  : /Users/afiaasante/Security-Code-Smells/results/net_scan/SCS006/rxrpc__rxgk.c/rxgk_report_20260417_174359.txt
 Findings: /Users/afiaasante/Security-Code-Smells/results/net_scan/SCS006/rxrpc__rxgk.c/rxgk_findings_20260417_174359.json
 Date    : Fri Apr 17 17:43:59 EDT 2026
========================================

=== Stage 1: srcml ===

real	0m0.086s
user	0m0.077s
sys	0m0.005s

=== Stage 2: srcslice ===
Writing to :: /Users/afiaasante/Security-Code-Smells/linux/net/rxrpc/rxgk.c.json
Output Saved to :: /Users/afiaasante/Security-Code-Smells/linux/net/rxrpc/rxgk.c.json

real	0m0.303s
user	0m0.162s
sys	0m0.006s

=== Stage 3: srcattributor ===

real	0m3.977s
user	0m3.815s
sys	0m0.047s

=== Detector 1: unchecked_multiply ===
    input  : /Users/afiaasante/Security-Code-Smells/linux/net/rxrpc/rxgk.c.xml
    output : /tmp/cwe190_findings_QS1G0Y

    query  : FIND $T $FUNC($PARAMS) {} CONTAINS $TYPE $RESULT = $A * $B
    note   : destructor/constructor blocks covered by XPath fallback


real	0m0.035s
user	0m0.027s
sys	0m0.006s

--- Stage 1: checking srcQL result for MAX guard in <condition> ---
    no taint source -- warning/smell
    finding: /Users/afiaasante/Security-Code-Smells/linux/net/rxrpc/rxgk.c:23:48 -- rxgk_preparse_server_key() multiplies without MAX guard

--- Stage 2: XPath destructor/constructor fallback ---
    no unguarded destructor/constructor multiply found

[ unchecked_multiply ] 1 finding(s) written to /tmp/cwe190_findings_QS1G0Y
=== Detector 2: unchecked_add ===
    input  : /Users/afiaasante/Security-Code-Smells/linux/net/rxrpc/rxgk.c.xml
    output : /tmp/cwe190_findings_QS1G0Y

    query  : FIND $T $FUNC($PARAMS) {} CONTAINS $TYPE $RESULT = $A + $B
    note   : destructor/constructor blocks covered by XPath fallback


real	0m0.036s
user	0m0.028s
sys	0m0.006s

--- Stage 1: checking srcQL result for MAX guard in <condition> ---
    no taint source -- warning/smell
    finding: /Users/afiaasante/Security-Code-Smells/linux/net/rxrpc/rxgk.c:638:36 -- rxgk_issue_challenge() adds without MAX guard

--- Stage 2: XPath destructor/constructor fallback ---
    no unguarded destructor/constructor addition found

[ unchecked_add ] 1 finding(s) written to /tmp/cwe190_findings_QS1G0Y
=== Detector 3: unchecked_increment ===
    input  : /Users/afiaasante/Security-Code-Smells/linux/net/rxrpc/rxgk.c.xml
    output : /tmp/cwe190_findings_QS1G0Y

    strategy : XPath on srcML XML -- ancestor-scoped guard check

--- extracting finding via XPath ---
    function : rxgk_clear
    position : 1335:55

    no taint source -- warning/smell
    finding: /Users/afiaasante/Security-Code-Smells/linux/net/rxrpc/rxgk.c:1335:55 -- rxgk_clear() increments without MAX guard

[ unchecked_increment ] 1 finding(s) written to /tmp/cwe190_findings_QS1G0Y
========================================
 Findings JSON
========================================
{
  "detector": "unchecked_multiply",
  "severity": "warning",
  "classification": "smell",
  "rule": "integerOverflow",
  "file": "/Users/afiaasante/Security-Code-Smells/linux/net/rxrpc/rxgk.c",
  "line": 23,
  "col": 48,
  "varname": "rxgk_preparse_server_key",
  "note": {
    "line": 23,
    "col": 48,
    "message": "multiplication in rxgk_preparse_server_key() -- no upper-bound guard (INT_MAX / 2)"
  }
}
{
  "detector": "unchecked_add",
  "severity": "warning",
  "classification": "smell",
  "rule": "integerOverflow",
  "file": "/Users/afiaasante/Security-Code-Smells/linux/net/rxrpc/rxgk.c",
  "line": 638,
  "col": 36,
  "varname": "rxgk_issue_challenge",
  "note": {
    "line": 638,
    "col": 36,
    "message": "addition in rxgk_issue_challenge() -- no upper-bound guard before adding"
  }
}
{
  "detector": "unchecked_increment",
  "severity": "warning",
  "classification": "smell",
  "rule": "integerOverflow",
  "file": "/Users/afiaasante/Security-Code-Smells/linux/net/rxrpc/rxgk.c",
  "line": 1335,
  "col": 55,
  "varname": "rxgk_clear",
  "note": {
    "line": 1335,
    "col": 55,
    "message": "increment (++) in rxgk_clear() -- no upper-bound guard (INT_MAX check)"
  }
}

========================================
 Summary
 Total findings : 3
 Errors         : 0
 Warnings       : 3

 Breakdown by detector:
   unchecked_add             1
   unchecked_increment       1
   unchecked_multiply        1
========================================
