========================================
 CWE-195 Signed-to-Unsigned Conversion Detector
 Source  : /Users/afiaasante/Security-Code-Smells/linux/net/xfrm/xfrm_replay.c
 Report  : /Users/afiaasante/Security-Code-Smells/results/net_scan/SCS007/xfrm__xfrm_replay.c/xfrm_replay_report_20260417_180833.txt
 Findings: /Users/afiaasante/Security-Code-Smells/results/net_scan/SCS007/xfrm__xfrm_replay.c/xfrm_replay_findings_20260417_180833.json
 Date    : Fri Apr 17 18:08:33 EDT 2026
========================================

=== Stage 1: srcml ===

real	0m0.063s
user	0m0.055s
sys	0m0.005s

=== Stage 2: srcslice ===
Writing to :: /Users/afiaasante/Security-Code-Smells/linux/net/xfrm/xfrm_replay.c.json
Output Saved to :: /Users/afiaasante/Security-Code-Smells/linux/net/xfrm/xfrm_replay.c.json

real	0m0.250s
user	0m0.126s
sys	0m0.006s

=== Stage 3: srcattributor ===

real	0m1.836s
user	0m1.713s
sys	0m0.019s

=== Detector 1: signed_malloc ===
    input  : /Users/afiaasante/Security-Code-Smells/linux/net/xfrm/xfrm_replay.c.xml
    output : /tmp/cwe195_findings_W7BNOW

    query  : FIND $T $FUNC($PARAMS) {} CONTAINS malloc($A)
    note   : destructor/constructor blocks covered by XPath fallback


real	0m0.026s
user	0m0.019s
sys	0m0.005s


--- Stage 2: XPath destructor/constructor fallback ---
    no unguarded destructor/constructor malloc found

[ signed_malloc ] 0 finding(s) written to /tmp/cwe195_findings_W7BNOW
=== Detector 2: signed_memcpy ===
    input  : /Users/afiaasante/Security-Code-Smells/linux/net/xfrm/xfrm_replay.c.xml
    output : /tmp/cwe195_findings_W7BNOW

    query  : FIND $T $FUNC($PARAMS) {} CONTAINS memcpy($A, $B, $C)

real	0m0.029s
user	0m0.021s
sys	0m0.005s

--- Stage 1 (memcpy): checking srcQL result for positivity guard in <condition> ---
    no taint source -- warning/smell
    finding: /Users/afiaasante/Security-Code-Smells/linux/net/xfrm/xfrm_replay.c:88:9 -- xfrm_replay_notify() memcpy without positivity guard
    query  : FIND $T $FUNC($PARAMS) {} CONTAINS memmove($A, $B, $C)

real	0m0.026s
user	0m0.020s
sys	0m0.005s


--- Stage 2: XPath destructor/constructor fallback ---

[ signed_memcpy ] 1 finding(s) written to /tmp/cwe195_findings_W7BNOW
=== Detector 3: signed_strncpy ===
    input  : /Users/afiaasante/Security-Code-Smells/linux/net/xfrm/xfrm_replay.c.xml
    output : /tmp/cwe195_findings_W7BNOW

    query  : FIND $T $FUNC($PARAMS) {} CONTAINS strncpy($A, $B, $C)
    note   : destructor/constructor blocks covered by XPath fallback


real	0m0.035s
user	0m0.020s
sys	0m0.006s


--- Stage 2: XPath destructor/constructor fallback ---
    no unguarded destructor/constructor strncpy found

[ signed_strncpy ] 0 finding(s) written to /tmp/cwe195_findings_W7BNOW
========================================
 Findings JSON
========================================
{
  "detector": "signed_memcpy",
  "severity": "warning",
  "classification": "smell",
  "rule": "signedUnsignedConversion",
  "file": "/Users/afiaasante/Security-Code-Smells/linux/net/xfrm/xfrm_replay.c",
  "line": 88,
  "col": 9,
  "varname": "xfrm_replay_notify",
  "note": {
    "line": 88,
    "col": 9,
    "message": "memcpy() in xfrm_replay_notify() -- signed int passed as byte count with no positivity guard (data > 0)"
  }
}

========================================
 Summary
 Total findings : 1
 Errors         : 0
 Warnings       : 1

 Breakdown by detector:
   signed_memcpy             1
========================================
