========================================
 CWE-190 Integer Overflow Risk Detector
 Source  : /Users/afiaasante/Security-Code-Smells/linux/net/ipv6/tcp_ipv6.c
 Report  : /Users/afiaasante/Security-Code-Smells/results/net_scan/SCS006/ipv6__tcp_ipv6.c/tcp_ipv6_report_20260417_174017.txt
 Findings: /Users/afiaasante/Security-Code-Smells/results/net_scan/SCS006/ipv6__tcp_ipv6.c/tcp_ipv6_findings_20260417_174017.json
 Date    : Fri Apr 17 17:40:17 EDT 2026
========================================

=== Stage 1: srcml ===

real	0m0.135s
user	0m0.120s
sys	0m0.008s

=== Stage 2: srcslice ===
Writing to :: /Users/afiaasante/Security-Code-Smells/linux/net/ipv6/tcp_ipv6.c.json
Output Saved to :: /Users/afiaasante/Security-Code-Smells/linux/net/ipv6/tcp_ipv6.c.json

real	0m0.366s
user	0m0.245s
sys	0m0.008s

=== Stage 3: srcattributor ===

real	0m4.134s
user	0m3.912s
sys	0m0.037s

=== Detector 1: unchecked_multiply ===
    input  : /Users/afiaasante/Security-Code-Smells/linux/net/ipv6/tcp_ipv6.c.xml
    output : /tmp/cwe190_findings_k8Fl8Q

    query  : FIND $T $FUNC($PARAMS) {} CONTAINS $TYPE $RESULT = $A * $B
    note   : destructor/constructor blocks covered by XPath fallback


real	0m0.057s
user	0m0.047s
sys	0m0.006s

--- Stage 1: checking srcQL result for MAX guard in <condition> ---
    no taint source -- warning/smell
    finding: /Users/afiaasante/Security-Code-Smells/linux/net/ipv6/tcp_ipv6.c:136:58 -- tcp_v6_connect() multiplies without MAX guard

--- Stage 2: XPath destructor/constructor fallback ---
    no unguarded destructor/constructor multiply found

[ unchecked_multiply ] 1 finding(s) written to /tmp/cwe190_findings_k8Fl8Q
=== Detector 2: unchecked_add ===
    input  : /Users/afiaasante/Security-Code-Smells/linux/net/ipv6/tcp_ipv6.c.xml
    output : /tmp/cwe190_findings_k8Fl8Q

    query  : FIND $T $FUNC($PARAMS) {} CONTAINS $TYPE $RESULT = $A + $B
    note   : destructor/constructor blocks covered by XPath fallback


real	0m0.049s
user	0m0.041s
sys	0m0.006s

--- Stage 1: checking srcQL result for MAX guard in <condition> ---
    no taint source -- warning/smell
    finding: /Users/afiaasante/Security-Code-Smells/linux/net/ipv6/tcp_ipv6.c:382:62 -- tcp_v6_err() adds without MAX guard

--- Stage 2: XPath destructor/constructor fallback ---
    no unguarded destructor/constructor addition found

[ unchecked_add ] 1 finding(s) written to /tmp/cwe190_findings_k8Fl8Q
=== Detector 3: unchecked_increment ===
    input  : /Users/afiaasante/Security-Code-Smells/linux/net/ipv6/tcp_ipv6.c.xml
    output : /tmp/cwe190_findings_k8Fl8Q

    strategy : XPath on srcML XML -- ancestor-scoped guard check

--- extracting finding via XPath ---
    function : tcp_v6_send_response
    position : 877:22

    no taint source -- warning/smell
    finding: /Users/afiaasante/Security-Code-Smells/linux/net/ipv6/tcp_ipv6.c:877:22 -- tcp_v6_send_response() increments without MAX guard

[ unchecked_increment ] 1 finding(s) written to /tmp/cwe190_findings_k8Fl8Q
========================================
 Findings JSON
========================================
{
  "detector": "unchecked_multiply",
  "severity": "warning",
  "classification": "smell",
  "rule": "integerOverflow",
  "file": "/Users/afiaasante/Security-Code-Smells/linux/net/ipv6/tcp_ipv6.c",
  "line": 136,
  "col": 58,
  "varname": "tcp_v6_connect",
  "note": {
    "line": 136,
    "col": 58,
    "message": "multiplication in tcp_v6_connect() -- no upper-bound guard (INT_MAX / 2)"
  }
}
{
  "detector": "unchecked_add",
  "severity": "warning",
  "classification": "smell",
  "rule": "integerOverflow",
  "file": "/Users/afiaasante/Security-Code-Smells/linux/net/ipv6/tcp_ipv6.c",
  "line": 382,
  "col": 62,
  "varname": "tcp_v6_err",
  "note": {
    "line": 382,
    "col": 62,
    "message": "addition in tcp_v6_err() -- no upper-bound guard before adding"
  }
}
{
  "detector": "unchecked_increment",
  "severity": "warning",
  "classification": "smell",
  "rule": "integerOverflow",
  "file": "/Users/afiaasante/Security-Code-Smells/linux/net/ipv6/tcp_ipv6.c",
  "line": 877,
  "col": 22,
  "varname": "tcp_v6_send_response",
  "note": {
    "line": 877,
    "col": 22,
    "message": "increment (++) in tcp_v6_send_response() -- no upper-bound guard (INT_MAX check)"
  }
}

========================================
 Summary
 Total findings : 3
 Errors         : 0
 Warnings       : 3

 Breakdown by detector:
   unchecked_add             1
   unchecked_increment       1
   unchecked_multiply        1
========================================
