========================================
 CWE-190 Integer Overflow Risk Detector
 Source  : /Users/afiaasante/Security-Code-Smells/linux/net/ax25/ax25_std_timer.c
 Report  : /Users/afiaasante/Security-Code-Smells/results/net_scan/SCS006/ax25__ax25_std_timer.c/ax25_std_timer_report_20260417_173517.txt
 Findings: /Users/afiaasante/Security-Code-Smells/results/net_scan/SCS006/ax25__ax25_std_timer.c/ax25_std_timer_findings_20260417_173517.json
 Date    : Fri Apr 17 17:35:17 EDT 2026
========================================

=== Stage 1: srcml ===

real	0m0.009s
user	0m0.006s
sys	0m0.003s

=== Stage 2: srcslice ===
Writing to :: /Users/afiaasante/Security-Code-Smells/linux/net/ax25/ax25_std_timer.c.json
Output Saved to :: /Users/afiaasante/Security-Code-Smells/linux/net/ax25/ax25_std_timer.c.json

real	0m0.173s
user	0m0.019s
sys	0m0.003s

=== Stage 3: srcattributor ===

real	0m0.021s
user	0m0.018s
sys	0m0.002s

=== Detector 1: unchecked_multiply ===
    input  : /Users/afiaasante/Security-Code-Smells/linux/net/ax25/ax25_std_timer.c.xml
    output : /tmp/cwe190_findings_031BdZ

    query  : FIND $T $FUNC($PARAMS) {} CONTAINS $TYPE $RESULT = $A * $B
    note   : destructor/constructor blocks covered by XPath fallback


real	0m0.008s
user	0m0.004s
sys	0m0.003s


--- Stage 2: XPath destructor/constructor fallback ---
    no unguarded destructor/constructor multiply found

[ unchecked_multiply ] 0 finding(s) written to /tmp/cwe190_findings_031BdZ
=== Detector 2: unchecked_add ===
    input  : /Users/afiaasante/Security-Code-Smells/linux/net/ax25/ax25_std_timer.c.xml
    output : /tmp/cwe190_findings_031BdZ

    query  : FIND $T $FUNC($PARAMS) {} CONTAINS $TYPE $RESULT = $A + $B
    note   : destructor/constructor blocks covered by XPath fallback


real	0m0.006s
user	0m0.004s
sys	0m0.002s


--- Stage 2: XPath destructor/constructor fallback ---
    no unguarded destructor/constructor addition found

[ unchecked_add ] 0 finding(s) written to /tmp/cwe190_findings_031BdZ
=== Detector 3: unchecked_increment ===
    input  : /Users/afiaasante/Security-Code-Smells/linux/net/ax25/ax25_std_timer.c.xml
    output : /tmp/cwe190_findings_031BdZ

    strategy : XPath on srcML XML -- ancestor-scoped guard check

--- extracting finding via XPath ---
    function : ax25_std_t1timer_expiry
    position : 135:38

    no taint source -- warning/smell
    finding: /Users/afiaasante/Security-Code-Smells/linux/net/ax25/ax25_std_timer.c:135:38 -- ax25_std_t1timer_expiry() increments without MAX guard

[ unchecked_increment ] 1 finding(s) written to /tmp/cwe190_findings_031BdZ
========================================
 Findings JSON
========================================
{
  "detector": "unchecked_increment",
  "severity": "warning",
  "classification": "smell",
  "rule": "integerOverflow",
  "file": "/Users/afiaasante/Security-Code-Smells/linux/net/ax25/ax25_std_timer.c",
  "line": 135,
  "col": 38,
  "varname": "ax25_std_t1timer_expiry",
  "note": {
    "line": 135,
    "col": 38,
    "message": "increment (++) in ax25_std_t1timer_expiry() -- no upper-bound guard (INT_MAX check)"
  }
}

========================================
 Summary
 Total findings : 1
 Errors         : 0
 Warnings       : 1

 Breakdown by detector:
   unchecked_increment       1
========================================
