========================================
 CWE-190 Integer Overflow Risk Detector
 Source  : /Users/afiaasante/Security-Code-Smells/linux/net/802/garp.c
 Report  : /Users/afiaasante/Security-Code-Smells/results/net_scan/SCS006/802__garp.c/garp_report_20260417_173510.txt
 Findings: /Users/afiaasante/Security-Code-Smells/results/net_scan/SCS006/802__garp.c/garp_findings_20260417_173510.json
 Date    : Fri Apr 17 17:35:10 EDT 2026
========================================

=== Stage 1: srcml ===

real	0m0.026s
user	0m0.020s
sys	0m0.003s

=== Stage 2: srcslice ===
Writing to :: /Users/afiaasante/Security-Code-Smells/linux/net/802/garp.c.json
Output Saved to :: /Users/afiaasante/Security-Code-Smells/linux/net/802/garp.c.json

real	0m0.182s
user	0m0.039s
sys	0m0.003s

=== Stage 3: srcattributor ===

real	0m0.376s
user	0m0.346s
sys	0m0.010s

=== Detector 1: unchecked_multiply ===
    input  : /Users/afiaasante/Security-Code-Smells/linux/net/802/garp.c.xml
    output : /tmp/cwe190_findings_HIvrp6

    query  : FIND $T $FUNC($PARAMS) {} CONTAINS $TYPE $RESULT = $A * $B
    note   : destructor/constructor blocks covered by XPath fallback


real	0m0.010s
user	0m0.007s
sys	0m0.002s


--- Stage 2: XPath destructor/constructor fallback ---
    no unguarded destructor/constructor multiply found

[ unchecked_multiply ] 0 finding(s) written to /tmp/cwe190_findings_HIvrp6
=== Detector 2: unchecked_add ===
    input  : /Users/afiaasante/Security-Code-Smells/linux/net/802/garp.c.xml
    output : /tmp/cwe190_findings_HIvrp6

    query  : FIND $T $FUNC($PARAMS) {} CONTAINS $TYPE $RESULT = $A + $B
    note   : destructor/constructor blocks covered by XPath fallback


real	0m0.014s
user	0m0.009s
sys	0m0.003s


--- Stage 2: XPath destructor/constructor fallback ---
    no unguarded destructor/constructor addition found

[ unchecked_add ] 0 finding(s) written to /tmp/cwe190_findings_HIvrp6
=== Detector 3: unchecked_increment ===
    input  : /Users/afiaasante/Security-Code-Smells/linux/net/802/garp.c.xml
    output : /tmp/cwe190_findings_HIvrp6

    strategy : XPath on srcML XML -- ancestor-scoped guard check

--- extracting finding via XPath ---
    function : garp_release_port
    position : 562:49

    no taint source -- warning/smell
    finding: /Users/afiaasante/Security-Code-Smells/linux/net/802/garp.c:562:49 -- garp_release_port() increments without MAX guard

[ unchecked_increment ] 1 finding(s) written to /tmp/cwe190_findings_HIvrp6
========================================
 Findings JSON
========================================
{
  "detector": "unchecked_increment",
  "severity": "warning",
  "classification": "smell",
  "rule": "integerOverflow",
  "file": "/Users/afiaasante/Security-Code-Smells/linux/net/802/garp.c",
  "line": 562,
  "col": 49,
  "varname": "garp_release_port",
  "note": {
    "line": 562,
    "col": 49,
    "message": "increment (++) in garp_release_port() -- no upper-bound guard (INT_MAX check)"
  }
}

========================================
 Summary
 Total findings : 1
 Errors         : 0
 Warnings       : 1

 Breakdown by detector:
   unchecked_increment       1
========================================
