========================================
 CWE-195 Signed-to-Unsigned Conversion Detector
 Source  : /Users/afiaasante/Security-Code-Smells/linux/net/core/skmsg.c
 Report  : /Users/afiaasante/Security-Code-Smells/results/net_scan/SCS007/core__skmsg.c/skmsg_report_20260417_175532.txt
 Findings: /Users/afiaasante/Security-Code-Smells/results/net_scan/SCS007/core__skmsg.c/skmsg_findings_20260417_175532.json
 Date    : Fri Apr 17 17:55:32 EDT 2026
========================================

=== Stage 1: srcml ===

real	0m0.106s
user	0m0.093s
sys	0m0.006s

=== Stage 2: srcslice ===
Writing to :: /Users/afiaasante/Security-Code-Smells/linux/net/core/skmsg.c.json
Output Saved to :: /Users/afiaasante/Security-Code-Smells/linux/net/core/skmsg.c.json

real	0m0.329s
user	0m0.190s
sys	0m0.013s

=== Stage 3: srcattributor ===

real	0m5.448s
user	0m5.200s
sys	0m0.035s

=== Detector 1: signed_malloc ===
    input  : /Users/afiaasante/Security-Code-Smells/linux/net/core/skmsg.c.xml
    output : /tmp/cwe195_findings_CWlXUJ

    query  : FIND $T $FUNC($PARAMS) {} CONTAINS malloc($A)
    note   : destructor/constructor blocks covered by XPath fallback


real	0m0.038s
user	0m0.029s
sys	0m0.007s


--- Stage 2: XPath destructor/constructor fallback ---
    no unguarded destructor/constructor malloc found

[ signed_malloc ] 0 finding(s) written to /tmp/cwe195_findings_CWlXUJ
=== Detector 2: signed_memcpy ===
    input  : /Users/afiaasante/Security-Code-Smells/linux/net/core/skmsg.c.xml
    output : /tmp/cwe195_findings_CWlXUJ

    query  : FIND $T $FUNC($PARAMS) {} CONTAINS memcpy($A, $B, $C)

real	0m0.036s
user	0m0.028s
sys	0m0.005s

    query  : FIND $T $FUNC($PARAMS) {} CONTAINS memmove($A, $B, $C)

real	0m0.038s
user	0m0.029s
sys	0m0.006s


--- Stage 2: XPath destructor/constructor fallback ---
    no unguarded destructor/constructor memcpy/memmove found

[ signed_memcpy ] 0 finding(s) written to /tmp/cwe195_findings_CWlXUJ
=== Detector 3: signed_strncpy ===
    input  : /Users/afiaasante/Security-Code-Smells/linux/net/core/skmsg.c.xml
    output : /tmp/cwe195_findings_CWlXUJ

    query  : FIND $T $FUNC($PARAMS) {} CONTAINS strncpy($A, $B, $C)
    note   : destructor/constructor blocks covered by XPath fallback


real	0m0.037s
user	0m0.029s
sys	0m0.005s


--- Stage 2: XPath destructor/constructor fallback ---
    no unguarded destructor/constructor strncpy found

[ signed_strncpy ] 0 finding(s) written to /tmp/cwe195_findings_CWlXUJ
========================================
 Findings JSON
========================================

========================================
 Summary
 Total findings : 0
 Errors         : 0
 Warnings       : 0
========================================
