========================================
 CWE-195 Signed-to-Unsigned Conversion Detector
 Source  : /Users/afiaasante/Security-Code-Smells/linux/net/ax25/af_ax25.c
 Report  : /Users/afiaasante/Security-Code-Smells/results/net_scan/SCS007/ax25__af_ax25.c/af_ax25_report_20260417_175230.txt
 Findings: /Users/afiaasante/Security-Code-Smells/results/net_scan/SCS007/ax25__af_ax25.c/af_ax25_findings_20260417_175230.json
 Date    : Fri Apr 17 17:52:30 EDT 2026
========================================

=== Stage 1: srcml ===

real	0m0.079s
user	0m0.068s
sys	0m0.004s

=== Stage 2: srcslice ===
Writing to :: /Users/afiaasante/Security-Code-Smells/linux/net/ax25/af_ax25.c.json
Output Saved to :: /Users/afiaasante/Security-Code-Smells/linux/net/ax25/af_ax25.c.json

real	0m0.262s
user	0m0.117s
sys	0m0.006s

=== Stage 3: srcattributor ===

real	0m3.415s
user	0m3.278s
sys	0m0.032s

=== Detector 1: signed_malloc ===
    input  : /Users/afiaasante/Security-Code-Smells/linux/net/ax25/af_ax25.c.xml
    output : /tmp/cwe195_findings_GCL6dL

    query  : FIND $T $FUNC($PARAMS) {} CONTAINS malloc($A)
    note   : destructor/constructor blocks covered by XPath fallback


real	0m0.025s
user	0m0.020s
sys	0m0.003s


--- Stage 2: XPath destructor/constructor fallback ---
    no unguarded destructor/constructor malloc found

[ signed_malloc ] 0 finding(s) written to /tmp/cwe195_findings_GCL6dL
=== Detector 2: signed_memcpy ===
    input  : /Users/afiaasante/Security-Code-Smells/linux/net/ax25/af_ax25.c.xml
    output : /tmp/cwe195_findings_GCL6dL

    query  : FIND $T $FUNC($PARAMS) {} CONTAINS memcpy($A, $B, $C)

real	0m0.031s
user	0m0.024s
sys	0m0.005s

--- Stage 1 (memcpy): checking srcQL result for positivity guard in <condition> ---
    no taint source -- warning/smell
    finding: /Users/afiaasante/Security-Code-Smells/linux/net/ax25/af_ax25.c:1485:25 -- ax25_getname() memcpy without positivity guard
    query  : FIND $T $FUNC($PARAMS) {} CONTAINS memmove($A, $B, $C)

real	0m0.030s
user	0m0.021s
sys	0m0.005s


--- Stage 2: XPath destructor/constructor fallback ---

[ signed_memcpy ] 1 finding(s) written to /tmp/cwe195_findings_GCL6dL
=== Detector 3: signed_strncpy ===
    input  : /Users/afiaasante/Security-Code-Smells/linux/net/ax25/af_ax25.c.xml
    output : /tmp/cwe195_findings_GCL6dL

    query  : FIND $T $FUNC($PARAMS) {} CONTAINS strncpy($A, $B, $C)
    note   : destructor/constructor blocks covered by XPath fallback


real	0m0.036s
user	0m0.027s
sys	0m0.005s


--- Stage 2: XPath destructor/constructor fallback ---
    no unguarded destructor/constructor strncpy found

[ signed_strncpy ] 0 finding(s) written to /tmp/cwe195_findings_GCL6dL
========================================
 Findings JSON
========================================
{
  "detector": "signed_memcpy",
  "severity": "warning",
  "classification": "smell",
  "rule": "signedUnsignedConversion",
  "file": "/Users/afiaasante/Security-Code-Smells/linux/net/ax25/af_ax25.c",
  "line": 1485,
  "col": 25,
  "varname": "ax25_getname",
  "note": {
    "line": 1485,
    "col": 25,
    "message": "memcpy() in ax25_getname() -- signed int passed as byte count with no positivity guard (data > 0)"
  }
}

========================================
 Summary
 Total findings : 1
 Errors         : 0
 Warnings       : 1

 Breakdown by detector:
   signed_memcpy             1
========================================
