========================================
 CWE-190 Integer Overflow Risk Detector
 Source  : /Users/afiaasante/Security-Code-Smells/linux/net/lapb/lapb_subr.c
 Report  : /Users/afiaasante/Security-Code-Smells/results/net_scan/SCS006/lapb__lapb_subr.c/lapb_subr_report_20260417_174035.txt
 Findings: /Users/afiaasante/Security-Code-Smells/results/net_scan/SCS006/lapb__lapb_subr.c/lapb_subr_findings_20260417_174035.json
 Date    : Fri Apr 17 17:40:35 EDT 2026
========================================

=== Stage 1: srcml ===

real	0m0.025s
user	0m0.018s
sys	0m0.004s

=== Stage 2: srcslice ===
Writing to :: /Users/afiaasante/Security-Code-Smells/linux/net/lapb/lapb_subr.c.json
Output Saved to :: /Users/afiaasante/Security-Code-Smells/linux/net/lapb/lapb_subr.c.json

real	0m0.187s
user	0m0.050s
sys	0m0.005s

=== Stage 3: srcattributor ===

real	0m0.171s
user	0m0.159s
sys	0m0.005s

=== Detector 1: unchecked_multiply ===
    input  : /Users/afiaasante/Security-Code-Smells/linux/net/lapb/lapb_subr.c.xml
    output : /tmp/cwe190_findings_WUeJyT

    query  : FIND $T $FUNC($PARAMS) {} CONTAINS $TYPE $RESULT = $A * $B
    note   : destructor/constructor blocks covered by XPath fallback


real	0m0.015s
user	0m0.010s
sys	0m0.004s


--- Stage 2: XPath destructor/constructor fallback ---
    no unguarded destructor/constructor multiply found

[ unchecked_multiply ] 0 finding(s) written to /tmp/cwe190_findings_WUeJyT
=== Detector 2: unchecked_add ===
    input  : /Users/afiaasante/Security-Code-Smells/linux/net/lapb/lapb_subr.c.xml
    output : /tmp/cwe190_findings_WUeJyT

    query  : FIND $T $FUNC($PARAMS) {} CONTAINS $TYPE $RESULT = $A + $B
    note   : destructor/constructor blocks covered by XPath fallback


real	0m0.017s
user	0m0.011s
sys	0m0.005s


--- Stage 2: XPath destructor/constructor fallback ---
    no unguarded destructor/constructor addition found

[ unchecked_add ] 0 finding(s) written to /tmp/cwe190_findings_WUeJyT
=== Detector 3: unchecked_increment ===
    input  : /Users/afiaasante/Security-Code-Smells/linux/net/lapb/lapb_subr.c.xml
    output : /tmp/cwe190_findings_WUeJyT

    strategy : XPath on srcML XML -- ancestor-scoped guard check

--- extracting finding via XPath ---
    function : lapb_transmit_frmr
    position : 270:22

    no taint source -- warning/smell
    finding: /Users/afiaasante/Security-Code-Smells/linux/net/lapb/lapb_subr.c:270:22 -- lapb_transmit_frmr() increments without MAX guard

[ unchecked_increment ] 1 finding(s) written to /tmp/cwe190_findings_WUeJyT
========================================
 Findings JSON
========================================
{
  "detector": "unchecked_increment",
  "severity": "warning",
  "classification": "smell",
  "rule": "integerOverflow",
  "file": "/Users/afiaasante/Security-Code-Smells/linux/net/lapb/lapb_subr.c",
  "line": 270,
  "col": 22,
  "varname": "lapb_transmit_frmr",
  "note": {
    "line": 270,
    "col": 22,
    "message": "increment (++) in lapb_transmit_frmr() -- no upper-bound guard (INT_MAX check)"
  }
}

========================================
 Summary
 Total findings : 1
 Errors         : 0
 Warnings       : 1

 Breakdown by detector:
   unchecked_increment       1
========================================
