========================================
 CWE-190 Integer Overflow Risk Detector
 Source  : /Users/afiaasante/Security-Code-Smells/linux/net/ipv6/datagram.c
 Report  : /Users/afiaasante/Security-Code-Smells/results/net_scan/SCS006/ipv6__datagram.c/datagram_report_20260417_173933.txt
 Findings: /Users/afiaasante/Security-Code-Smells/results/net_scan/SCS006/ipv6__datagram.c/datagram_findings_20260417_173933.json
 Date    : Fri Apr 17 17:39:33 EDT 2026
========================================

=== Stage 1: srcml ===

real	0m0.115s
user	0m0.062s
sys	0m0.007s

=== Stage 2: srcslice ===
Writing to :: /Users/afiaasante/Security-Code-Smells/linux/net/ipv6/datagram.c.json
Output Saved to :: /Users/afiaasante/Security-Code-Smells/linux/net/ipv6/datagram.c.json

real	0m0.318s
user	0m0.130s
sys	0m0.007s

=== Stage 3: srcattributor ===

real	0m1.841s
user	0m1.681s
sys	0m0.022s

=== Detector 1: unchecked_multiply ===
    input  : /Users/afiaasante/Security-Code-Smells/linux/net/ipv6/datagram.c.xml
    output : /tmp/cwe190_findings_JknMkE

    query  : FIND $T $FUNC($PARAMS) {} CONTAINS $TYPE $RESULT = $A * $B
    note   : destructor/constructor blocks covered by XPath fallback


real	0m0.030s
user	0m0.021s
sys	0m0.006s

--- Stage 1: checking srcQL result for MAX guard in <condition> ---
    no taint source -- warning/smell
    finding: /Users/afiaasante/Security-Code-Smells/linux/net/ipv6/datagram.c:145:62 -- __ip6_datagram_connect() multiplies without MAX guard

--- Stage 2: XPath destructor/constructor fallback ---
    no unguarded destructor/constructor multiply found

[ unchecked_multiply ] 1 finding(s) written to /tmp/cwe190_findings_JknMkE
=== Detector 2: unchecked_add ===
    input  : /Users/afiaasante/Security-Code-Smells/linux/net/ipv6/datagram.c.xml
    output : /tmp/cwe190_findings_JknMkE

    query  : FIND $T $FUNC($PARAMS) {} CONTAINS $TYPE $RESULT = $A + $B
    note   : destructor/constructor blocks covered by XPath fallback


real	0m0.031s
user	0m0.022s
sys	0m0.006s

--- Stage 1: checking srcQL result for MAX guard in <condition> ---
    no taint source -- warning/smell
    finding: /Users/afiaasante/Security-Code-Smells/linux/net/ipv6/datagram.c:646:30 -- ip6_datagram_recv_specific_ctl() adds without MAX guard

--- Stage 2: XPath destructor/constructor fallback ---
    no unguarded destructor/constructor addition found

[ unchecked_add ] 1 finding(s) written to /tmp/cwe190_findings_JknMkE
=== Detector 3: unchecked_increment ===
    input  : /Users/afiaasante/Security-Code-Smells/linux/net/ipv6/datagram.c.xml
    output : /tmp/cwe190_findings_JknMkE

    strategy : XPath on srcML XML -- ancestor-scoped guard check

[ unchecked_increment ] No smell detected.
========================================
 Findings JSON
========================================
{
  "detector": "unchecked_multiply",
  "severity": "warning",
  "classification": "smell",
  "rule": "integerOverflow",
  "file": "/Users/afiaasante/Security-Code-Smells/linux/net/ipv6/datagram.c",
  "line": 145,
  "col": 62,
  "varname": "__ip6_datagram_connect",
  "note": {
    "line": 145,
    "col": 62,
    "message": "multiplication in __ip6_datagram_connect() -- no upper-bound guard (INT_MAX / 2)"
  }
}
{
  "detector": "unchecked_add",
  "severity": "warning",
  "classification": "smell",
  "rule": "integerOverflow",
  "file": "/Users/afiaasante/Security-Code-Smells/linux/net/ipv6/datagram.c",
  "line": 646,
  "col": 30,
  "varname": "ip6_datagram_recv_specific_ctl",
  "note": {
    "line": 646,
    "col": 30,
    "message": "addition in ip6_datagram_recv_specific_ctl() -- no upper-bound guard before adding"
  }
}

========================================
 Summary
 Total findings : 2
 Errors         : 0
 Warnings       : 2

 Breakdown by detector:
   unchecked_add             1
   unchecked_multiply        1
========================================
