========================================
 CWE-190 Integer Overflow Risk Detector
 Source  : /Users/afiaasante/Security-Code-Smells/linux/net/atm/common.c
 Report  : /Users/afiaasante/Security-Code-Smells/results/net_scan/SCS006/atm__common.c/common_report_20260417_173513.txt
 Findings: /Users/afiaasante/Security-Code-Smells/results/net_scan/SCS006/atm__common.c/common_findings_20260417_173513.json
 Date    : Fri Apr 17 17:35:13 EDT 2026
========================================

=== Stage 1: srcml ===

real	0m0.041s
user	0m0.036s
sys	0m0.003s

=== Stage 2: srcslice ===
Writing to :: /Users/afiaasante/Security-Code-Smells/linux/net/atm/common.c.json
Output Saved to :: /Users/afiaasante/Security-Code-Smells/linux/net/atm/common.c.json

real	0m0.179s
user	0m0.064s
sys	0m0.003s

=== Stage 3: srcattributor ===

real	0m0.971s
user	0m0.910s
sys	0m0.011s

=== Detector 1: unchecked_multiply ===
    input  : /Users/afiaasante/Security-Code-Smells/linux/net/atm/common.c.xml
    output : /tmp/cwe190_findings_wPk8a5

    query  : FIND $T $FUNC($PARAMS) {} CONTAINS $TYPE $RESULT = $A * $B
    note   : destructor/constructor blocks covered by XPath fallback


real	0m0.020s
user	0m0.014s
sys	0m0.004s


--- Stage 2: XPath destructor/constructor fallback ---
    no unguarded destructor/constructor multiply found

[ unchecked_multiply ] 0 finding(s) written to /tmp/cwe190_findings_wPk8a5
=== Detector 2: unchecked_add ===
    input  : /Users/afiaasante/Security-Code-Smells/linux/net/atm/common.c.xml
    output : /tmp/cwe190_findings_wPk8a5

    query  : FIND $T $FUNC($PARAMS) {} CONTAINS $TYPE $RESULT = $A + $B
    note   : destructor/constructor blocks covered by XPath fallback


real	0m0.021s
user	0m0.016s
sys	0m0.003s


--- Stage 2: XPath destructor/constructor fallback ---
    no unguarded destructor/constructor addition found

[ unchecked_add ] 0 finding(s) written to /tmp/cwe190_findings_wPk8a5
=== Detector 3: unchecked_increment ===
    input  : /Users/afiaasante/Security-Code-Smells/linux/net/atm/common.c.xml
    output : /tmp/cwe190_findings_wPk8a5

    strategy : XPath on srcML XML -- ancestor-scoped guard check

--- extracting finding via XPath ---
    function : atm_dev_release_vccs
    position : 267:43

    no taint source -- warning/smell
    finding: /Users/afiaasante/Security-Code-Smells/linux/net/atm/common.c:267:43 -- atm_dev_release_vccs() increments without MAX guard

[ unchecked_increment ] 1 finding(s) written to /tmp/cwe190_findings_wPk8a5
========================================
 Findings JSON
========================================
{
  "detector": "unchecked_increment",
  "severity": "warning",
  "classification": "smell",
  "rule": "integerOverflow",
  "file": "/Users/afiaasante/Security-Code-Smells/linux/net/atm/common.c",
  "line": 267,
  "col": 43,
  "varname": "atm_dev_release_vccs",
  "note": {
    "line": 267,
    "col": 43,
    "message": "increment (++) in atm_dev_release_vccs() -- no upper-bound guard (INT_MAX check)"
  }
}

========================================
 Summary
 Total findings : 1
 Errors         : 0
 Warnings       : 1

 Breakdown by detector:
   unchecked_increment       1
========================================
