========================================
 CWE-195 Signed-to-Unsigned Conversion Detector
 Source  : /Users/afiaasante/Security-Code-Smells/linux/net/mac802154/rx.c
 Report  : /Users/afiaasante/Security-Code-Smells/results/net_scan/SCS007/mac802154__rx.c/rx_report_20260417_180125.txt
 Findings: /Users/afiaasante/Security-Code-Smells/results/net_scan/SCS007/mac802154__rx.c/rx_findings_20260417_180125.json
 Date    : Fri Apr 17 18:01:25 EDT 2026
========================================

=== Stage 1: srcml ===

real	0m0.036s
user	0m0.029s
sys	0m0.004s

=== Stage 2: srcslice ===
Writing to :: /Users/afiaasante/Security-Code-Smells/linux/net/mac802154/rx.c.json
Output Saved to :: /Users/afiaasante/Security-Code-Smells/linux/net/mac802154/rx.c.json

real	0m0.195s
user	0m0.070s
sys	0m0.004s

=== Stage 3: srcattributor ===

real	0m0.326s
user	0m0.300s
sys	0m0.007s

=== Detector 1: signed_malloc ===
    input  : /Users/afiaasante/Security-Code-Smells/linux/net/mac802154/rx.c.xml
    output : /tmp/cwe195_findings_HhXwta

    query  : FIND $T $FUNC($PARAMS) {} CONTAINS malloc($A)
    note   : destructor/constructor blocks covered by XPath fallback


real	0m0.021s
user	0m0.014s
sys	0m0.005s


--- Stage 2: XPath destructor/constructor fallback ---
    no unguarded destructor/constructor malloc found

[ signed_malloc ] 0 finding(s) written to /tmp/cwe195_findings_HhXwta
=== Detector 2: signed_memcpy ===
    input  : /Users/afiaasante/Security-Code-Smells/linux/net/mac802154/rx.c.xml
    output : /tmp/cwe195_findings_HhXwta

    query  : FIND $T $FUNC($PARAMS) {} CONTAINS memcpy($A, $B, $C)

real	0m0.033s
user	0m0.013s
sys	0m0.005s

    query  : FIND $T $FUNC($PARAMS) {} CONTAINS memmove($A, $B, $C)

real	0m0.026s
user	0m0.014s
sys	0m0.004s


--- Stage 2: XPath destructor/constructor fallback ---
    no unguarded destructor/constructor memcpy/memmove found

[ signed_memcpy ] 0 finding(s) written to /tmp/cwe195_findings_HhXwta
=== Detector 3: signed_strncpy ===
    input  : /Users/afiaasante/Security-Code-Smells/linux/net/mac802154/rx.c.xml
    output : /tmp/cwe195_findings_HhXwta

    query  : FIND $T $FUNC($PARAMS) {} CONTAINS strncpy($A, $B, $C)
    note   : destructor/constructor blocks covered by XPath fallback


real	0m0.021s
user	0m0.014s
sys	0m0.004s


--- Stage 2: XPath destructor/constructor fallback ---
    no unguarded destructor/constructor strncpy found

[ signed_strncpy ] 0 finding(s) written to /tmp/cwe195_findings_HhXwta
========================================
 Findings JSON
========================================

========================================
 Summary
 Total findings : 0
 Errors         : 0
 Warnings       : 0
========================================
