========================================
 CWE-190 Integer Overflow Risk Detector
 Source  : /Users/afiaasante/Security-Code-Smells/linux/net/ipv4/ping.c
 Report  : /Users/afiaasante/Security-Code-Smells/results/net_scan/SCS006/ipv4__ping.c/ping_report_20260417_173857.txt
 Findings: /Users/afiaasante/Security-Code-Smells/results/net_scan/SCS006/ipv4__ping.c/ping_findings_20260417_173857.json
 Date    : Fri Apr 17 17:38:57 EDT 2026
========================================

=== Stage 1: srcml ===

real	0m0.066s
user	0m0.060s
sys	0m0.004s

=== Stage 2: srcslice ===
Writing to :: /Users/afiaasante/Security-Code-Smells/linux/net/ipv4/ping.c.json
Output Saved to :: /Users/afiaasante/Security-Code-Smells/linux/net/ipv4/ping.c.json

real	0m0.247s
user	0m0.121s
sys	0m0.005s

=== Stage 3: srcattributor ===

real	0m2.374s
user	0m2.334s
sys	0m0.017s

=== Detector 1: unchecked_multiply ===
    input  : /Users/afiaasante/Security-Code-Smells/linux/net/ipv4/ping.c.xml
    output : /tmp/cwe190_findings_xwEEhA

    query  : FIND $T $FUNC($PARAMS) {} CONTAINS $TYPE $RESULT = $A * $B
    note   : destructor/constructor blocks covered by XPath fallback


real	0m0.030s
user	0m0.023s
sys	0m0.006s

--- Stage 1: checking srcQL result for MAX guard in <condition> ---
    no taint source -- warning/smell
    finding: /Users/afiaasante/Security-Code-Smells/linux/net/ipv4/ping.c:312:64 -- ping_check_bind_addr() multiplies without MAX guard

--- Stage 2: XPath destructor/constructor fallback ---
    no unguarded destructor/constructor multiply found

[ unchecked_multiply ] 1 finding(s) written to /tmp/cwe190_findings_xwEEhA
=== Detector 2: unchecked_add ===
    input  : /Users/afiaasante/Security-Code-Smells/linux/net/ipv4/ping.c.xml
    output : /tmp/cwe190_findings_xwEEhA

    query  : FIND $T $FUNC($PARAMS) {} CONTAINS $TYPE $RESULT = $A + $B
    note   : destructor/constructor blocks covered by XPath fallback


real	0m0.029s
user	0m0.022s
sys	0m0.006s

--- Stage 1: checking srcQL result for MAX guard in <condition> ---
    no taint source -- warning/smell
    finding: /Users/afiaasante/Security-Code-Smells/linux/net/ipv4/ping.c:63:24 -- ping_hashfn() adds without MAX guard

--- Stage 2: XPath destructor/constructor fallback ---
    no unguarded destructor/constructor addition found

[ unchecked_add ] 1 finding(s) written to /tmp/cwe190_findings_xwEEhA
=== Detector 3: unchecked_increment ===
    input  : /Users/afiaasante/Security-Code-Smells/linux/net/ipv4/ping.c.xml
    output : /tmp/cwe190_findings_xwEEhA

    strategy : XPath on srcML XML -- ancestor-scoped guard check

--- extracting finding via XPath ---
    function : ping_get_port
    position : 88:46

    no taint source -- warning/smell
    finding: /Users/afiaasante/Security-Code-Smells/linux/net/ipv4/ping.c:88:46 -- ping_get_port() increments without MAX guard

[ unchecked_increment ] 1 finding(s) written to /tmp/cwe190_findings_xwEEhA
========================================
 Findings JSON
========================================
{
  "detector": "unchecked_multiply",
  "severity": "warning",
  "classification": "smell",
  "rule": "integerOverflow",
  "file": "/Users/afiaasante/Security-Code-Smells/linux/net/ipv4/ping.c",
  "line": 312,
  "col": 64,
  "varname": "ping_check_bind_addr",
  "note": {
    "line": 312,
    "col": 64,
    "message": "multiplication in ping_check_bind_addr() -- no upper-bound guard (INT_MAX / 2)"
  }
}
{
  "detector": "unchecked_add",
  "severity": "warning",
  "classification": "smell",
  "rule": "integerOverflow",
  "file": "/Users/afiaasante/Security-Code-Smells/linux/net/ipv4/ping.c",
  "line": 63,
  "col": 24,
  "varname": "ping_hashfn",
  "note": {
    "line": 63,
    "col": 24,
    "message": "addition in ping_hashfn() -- no upper-bound guard before adding"
  }
}
{
  "detector": "unchecked_increment",
  "severity": "warning",
  "classification": "smell",
  "rule": "integerOverflow",
  "file": "/Users/afiaasante/Security-Code-Smells/linux/net/ipv4/ping.c",
  "line": 88,
  "col": 46,
  "varname": "ping_get_port",
  "note": {
    "line": 88,
    "col": 46,
    "message": "increment (++) in ping_get_port() -- no upper-bound guard (INT_MAX check)"
  }
}

========================================
 Summary
 Total findings : 3
 Errors         : 0
 Warnings       : 3

 Breakdown by detector:
   unchecked_add             1
   unchecked_increment       1
   unchecked_multiply        1
========================================
