========================================
 CWE-190 Integer Overflow Risk Detector
 Source  : /Users/afiaasante/Security-Code-Smells/linux/net/netfilter/ipset/ip_set_bitmap_port.c
 Report  : /Users/afiaasante/Security-Code-Smells/results/net_scan/SCS006/netfilter__ipset__ip_set_bitmap_port.c/ip_set_bitmap_port_report_20260417_174201.txt
 Findings: /Users/afiaasante/Security-Code-Smells/results/net_scan/SCS006/netfilter__ipset__ip_set_bitmap_port.c/ip_set_bitmap_port_findings_20260417_174201.json
 Date    : Fri Apr 17 17:42:01 EDT 2026
========================================

=== Stage 1: srcml ===

real	0m0.028s
user	0m0.023s
sys	0m0.004s

=== Stage 2: srcslice ===
HERE: /Users/afiaasante/Security-Code-Smells/tools/srcslice/srcDispatch/src/policy_classes/DeclPolicy.hpp operator() 273
Writing to :: /Users/afiaasante/Security-Code-Smells/linux/net/netfilter/ipset/ip_set_bitmap_port.c.json
Output Saved to :: /Users/afiaasante/Security-Code-Smells/linux/net/netfilter/ipset/ip_set_bitmap_port.c.json

real	0m0.191s
user	0m0.056s
sys	0m0.004s

=== Stage 3: srcattributor ===

real	0m0.226s
user	0m0.215s
sys	0m0.005s

=== Detector 1: unchecked_multiply ===
    input  : /Users/afiaasante/Security-Code-Smells/linux/net/netfilter/ipset/ip_set_bitmap_port.c.xml
    output : /tmp/cwe190_findings_cOt4Qz

    query  : FIND $T $FUNC($PARAMS) {} CONTAINS $TYPE $RESULT = $A * $B
    note   : destructor/constructor blocks covered by XPath fallback


real	0m0.017s
user	0m0.011s
sys	0m0.004s


--- Stage 2: XPath destructor/constructor fallback ---
    no unguarded destructor/constructor multiply found

[ unchecked_multiply ] 0 finding(s) written to /tmp/cwe190_findings_cOt4Qz
=== Detector 2: unchecked_add ===
    input  : /Users/afiaasante/Security-Code-Smells/linux/net/netfilter/ipset/ip_set_bitmap_port.c.xml
    output : /tmp/cwe190_findings_cOt4Qz

    query  : FIND $T $FUNC($PARAMS) {} CONTAINS $TYPE $RESULT = $A + $B
    note   : destructor/constructor blocks covered by XPath fallback


real	0m0.017s
user	0m0.011s
sys	0m0.005s


--- Stage 2: XPath destructor/constructor fallback ---
    no unguarded destructor/constructor addition found

[ unchecked_add ] 0 finding(s) written to /tmp/cwe190_findings_cOt4Qz
=== Detector 3: unchecked_increment ===
    input  : /Users/afiaasante/Security-Code-Smells/linux/net/netfilter/ipset/ip_set_bitmap_port.c.xml
    output : /tmp/cwe190_findings_cOt4Qz

    strategy : XPath on srcML XML -- ancestor-scoped guard check

--- extracting finding via XPath ---
    function : bitmap_port_uadt
    position : 197:37

    no taint source -- warning/smell
    finding: /Users/afiaasante/Security-Code-Smells/linux/net/netfilter/ipset/ip_set_bitmap_port.c:197:37 -- bitmap_port_uadt() increments without MAX guard

[ unchecked_increment ] 1 finding(s) written to /tmp/cwe190_findings_cOt4Qz
========================================
 Findings JSON
========================================
{
  "detector": "unchecked_increment",
  "severity": "warning",
  "classification": "smell",
  "rule": "integerOverflow",
  "file": "/Users/afiaasante/Security-Code-Smells/linux/net/netfilter/ipset/ip_set_bitmap_port.c",
  "line": 197,
  "col": 37,
  "varname": "bitmap_port_uadt",
  "note": {
    "line": 197,
    "col": 37,
    "message": "increment (++) in bitmap_port_uadt() -- no upper-bound guard (INT_MAX check)"
  }
}

========================================
 Summary
 Total findings : 1
 Errors         : 0
 Warnings       : 1

 Breakdown by detector:
   unchecked_increment       1
========================================
