========================================
 CWE-190 Integer Overflow Risk Detector
 Source  : /Users/afiaasante/Security-Code-Smells/linux/net/802/psnap.c
 Report  : /Users/afiaasante/Security-Code-Smells/results/net_scan/SCS006/802__psnap.c/psnap_report_20260417_173510.txt
 Findings: /Users/afiaasante/Security-Code-Smells/results/net_scan/SCS006/802__psnap.c/psnap_findings_20260417_173510.json
 Date    : Fri Apr 17 17:35:10 EDT 2026
========================================

=== Stage 1: srcml ===

real	0m0.014s
user	0m0.008s
sys	0m0.003s

=== Stage 2: srcslice ===
Writing to :: /Users/afiaasante/Security-Code-Smells/linux/net/802/psnap.c.json
Output Saved to :: /Users/afiaasante/Security-Code-Smells/linux/net/802/psnap.c.json

real	0m0.180s
user	0m0.020s
sys	0m0.004s

=== Stage 3: srcattributor ===

real	0m0.017s
user	0m0.014s
sys	0m0.002s

=== Detector 1: unchecked_multiply ===
    input  : /Users/afiaasante/Security-Code-Smells/linux/net/802/psnap.c.xml
    output : /tmp/cwe190_findings_XftbBw

    query  : FIND $T $FUNC($PARAMS) {} CONTAINS $TYPE $RESULT = $A * $B
    note   : destructor/constructor blocks covered by XPath fallback


real	0m0.010s
user	0m0.004s
sys	0m0.003s


--- Stage 2: XPath destructor/constructor fallback ---
    no unguarded destructor/constructor multiply found

[ unchecked_multiply ] 0 finding(s) written to /tmp/cwe190_findings_XftbBw
=== Detector 2: unchecked_add ===
    input  : /Users/afiaasante/Security-Code-Smells/linux/net/802/psnap.c.xml
    output : /tmp/cwe190_findings_XftbBw

    query  : FIND $T $FUNC($PARAMS) {} CONTAINS $TYPE $RESULT = $A + $B
    note   : destructor/constructor blocks covered by XPath fallback


real	0m0.012s
user	0m0.007s
sys	0m0.003s


--- Stage 2: XPath destructor/constructor fallback ---
    no unguarded destructor/constructor addition found

[ unchecked_add ] 0 finding(s) written to /tmp/cwe190_findings_XftbBw
=== Detector 3: unchecked_increment ===
    input  : /Users/afiaasante/Security-Code-Smells/linux/net/802/psnap.c.xml
    output : /tmp/cwe190_findings_XftbBw

    strategy : XPath on srcML XML -- ancestor-scoped guard check

[ unchecked_increment ] No smell detected.
========================================
 Findings JSON
========================================

========================================
 Summary
 Total findings : 0
 Errors         : 0
 Warnings       : 0
========================================
