========================================
 CWE-190 Integer Overflow Risk Detector
 Source  : /Users/afiaasante/Security-Code-Smells/linux/net/core/devmem.c
 Report  : /Users/afiaasante/Security-Code-Smells/results/net_scan/SCS006/core__devmem.c/devmem_report_20260417_173642.txt
 Findings: /Users/afiaasante/Security-Code-Smells/results/net_scan/SCS006/core__devmem.c/devmem_findings_20260417_173642.json
 Date    : Fri Apr 17 17:36:42 EDT 2026
========================================

=== Stage 1: srcml ===

real	0m0.028s
user	0m0.022s
sys	0m0.004s

=== Stage 2: srcslice ===
Writing to :: /Users/afiaasante/Security-Code-Smells/linux/net/core/devmem.c.json
Output Saved to :: /Users/afiaasante/Security-Code-Smells/linux/net/core/devmem.c.json

real	0m0.188s
user	0m0.051s
sys	0m0.004s

=== Stage 3: srcattributor ===

real	0m0.299s
user	0m0.285s
sys	0m0.006s

=== Detector 1: unchecked_multiply ===
    input  : /Users/afiaasante/Security-Code-Smells/linux/net/core/devmem.c.xml
    output : /tmp/cwe190_findings_GeNjfJ

    query  : FIND $T $FUNC($PARAMS) {} CONTAINS $TYPE $RESULT = $A * $B
    note   : destructor/constructor blocks covered by XPath fallback


real	0m0.014s
user	0m0.010s
sys	0m0.003s


--- Stage 2: XPath destructor/constructor fallback ---
    no unguarded destructor/constructor multiply found

[ unchecked_multiply ] 0 finding(s) written to /tmp/cwe190_findings_GeNjfJ
=== Detector 2: unchecked_add ===
    input  : /Users/afiaasante/Security-Code-Smells/linux/net/core/devmem.c.xml
    output : /tmp/cwe190_findings_GeNjfJ

    query  : FIND $T $FUNC($PARAMS) {} CONTAINS $TYPE $RESULT = $A + $B
    note   : destructor/constructor blocks covered by XPath fallback


real	0m0.020s
user	0m0.011s
sys	0m0.004s


--- Stage 2: XPath destructor/constructor fallback ---
    no unguarded destructor/constructor addition found

[ unchecked_add ] 0 finding(s) written to /tmp/cwe190_findings_GeNjfJ
=== Detector 3: unchecked_increment ===
    input  : /Users/afiaasante/Security-Code-Smells/linux/net/core/devmem.c.xml
    output : /tmp/cwe190_findings_GeNjfJ

    strategy : XPath on srcML XML -- ancestor-scoped guard check

--- extracting finding via XPath ---
    function : net_devmem_bind_dmabuf
    position : 298:57

    no taint source -- warning/smell
    finding: /Users/afiaasante/Security-Code-Smells/linux/net/core/devmem.c:298:57 -- net_devmem_bind_dmabuf() increments without MAX guard

[ unchecked_increment ] 1 finding(s) written to /tmp/cwe190_findings_GeNjfJ
========================================
 Findings JSON
========================================
{
  "detector": "unchecked_increment",
  "severity": "warning",
  "classification": "smell",
  "rule": "integerOverflow",
  "file": "/Users/afiaasante/Security-Code-Smells/linux/net/core/devmem.c",
  "line": 298,
  "col": 57,
  "varname": "net_devmem_bind_dmabuf",
  "note": {
    "line": 298,
    "col": 57,
    "message": "increment (++) in net_devmem_bind_dmabuf() -- no upper-bound guard (INT_MAX check)"
  }
}

========================================
 Summary
 Total findings : 1
 Errors         : 0
 Warnings       : 1

 Breakdown by detector:
   unchecked_increment       1
========================================
