========================================
 CWE-190 Integer Overflow Risk Detector
 Source  : /Users/afiaasante/Security-Code-Smells/linux/net/sunrpc/debugfs.c
 Report  : /Users/afiaasante/Security-Code-Smells/results/net_scan/SCS006/sunrpc__debugfs.c/debugfs_report_20260417_174532.txt
 Findings: /Users/afiaasante/Security-Code-Smells/results/net_scan/SCS006/sunrpc__debugfs.c/debugfs_findings_20260417_174532.json
 Date    : Fri Apr 17 17:45:32 EDT 2026
========================================

=== Stage 1: srcml ===

real	0m0.024s
user	0m0.019s
sys	0m0.004s

=== Stage 2: srcslice ===
Writing to :: /Users/afiaasante/Security-Code-Smells/linux/net/sunrpc/debugfs.c.json
Output Saved to :: /Users/afiaasante/Security-Code-Smells/linux/net/sunrpc/debugfs.c.json

real	0m0.189s
user	0m0.054s
sys	0m0.004s

=== Stage 3: srcattributor ===

real	0m0.202s
user	0m0.187s
sys	0m0.004s

=== Detector 1: unchecked_multiply ===
    input  : /Users/afiaasante/Security-Code-Smells/linux/net/sunrpc/debugfs.c.xml
    output : /tmp/cwe190_findings_uBULIb

    query  : FIND $T $FUNC($PARAMS) {} CONTAINS $TYPE $RESULT = $A * $B
    note   : destructor/constructor blocks covered by XPath fallback


real	0m0.017s
user	0m0.012s
sys	0m0.004s


--- Stage 2: XPath destructor/constructor fallback ---
    no unguarded destructor/constructor multiply found

[ unchecked_multiply ] 0 finding(s) written to /tmp/cwe190_findings_uBULIb
=== Detector 2: unchecked_add ===
    input  : /Users/afiaasante/Security-Code-Smells/linux/net/sunrpc/debugfs.c.xml
    output : /tmp/cwe190_findings_uBULIb

    query  : FIND $T $FUNC($PARAMS) {} CONTAINS $TYPE $RESULT = $A + $B
    note   : destructor/constructor blocks covered by XPath fallback


real	0m0.017s
user	0m0.011s
sys	0m0.004s


--- Stage 2: XPath destructor/constructor fallback ---
    no unguarded destructor/constructor addition found

[ unchecked_add ] 0 finding(s) written to /tmp/cwe190_findings_uBULIb
=== Detector 3: unchecked_increment ===
    input  : /Users/afiaasante/Security-Code-Smells/linux/net/sunrpc/debugfs.c.xml
    output : /tmp/cwe190_findings_uBULIb

    strategy : XPath on srcML XML -- ancestor-scoped guard check

--- extracting finding via XPath ---
    function : tasks_next
    position : 63:9

    no taint source -- warning/smell
    finding: /Users/afiaasante/Security-Code-Smells/linux/net/sunrpc/debugfs.c:63:9 -- tasks_next() increments without MAX guard

[ unchecked_increment ] 1 finding(s) written to /tmp/cwe190_findings_uBULIb
========================================
 Findings JSON
========================================
{
  "detector": "unchecked_increment",
  "severity": "warning",
  "classification": "smell",
  "rule": "integerOverflow",
  "file": "/Users/afiaasante/Security-Code-Smells/linux/net/sunrpc/debugfs.c",
  "line": 63,
  "col": 9,
  "varname": "tasks_next",
  "note": {
    "line": 63,
    "col": 9,
    "message": "increment (++) in tasks_next() -- no upper-bound guard (INT_MAX check)"
  }
}

========================================
 Summary
 Total findings : 1
 Errors         : 0
 Warnings       : 1

 Breakdown by detector:
   unchecked_increment       1
========================================
