========================================
 CWE-190 Integer Overflow Risk Detector
 Source  : /Users/afiaasante/Security-Code-Smells/linux/net/mac80211/wpa.c
 Report  : /Users/afiaasante/Security-Code-Smells/results/net_scan/SCS006/mac80211__wpa.c/wpa_report_20260417_174121.txt
 Findings: /Users/afiaasante/Security-Code-Smells/results/net_scan/SCS006/mac80211__wpa.c/wpa_findings_20260417_174121.json
 Date    : Fri Apr 17 17:41:21 EDT 2026
========================================

=== Stage 1: srcml ===

real	0m0.074s
user	0m0.060s
sys	0m0.006s

=== Stage 2: srcslice ===
Writing to :: /Users/afiaasante/Security-Code-Smells/linux/net/mac80211/wpa.c.json
Output Saved to :: /Users/afiaasante/Security-Code-Smells/linux/net/mac80211/wpa.c.json

real	0m0.240s
user	0m0.128s
sys	0m0.006s

=== Stage 3: srcattributor ===

real	0m2.274s
user	0m2.161s
sys	0m0.022s

=== Detector 1: unchecked_multiply ===
    input  : /Users/afiaasante/Security-Code-Smells/linux/net/mac80211/wpa.c.xml
    output : /tmp/cwe190_findings_OXU8Ba

    query  : FIND $T $FUNC($PARAMS) {} CONTAINS $TYPE $RESULT = $A * $B
    note   : destructor/constructor blocks covered by XPath fallback


real	0m0.030s
user	0m0.023s
sys	0m0.005s

--- Stage 1: checking srcQL result for MAX guard in <condition> ---
    no taint source -- warning/smell
    finding: /Users/afiaasante/Security-Code-Smells/linux/net/mac80211/wpa.c:103:59 -- ieee80211_rx_h_michael_mic_verify() multiplies without MAX guard

--- Stage 2: XPath destructor/constructor fallback ---
    no unguarded destructor/constructor multiply found

[ unchecked_multiply ] 1 finding(s) written to /tmp/cwe190_findings_OXU8Ba
=== Detector 2: unchecked_add ===
    input  : /Users/afiaasante/Security-Code-Smells/linux/net/mac80211/wpa.c.xml
    output : /tmp/cwe190_findings_OXU8Ba

    query  : FIND $T $FUNC($PARAMS) {} CONTAINS $TYPE $RESULT = $A + $B
    note   : destructor/constructor blocks covered by XPath fallback


real	0m0.028s
user	0m0.021s
sys	0m0.005s


--- Stage 2: XPath destructor/constructor fallback ---
    no unguarded destructor/constructor addition found

[ unchecked_add ] 0 finding(s) written to /tmp/cwe190_findings_OXU8Ba
=== Detector 3: unchecked_increment ===
    input  : /Users/afiaasante/Security-Code-Smells/linux/net/mac80211/wpa.c.xml
    output : /tmp/cwe190_findings_OXU8Ba

    strategy : XPath on srcML XML -- ancestor-scoped guard check

--- extracting finding via XPath ---
    function : ieee80211_tx_h_michael_mic_add
    position : 88:23

    no taint source -- warning/smell
    finding: /Users/afiaasante/Security-Code-Smells/linux/net/mac80211/wpa.c:88:23 -- ieee80211_tx_h_michael_mic_add() increments without MAX guard

[ unchecked_increment ] 1 finding(s) written to /tmp/cwe190_findings_OXU8Ba
========================================
 Findings JSON
========================================
{
  "detector": "unchecked_multiply",
  "severity": "warning",
  "classification": "smell",
  "rule": "integerOverflow",
  "file": "/Users/afiaasante/Security-Code-Smells/linux/net/mac80211/wpa.c",
  "line": 103,
  "col": 59,
  "varname": "ieee80211_rx_h_michael_mic_verify",
  "note": {
    "line": 103,
    "col": 59,
    "message": "multiplication in ieee80211_rx_h_michael_mic_verify() -- no upper-bound guard (INT_MAX / 2)"
  }
}
{
  "detector": "unchecked_increment",
  "severity": "warning",
  "classification": "smell",
  "rule": "integerOverflow",
  "file": "/Users/afiaasante/Security-Code-Smells/linux/net/mac80211/wpa.c",
  "line": 88,
  "col": 23,
  "varname": "ieee80211_tx_h_michael_mic_add",
  "note": {
    "line": 88,
    "col": 23,
    "message": "increment (++) in ieee80211_tx_h_michael_mic_add() -- no upper-bound guard (INT_MAX check)"
  }
}

========================================
 Summary
 Total findings : 2
 Errors         : 0
 Warnings       : 2

 Breakdown by detector:
   unchecked_increment       1
   unchecked_multiply        1
========================================
