========================================
 CWE-190 Integer Overflow Risk Detector
 Source  : /Users/afiaasante/Security-Code-Smells/linux/net/mctp/device.c
 Report  : /Users/afiaasante/Security-Code-Smells/results/net_scan/SCS006/mctp__device.c/device_report_20260417_174133.txt
 Findings: /Users/afiaasante/Security-Code-Smells/results/net_scan/SCS006/mctp__device.c/device_findings_20260417_174133.json
 Date    : Fri Apr 17 17:41:33 EDT 2026
========================================

=== Stage 1: srcml ===

real	0m0.043s
user	0m0.033s
sys	0m0.005s

=== Stage 2: srcslice ===
Writing to :: /Users/afiaasante/Security-Code-Smells/linux/net/mctp/device.c.json
Output Saved to :: /Users/afiaasante/Security-Code-Smells/linux/net/mctp/device.c.json

real	0m0.193s
user	0m0.074s
sys	0m0.006s

=== Stage 3: srcattributor ===

real	0m0.535s
user	0m0.508s
sys	0m0.010s

=== Detector 1: unchecked_multiply ===
    input  : /Users/afiaasante/Security-Code-Smells/linux/net/mctp/device.c.xml
    output : /tmp/cwe190_findings_UlvYEo

    query  : FIND $T $FUNC($PARAMS) {} CONTAINS $TYPE $RESULT = $A * $B
    note   : destructor/constructor blocks covered by XPath fallback


real	0m0.019s
user	0m0.013s
sys	0m0.004s

--- Stage 1: checking srcQL result for MAX guard in <condition> ---
    no taint source -- warning/smell
    finding: /Users/afiaasante/Security-Code-Smells/linux/net/mctp/device.c:98:42 -- mctp_dump_dev_addrinfo() multiplies without MAX guard

--- Stage 2: XPath destructor/constructor fallback ---
    no unguarded destructor/constructor multiply found

[ unchecked_multiply ] 1 finding(s) written to /tmp/cwe190_findings_UlvYEo
=== Detector 2: unchecked_add ===
    input  : /Users/afiaasante/Security-Code-Smells/linux/net/mctp/device.c.xml
    output : /tmp/cwe190_findings_UlvYEo

    query  : FIND $T $FUNC($PARAMS) {} CONTAINS $TYPE $RESULT = $A + $B
    note   : destructor/constructor blocks covered by XPath fallback


real	0m0.018s
user	0m0.013s
sys	0m0.004s


--- Stage 2: XPath destructor/constructor fallback ---
    no unguarded destructor/constructor addition found

[ unchecked_add ] 0 finding(s) written to /tmp/cwe190_findings_UlvYEo
=== Detector 3: unchecked_increment ===
    input  : /Users/afiaasante/Security-Code-Smells/linux/net/mctp/device.c.xml
    output : /tmp/cwe190_findings_UlvYEo

    strategy : XPath on srcML XML -- ancestor-scoped guard check

--- extracting finding via XPath ---
    function : mctp_dump_dev_addrinfo
    position : 104:56

    no taint source -- warning/smell
    finding: /Users/afiaasante/Security-Code-Smells/linux/net/mctp/device.c:104:56 -- mctp_dump_dev_addrinfo() increments without MAX guard

[ unchecked_increment ] 1 finding(s) written to /tmp/cwe190_findings_UlvYEo
========================================
 Findings JSON
========================================
{
  "detector": "unchecked_multiply",
  "severity": "warning",
  "classification": "smell",
  "rule": "integerOverflow",
  "file": "/Users/afiaasante/Security-Code-Smells/linux/net/mctp/device.c",
  "line": 98,
  "col": 42,
  "varname": "mctp_dump_dev_addrinfo",
  "note": {
    "line": 98,
    "col": 42,
    "message": "multiplication in mctp_dump_dev_addrinfo() -- no upper-bound guard (INT_MAX / 2)"
  }
}
{
  "detector": "unchecked_increment",
  "severity": "warning",
  "classification": "smell",
  "rule": "integerOverflow",
  "file": "/Users/afiaasante/Security-Code-Smells/linux/net/mctp/device.c",
  "line": 104,
  "col": 56,
  "varname": "mctp_dump_dev_addrinfo",
  "note": {
    "line": 104,
    "col": 56,
    "message": "increment (++) in mctp_dump_dev_addrinfo() -- no upper-bound guard (INT_MAX check)"
  }
}

========================================
 Summary
 Total findings : 2
 Errors         : 0
 Warnings       : 2

 Breakdown by detector:
   unchecked_increment       1
   unchecked_multiply        1
========================================
