========================================
 CWE-190 Integer Overflow Risk Detector
 Source  : /Users/afiaasante/Security-Code-Smells/linux/net/rose/rose_loopback.c
 Report  : /Users/afiaasante/Security-Code-Smells/results/net_scan/SCS006/rose__rose_loopback.c/rose_loopback_report_20260417_174350.txt
 Findings: /Users/afiaasante/Security-Code-Smells/results/net_scan/SCS006/rose__rose_loopback.c/rose_loopback_findings_20260417_174350.json
 Date    : Fri Apr 17 17:43:50 EDT 2026
========================================

=== Stage 1: srcml ===

real	0m0.016s
user	0m0.011s
sys	0m0.003s

=== Stage 2: srcslice ===
Writing to :: /Users/afiaasante/Security-Code-Smells/linux/net/rose/rose_loopback.c.json
Output Saved to :: /Users/afiaasante/Security-Code-Smells/linux/net/rose/rose_loopback.c.json

real	0m0.185s
user	0m0.033s
sys	0m0.003s

=== Stage 3: srcattributor ===

real	0m0.054s
user	0m0.047s
sys	0m0.004s

=== Detector 1: unchecked_multiply ===
    input  : /Users/afiaasante/Security-Code-Smells/linux/net/rose/rose_loopback.c.xml
    output : /tmp/cwe190_findings_kvvbqv

    query  : FIND $T $FUNC($PARAMS) {} CONTAINS $TYPE $RESULT = $A * $B
    note   : destructor/constructor blocks covered by XPath fallback


real	0m0.013s
user	0m0.008s
sys	0m0.004s


--- Stage 2: XPath destructor/constructor fallback ---
    no unguarded destructor/constructor multiply found

[ unchecked_multiply ] 0 finding(s) written to /tmp/cwe190_findings_kvvbqv
=== Detector 2: unchecked_add ===
    input  : /Users/afiaasante/Security-Code-Smells/linux/net/rose/rose_loopback.c.xml
    output : /tmp/cwe190_findings_kvvbqv

    query  : FIND $T $FUNC($PARAMS) {} CONTAINS $TYPE $RESULT = $A + $B
    note   : destructor/constructor blocks covered by XPath fallback


real	0m0.014s
user	0m0.008s
sys	0m0.004s


--- Stage 2: XPath destructor/constructor fallback ---
    no unguarded destructor/constructor addition found

[ unchecked_add ] 0 finding(s) written to /tmp/cwe190_findings_kvvbqv
=== Detector 3: unchecked_increment ===
    input  : /Users/afiaasante/Security-Code-Smells/linux/net/rose/rose_loopback.c.xml
    output : /tmp/cwe190_findings_kvvbqv

    strategy : XPath on srcML XML -- ancestor-scoped guard check

--- extracting finding via XPath ---
    function : rose_loopback_timer
    position : 69:59

    no taint source -- warning/smell
    finding: /Users/afiaasante/Security-Code-Smells/linux/net/rose/rose_loopback.c:69:59 -- rose_loopback_timer() increments without MAX guard

[ unchecked_increment ] 1 finding(s) written to /tmp/cwe190_findings_kvvbqv
========================================
 Findings JSON
========================================
{
  "detector": "unchecked_increment",
  "severity": "warning",
  "classification": "smell",
  "rule": "integerOverflow",
  "file": "/Users/afiaasante/Security-Code-Smells/linux/net/rose/rose_loopback.c",
  "line": 69,
  "col": 59,
  "varname": "rose_loopback_timer",
  "note": {
    "line": 69,
    "col": 59,
    "message": "increment (++) in rose_loopback_timer() -- no upper-bound guard (INT_MAX check)"
  }
}

========================================
 Summary
 Total findings : 1
 Errors         : 0
 Warnings       : 1

 Breakdown by detector:
   unchecked_increment       1
========================================
