========================================
 CWE-190 Integer Overflow Risk Detector
 Source  : /Users/afiaasante/Security-Code-Smells/linux/net/6lowpan/nhc_mobility.c
 Report  : /Users/afiaasante/Security-Code-Smells/results/net_scan/SCS006/6lowpan__nhc_mobility.c/nhc_mobility_report_20260417_173510.txt
 Findings: /Users/afiaasante/Security-Code-Smells/results/net_scan/SCS006/6lowpan__nhc_mobility.c/nhc_mobility_findings_20260417_173510.json
 Date    : Fri Apr 17 17:35:10 EDT 2026
========================================

=== Stage 1: srcml ===

real	0m0.006s
user	0m0.003s
sys	0m0.003s

=== Stage 2: srcslice ===
Writing to :: /Users/afiaasante/Security-Code-Smells/linux/net/6lowpan/nhc_mobility.c.json
Output Saved to :: /Users/afiaasante/Security-Code-Smells/linux/net/6lowpan/nhc_mobility.c.json

real	0m0.205s
user	0m0.010s
sys	0m0.003s

=== Stage 3: srcattributor ===

real	0m0.006s
user	0m0.004s
sys	0m0.002s

=== Detector 1: unchecked_multiply ===
    input  : /Users/afiaasante/Security-Code-Smells/linux/net/6lowpan/nhc_mobility.c.xml
    output : /tmp/cwe190_findings_fGdnJH

    query  : FIND $T $FUNC($PARAMS) {} CONTAINS $TYPE $RESULT = $A * $B
    note   : destructor/constructor blocks covered by XPath fallback


real	0m0.008s
user	0m0.003s
sys	0m0.002s


--- Stage 2: XPath destructor/constructor fallback ---
    no unguarded destructor/constructor multiply found

[ unchecked_multiply ] 0 finding(s) written to /tmp/cwe190_findings_fGdnJH
=== Detector 2: unchecked_add ===
    input  : /Users/afiaasante/Security-Code-Smells/linux/net/6lowpan/nhc_mobility.c.xml
    output : /tmp/cwe190_findings_fGdnJH

    query  : FIND $T $FUNC($PARAMS) {} CONTAINS $TYPE $RESULT = $A + $B
    note   : destructor/constructor blocks covered by XPath fallback


real	0m0.010s
user	0m0.005s
sys	0m0.003s


--- Stage 2: XPath destructor/constructor fallback ---
    no unguarded destructor/constructor addition found

[ unchecked_add ] 0 finding(s) written to /tmp/cwe190_findings_fGdnJH
=== Detector 3: unchecked_increment ===
    input  : /Users/afiaasante/Security-Code-Smells/linux/net/6lowpan/nhc_mobility.c.xml
    output : /tmp/cwe190_findings_fGdnJH

    strategy : XPath on srcML XML -- ancestor-scoped guard check

[ unchecked_increment ] No smell detected.
========================================
 Findings JSON
========================================

========================================
 Summary
 Total findings : 0
 Errors         : 0
 Warnings       : 0
========================================
