========================================
 CWE-195 Signed-to-Unsigned Conversion Detector
 Source  : /Users/afiaasante/Security-Code-Smells/linux/net/rose/rose_timer.c
 Report  : /Users/afiaasante/Security-Code-Smells/results/net_scan/SCS007/rose__rose_timer.c/rose_timer_report_20260417_180426.txt
 Findings: /Users/afiaasante/Security-Code-Smells/results/net_scan/SCS007/rose__rose_timer.c/rose_timer_findings_20260417_180426.json
 Date    : Fri Apr 17 18:04:26 EDT 2026
========================================

=== Stage 1: srcml ===

real	0m0.026s
user	0m0.019s
sys	0m0.005s

=== Stage 2: srcslice ===
Writing to :: /Users/afiaasante/Security-Code-Smells/linux/net/rose/rose_timer.c.json
Output Saved to :: /Users/afiaasante/Security-Code-Smells/linux/net/rose/rose_timer.c.json

real	0m0.188s
user	0m0.049s
sys	0m0.004s

=== Stage 3: srcattributor ===

real	0m0.135s
user	0m0.113s
sys	0m0.006s

=== Detector 1: signed_malloc ===
    input  : /Users/afiaasante/Security-Code-Smells/linux/net/rose/rose_timer.c.xml
    output : /tmp/cwe195_findings_lR93nk

    query  : FIND $T $FUNC($PARAMS) {} CONTAINS malloc($A)
    note   : destructor/constructor blocks covered by XPath fallback


real	0m0.019s
user	0m0.011s
sys	0m0.005s


--- Stage 2: XPath destructor/constructor fallback ---
    no unguarded destructor/constructor malloc found

[ signed_malloc ] 0 finding(s) written to /tmp/cwe195_findings_lR93nk
=== Detector 2: signed_memcpy ===
    input  : /Users/afiaasante/Security-Code-Smells/linux/net/rose/rose_timer.c.xml
    output : /tmp/cwe195_findings_lR93nk

    query  : FIND $T $FUNC($PARAMS) {} CONTAINS memcpy($A, $B, $C)

real	0m0.021s
user	0m0.011s
sys	0m0.005s

    query  : FIND $T $FUNC($PARAMS) {} CONTAINS memmove($A, $B, $C)

real	0m0.018s
user	0m0.011s
sys	0m0.006s


--- Stage 2: XPath destructor/constructor fallback ---
    no unguarded destructor/constructor memcpy/memmove found

[ signed_memcpy ] 0 finding(s) written to /tmp/cwe195_findings_lR93nk
=== Detector 3: signed_strncpy ===
    input  : /Users/afiaasante/Security-Code-Smells/linux/net/rose/rose_timer.c.xml
    output : /tmp/cwe195_findings_lR93nk

    query  : FIND $T $FUNC($PARAMS) {} CONTAINS strncpy($A, $B, $C)
    note   : destructor/constructor blocks covered by XPath fallback


real	0m0.018s
user	0m0.011s
sys	0m0.005s


--- Stage 2: XPath destructor/constructor fallback ---
    no unguarded destructor/constructor strncpy found

[ signed_strncpy ] 0 finding(s) written to /tmp/cwe195_findings_lR93nk
========================================
 Findings JSON
========================================

========================================
 Summary
 Total findings : 0
 Errors         : 0
 Warnings       : 0
========================================
