========================================
 CWE-190 Integer Overflow Risk Detector
 Source  : /Users/afiaasante/Security-Code-Smells/linux/net/ipv6/ipcomp6.c
 Report  : /Users/afiaasante/Security-Code-Smells/results/net_scan/SCS006/ipv6__ipcomp6.c/ipcomp6_report_20260417_174001.txt
 Findings: /Users/afiaasante/Security-Code-Smells/results/net_scan/SCS006/ipv6__ipcomp6.c/ipcomp6_findings_20260417_174001.json
 Date    : Fri Apr 17 17:40:01 EDT 2026
========================================

=== Stage 1: srcml ===

real	0m0.019s
user	0m0.014s
sys	0m0.004s

=== Stage 2: srcslice ===
Writing to :: /Users/afiaasante/Security-Code-Smells/linux/net/ipv6/ipcomp6.c.json
Output Saved to :: /Users/afiaasante/Security-Code-Smells/linux/net/ipv6/ipcomp6.c.json

real	0m0.186s
user	0m0.038s
sys	0m0.004s

=== Stage 3: srcattributor ===

real	0m0.066s
user	0m0.059s
sys	0m0.005s

=== Detector 1: unchecked_multiply ===
    input  : /Users/afiaasante/Security-Code-Smells/linux/net/ipv6/ipcomp6.c.xml
    output : /tmp/cwe190_findings_B40OrR

    query  : FIND $T $FUNC($PARAMS) {} CONTAINS $TYPE $RESULT = $A * $B
    note   : destructor/constructor blocks covered by XPath fallback


real	0m0.014s
user	0m0.009s
sys	0m0.004s

--- Stage 1: checking srcQL result for MAX guard in <condition> ---
    no taint source -- warning/smell
    finding: /Users/afiaasante/Security-Code-Smells/linux/net/ipv6/ipcomp6.c:49:59 -- ipcomp6_err() multiplies without MAX guard

--- Stage 2: XPath destructor/constructor fallback ---
    no unguarded destructor/constructor multiply found

[ unchecked_multiply ] 1 finding(s) written to /tmp/cwe190_findings_B40OrR
=== Detector 2: unchecked_add ===
    input  : /Users/afiaasante/Security-Code-Smells/linux/net/ipv6/ipcomp6.c.xml
    output : /tmp/cwe190_findings_B40OrR

    query  : FIND $T $FUNC($PARAMS) {} CONTAINS $TYPE $RESULT = $A + $B
    note   : destructor/constructor blocks covered by XPath fallback


real	0m0.014s
user	0m0.009s
sys	0m0.004s

--- Stage 1: checking srcQL result for MAX guard in <condition> ---
    no taint source -- warning/smell
    finding: /Users/afiaasante/Security-Code-Smells/linux/net/ipv6/ipcomp6.c:51:50 -- ipcomp6_err() adds without MAX guard

--- Stage 2: XPath destructor/constructor fallback ---
    no unguarded destructor/constructor addition found

[ unchecked_add ] 1 finding(s) written to /tmp/cwe190_findings_B40OrR
=== Detector 3: unchecked_increment ===
    input  : /Users/afiaasante/Security-Code-Smells/linux/net/ipv6/ipcomp6.c.xml
    output : /tmp/cwe190_findings_B40OrR

    strategy : XPath on srcML XML -- ancestor-scoped guard check

[ unchecked_increment ] No smell detected.
========================================
 Findings JSON
========================================
{
  "detector": "unchecked_multiply",
  "severity": "warning",
  "classification": "smell",
  "rule": "integerOverflow",
  "file": "/Users/afiaasante/Security-Code-Smells/linux/net/ipv6/ipcomp6.c",
  "line": 49,
  "col": 59,
  "varname": "ipcomp6_err",
  "note": {
    "line": 49,
    "col": 59,
    "message": "multiplication in ipcomp6_err() -- no upper-bound guard (INT_MAX / 2)"
  }
}
{
  "detector": "unchecked_add",
  "severity": "warning",
  "classification": "smell",
  "rule": "integerOverflow",
  "file": "/Users/afiaasante/Security-Code-Smells/linux/net/ipv6/ipcomp6.c",
  "line": 51,
  "col": 50,
  "varname": "ipcomp6_err",
  "note": {
    "line": 51,
    "col": 50,
    "message": "addition in ipcomp6_err() -- no upper-bound guard before adding"
  }
}

========================================
 Summary
 Total findings : 2
 Errors         : 0
 Warnings       : 2

 Breakdown by detector:
   unchecked_add             1
   unchecked_multiply        1
========================================
