========================================
 CWE-190 Integer Overflow Risk Detector
 Source  : /Users/afiaasante/Security-Code-Smells/linux/net/ipv4/netfilter/iptable_raw.c
 Report  : /Users/afiaasante/Security-Code-Smells/results/net_scan/SCS006/ipv4__netfilter__iptable_raw.c/iptable_raw_report_20260417_173854.txt
 Findings: /Users/afiaasante/Security-Code-Smells/results/net_scan/SCS006/ipv4__netfilter__iptable_raw.c/iptable_raw_findings_20260417_173854.json
 Date    : Fri Apr 17 17:38:54 EDT 2026
========================================

=== Stage 1: srcml ===

real	0m0.013s
user	0m0.008s
sys	0m0.004s

=== Stage 2: srcslice ===
Writing to :: /Users/afiaasante/Security-Code-Smells/linux/net/ipv4/netfilter/iptable_raw.c.json
Output Saved to :: /Users/afiaasante/Security-Code-Smells/linux/net/ipv4/netfilter/iptable_raw.c.json

real	0m0.187s
user	0m0.027s
sys	0m0.004s

=== Stage 3: srcattributor ===

real	0m0.024s
user	0m0.020s
sys	0m0.004s

=== Detector 1: unchecked_multiply ===
    input  : /Users/afiaasante/Security-Code-Smells/linux/net/ipv4/netfilter/iptable_raw.c.xml
    output : /tmp/cwe190_findings_sQ6J8k

    query  : FIND $T $FUNC($PARAMS) {} CONTAINS $TYPE $RESULT = $A * $B
    note   : destructor/constructor blocks covered by XPath fallback


real	0m0.012s
user	0m0.007s
sys	0m0.004s


--- Stage 2: XPath destructor/constructor fallback ---
    no unguarded destructor/constructor multiply found

[ unchecked_multiply ] 0 finding(s) written to /tmp/cwe190_findings_sQ6J8k
=== Detector 2: unchecked_add ===
    input  : /Users/afiaasante/Security-Code-Smells/linux/net/ipv4/netfilter/iptable_raw.c.xml
    output : /tmp/cwe190_findings_sQ6J8k

    query  : FIND $T $FUNC($PARAMS) {} CONTAINS $TYPE $RESULT = $A + $B
    note   : destructor/constructor blocks covered by XPath fallback


real	0m0.012s
user	0m0.007s
sys	0m0.004s


--- Stage 2: XPath destructor/constructor fallback ---
    no unguarded destructor/constructor addition found

[ unchecked_add ] 0 finding(s) written to /tmp/cwe190_findings_sQ6J8k
=== Detector 3: unchecked_increment ===
    input  : /Users/afiaasante/Security-Code-Smells/linux/net/ipv4/netfilter/iptable_raw.c.xml
    output : /tmp/cwe190_findings_sQ6J8k

    strategy : XPath on srcML XML -- ancestor-scoped guard check

[ unchecked_increment ] No smell detected.
========================================
 Findings JSON
========================================

========================================
 Summary
 Total findings : 0
 Errors         : 0
 Warnings       : 0
========================================
