========================================
 CWE-190 Integer Overflow Risk Detector
 Source  : /Users/afiaasante/Security-Code-Smells/linux/net/caif/caif_usb.c
 Report  : /Users/afiaasante/Security-Code-Smells/results/net_scan/SCS006/caif__caif_usb.c/caif_usb_report_20260417_173611.txt
 Findings: /Users/afiaasante/Security-Code-Smells/results/net_scan/SCS006/caif__caif_usb.c/caif_usb_findings_20260417_173611.json
 Date    : Fri Apr 17 17:36:11 EDT 2026
========================================

=== Stage 1: srcml ===

real	0m0.024s
user	0m0.014s
sys	0m0.004s

=== Stage 2: srcslice ===
Writing to :: /Users/afiaasante/Security-Code-Smells/linux/net/caif/caif_usb.c.json
Output Saved to :: /Users/afiaasante/Security-Code-Smells/linux/net/caif/caif_usb.c.json

real	0m0.184s
user	0m0.024s
sys	0m0.003s

=== Stage 3: srcattributor ===

real	0m0.121s
user	0m0.048s
sys	0m0.006s

=== Detector 1: unchecked_multiply ===
    input  : /Users/afiaasante/Security-Code-Smells/linux/net/caif/caif_usb.c.xml
    output : /tmp/cwe190_findings_5pxWKM

    query  : FIND $T $FUNC($PARAMS) {} CONTAINS $TYPE $RESULT = $A * $B
    note   : destructor/constructor blocks covered by XPath fallback


real	0m0.035s
user	0m0.007s
sys	0m0.005s


--- Stage 2: XPath destructor/constructor fallback ---
    no unguarded destructor/constructor multiply found

[ unchecked_multiply ] 0 finding(s) written to /tmp/cwe190_findings_5pxWKM
=== Detector 2: unchecked_add ===
    input  : /Users/afiaasante/Security-Code-Smells/linux/net/caif/caif_usb.c.xml
    output : /tmp/cwe190_findings_5pxWKM

    query  : FIND $T $FUNC($PARAMS) {} CONTAINS $TYPE $RESULT = $A + $B
    note   : destructor/constructor blocks covered by XPath fallback


real	0m0.019s
user	0m0.007s
sys	0m0.005s


--- Stage 2: XPath destructor/constructor fallback ---
    no unguarded destructor/constructor addition found

[ unchecked_add ] 0 finding(s) written to /tmp/cwe190_findings_5pxWKM
=== Detector 3: unchecked_increment ===
    input  : /Users/afiaasante/Security-Code-Smells/linux/net/caif/caif_usb.c.xml
    output : /tmp/cwe190_findings_5pxWKM

    strategy : XPath on srcML XML -- ancestor-scoped guard check

[ unchecked_increment ] No smell detected.
========================================
 Findings JSON
========================================

========================================
 Summary
 Total findings : 0
 Errors         : 0
 Warnings       : 0
========================================
