========================================
 CWE-195 Signed-to-Unsigned Conversion Detector
 Source  : /Users/afiaasante/Security-Code-Smells/linux/net/psample/psample.c
 Report  : /Users/afiaasante/Security-Code-Smells/results/net_scan/SCS007/psample__psample.c/psample_report_20260417_180405.txt
 Findings: /Users/afiaasante/Security-Code-Smells/results/net_scan/SCS007/psample__psample.c/psample_findings_20260417_180405.json
 Date    : Fri Apr 17 18:04:05 EDT 2026
========================================

=== Stage 1: srcml ===

real	0m0.057s
user	0m0.040s
sys	0m0.006s

=== Stage 2: srcslice ===
Writing to :: /Users/afiaasante/Security-Code-Smells/linux/net/psample/psample.c.json
Output Saved to :: /Users/afiaasante/Security-Code-Smells/linux/net/psample/psample.c.json

real	0m0.262s
user	0m0.087s
sys	0m0.006s

=== Stage 3: srcattributor ===

real	0m0.638s
user	0m0.569s
sys	0m0.013s

=== Detector 1: signed_malloc ===
    input  : /Users/afiaasante/Security-Code-Smells/linux/net/psample/psample.c.xml
    output : /tmp/cwe195_findings_I1qMCM

    query  : FIND $T $FUNC($PARAMS) {} CONTAINS malloc($A)
    note   : destructor/constructor blocks covered by XPath fallback


real	0m0.023s
user	0m0.015s
sys	0m0.005s


--- Stage 2: XPath destructor/constructor fallback ---
    no unguarded destructor/constructor malloc found

[ signed_malloc ] 0 finding(s) written to /tmp/cwe195_findings_I1qMCM
=== Detector 2: signed_memcpy ===
    input  : /Users/afiaasante/Security-Code-Smells/linux/net/psample/psample.c.xml
    output : /tmp/cwe195_findings_I1qMCM

    query  : FIND $T $FUNC($PARAMS) {} CONTAINS memcpy($A, $B, $C)

real	0m0.024s
user	0m0.016s
sys	0m0.005s

    query  : FIND $T $FUNC($PARAMS) {} CONTAINS memmove($A, $B, $C)

real	0m0.024s
user	0m0.016s
sys	0m0.005s


--- Stage 2: XPath destructor/constructor fallback ---
    no unguarded destructor/constructor memcpy/memmove found

[ signed_memcpy ] 0 finding(s) written to /tmp/cwe195_findings_I1qMCM
=== Detector 3: signed_strncpy ===
    input  : /Users/afiaasante/Security-Code-Smells/linux/net/psample/psample.c.xml
    output : /tmp/cwe195_findings_I1qMCM

    query  : FIND $T $FUNC($PARAMS) {} CONTAINS strncpy($A, $B, $C)
    note   : destructor/constructor blocks covered by XPath fallback


real	0m0.022s
user	0m0.015s
sys	0m0.005s


--- Stage 2: XPath destructor/constructor fallback ---
    no unguarded destructor/constructor strncpy found

[ signed_strncpy ] 0 finding(s) written to /tmp/cwe195_findings_I1qMCM
========================================
 Findings JSON
========================================

========================================
 Summary
 Total findings : 0
 Errors         : 0
 Warnings       : 0
========================================
