========================================
 CWE-195 Signed-to-Unsigned Conversion Detector
 Source  : /Users/afiaasante/Security-Code-Smells/linux/net/ipv6/rpl_iptunnel.c
 Report  : /Users/afiaasante/Security-Code-Smells/results/net_scan/SCS007/ipv6__rpl_iptunnel.c/rpl_iptunnel_report_20260417_175949.txt
 Findings: /Users/afiaasante/Security-Code-Smells/results/net_scan/SCS007/ipv6__rpl_iptunnel.c/rpl_iptunnel_findings_20260417_175949.json
 Date    : Fri Apr 17 17:59:49 EDT 2026
========================================

=== Stage 1: srcml ===

real	0m0.035s
user	0m0.028s
sys	0m0.005s

=== Stage 2: srcslice ===
Writing to :: /Users/afiaasante/Security-Code-Smells/linux/net/ipv6/rpl_iptunnel.c.json
Output Saved to :: /Users/afiaasante/Security-Code-Smells/linux/net/ipv6/rpl_iptunnel.c.json

real	0m0.192s
user	0m0.069s
sys	0m0.004s

=== Stage 3: srcattributor ===

real	0m0.392s
user	0m0.363s
sys	0m0.007s

=== Detector 1: signed_malloc ===
    input  : /Users/afiaasante/Security-Code-Smells/linux/net/ipv6/rpl_iptunnel.c.xml
    output : /tmp/cwe195_findings_9Uufh0

    query  : FIND $T $FUNC($PARAMS) {} CONTAINS malloc($A)
    note   : destructor/constructor blocks covered by XPath fallback


real	0m0.019s
user	0m0.013s
sys	0m0.005s


--- Stage 2: XPath destructor/constructor fallback ---
    no unguarded destructor/constructor malloc found

[ signed_malloc ] 0 finding(s) written to /tmp/cwe195_findings_9Uufh0
=== Detector 2: signed_memcpy ===
    input  : /Users/afiaasante/Security-Code-Smells/linux/net/ipv6/rpl_iptunnel.c.xml
    output : /tmp/cwe195_findings_9Uufh0

    query  : FIND $T $FUNC($PARAMS) {} CONTAINS memcpy($A, $B, $C)

real	0m0.021s
user	0m0.014s
sys	0m0.005s

--- Stage 1 (memcpy): checking srcQL result for positivity guard in <condition> ---
    no taint source -- warning/smell
    finding: /Users/afiaasante/Security-Code-Smells/linux/net/ipv6/rpl_iptunnel.c:111:9 -- rpl_build_state() memcpy without positivity guard
    query  : FIND $T $FUNC($PARAMS) {} CONTAINS memmove($A, $B, $C)

real	0m0.021s
user	0m0.014s
sys	0m0.005s

--- Stage 1 (memmove): checking srcQL result for positivity guard in <condition> ---
    no taint source -- warning/smell
    finding: /Users/afiaasante/Security-Code-Smells/linux/net/ipv6/rpl_iptunnel.c:172:9 -- rpl_do_srh_inline() memmove without positivity guard

--- Stage 2: XPath destructor/constructor fallback ---

[ signed_memcpy ] 2 finding(s) written to /tmp/cwe195_findings_9Uufh0
=== Detector 3: signed_strncpy ===
    input  : /Users/afiaasante/Security-Code-Smells/linux/net/ipv6/rpl_iptunnel.c.xml
    output : /tmp/cwe195_findings_9Uufh0

    query  : FIND $T $FUNC($PARAMS) {} CONTAINS strncpy($A, $B, $C)
    note   : destructor/constructor blocks covered by XPath fallback


real	0m0.021s
user	0m0.013s
sys	0m0.005s


--- Stage 2: XPath destructor/constructor fallback ---
    no unguarded destructor/constructor strncpy found

[ signed_strncpy ] 0 finding(s) written to /tmp/cwe195_findings_9Uufh0
========================================
 Findings JSON
========================================
{
  "detector": "signed_memcpy",
  "severity": "warning",
  "classification": "smell",
  "rule": "signedUnsignedConversion",
  "file": "/Users/afiaasante/Security-Code-Smells/linux/net/ipv6/rpl_iptunnel.c",
  "line": 111,
  "col": 9,
  "varname": "rpl_build_state",
  "note": {
    "line": 111,
    "col": 9,
    "message": "memcpy() in rpl_build_state() -- signed int passed as byte count with no positivity guard (data > 0)"
  }
}
{
  "detector": "signed_memcpy",
  "severity": "warning",
  "classification": "smell",
  "rule": "signedUnsignedConversion",
  "file": "/Users/afiaasante/Security-Code-Smells/linux/net/ipv6/rpl_iptunnel.c",
  "line": 172,
  "col": 9,
  "varname": "rpl_do_srh_inline",
  "note": {
    "line": 172,
    "col": 9,
    "message": "memmove() in rpl_do_srh_inline() -- signed int passed as byte count with no positivity guard (data > 0)"
  }
}

========================================
 Summary
 Total findings : 2
 Errors         : 0
 Warnings       : 2

 Breakdown by detector:
   signed_memcpy             2
========================================
