========================================
 CWE-190 Integer Overflow Risk Detector
 Source  : /Users/afiaasante/Security-Code-Smells/linux/net/mac80211/wme.c
 Report  : /Users/afiaasante/Security-Code-Smells/results/net_scan/SCS006/mac80211__wme.c/wme_report_20260417_174121.txt
 Findings: /Users/afiaasante/Security-Code-Smells/results/net_scan/SCS006/mac80211__wme.c/wme_findings_20260417_174121.json
 Date    : Fri Apr 17 17:41:21 EDT 2026
========================================

=== Stage 1: srcml ===

real	0m0.020s
user	0m0.013s
sys	0m0.004s

=== Stage 2: srcslice ===
Writing to :: /Users/afiaasante/Security-Code-Smells/linux/net/mac80211/wme.c.json
Output Saved to :: /Users/afiaasante/Security-Code-Smells/linux/net/mac80211/wme.c.json

real	0m0.191s
user	0m0.036s
sys	0m0.004s

=== Stage 3: srcattributor ===

real	0m0.089s
user	0m0.077s
sys	0m0.005s

=== Detector 1: unchecked_multiply ===
    input  : /Users/afiaasante/Security-Code-Smells/linux/net/mac80211/wme.c.xml
    output : /tmp/cwe190_findings_NC21Cg

    query  : FIND $T $FUNC($PARAMS) {} CONTAINS $TYPE $RESULT = $A * $B
    note   : destructor/constructor blocks covered by XPath fallback


real	0m0.017s
user	0m0.009s
sys	0m0.004s

--- Stage 1: checking srcQL result for MAX guard in <condition> ---
    no taint source -- warning/smell
    finding: /Users/afiaasante/Security-Code-Smells/linux/net/mac80211/wme.c:150:42 -- ieee80211_select_queue() multiplies without MAX guard

--- Stage 2: XPath destructor/constructor fallback ---
    no unguarded destructor/constructor multiply found

[ unchecked_multiply ] 1 finding(s) written to /tmp/cwe190_findings_NC21Cg
=== Detector 2: unchecked_add ===
    input  : /Users/afiaasante/Security-Code-Smells/linux/net/mac80211/wme.c.xml
    output : /tmp/cwe190_findings_NC21Cg

    query  : FIND $T $FUNC($PARAMS) {} CONTAINS $TYPE $RESULT = $A + $B
    note   : destructor/constructor blocks covered by XPath fallback


real	0m0.016s
user	0m0.009s
sys	0m0.004s


--- Stage 2: XPath destructor/constructor fallback ---
    no unguarded destructor/constructor addition found

[ unchecked_add ] 0 finding(s) written to /tmp/cwe190_findings_NC21Cg
=== Detector 3: unchecked_increment ===
    input  : /Users/afiaasante/Security-Code-Smells/linux/net/mac80211/wme.c.xml
    output : /tmp/cwe190_findings_NC21Cg

    strategy : XPath on srcML XML -- ancestor-scoped guard check

--- extracting finding via XPath ---
    function : ieee80211_set_qos_hdr
    position : 233:10

    no taint source -- warning/smell
    finding: /Users/afiaasante/Security-Code-Smells/linux/net/mac80211/wme.c:233:10 -- ieee80211_set_qos_hdr() increments without MAX guard

[ unchecked_increment ] 1 finding(s) written to /tmp/cwe190_findings_NC21Cg
========================================
 Findings JSON
========================================
{
  "detector": "unchecked_multiply",
  "severity": "warning",
  "classification": "smell",
  "rule": "integerOverflow",
  "file": "/Users/afiaasante/Security-Code-Smells/linux/net/mac80211/wme.c",
  "line": 150,
  "col": 42,
  "varname": "ieee80211_select_queue",
  "note": {
    "line": 150,
    "col": 42,
    "message": "multiplication in ieee80211_select_queue() -- no upper-bound guard (INT_MAX / 2)"
  }
}
{
  "detector": "unchecked_increment",
  "severity": "warning",
  "classification": "smell",
  "rule": "integerOverflow",
  "file": "/Users/afiaasante/Security-Code-Smells/linux/net/mac80211/wme.c",
  "line": 233,
  "col": 10,
  "varname": "ieee80211_set_qos_hdr",
  "note": {
    "line": 233,
    "col": 10,
    "message": "increment (++) in ieee80211_set_qos_hdr() -- no upper-bound guard (INT_MAX check)"
  }
}

========================================
 Summary
 Total findings : 2
 Errors         : 0
 Warnings       : 2

 Breakdown by detector:
   unchecked_increment       1
   unchecked_multiply        1
========================================
