========================================
 CWE-190 Integer Overflow Risk Detector
 Source  : /Users/afiaasante/Security-Code-Smells/linux/net/devlink/netlink.c
 Report  : /Users/afiaasante/Security-Code-Smells/results/net_scan/SCS006/devlink__netlink.c/netlink_report_20260417_173746.txt
 Findings: /Users/afiaasante/Security-Code-Smells/results/net_scan/SCS006/devlink__netlink.c/netlink_findings_20260417_173746.json
 Date    : Fri Apr 17 17:37:46 EDT 2026
========================================

=== Stage 1: srcml ===

real	0m0.021s
user	0m0.016s
sys	0m0.003s

=== Stage 2: srcslice ===
Writing to :: /Users/afiaasante/Security-Code-Smells/linux/net/devlink/netlink.c.json
Output Saved to :: /Users/afiaasante/Security-Code-Smells/linux/net/devlink/netlink.c.json

real	0m0.185s
user	0m0.045s
sys	0m0.004s

=== Stage 3: srcattributor ===

real	0m0.240s
user	0m0.225s
sys	0m0.005s

=== Detector 1: unchecked_multiply ===
    input  : /Users/afiaasante/Security-Code-Smells/linux/net/devlink/netlink.c.xml
    output : /tmp/cwe190_findings_MpHtRj

    query  : FIND $T $FUNC($PARAMS) {} CONTAINS $TYPE $RESULT = $A * $B
    note   : destructor/constructor blocks covered by XPath fallback


real	0m0.014s
user	0m0.009s
sys	0m0.004s


--- Stage 2: XPath destructor/constructor fallback ---
    no unguarded destructor/constructor multiply found

[ unchecked_multiply ] 0 finding(s) written to /tmp/cwe190_findings_MpHtRj
=== Detector 2: unchecked_add ===
    input  : /Users/afiaasante/Security-Code-Smells/linux/net/devlink/netlink.c.xml
    output : /tmp/cwe190_findings_MpHtRj

    query  : FIND $T $FUNC($PARAMS) {} CONTAINS $TYPE $RESULT = $A + $B
    note   : destructor/constructor blocks covered by XPath fallback


real	0m0.016s
user	0m0.011s
sys	0m0.004s


--- Stage 2: XPath destructor/constructor fallback ---
    no unguarded destructor/constructor addition found

[ unchecked_add ] 0 finding(s) written to /tmp/cwe190_findings_MpHtRj
=== Detector 3: unchecked_increment ===
    input  : /Users/afiaasante/Security-Code-Smells/linux/net/devlink/netlink.c.xml
    output : /tmp/cwe190_findings_MpHtRj

    strategy : XPath on srcML XML -- ancestor-scoped guard check

--- extracting finding via XPath ---
    function : devlink_nl_inst_iter_dumpit
    position : 336:32

    no taint source -- warning/smell
    finding: /Users/afiaasante/Security-Code-Smells/linux/net/devlink/netlink.c:336:32 -- devlink_nl_inst_iter_dumpit() increments without MAX guard

[ unchecked_increment ] 1 finding(s) written to /tmp/cwe190_findings_MpHtRj
========================================
 Findings JSON
========================================
{
  "detector": "unchecked_increment",
  "severity": "warning",
  "classification": "smell",
  "rule": "integerOverflow",
  "file": "/Users/afiaasante/Security-Code-Smells/linux/net/devlink/netlink.c",
  "line": 336,
  "col": 32,
  "varname": "devlink_nl_inst_iter_dumpit",
  "note": {
    "line": 336,
    "col": 32,
    "message": "increment (++) in devlink_nl_inst_iter_dumpit() -- no upper-bound guard (INT_MAX check)"
  }
}

========================================
 Summary
 Total findings : 1
 Errors         : 0
 Warnings       : 1

 Breakdown by detector:
   unchecked_increment       1
========================================
