========================================
 CWE-190 Integer Overflow Risk Detector
 Source  : /Users/afiaasante/Security-Code-Smells/linux/net/mac802154/mib.c
 Report  : /Users/afiaasante/Security-Code-Smells/results/net_scan/SCS006/mac802154__mib.c/mib_report_20260417_174129.txt
 Findings: /Users/afiaasante/Security-Code-Smells/results/net_scan/SCS006/mac802154__mib.c/mib_findings_20260417_174129.json
 Date    : Fri Apr 17 17:41:29 EDT 2026
========================================

=== Stage 1: srcml ===

real	0m0.021s
user	0m0.015s
sys	0m0.005s

=== Stage 2: srcslice ===
Writing to :: /Users/afiaasante/Security-Code-Smells/linux/net/mac802154/mib.c.json
Output Saved to :: /Users/afiaasante/Security-Code-Smells/linux/net/mac802154/mib.c.json

real	0m0.188s
user	0m0.039s
sys	0m0.004s

=== Stage 3: srcattributor ===

real	0m0.111s
user	0m0.098s
sys	0m0.007s

=== Detector 1: unchecked_multiply ===
    input  : /Users/afiaasante/Security-Code-Smells/linux/net/mac802154/mib.c.xml
    output : /tmp/cwe190_findings_aTdIZh

    query  : FIND $T $FUNC($PARAMS) {} CONTAINS $TYPE $RESULT = $A * $B
    note   : destructor/constructor blocks covered by XPath fallback


real	0m0.016s
user	0m0.009s
sys	0m0.004s


--- Stage 2: XPath destructor/constructor fallback ---
    no unguarded destructor/constructor multiply found

[ unchecked_multiply ] 0 finding(s) written to /tmp/cwe190_findings_aTdIZh
=== Detector 2: unchecked_add ===
    input  : /Users/afiaasante/Security-Code-Smells/linux/net/mac802154/mib.c.xml
    output : /tmp/cwe190_findings_aTdIZh

    query  : FIND $T $FUNC($PARAMS) {} CONTAINS $TYPE $RESULT = $A + $B
    note   : destructor/constructor blocks covered by XPath fallback


real	0m0.016s
user	0m0.009s
sys	0m0.004s


--- Stage 2: XPath destructor/constructor fallback ---
    no unguarded destructor/constructor addition found

[ unchecked_add ] 0 finding(s) written to /tmp/cwe190_findings_aTdIZh
=== Detector 3: unchecked_increment ===
    input  : /Users/afiaasante/Security-Code-Smells/linux/net/mac802154/mib.c.xml
    output : /tmp/cwe190_findings_aTdIZh

    strategy : XPath on srcML XML -- ancestor-scoped guard check

[ unchecked_increment ] No smell detected.
========================================
 Findings JSON
========================================

========================================
 Summary
 Total findings : 0
 Errors         : 0
 Warnings       : 0
========================================
