========================================
 CWE-190 Integer Overflow Risk Detector
 Source  : /Users/afiaasante/Security-Code-Smells/linux/net/can/proc.c
 Report  : /Users/afiaasante/Security-Code-Smells/results/net_scan/SCS006/can__proc.c/proc_report_20260417_173621.txt
 Findings: /Users/afiaasante/Security-Code-Smells/results/net_scan/SCS006/can__proc.c/proc_findings_20260417_173621.json
 Date    : Fri Apr 17 17:36:21 EDT 2026
========================================

=== Stage 1: srcml ===

real	0m0.025s
user	0m0.017s
sys	0m0.004s

=== Stage 2: srcslice ===
Writing to :: /Users/afiaasante/Security-Code-Smells/linux/net/can/proc.c.json
Output Saved to :: /Users/afiaasante/Security-Code-Smells/linux/net/can/proc.c.json

real	0m0.179s
user	0m0.047s
sys	0m0.003s

=== Stage 3: srcattributor ===

real	0m0.176s
user	0m0.169s
sys	0m0.004s

=== Detector 1: unchecked_multiply ===
    input  : /Users/afiaasante/Security-Code-Smells/linux/net/can/proc.c.xml
    output : /tmp/cwe190_findings_ZaMlGp

    query  : FIND $T $FUNC($PARAMS) {} CONTAINS $TYPE $RESULT = $A * $B
    note   : destructor/constructor blocks covered by XPath fallback


real	0m0.014s
user	0m0.010s
sys	0m0.003s


--- Stage 2: XPath destructor/constructor fallback ---
    no unguarded destructor/constructor multiply found

[ unchecked_multiply ] 0 finding(s) written to /tmp/cwe190_findings_ZaMlGp
=== Detector 2: unchecked_add ===
    input  : /Users/afiaasante/Security-Code-Smells/linux/net/can/proc.c.xml
    output : /tmp/cwe190_findings_ZaMlGp

    query  : FIND $T $FUNC($PARAMS) {} CONTAINS $TYPE $RESULT = $A + $B
    note   : destructor/constructor blocks covered by XPath fallback


real	0m0.015s
user	0m0.011s
sys	0m0.003s


--- Stage 2: XPath destructor/constructor fallback ---
    no unguarded destructor/constructor addition found

[ unchecked_add ] 0 finding(s) written to /tmp/cwe190_findings_ZaMlGp
=== Detector 3: unchecked_increment ===
    input  : /Users/afiaasante/Security-Code-Smells/linux/net/can/proc.c.xml
    output : /tmp/cwe190_findings_ZaMlGp

    strategy : XPath on srcML XML -- ancestor-scoped guard check

--- extracting finding via XPath ---
    function : can_init_stats
    position : 91:37

    no taint source -- warning/smell
    finding: /Users/afiaasante/Security-Code-Smells/linux/net/can/proc.c:91:37 -- can_init_stats() increments without MAX guard

[ unchecked_increment ] 1 finding(s) written to /tmp/cwe190_findings_ZaMlGp
========================================
 Findings JSON
========================================
{
  "detector": "unchecked_increment",
  "severity": "warning",
  "classification": "smell",
  "rule": "integerOverflow",
  "file": "/Users/afiaasante/Security-Code-Smells/linux/net/can/proc.c",
  "line": 91,
  "col": 37,
  "varname": "can_init_stats",
  "note": {
    "line": 91,
    "col": 37,
    "message": "increment (++) in can_init_stats() -- no upper-bound guard (INT_MAX check)"
  }
}

========================================
 Summary
 Total findings : 1
 Errors         : 0
 Warnings       : 1

 Breakdown by detector:
   unchecked_increment       1
========================================
