========================================
 CWE-195 Signed-to-Unsigned Conversion Detector
 Source  : /Users/afiaasante/Security-Code-Smells/linux/net/sctp/socket.c
 Report  : /Users/afiaasante/Security-Code-Smells/results/net_scan/SCS007/sctp__socket.c/socket_report_20260417_180540.txt
 Findings: /Users/afiaasante/Security-Code-Smells/results/net_scan/SCS007/sctp__socket.c/socket_findings_20260417_180540.json
 Date    : Fri Apr 17 18:05:40 EDT 2026
========================================

=== Stage 1: srcml ===

real	0m0.756s
user	0m0.534s
sys	0m0.019s

=== Stage 2: srcslice ===
Writing to :: /Users/afiaasante/Security-Code-Smells/linux/net/sctp/socket.c.json
Output Saved to :: /Users/afiaasante/Security-Code-Smells/linux/net/sctp/socket.c.json

real	0m1.474s
user	0m0.988s
sys	0m0.031s

=== Stage 3: srcattributor ===

real	2m48.280s
user	2m29.417s
sys	0m1.596s

=== Detector 1: signed_malloc ===
    input  : /Users/afiaasante/Security-Code-Smells/linux/net/sctp/socket.c.xml
    output : /tmp/cwe195_findings_1AN7Tc

    query  : FIND $T $FUNC($PARAMS) {} CONTAINS malloc($A)
    note   : destructor/constructor blocks covered by XPath fallback


real	0m0.163s
user	0m0.139s
sys	0m0.014s


--- Stage 2: XPath destructor/constructor fallback ---
    no unguarded destructor/constructor malloc found

[ signed_malloc ] 0 finding(s) written to /tmp/cwe195_findings_1AN7Tc
=== Detector 2: signed_memcpy ===
    input  : /Users/afiaasante/Security-Code-Smells/linux/net/sctp/socket.c.xml
    output : /tmp/cwe195_findings_1AN7Tc

    query  : FIND $T $FUNC($PARAMS) {} CONTAINS memcpy($A, $B, $C)

real	0m0.165s
user	0m0.141s
sys	0m0.017s

--- Stage 1 (memcpy): checking srcQL result for positivity guard in <condition> ---
    no taint source -- warning/smell
    finding: /Users/afiaasante/Security-Code-Smells/linux/net/sctp/socket.c:635:25 -- sctp_send_asconf_add_ip() memcpy without positivity guard
    query  : FIND $T $FUNC($PARAMS) {} CONTAINS memmove($A, $B, $C)

real	0m0.156s
user	0m0.134s
sys	0m0.014s


--- Stage 2: XPath destructor/constructor fallback ---

[ signed_memcpy ] 1 finding(s) written to /tmp/cwe195_findings_1AN7Tc
=== Detector 3: signed_strncpy ===
    input  : /Users/afiaasante/Security-Code-Smells/linux/net/sctp/socket.c.xml
    output : /tmp/cwe195_findings_1AN7Tc

    query  : FIND $T $FUNC($PARAMS) {} CONTAINS strncpy($A, $B, $C)
    note   : destructor/constructor blocks covered by XPath fallback


real	0m0.156s
user	0m0.130s
sys	0m0.013s


--- Stage 2: XPath destructor/constructor fallback ---
    no unguarded destructor/constructor strncpy found

[ signed_strncpy ] 0 finding(s) written to /tmp/cwe195_findings_1AN7Tc
========================================
 Findings JSON
========================================
{
  "detector": "signed_memcpy",
  "severity": "warning",
  "classification": "smell",
  "rule": "signedUnsignedConversion",
  "file": "/Users/afiaasante/Security-Code-Smells/linux/net/sctp/socket.c",
  "line": 635,
  "col": 25,
  "varname": "sctp_send_asconf_add_ip",
  "note": {
    "line": 635,
    "col": 25,
    "message": "memcpy() in sctp_send_asconf_add_ip() -- signed int passed as byte count with no positivity guard (data > 0)"
  }
}

========================================
 Summary
 Total findings : 1
 Errors         : 0
 Warnings       : 1

 Breakdown by detector:
   signed_memcpy             1
========================================
