========================================
 CWE-190 Integer Overflow Risk Detector
 Source  : /Users/afiaasante/Security-Code-Smells/linux/net/kcm/kcmproc.c
 Report  : /Users/afiaasante/Security-Code-Smells/results/net_scan/SCS006/kcm__kcmproc.c/kcmproc_report_20260417_174024.txt
 Findings: /Users/afiaasante/Security-Code-Smells/results/net_scan/SCS006/kcm__kcmproc.c/kcmproc_findings_20260417_174024.json
 Date    : Fri Apr 17 17:40:24 EDT 2026
========================================

=== Stage 1: srcml ===

real	0m0.027s
user	0m0.020s
sys	0m0.004s

=== Stage 2: srcslice ===
Writing to :: /Users/afiaasante/Security-Code-Smells/linux/net/kcm/kcmproc.c.json
Output Saved to :: /Users/afiaasante/Security-Code-Smells/linux/net/kcm/kcmproc.c.json

real	0m0.186s
user	0m0.051s
sys	0m0.003s

=== Stage 3: srcattributor ===

real	0m0.160s
user	0m0.149s
sys	0m0.005s

=== Detector 1: unchecked_multiply ===
    input  : /Users/afiaasante/Security-Code-Smells/linux/net/kcm/kcmproc.c.xml
    output : /tmp/cwe190_findings_Wkx66q

    query  : FIND $T $FUNC($PARAMS) {} CONTAINS $TYPE $RESULT = $A * $B
    note   : destructor/constructor blocks covered by XPath fallback


real	0m0.018s
user	0m0.011s
sys	0m0.004s


--- Stage 2: XPath destructor/constructor fallback ---
    no unguarded destructor/constructor multiply found

[ unchecked_multiply ] 0 finding(s) written to /tmp/cwe190_findings_Wkx66q
=== Detector 2: unchecked_add ===
    input  : /Users/afiaasante/Security-Code-Smells/linux/net/kcm/kcmproc.c.xml
    output : /tmp/cwe190_findings_Wkx66q

    query  : FIND $T $FUNC($PARAMS) {} CONTAINS $TYPE $RESULT = $A + $B
    note   : destructor/constructor blocks covered by XPath fallback


real	0m0.017s
user	0m0.011s
sys	0m0.004s


--- Stage 2: XPath destructor/constructor fallback ---
    no unguarded destructor/constructor addition found

[ unchecked_add ] 0 finding(s) written to /tmp/cwe190_findings_Wkx66q
=== Detector 3: unchecked_increment ===
    input  : /Users/afiaasante/Security-Code-Smells/linux/net/kcm/kcmproc.c.xml
    output : /tmp/cwe190_findings_Wkx66q

    strategy : XPath on srcML XML -- ancestor-scoped guard check

--- extracting finding via XPath ---
    function : kcm_seq_next
    position : 57:9

    no taint source -- warning/smell
    finding: /Users/afiaasante/Security-Code-Smells/linux/net/kcm/kcmproc.c:57:9 -- kcm_seq_next() increments without MAX guard

[ unchecked_increment ] 1 finding(s) written to /tmp/cwe190_findings_Wkx66q
========================================
 Findings JSON
========================================
{
  "detector": "unchecked_increment",
  "severity": "warning",
  "classification": "smell",
  "rule": "integerOverflow",
  "file": "/Users/afiaasante/Security-Code-Smells/linux/net/kcm/kcmproc.c",
  "line": 57,
  "col": 9,
  "varname": "kcm_seq_next",
  "note": {
    "line": 57,
    "col": 9,
    "message": "increment (++) in kcm_seq_next() -- no upper-bound guard (INT_MAX check)"
  }
}

========================================
 Summary
 Total findings : 1
 Errors         : 0
 Warnings       : 1

 Breakdown by detector:
   unchecked_increment       1
========================================
