========================================
 CWE-195 Signed-to-Unsigned Conversion Detector
 Source  : /Users/afiaasante/Security-Code-Smells/linux/net/sunrpc/xprtrdma/svc_rdma_sendto.c
 Report  : /Users/afiaasante/Security-Code-Smells/results/net_scan/SCS007/sunrpc__xprtrdma__svc_rdma_sendto.c/svc_rdma_sendto_report_20260417_180654.txt
 Findings: /Users/afiaasante/Security-Code-Smells/results/net_scan/SCS007/sunrpc__xprtrdma__svc_rdma_sendto.c/svc_rdma_sendto_findings_20260417_180654.json
 Date    : Fri Apr 17 18:06:54 EDT 2026
========================================

=== Stage 1: srcml ===

real	0m0.115s
user	0m0.060s
sys	0m0.007s

=== Stage 2: srcslice ===
Writing to :: /Users/afiaasante/Security-Code-Smells/linux/net/sunrpc/xprtrdma/svc_rdma_sendto.c.json
Output Saved to :: /Users/afiaasante/Security-Code-Smells/linux/net/sunrpc/xprtrdma/svc_rdma_sendto.c.json

real	0m0.252s
user	0m0.122s
sys	0m0.007s

=== Stage 3: srcattributor ===

real	0m1.925s
user	0m1.711s
sys	0m0.027s

=== Detector 1: signed_malloc ===
    input  : /Users/afiaasante/Security-Code-Smells/linux/net/sunrpc/xprtrdma/svc_rdma_sendto.c.xml
    output : /tmp/cwe195_findings_w3XkJq

    query  : FIND $T $FUNC($PARAMS) {} CONTAINS malloc($A)
    note   : destructor/constructor blocks covered by XPath fallback


real	0m0.029s
user	0m0.019s
sys	0m0.005s


--- Stage 2: XPath destructor/constructor fallback ---
    no unguarded destructor/constructor malloc found

[ signed_malloc ] 0 finding(s) written to /tmp/cwe195_findings_w3XkJq
=== Detector 2: signed_memcpy ===
    input  : /Users/afiaasante/Security-Code-Smells/linux/net/sunrpc/xprtrdma/svc_rdma_sendto.c.xml
    output : /tmp/cwe195_findings_w3XkJq

    query  : FIND $T $FUNC($PARAMS) {} CONTAINS memcpy($A, $B, $C)

real	0m0.028s
user	0m0.021s
sys	0m0.005s

--- Stage 1 (memcpy): checking srcQL result for positivity guard in <condition> ---
    no taint source -- warning/smell
    finding: /Users/afiaasante/Security-Code-Smells/linux/net/sunrpc/xprtrdma/svc_rdma_sendto.c:752:17 -- svc_rdma_xb_linearize() memcpy without positivity guard
    query  : FIND $T $FUNC($PARAMS) {} CONTAINS memmove($A, $B, $C)

real	0m0.026s
user	0m0.020s
sys	0m0.006s


--- Stage 2: XPath destructor/constructor fallback ---

[ signed_memcpy ] 1 finding(s) written to /tmp/cwe195_findings_w3XkJq
=== Detector 3: signed_strncpy ===
    input  : /Users/afiaasante/Security-Code-Smells/linux/net/sunrpc/xprtrdma/svc_rdma_sendto.c.xml
    output : /tmp/cwe195_findings_w3XkJq

    query  : FIND $T $FUNC($PARAMS) {} CONTAINS strncpy($A, $B, $C)
    note   : destructor/constructor blocks covered by XPath fallback


real	0m0.031s
user	0m0.019s
sys	0m0.006s


--- Stage 2: XPath destructor/constructor fallback ---
    no unguarded destructor/constructor strncpy found

[ signed_strncpy ] 0 finding(s) written to /tmp/cwe195_findings_w3XkJq
========================================
 Findings JSON
========================================
{
  "detector": "signed_memcpy",
  "severity": "warning",
  "classification": "smell",
  "rule": "signedUnsignedConversion",
  "file": "/Users/afiaasante/Security-Code-Smells/linux/net/sunrpc/xprtrdma/svc_rdma_sendto.c",
  "line": 752,
  "col": 17,
  "varname": "svc_rdma_xb_linearize",
  "note": {
    "line": 752,
    "col": 17,
    "message": "memcpy() in svc_rdma_xb_linearize() -- signed int passed as byte count with no positivity guard (data > 0)"
  }
}

========================================
 Summary
 Total findings : 1
 Errors         : 0
 Warnings       : 1

 Breakdown by detector:
   signed_memcpy             1
========================================
