========================================
 CWE-190 Integer Overflow Risk Detector
 Source  : /Users/afiaasante/Security-Code-Smells/linux/net/packet/diag.c
 Report  : /Users/afiaasante/Security-Code-Smells/results/net_scan/SCS006/packet__diag.c/diag_report_20260417_174331.txt
 Findings: /Users/afiaasante/Security-Code-Smells/results/net_scan/SCS006/packet__diag.c/diag_findings_20260417_174331.json
 Date    : Fri Apr 17 17:43:31 EDT 2026
========================================

=== Stage 1: srcml ===

real	0m0.024s
user	0m0.019s
sys	0m0.004s

=== Stage 2: srcslice ===
Writing to :: /Users/afiaasante/Security-Code-Smells/linux/net/packet/diag.c.json
Output Saved to :: /Users/afiaasante/Security-Code-Smells/linux/net/packet/diag.c.json

real	0m0.197s
user	0m0.053s
sys	0m0.004s

=== Stage 3: srcattributor ===

real	0m0.152s
user	0m0.143s
sys	0m0.005s

=== Detector 1: unchecked_multiply ===
    input  : /Users/afiaasante/Security-Code-Smells/linux/net/packet/diag.c.xml
    output : /tmp/cwe190_findings_hYUW6L

    query  : FIND $T $FUNC($PARAMS) {} CONTAINS $TYPE $RESULT = $A * $B
    note   : destructor/constructor blocks covered by XPath fallback


real	0m0.016s
user	0m0.010s
sys	0m0.004s


--- Stage 2: XPath destructor/constructor fallback ---
    no unguarded destructor/constructor multiply found

[ unchecked_multiply ] 0 finding(s) written to /tmp/cwe190_findings_hYUW6L
=== Detector 2: unchecked_add ===
    input  : /Users/afiaasante/Security-Code-Smells/linux/net/packet/diag.c.xml
    output : /tmp/cwe190_findings_hYUW6L

    query  : FIND $T $FUNC($PARAMS) {} CONTAINS $TYPE $RESULT = $A + $B
    note   : destructor/constructor blocks covered by XPath fallback


real	0m0.016s
user	0m0.011s
sys	0m0.004s


--- Stage 2: XPath destructor/constructor fallback ---
    no unguarded destructor/constructor addition found

[ unchecked_add ] 0 finding(s) written to /tmp/cwe190_findings_hYUW6L
=== Detector 3: unchecked_increment ===
    input  : /Users/afiaasante/Security-Code-Smells/linux/net/packet/diag.c.xml
    output : /tmp/cwe190_findings_hYUW6L

    strategy : XPath on srcML XML -- ancestor-scoped guard check

--- extracting finding via XPath ---
    function : packet_diag_dump
    position : 215:20

    no taint source -- warning/smell
    finding: /Users/afiaasante/Security-Code-Smells/linux/net/packet/diag.c:215:20 -- packet_diag_dump() increments without MAX guard

[ unchecked_increment ] 1 finding(s) written to /tmp/cwe190_findings_hYUW6L
========================================
 Findings JSON
========================================
{
  "detector": "unchecked_increment",
  "severity": "warning",
  "classification": "smell",
  "rule": "integerOverflow",
  "file": "/Users/afiaasante/Security-Code-Smells/linux/net/packet/diag.c",
  "line": 215,
  "col": 20,
  "varname": "packet_diag_dump",
  "note": {
    "line": 215,
    "col": 20,
    "message": "increment (++) in packet_diag_dump() -- no upper-bound guard (INT_MAX check)"
  }
}

========================================
 Summary
 Total findings : 1
 Errors         : 0
 Warnings       : 1

 Breakdown by detector:
   unchecked_increment       1
========================================
