========================================
 CWE-190 Integer Overflow Risk Detector
 Source  : /Users/afiaasante/Security-Code-Smells/linux/net/mac80211/aes_gmac.c
 Report  : /Users/afiaasante/Security-Code-Smells/results/net_scan/SCS006/mac80211__aes_gmac.c/aes_gmac_report_20260417_174043.txt
 Findings: /Users/afiaasante/Security-Code-Smells/results/net_scan/SCS006/mac80211__aes_gmac.c/aes_gmac_findings_20260417_174043.json
 Date    : Fri Apr 17 17:40:43 EDT 2026
========================================

=== Stage 1: srcml ===

real	0m0.062s
user	0m0.011s
sys	0m0.005s

=== Stage 2: srcslice ===
Writing to :: /Users/afiaasante/Security-Code-Smells/linux/net/mac80211/aes_gmac.c.json
Output Saved to :: /Users/afiaasante/Security-Code-Smells/linux/net/mac80211/aes_gmac.c.json

real	0m0.203s
user	0m0.028s
sys	0m0.004s

=== Stage 3: srcattributor ===

real	0m0.063s
user	0m0.035s
sys	0m0.005s

=== Detector 1: unchecked_multiply ===
    input  : /Users/afiaasante/Security-Code-Smells/linux/net/mac80211/aes_gmac.c.xml
    output : /tmp/cwe190_findings_Payl42

    query  : FIND $T $FUNC($PARAMS) {} CONTAINS $TYPE $RESULT = $A * $B
    note   : destructor/constructor blocks covered by XPath fallback


real	0m0.083s
user	0m0.008s
sys	0m0.005s


--- Stage 2: XPath destructor/constructor fallback ---
    no unguarded destructor/constructor multiply found

[ unchecked_multiply ] 0 finding(s) written to /tmp/cwe190_findings_Payl42
=== Detector 2: unchecked_add ===
    input  : /Users/afiaasante/Security-Code-Smells/linux/net/mac80211/aes_gmac.c.xml
    output : /tmp/cwe190_findings_Payl42

    query  : FIND $T $FUNC($PARAMS) {} CONTAINS $TYPE $RESULT = $A + $B
    note   : destructor/constructor blocks covered by XPath fallback


real	0m0.047s
user	0m0.008s
sys	0m0.005s

--- Stage 1: checking srcQL result for MAX guard in <condition> ---
    no taint source -- warning/smell
    finding: /Users/afiaasante/Security-Code-Smells/linux/net/mac80211/aes_gmac.c:23:41 -- ieee80211_aes_gmac() adds without MAX guard

--- Stage 2: XPath destructor/constructor fallback ---
    no unguarded destructor/constructor addition found

[ unchecked_add ] 1 finding(s) written to /tmp/cwe190_findings_Payl42
=== Detector 3: unchecked_increment ===
    input  : /Users/afiaasante/Security-Code-Smells/linux/net/mac80211/aes_gmac.c.xml
    output : /tmp/cwe190_findings_Payl42

    strategy : XPath on srcML XML -- ancestor-scoped guard check

[ unchecked_increment ] No smell detected.
========================================
 Findings JSON
========================================
{
  "detector": "unchecked_add",
  "severity": "warning",
  "classification": "smell",
  "rule": "integerOverflow",
  "file": "/Users/afiaasante/Security-Code-Smells/linux/net/mac80211/aes_gmac.c",
  "line": 23,
  "col": 41,
  "varname": "ieee80211_aes_gmac",
  "note": {
    "line": 23,
    "col": 41,
    "message": "addition in ieee80211_aes_gmac() -- no upper-bound guard before adding"
  }
}

========================================
 Summary
 Total findings : 1
 Errors         : 0
 Warnings       : 1

 Breakdown by detector:
   unchecked_add             1
========================================
