========================================
 CWE-190 Integer Overflow Risk Detector
 Source  : /Users/afiaasante/Security-Code-Smells/linux/net/ipv6/seg6_hmac.c
 Report  : /Users/afiaasante/Security-Code-Smells/results/net_scan/SCS006/ipv6__seg6_hmac.c/seg6_hmac_report_20260417_174014.txt
 Findings: /Users/afiaasante/Security-Code-Smells/results/net_scan/SCS006/ipv6__seg6_hmac.c/seg6_hmac_findings_20260417_174014.json
 Date    : Fri Apr 17 17:40:14 EDT 2026
========================================

=== Stage 1: srcml ===

real	0m0.022s
user	0m0.017s
sys	0m0.004s

=== Stage 2: srcslice ===
Writing to :: /Users/afiaasante/Security-Code-Smells/linux/net/ipv6/seg6_hmac.c.json
Output Saved to :: /Users/afiaasante/Security-Code-Smells/linux/net/ipv6/seg6_hmac.c.json

real	0m0.189s
user	0m0.047s
sys	0m0.004s

=== Stage 3: srcattributor ===

real	0m0.240s
user	0m0.160s
sys	0m0.007s

=== Detector 1: unchecked_multiply ===
    input  : /Users/afiaasante/Security-Code-Smells/linux/net/ipv6/seg6_hmac.c.xml
    output : /tmp/cwe190_findings_o2rOsQ

    query  : FIND $T $FUNC($PARAMS) {} CONTAINS $TYPE $RESULT = $A * $B
    note   : destructor/constructor blocks covered by XPath fallback


real	0m0.030s
user	0m0.010s
sys	0m0.004s

--- Stage 1: checking srcQL result for MAX guard in <condition> ---
    no taint source -- warning/smell
    finding: /Users/afiaasante/Security-Code-Smells/linux/net/ipv6/seg6_hmac.c:67:63 -- seg6_free_hi() multiplies without MAX guard

--- Stage 2: XPath destructor/constructor fallback ---
    no unguarded destructor/constructor multiply found

[ unchecked_multiply ] 1 finding(s) written to /tmp/cwe190_findings_o2rOsQ
=== Detector 2: unchecked_add ===
    input  : /Users/afiaasante/Security-Code-Smells/linux/net/ipv6/seg6_hmac.c.xml
    output : /tmp/cwe190_findings_o2rOsQ

    query  : FIND $T $FUNC($PARAMS) {} CONTAINS $TYPE $RESULT = $A + $B
    note   : destructor/constructor blocks covered by XPath fallback


real	0m0.016s
user	0m0.010s
sys	0m0.004s


--- Stage 2: XPath destructor/constructor fallback ---
    no unguarded destructor/constructor addition found

[ unchecked_add ] 0 finding(s) written to /tmp/cwe190_findings_o2rOsQ
=== Detector 3: unchecked_increment ===
    input  : /Users/afiaasante/Security-Code-Smells/linux/net/ipv6/seg6_hmac.c.xml
    output : /tmp/cwe190_findings_o2rOsQ

    strategy : XPath on srcML XML -- ancestor-scoped guard check

--- extracting finding via XPath ---
    function : seg6_hmac_compute
    position : 134:13

    no taint source -- warning/smell
    finding: /Users/afiaasante/Security-Code-Smells/linux/net/ipv6/seg6_hmac.c:134:13 -- seg6_hmac_compute() increments without MAX guard

[ unchecked_increment ] 1 finding(s) written to /tmp/cwe190_findings_o2rOsQ
========================================
 Findings JSON
========================================
{
  "detector": "unchecked_multiply",
  "severity": "warning",
  "classification": "smell",
  "rule": "integerOverflow",
  "file": "/Users/afiaasante/Security-Code-Smells/linux/net/ipv6/seg6_hmac.c",
  "line": 67,
  "col": 63,
  "varname": "seg6_free_hi",
  "note": {
    "line": 67,
    "col": 63,
    "message": "multiplication in seg6_free_hi() -- no upper-bound guard (INT_MAX / 2)"
  }
}
{
  "detector": "unchecked_increment",
  "severity": "warning",
  "classification": "smell",
  "rule": "integerOverflow",
  "file": "/Users/afiaasante/Security-Code-Smells/linux/net/ipv6/seg6_hmac.c",
  "line": 134,
  "col": 13,
  "varname": "seg6_hmac_compute",
  "note": {
    "line": 134,
    "col": 13,
    "message": "increment (++) in seg6_hmac_compute() -- no upper-bound guard (INT_MAX check)"
  }
}

========================================
 Summary
 Total findings : 2
 Errors         : 0
 Warnings       : 2

 Breakdown by detector:
   unchecked_increment       1
   unchecked_multiply        1
========================================
