========================================
 CWE-190 Integer Overflow Risk Detector
 Source  : /Users/afiaasante/Security-Code-Smells/linux/net/openvswitch/vport-vxlan.c
 Report  : /Users/afiaasante/Security-Code-Smells/results/net_scan/SCS006/openvswitch__vport-vxlan.c/vport-vxlan_report_20260417_174331.txt
 Findings: /Users/afiaasante/Security-Code-Smells/results/net_scan/SCS006/openvswitch__vport-vxlan.c/vport-vxlan_findings_20260417_174331.json
 Date    : Fri Apr 17 17:43:31 EDT 2026
========================================

=== Stage 1: srcml ===

real	0m0.019s
user	0m0.013s
sys	0m0.005s

=== Stage 2: srcslice ===
Writing to :: /Users/afiaasante/Security-Code-Smells/linux/net/openvswitch/vport-vxlan.c.json
Output Saved to :: /Users/afiaasante/Security-Code-Smells/linux/net/openvswitch/vport-vxlan.c.json

real	0m0.189s
user	0m0.034s
sys	0m0.004s

=== Stage 3: srcattributor ===

real	0m0.060s
user	0m0.053s
sys	0m0.004s

=== Detector 1: unchecked_multiply ===
    input  : /Users/afiaasante/Security-Code-Smells/linux/net/openvswitch/vport-vxlan.c.xml
    output : /tmp/cwe190_findings_zYpB7z

    query  : FIND $T $FUNC($PARAMS) {} CONTAINS $TYPE $RESULT = $A * $B
    note   : destructor/constructor blocks covered by XPath fallback


real	0m0.014s
user	0m0.008s
sys	0m0.004s


--- Stage 2: XPath destructor/constructor fallback ---
    no unguarded destructor/constructor multiply found

[ unchecked_multiply ] 0 finding(s) written to /tmp/cwe190_findings_zYpB7z
=== Detector 2: unchecked_add ===
    input  : /Users/afiaasante/Security-Code-Smells/linux/net/openvswitch/vport-vxlan.c.xml
    output : /tmp/cwe190_findings_zYpB7z

    query  : FIND $T $FUNC($PARAMS) {} CONTAINS $TYPE $RESULT = $A + $B
    note   : destructor/constructor blocks covered by XPath fallback


real	0m0.013s
user	0m0.008s
sys	0m0.004s


--- Stage 2: XPath destructor/constructor fallback ---
    no unguarded destructor/constructor addition found

[ unchecked_add ] 0 finding(s) written to /tmp/cwe190_findings_zYpB7z
=== Detector 3: unchecked_increment ===
    input  : /Users/afiaasante/Security-Code-Smells/linux/net/openvswitch/vport-vxlan.c.xml
    output : /tmp/cwe190_findings_zYpB7z

    strategy : XPath on srcML XML -- ancestor-scoped guard check

[ unchecked_increment ] No smell detected.
========================================
 Findings JSON
========================================

========================================
 Summary
 Total findings : 0
 Errors         : 0
 Warnings       : 0
========================================
