========================================
 CWE-190 Integer Overflow Risk Detector
 Source  : /Users/afiaasante/Security-Code-Smells/linux/net/xdp/xsk_diag.c
 Report  : /Users/afiaasante/Security-Code-Smells/results/net_scan/SCS006/xdp__xsk_diag.c/xsk_diag_report_20260417_174703.txt
 Findings: /Users/afiaasante/Security-Code-Smells/results/net_scan/SCS006/xdp__xsk_diag.c/xsk_diag_findings_20260417_174703.json
 Date    : Fri Apr 17 17:47:03 EDT 2026
========================================

=== Stage 1: srcml ===

real	0m0.022s
user	0m0.017s
sys	0m0.004s

=== Stage 2: srcslice ===
Writing to :: /Users/afiaasante/Security-Code-Smells/linux/net/xdp/xsk_diag.c.json
Output Saved to :: /Users/afiaasante/Security-Code-Smells/linux/net/xdp/xsk_diag.c.json

real	0m0.195s
user	0m0.049s
sys	0m0.006s

=== Stage 3: srcattributor ===

real	0m0.110s
user	0m0.101s
sys	0m0.006s

=== Detector 1: unchecked_multiply ===
    input  : /Users/afiaasante/Security-Code-Smells/linux/net/xdp/xsk_diag.c.xml
    output : /tmp/cwe190_findings_AbuxKB

    query  : FIND $T $FUNC($PARAMS) {} CONTAINS $TYPE $RESULT = $A * $B
    note   : destructor/constructor blocks covered by XPath fallback


real	0m0.030s
user	0m0.011s
sys	0m0.006s


--- Stage 2: XPath destructor/constructor fallback ---
    no unguarded destructor/constructor multiply found

[ unchecked_multiply ] 0 finding(s) written to /tmp/cwe190_findings_AbuxKB
=== Detector 2: unchecked_add ===
    input  : /Users/afiaasante/Security-Code-Smells/linux/net/xdp/xsk_diag.c.xml
    output : /tmp/cwe190_findings_AbuxKB

    query  : FIND $T $FUNC($PARAMS) {} CONTAINS $TYPE $RESULT = $A + $B
    note   : destructor/constructor blocks covered by XPath fallback


real	0m0.015s
user	0m0.010s
sys	0m0.004s


--- Stage 2: XPath destructor/constructor fallback ---
    no unguarded destructor/constructor addition found

[ unchecked_add ] 0 finding(s) written to /tmp/cwe190_findings_AbuxKB
=== Detector 3: unchecked_increment ===
    input  : /Users/afiaasante/Security-Code-Smells/linux/net/xdp/xsk_diag.c.xml
    output : /tmp/cwe190_findings_AbuxKB

    strategy : XPath on srcML XML -- ancestor-scoped guard check

--- extracting finding via XPath ---
    function : xsk_diag_dump
    position : 163:24

    no taint source -- warning/smell
    finding: /Users/afiaasante/Security-Code-Smells/linux/net/xdp/xsk_diag.c:163:24 -- xsk_diag_dump() increments without MAX guard

[ unchecked_increment ] 1 finding(s) written to /tmp/cwe190_findings_AbuxKB
========================================
 Findings JSON
========================================
{
  "detector": "unchecked_increment",
  "severity": "warning",
  "classification": "smell",
  "rule": "integerOverflow",
  "file": "/Users/afiaasante/Security-Code-Smells/linux/net/xdp/xsk_diag.c",
  "line": 163,
  "col": 24,
  "varname": "xsk_diag_dump",
  "note": {
    "line": 163,
    "col": 24,
    "message": "increment (++) in xsk_diag_dump() -- no upper-bound guard (INT_MAX check)"
  }
}

========================================
 Summary
 Total findings : 1
 Errors         : 0
 Warnings       : 1

 Breakdown by detector:
   unchecked_increment       1
========================================
