========================================
 CWE-195 Signed-to-Unsigned Conversion Detector
 Source  : /Users/afiaasante/Security-Code-Smells/linux/net/devlink/param.c
 Report  : /Users/afiaasante/Security-Code-Smells/results/net_scan/SCS007/devlink__param.c/param_report_20260417_175620.txt
 Findings: /Users/afiaasante/Security-Code-Smells/results/net_scan/SCS007/devlink__param.c/param_findings_20260417_175620.json
 Date    : Fri Apr 17 17:56:20 EDT 2026
========================================

=== Stage 1: srcml ===

real	0m0.072s
user	0m0.057s
sys	0m0.005s

=== Stage 2: srcslice ===
Writing to :: /Users/afiaasante/Security-Code-Smells/linux/net/devlink/param.c.json
Output Saved to :: /Users/afiaasante/Security-Code-Smells/linux/net/devlink/param.c.json

real	0m0.257s
user	0m0.121s
sys	0m0.006s

=== Stage 3: srcattributor ===

real	0m1.778s
user	0m1.514s
sys	0m0.029s

=== Detector 1: signed_malloc ===
    input  : /Users/afiaasante/Security-Code-Smells/linux/net/devlink/param.c.xml
    output : /tmp/cwe195_findings_XXbhLU

    query  : FIND $T $FUNC($PARAMS) {} CONTAINS malloc($A)
    note   : destructor/constructor blocks covered by XPath fallback


real	0m0.035s
user	0m0.020s
sys	0m0.006s


--- Stage 2: XPath destructor/constructor fallback ---
    no unguarded destructor/constructor malloc found

[ signed_malloc ] 0 finding(s) written to /tmp/cwe195_findings_XXbhLU
=== Detector 2: signed_memcpy ===
    input  : /Users/afiaasante/Security-Code-Smells/linux/net/devlink/param.c.xml
    output : /tmp/cwe195_findings_XXbhLU

    query  : FIND $T $FUNC($PARAMS) {} CONTAINS memcpy($A, $B, $C)

real	0m0.038s
user	0m0.020s
sys	0m0.006s

    query  : FIND $T $FUNC($PARAMS) {} CONTAINS memmove($A, $B, $C)

real	0m0.031s
user	0m0.021s
sys	0m0.006s


--- Stage 2: XPath destructor/constructor fallback ---
    no unguarded destructor/constructor memcpy/memmove found

[ signed_memcpy ] 0 finding(s) written to /tmp/cwe195_findings_XXbhLU
=== Detector 3: signed_strncpy ===
    input  : /Users/afiaasante/Security-Code-Smells/linux/net/devlink/param.c.xml
    output : /tmp/cwe195_findings_XXbhLU

    query  : FIND $T $FUNC($PARAMS) {} CONTAINS strncpy($A, $B, $C)
    note   : destructor/constructor blocks covered by XPath fallback


real	0m0.029s
user	0m0.020s
sys	0m0.005s


--- Stage 2: XPath destructor/constructor fallback ---
    no unguarded destructor/constructor strncpy found

[ signed_strncpy ] 0 finding(s) written to /tmp/cwe195_findings_XXbhLU
========================================
 Findings JSON
========================================

========================================
 Summary
 Total findings : 0
 Errors         : 0
 Warnings       : 0
========================================
