========================================
 CWE-190 Integer Overflow Risk Detector
 Source  : /Users/afiaasante/Security-Code-Smells/linux/net/tipc/node.c
 Report  : /Users/afiaasante/Security-Code-Smells/results/net_scan/SCS006/tipc__node.c/node_report_20260417_174559.txt
 Findings: /Users/afiaasante/Security-Code-Smells/results/net_scan/SCS006/tipc__node.c/node_findings_20260417_174559.json
 Date    : Fri Apr 17 17:45:59 EDT 2026
========================================

=== Stage 1: srcml ===

real	0m0.182s
user	0m0.163s
sys	0m0.007s

=== Stage 2: srcslice ===
Writing to :: /Users/afiaasante/Security-Code-Smells/linux/net/tipc/node.c.json
Output Saved to :: /Users/afiaasante/Security-Code-Smells/linux/net/tipc/node.c.json

real	0m0.426s
user	0m0.344s
sys	0m0.009s

=== Stage 3: srcattributor ===

real	0m22.921s
user	0m22.063s
sys	0m0.204s

=== Detector 1: unchecked_multiply ===
    input  : /Users/afiaasante/Security-Code-Smells/linux/net/tipc/node.c.xml
    output : /tmp/cwe190_findings_hzaINr

    query  : FIND $T $FUNC($PARAMS) {} CONTAINS $TYPE $RESULT = $A * $B
    note   : destructor/constructor blocks covered by XPath fallback


real	0m0.067s
user	0m0.049s
sys	0m0.008s

--- Stage 1: checking srcQL result for MAX guard in <condition> ---
    no taint source -- warning/smell
    finding: /Users/afiaasante/Security-Code-Smells/linux/net/tipc/node.c:2246:24 -- tipc_nl_peer_rm() multiplies without MAX guard

--- Stage 2: XPath destructor/constructor fallback ---
    no unguarded destructor/constructor multiply found

[ unchecked_multiply ] 1 finding(s) written to /tmp/cwe190_findings_hzaINr
=== Detector 2: unchecked_add ===
    input  : /Users/afiaasante/Security-Code-Smells/linux/net/tipc/node.c.xml
    output : /tmp/cwe190_findings_hzaINr

    query  : FIND $T $FUNC($PARAMS) {} CONTAINS $TYPE $RESULT = $A + $B
    note   : destructor/constructor blocks covered by XPath fallback


real	0m0.062s
user	0m0.050s
sys	0m0.007s


--- Stage 2: XPath destructor/constructor fallback ---
    no unguarded destructor/constructor addition found

[ unchecked_add ] 0 finding(s) written to /tmp/cwe190_findings_hzaINr
=== Detector 3: unchecked_increment ===
    input  : /Users/afiaasante/Security-Code-Smells/linux/net/tipc/node.c.xml
    output : /tmp/cwe190_findings_hzaINr

    strategy : XPath on srcML XML -- ancestor-scoped guard check

--- extracting finding via XPath ---
    function : tipc_node_create
    position : 520:71

    no taint source -- warning/smell
    finding: /Users/afiaasante/Security-Code-Smells/linux/net/tipc/node.c:520:71 -- tipc_node_create() increments without MAX guard

[ unchecked_increment ] 1 finding(s) written to /tmp/cwe190_findings_hzaINr
========================================
 Findings JSON
========================================
{
  "detector": "unchecked_multiply",
  "severity": "warning",
  "classification": "smell",
  "rule": "integerOverflow",
  "file": "/Users/afiaasante/Security-Code-Smells/linux/net/tipc/node.c",
  "line": 2246,
  "col": 24,
  "varname": "tipc_nl_peer_rm",
  "note": {
    "line": 2246,
    "col": 24,
    "message": "multiplication in tipc_nl_peer_rm() -- no upper-bound guard (INT_MAX / 2)"
  }
}
{
  "detector": "unchecked_increment",
  "severity": "warning",
  "classification": "smell",
  "rule": "integerOverflow",
  "file": "/Users/afiaasante/Security-Code-Smells/linux/net/tipc/node.c",
  "line": 520,
  "col": 71,
  "varname": "tipc_node_create",
  "note": {
    "line": 520,
    "col": 71,
    "message": "increment (++) in tipc_node_create() -- no upper-bound guard (INT_MAX check)"
  }
}

========================================
 Summary
 Total findings : 2
 Errors         : 0
 Warnings       : 2

 Breakdown by detector:
   unchecked_increment       1
   unchecked_multiply        1
========================================
