========================================
 CWE-190 Integer Overflow Risk Detector
 Source  : /Users/afiaasante/Security-Code-Smells/linux/net/ipv4/ah4.c
 Report  : /Users/afiaasante/Security-Code-Smells/results/net_scan/SCS006/ipv4__ah4.c/ah4_report_20260417_173824.txt
 Findings: /Users/afiaasante/Security-Code-Smells/results/net_scan/SCS006/ipv4__ah4.c/ah4_findings_20260417_173824.json
 Date    : Fri Apr 17 17:38:24 EDT 2026
========================================

=== Stage 1: srcml ===

real	0m0.052s
user	0m0.033s
sys	0m0.006s

=== Stage 2: srcslice ===
Writing to :: /Users/afiaasante/Security-Code-Smells/linux/net/ipv4/ah4.c.json
Output Saved to :: /Users/afiaasante/Security-Code-Smells/linux/net/ipv4/ah4.c.json

real	0m0.192s
user	0m0.069s
sys	0m0.004s

=== Stage 3: srcattributor ===

real	0m0.827s
user	0m0.640s
sys	0m0.012s

=== Detector 1: unchecked_multiply ===
    input  : /Users/afiaasante/Security-Code-Smells/linux/net/ipv4/ah4.c.xml
    output : /tmp/cwe190_findings_WB11qv

    query  : FIND $T $FUNC($PARAMS) {} CONTAINS $TYPE $RESULT = $A * $B
    note   : destructor/constructor blocks covered by XPath fallback


real	0m0.020s
user	0m0.014s
sys	0m0.004s

--- Stage 1: checking srcQL result for MAX guard in <condition> ---
    no taint source -- warning/smell
    finding: /Users/afiaasante/Security-Code-Smells/linux/net/ipv4/ah4.c:79:48 -- ip_clear_mutable_options() multiplies without MAX guard

--- Stage 2: XPath destructor/constructor fallback ---
    no unguarded destructor/constructor multiply found

[ unchecked_multiply ] 1 finding(s) written to /tmp/cwe190_findings_WB11qv
=== Detector 2: unchecked_add ===
    input  : /Users/afiaasante/Security-Code-Smells/linux/net/ipv4/ah4.c.xml
    output : /tmp/cwe190_findings_WB11qv

    query  : FIND $T $FUNC($PARAMS) {} CONTAINS $TYPE $RESULT = $A + $B
    note   : destructor/constructor blocks covered by XPath fallback


real	0m0.024s
user	0m0.015s
sys	0m0.005s

--- Stage 1: checking srcQL result for MAX guard in <condition> ---
    no taint source -- warning/smell
    finding: /Users/afiaasante/Security-Code-Smells/linux/net/ipv4/ah4.c:79:54 -- ip_clear_mutable_options() adds without MAX guard

--- Stage 2: XPath destructor/constructor fallback ---
    no unguarded destructor/constructor addition found

[ unchecked_add ] 1 finding(s) written to /tmp/cwe190_findings_WB11qv
=== Detector 3: unchecked_increment ===
    input  : /Users/afiaasante/Security-Code-Smells/linux/net/ipv4/ah4.c.xml
    output : /tmp/cwe190_findings_WB11qv

    strategy : XPath on srcML XML -- ancestor-scoped guard check

--- extracting finding via XPath ---
    function : ip_clear_mutable_options
    position : 89:31

    no taint source -- warning/smell
    finding: /Users/afiaasante/Security-Code-Smells/linux/net/ipv4/ah4.c:89:31 -- ip_clear_mutable_options() increments without MAX guard

[ unchecked_increment ] 1 finding(s) written to /tmp/cwe190_findings_WB11qv
========================================
 Findings JSON
========================================
{
  "detector": "unchecked_multiply",
  "severity": "warning",
  "classification": "smell",
  "rule": "integerOverflow",
  "file": "/Users/afiaasante/Security-Code-Smells/linux/net/ipv4/ah4.c",
  "line": 79,
  "col": 48,
  "varname": "ip_clear_mutable_options",
  "note": {
    "line": 79,
    "col": 48,
    "message": "multiplication in ip_clear_mutable_options() -- no upper-bound guard (INT_MAX / 2)"
  }
}
{
  "detector": "unchecked_add",
  "severity": "warning",
  "classification": "smell",
  "rule": "integerOverflow",
  "file": "/Users/afiaasante/Security-Code-Smells/linux/net/ipv4/ah4.c",
  "line": 79,
  "col": 54,
  "varname": "ip_clear_mutable_options",
  "note": {
    "line": 79,
    "col": 54,
    "message": "addition in ip_clear_mutable_options() -- no upper-bound guard before adding"
  }
}
{
  "detector": "unchecked_increment",
  "severity": "warning",
  "classification": "smell",
  "rule": "integerOverflow",
  "file": "/Users/afiaasante/Security-Code-Smells/linux/net/ipv4/ah4.c",
  "line": 89,
  "col": 31,
  "varname": "ip_clear_mutable_options",
  "note": {
    "line": 89,
    "col": 31,
    "message": "increment (++) in ip_clear_mutable_options() -- no upper-bound guard (INT_MAX check)"
  }
}

========================================
 Summary
 Total findings : 3
 Errors         : 0
 Warnings       : 3

 Breakdown by detector:
   unchecked_add             1
   unchecked_increment       1
   unchecked_multiply        1
========================================
