========================================
 CWE-190 Integer Overflow Risk Detector
 Source  : /Users/afiaasante/Security-Code-Smells/linux/net/netfilter/nft_payload.c
 Report  : /Users/afiaasante/Security-Code-Smells/results/net_scan/SCS006/netfilter__nft_payload.c/nft_payload_report_20260417_174253.txt
 Findings: /Users/afiaasante/Security-Code-Smells/results/net_scan/SCS006/netfilter__nft_payload.c/nft_payload_findings_20260417_174253.json
 Date    : Fri Apr 17 17:42:53 EDT 2026
========================================

=== Stage 1: srcml ===

real	0m0.059s
user	0m0.054s
sys	0m0.004s

=== Stage 2: srcslice ===
Writing to :: /Users/afiaasante/Security-Code-Smells/linux/net/netfilter/nft_payload.c.json
Output Saved to :: /Users/afiaasante/Security-Code-Smells/linux/net/netfilter/nft_payload.c.json

real	0m0.241s
user	0m0.128s
sys	0m0.005s

=== Stage 3: srcattributor ===

real	0m1.988s
user	0m1.907s
sys	0m0.020s

=== Detector 1: unchecked_multiply ===
    input  : /Users/afiaasante/Security-Code-Smells/linux/net/netfilter/nft_payload.c.xml
    output : /tmp/cwe190_findings_5PW5DJ

    query  : FIND $T $FUNC($PARAMS) {} CONTAINS $TYPE $RESULT = $A * $B
    note   : destructor/constructor blocks covered by XPath fallback


real	0m0.031s
user	0m0.021s
sys	0m0.006s


--- Stage 2: XPath destructor/constructor fallback ---
    no unguarded destructor/constructor multiply found

[ unchecked_multiply ] 0 finding(s) written to /tmp/cwe190_findings_5PW5DJ
=== Detector 2: unchecked_add ===
    input  : /Users/afiaasante/Security-Code-Smells/linux/net/netfilter/nft_payload.c.xml
    output : /tmp/cwe190_findings_5PW5DJ

    query  : FIND $T $FUNC($PARAMS) {} CONTAINS $TYPE $RESULT = $A + $B
    note   : destructor/constructor blocks covered by XPath fallback


real	0m0.029s
user	0m0.021s
sys	0m0.005s

--- Stage 1: checking srcQL result for MAX guard in <condition> ---
    no taint source -- warning/smell
    finding: /Users/afiaasante/Security-Code-Smells/linux/net/netfilter/nft_payload.c:150:40 -- nft_payload_need_vlan_adjust() adds without MAX guard

--- Stage 2: XPath destructor/constructor fallback ---
    no unguarded destructor/constructor addition found

[ unchecked_add ] 1 finding(s) written to /tmp/cwe190_findings_5PW5DJ
=== Detector 3: unchecked_increment ===
    input  : /Users/afiaasante/Security-Code-Smells/linux/net/netfilter/nft_payload.c.xml
    output : /tmp/cwe190_findings_5PW5DJ

    strategy : XPath on srcML XML -- ancestor-scoped guard check

--- extracting finding via XPath ---
    function : nft_payload_set_reduce
    position : 1020:41

    no taint source -- warning/smell
    finding: /Users/afiaasante/Security-Code-Smells/linux/net/netfilter/nft_payload.c:1020:41 -- nft_payload_set_reduce() increments without MAX guard

[ unchecked_increment ] 1 finding(s) written to /tmp/cwe190_findings_5PW5DJ
========================================
 Findings JSON
========================================
{
  "detector": "unchecked_add",
  "severity": "warning",
  "classification": "smell",
  "rule": "integerOverflow",
  "file": "/Users/afiaasante/Security-Code-Smells/linux/net/netfilter/nft_payload.c",
  "line": 150,
  "col": 40,
  "varname": "nft_payload_need_vlan_adjust",
  "note": {
    "line": 150,
    "col": 40,
    "message": "addition in nft_payload_need_vlan_adjust() -- no upper-bound guard before adding"
  }
}
{
  "detector": "unchecked_increment",
  "severity": "warning",
  "classification": "smell",
  "rule": "integerOverflow",
  "file": "/Users/afiaasante/Security-Code-Smells/linux/net/netfilter/nft_payload.c",
  "line": 1020,
  "col": 41,
  "varname": "nft_payload_set_reduce",
  "note": {
    "line": 1020,
    "col": 41,
    "message": "increment (++) in nft_payload_set_reduce() -- no upper-bound guard (INT_MAX check)"
  }
}

========================================
 Summary
 Total findings : 2
 Errors         : 0
 Warnings       : 2

 Breakdown by detector:
   unchecked_add             1
   unchecked_increment       1
========================================
