========================================
 CWE-190 Integer Overflow Risk Detector
 Source  : /Users/afiaasante/Security-Code-Smells/linux/net/sctp/sm_make_chunk.c
 Report  : /Users/afiaasante/Security-Code-Smells/results/net_scan/SCS006/sctp__sm_make_chunk.c/sm_make_chunk_report_20260417_174451.txt
 Findings: /Users/afiaasante/Security-Code-Smells/results/net_scan/SCS006/sctp__sm_make_chunk.c/sm_make_chunk_findings_20260417_174451.json
 Date    : Fri Apr 17 17:44:51 EDT 2026
========================================

=== Stage 1: srcml ===

real	0m0.188s
user	0m0.170s
sys	0m0.006s

=== Stage 2: srcslice ===
Writing to :: /Users/afiaasante/Security-Code-Smells/linux/net/sctp/sm_make_chunk.c.json
Output Saved to :: /Users/afiaasante/Security-Code-Smells/linux/net/sctp/sm_make_chunk.c.json

real	0m0.431s
user	0m0.331s
sys	0m0.008s

=== Stage 3: srcattributor ===

real	0m18.098s
user	0m17.564s
sys	0m0.124s

=== Detector 1: unchecked_multiply ===
    input  : /Users/afiaasante/Security-Code-Smells/linux/net/sctp/sm_make_chunk.c.xml
    output : /tmp/cwe190_findings_hx1zG3

    query  : FIND $T $FUNC($PARAMS) {} CONTAINS $TYPE $RESULT = $A * $B
    note   : destructor/constructor blocks covered by XPath fallback


real	0m0.075s
user	0m0.052s
sys	0m0.008s

--- Stage 1: checking srcQL result for MAX guard in <condition> ---
    no taint source -- warning/smell
    finding: /Users/afiaasante/Security-Code-Smells/linux/net/sctp/sm_make_chunk.c:748:55 -- sctp_make_sack() multiplies without MAX guard

--- Stage 2: XPath destructor/constructor fallback ---
    no unguarded destructor/constructor multiply found

[ unchecked_multiply ] 1 finding(s) written to /tmp/cwe190_findings_hx1zG3
=== Detector 2: unchecked_add ===
    input  : /Users/afiaasante/Security-Code-Smells/linux/net/sctp/sm_make_chunk.c.xml
    output : /tmp/cwe190_findings_hx1zG3

    query  : FIND $T $FUNC($PARAMS) {} CONTAINS $TYPE $RESULT = $A + $B
    note   : destructor/constructor blocks covered by XPath fallback


real	0m0.071s
user	0m0.049s
sys	0m0.007s

--- Stage 1: checking srcQL result for MAX guard in <condition> ---
    no taint source -- warning/smell
    finding: /Users/afiaasante/Security-Code-Smells/linux/net/sctp/sm_make_chunk.c:1097:44 -- sctp_make_violation_paramlen() adds without MAX guard

--- Stage 2: XPath destructor/constructor fallback ---
    no unguarded destructor/constructor addition found

[ unchecked_add ] 1 finding(s) written to /tmp/cwe190_findings_hx1zG3
=== Detector 3: unchecked_increment ===
    input  : /Users/afiaasante/Security-Code-Smells/linux/net/sctp/sm_make_chunk.c.xml
    output : /tmp/cwe190_findings_hx1zG3

    strategy : XPath on srcML XML -- ancestor-scoped guard check

--- extracting finding via XPath ---
    function : sctp_make_sack
    position : 835:13

    no taint source -- warning/smell
    finding: /Users/afiaasante/Security-Code-Smells/linux/net/sctp/sm_make_chunk.c:835:13 -- sctp_make_sack() increments without MAX guard

[ unchecked_increment ] 1 finding(s) written to /tmp/cwe190_findings_hx1zG3
========================================
 Findings JSON
========================================
{
  "detector": "unchecked_multiply",
  "severity": "warning",
  "classification": "smell",
  "rule": "integerOverflow",
  "file": "/Users/afiaasante/Security-Code-Smells/linux/net/sctp/sm_make_chunk.c",
  "line": 748,
  "col": 55,
  "varname": "sctp_make_sack",
  "note": {
    "line": 748,
    "col": 55,
    "message": "multiplication in sctp_make_sack() -- no upper-bound guard (INT_MAX / 2)"
  }
}
{
  "detector": "unchecked_add",
  "severity": "warning",
  "classification": "smell",
  "rule": "integerOverflow",
  "file": "/Users/afiaasante/Security-Code-Smells/linux/net/sctp/sm_make_chunk.c",
  "line": 1097,
  "col": 44,
  "varname": "sctp_make_violation_paramlen",
  "note": {
    "line": 1097,
    "col": 44,
    "message": "addition in sctp_make_violation_paramlen() -- no upper-bound guard before adding"
  }
}
{
  "detector": "unchecked_increment",
  "severity": "warning",
  "classification": "smell",
  "rule": "integerOverflow",
  "file": "/Users/afiaasante/Security-Code-Smells/linux/net/sctp/sm_make_chunk.c",
  "line": 835,
  "col": 13,
  "varname": "sctp_make_sack",
  "note": {
    "line": 835,
    "col": 13,
    "message": "increment (++) in sctp_make_sack() -- no upper-bound guard (INT_MAX check)"
  }
}

========================================
 Summary
 Total findings : 3
 Errors         : 0
 Warnings       : 3

 Breakdown by detector:
   unchecked_add             1
   unchecked_increment       1
   unchecked_multiply        1
========================================
