========================================
 CWE-190 Integer Overflow Risk Detector
 Source  : /Users/afiaasante/Security-Code-Smells/linux/net/mac80211/debugfs_netdev.c
 Report  : /Users/afiaasante/Security-Code-Smells/results/net_scan/SCS006/mac80211__debugfs_netdev.c/debugfs_netdev_report_20260417_174048.txt
 Findings: /Users/afiaasante/Security-Code-Smells/results/net_scan/SCS006/mac80211__debugfs_netdev.c/debugfs_netdev_findings_20260417_174048.json
 Date    : Fri Apr 17 17:40:48 EDT 2026
========================================

=== Stage 1: srcml ===

real	0m0.069s
user	0m0.061s
sys	0m0.005s

=== Stage 2: srcslice ===
Writing to :: /Users/afiaasante/Security-Code-Smells/linux/net/mac80211/debugfs_netdev.c.json
Output Saved to :: /Users/afiaasante/Security-Code-Smells/linux/net/mac80211/debugfs_netdev.c.json

real	0m0.249s
user	0m0.110s
sys	0m0.005s

=== Stage 3: srcattributor ===

real	0m1.513s
user	0m1.345s
sys	0m0.016s

=== Detector 1: unchecked_multiply ===
    input  : /Users/afiaasante/Security-Code-Smells/linux/net/mac80211/debugfs_netdev.c.xml
    output : /tmp/cwe190_findings_wqaJi2

    query  : FIND $T $FUNC($PARAMS) {} CONTAINS $TYPE $RESULT = $A * $B
    note   : destructor/constructor blocks covered by XPath fallback


real	0m0.026s
user	0m0.020s
sys	0m0.005s


--- Stage 2: XPath destructor/constructor fallback ---
    no unguarded destructor/constructor multiply found

[ unchecked_multiply ] 0 finding(s) written to /tmp/cwe190_findings_wqaJi2
=== Detector 2: unchecked_add ===
    input  : /Users/afiaasante/Security-Code-Smells/linux/net/mac80211/debugfs_netdev.c.xml
    output : /tmp/cwe190_findings_wqaJi2

    query  : FIND $T $FUNC($PARAMS) {} CONTAINS $TYPE $RESULT = $A + $B
    note   : destructor/constructor blocks covered by XPath fallback


real	0m0.025s
user	0m0.020s
sys	0m0.004s


--- Stage 2: XPath destructor/constructor fallback ---
    no unguarded destructor/constructor addition found

[ unchecked_add ] 0 finding(s) written to /tmp/cwe190_findings_wqaJi2
=== Detector 3: unchecked_increment ===
    input  : /Users/afiaasante/Security-Code-Smells/linux/net/mac80211/debugfs_netdev.c.xml
    output : /tmp/cwe190_findings_wqaJi2

    strategy : XPath on srcML XML -- ancestor-scoped guard check

--- extracting finding via XPath ---
    function : ieee80211_if_fmt_rc_rateidx_vht_mcs_mask_2ghz
    position : 324:47

    no taint source -- warning/smell
    finding: /Users/afiaasante/Security-Code-Smells/linux/net/mac80211/debugfs_netdev.c:324:47 -- ieee80211_if_fmt_rc_rateidx_vht_mcs_mask_2ghz() increments without MAX guard

[ unchecked_increment ] 1 finding(s) written to /tmp/cwe190_findings_wqaJi2
========================================
 Findings JSON
========================================
{
  "detector": "unchecked_increment",
  "severity": "warning",
  "classification": "smell",
  "rule": "integerOverflow",
  "file": "/Users/afiaasante/Security-Code-Smells/linux/net/mac80211/debugfs_netdev.c",
  "line": 324,
  "col": 47,
  "varname": "ieee80211_if_fmt_rc_rateidx_vht_mcs_mask_2ghz",
  "note": {
    "line": 324,
    "col": 47,
    "message": "increment (++) in ieee80211_if_fmt_rc_rateidx_vht_mcs_mask_2ghz() -- no upper-bound guard (INT_MAX check)"
  }
}

========================================
 Summary
 Total findings : 1
 Errors         : 0
 Warnings       : 1

 Breakdown by detector:
   unchecked_increment       1
========================================
