========================================
 CWE-190 Integer Overflow Risk Detector
 Source  : /Users/afiaasante/Security-Code-Smells/linux/net/sctp/stream_sched_fc.c
 Report  : /Users/afiaasante/Security-Code-Smells/results/net_scan/SCS006/sctp__stream_sched_fc.c/stream_sched_fc_report_20260417_174456.txt
 Findings: /Users/afiaasante/Security-Code-Smells/results/net_scan/SCS006/sctp__stream_sched_fc.c/stream_sched_fc_findings_20260417_174456.json
 Date    : Fri Apr 17 17:44:56 EDT 2026
========================================

=== Stage 1: srcml ===

real	0m0.021s
user	0m0.016s
sys	0m0.004s

=== Stage 2: srcslice ===
Writing to :: /Users/afiaasante/Security-Code-Smells/linux/net/sctp/stream_sched_fc.c.json
Output Saved to :: /Users/afiaasante/Security-Code-Smells/linux/net/sctp/stream_sched_fc.c.json

real	0m0.190s
user	0m0.044s
sys	0m0.004s

=== Stage 3: srcattributor ===

real	0m0.094s
user	0m0.087s
sys	0m0.004s

=== Detector 1: unchecked_multiply ===
    input  : /Users/afiaasante/Security-Code-Smells/linux/net/sctp/stream_sched_fc.c.xml
    output : /tmp/cwe190_findings_rJRpT8

    query  : FIND $T $FUNC($PARAMS) {} CONTAINS $TYPE $RESULT = $A * $B
    note   : destructor/constructor blocks covered by XPath fallback


real	0m0.019s
user	0m0.010s
sys	0m0.004s


--- Stage 2: XPath destructor/constructor fallback ---
    no unguarded destructor/constructor multiply found

[ unchecked_multiply ] 0 finding(s) written to /tmp/cwe190_findings_rJRpT8
=== Detector 2: unchecked_add ===
    input  : /Users/afiaasante/Security-Code-Smells/linux/net/sctp/stream_sched_fc.c.xml
    output : /tmp/cwe190_findings_rJRpT8

    query  : FIND $T $FUNC($PARAMS) {} CONTAINS $TYPE $RESULT = $A + $B
    note   : destructor/constructor blocks covered by XPath fallback


real	0m0.018s
user	0m0.009s
sys	0m0.004s


--- Stage 2: XPath destructor/constructor fallback ---
    no unguarded destructor/constructor addition found

[ unchecked_add ] 0 finding(s) written to /tmp/cwe190_findings_rJRpT8
=== Detector 3: unchecked_increment ===
    input  : /Users/afiaasante/Security-Code-Smells/linux/net/sctp/stream_sched_fc.c.xml
    output : /tmp/cwe190_findings_rJRpT8

    strategy : XPath on srcML XML -- ancestor-scoped guard check

--- extracting finding via XPath ---
    function : sctp_sched_fc_dequeue_done
    position : 143:50

    no taint source -- warning/smell
    finding: /Users/afiaasante/Security-Code-Smells/linux/net/sctp/stream_sched_fc.c:143:50 -- sctp_sched_fc_dequeue_done() increments without MAX guard

[ unchecked_increment ] 1 finding(s) written to /tmp/cwe190_findings_rJRpT8
========================================
 Findings JSON
========================================
{
  "detector": "unchecked_increment",
  "severity": "warning",
  "classification": "smell",
  "rule": "integerOverflow",
  "file": "/Users/afiaasante/Security-Code-Smells/linux/net/sctp/stream_sched_fc.c",
  "line": 143,
  "col": 50,
  "varname": "sctp_sched_fc_dequeue_done",
  "note": {
    "line": 143,
    "col": 50,
    "message": "increment (++) in sctp_sched_fc_dequeue_done() -- no upper-bound guard (INT_MAX check)"
  }
}

========================================
 Summary
 Total findings : 1
 Errors         : 0
 Warnings       : 1

 Breakdown by detector:
   unchecked_increment       1
========================================
