========================================
 CWE-190 Integer Overflow Risk Detector
 Source  : /Users/afiaasante/Security-Code-Smells/linux/net/ipv4/tcp_cong.c
 Report  : /Users/afiaasante/Security-Code-Smells/results/net_scan/SCS006/ipv4__tcp_cong.c/tcp_cong_report_20260417_173906.txt
 Findings: /Users/afiaasante/Security-Code-Smells/results/net_scan/SCS006/ipv4__tcp_cong.c/tcp_cong_findings_20260417_173906.json
 Date    : Fri Apr 17 17:39:06 EDT 2026
========================================

=== Stage 1: srcml ===

real	0m0.033s
user	0m0.028s
sys	0m0.004s

=== Stage 2: srcslice ===
Writing to :: /Users/afiaasante/Security-Code-Smells/linux/net/ipv4/tcp_cong.c.json
Output Saved to :: /Users/afiaasante/Security-Code-Smells/linux/net/ipv4/tcp_cong.c.json

real	0m0.187s
user	0m0.058s
sys	0m0.003s

=== Stage 3: srcattributor ===

real	0m0.346s
user	0m0.337s
sys	0m0.005s

=== Detector 1: unchecked_multiply ===
    input  : /Users/afiaasante/Security-Code-Smells/linux/net/ipv4/tcp_cong.c.xml
    output : /tmp/cwe190_findings_HbFbyz

    query  : FIND $T $FUNC($PARAMS) {} CONTAINS $TYPE $RESULT = $A * $B
    note   : destructor/constructor blocks covered by XPath fallback


real	0m0.018s
user	0m0.013s
sys	0m0.004s


--- Stage 2: XPath destructor/constructor fallback ---
    no unguarded destructor/constructor multiply found

[ unchecked_multiply ] 0 finding(s) written to /tmp/cwe190_findings_HbFbyz
=== Detector 2: unchecked_add ===
    input  : /Users/afiaasante/Security-Code-Smells/linux/net/ipv4/tcp_cong.c.xml
    output : /tmp/cwe190_findings_HbFbyz

    query  : FIND $T $FUNC($PARAMS) {} CONTAINS $TYPE $RESULT = $A + $B
    note   : destructor/constructor blocks covered by XPath fallback


real	0m0.017s
user	0m0.012s
sys	0m0.004s


--- Stage 2: XPath destructor/constructor fallback ---
    no unguarded destructor/constructor addition found

[ unchecked_add ] 0 finding(s) written to /tmp/cwe190_findings_HbFbyz
=== Detector 3: unchecked_increment ===
    input  : /Users/afiaasante/Security-Code-Smells/linux/net/ipv4/tcp_cong.c.xml
    output : /tmp/cwe190_findings_HbFbyz

    strategy : XPath on srcML XML -- ancestor-scoped guard check

[ unchecked_increment ] No smell detected.
========================================
 Findings JSON
========================================

========================================
 Summary
 Total findings : 0
 Errors         : 0
 Warnings       : 0
========================================
