========================================
 CWE-195 Signed-to-Unsigned Conversion Detector
 Source  : /Users/afiaasante/Security-Code-Smells/linux/net/tipc/node.c
 Report  : /Users/afiaasante/Security-Code-Smells/results/net_scan/SCS007/tipc__node.c/node_report_20260417_180708.txt
 Findings: /Users/afiaasante/Security-Code-Smells/results/net_scan/SCS007/tipc__node.c/node_findings_20260417_180708.json
 Date    : Fri Apr 17 18:07:08 EDT 2026
========================================

=== Stage 1: srcml ===

real	0m0.204s
user	0m0.186s
sys	0m0.008s

=== Stage 2: srcslice ===
Writing to :: /Users/afiaasante/Security-Code-Smells/linux/net/tipc/node.c.json
Output Saved to :: /Users/afiaasante/Security-Code-Smells/linux/net/tipc/node.c.json

real	0m0.498s
user	0m0.371s
sys	0m0.011s

=== Stage 3: srcattributor ===

real	0m29.046s
user	0m25.499s
sys	0m0.278s

=== Detector 1: signed_malloc ===
    input  : /Users/afiaasante/Security-Code-Smells/linux/net/tipc/node.c.xml
    output : /tmp/cwe195_findings_VH2RgO

    query  : FIND $T $FUNC($PARAMS) {} CONTAINS malloc($A)
    note   : destructor/constructor blocks covered by XPath fallback


real	0m0.076s
user	0m0.057s
sys	0m0.008s


--- Stage 2: XPath destructor/constructor fallback ---
    no unguarded destructor/constructor malloc found

[ signed_malloc ] 0 finding(s) written to /tmp/cwe195_findings_VH2RgO
=== Detector 2: signed_memcpy ===
    input  : /Users/afiaasante/Security-Code-Smells/linux/net/tipc/node.c.xml
    output : /tmp/cwe195_findings_VH2RgO

    query  : FIND $T $FUNC($PARAMS) {} CONTAINS memcpy($A, $B, $C)

real	0m0.072s
user	0m0.058s
sys	0m0.007s

--- Stage 1 (memcpy): checking srcQL result for positivity guard in <condition> ---
    no taint source -- warning/smell
    finding: /Users/afiaasante/Security-Code-Smells/linux/net/tipc/node.c:239:17 -- tipc_node_get_id() memcpy without positivity guard
    query  : FIND $T $FUNC($PARAMS) {} CONTAINS memmove($A, $B, $C)

real	0m0.072s
user	0m0.056s
sys	0m0.007s


--- Stage 2: XPath destructor/constructor fallback ---

[ signed_memcpy ] 1 finding(s) written to /tmp/cwe195_findings_VH2RgO
=== Detector 3: signed_strncpy ===
    input  : /Users/afiaasante/Security-Code-Smells/linux/net/tipc/node.c.xml
    output : /tmp/cwe195_findings_VH2RgO

    query  : FIND $T $FUNC($PARAMS) {} CONTAINS strncpy($A, $B, $C)
    note   : destructor/constructor blocks covered by XPath fallback


real	0m0.066s
user	0m0.055s
sys	0m0.007s


--- Stage 2: XPath destructor/constructor fallback ---
    no unguarded destructor/constructor strncpy found

[ signed_strncpy ] 0 finding(s) written to /tmp/cwe195_findings_VH2RgO
========================================
 Findings JSON
========================================
{
  "detector": "signed_memcpy",
  "severity": "warning",
  "classification": "smell",
  "rule": "signedUnsignedConversion",
  "file": "/Users/afiaasante/Security-Code-Smells/linux/net/tipc/node.c",
  "line": 239,
  "col": 17,
  "varname": "tipc_node_get_id",
  "note": {
    "line": 239,
    "col": 17,
    "message": "memcpy() in tipc_node_get_id() -- signed int passed as byte count with no positivity guard (data > 0)"
  }
}

========================================
 Summary
 Total findings : 1
 Errors         : 0
 Warnings       : 1

 Breakdown by detector:
   signed_memcpy             1
========================================
