========================================
 CWE-190 Integer Overflow Risk Detector
 Source  : /Users/afiaasante/Security-Code-Smells/linux/net/batman-adv/translation-table.c
 Report  : /Users/afiaasante/Security-Code-Smells/results/net_scan/SCS006/batman-adv__translation-table.c/translation-table_report_20260417_173521.txt
 Findings: /Users/afiaasante/Security-Code-Smells/results/net_scan/SCS006/batman-adv__translation-table.c/translation-table_findings_20260417_173521.json
 Date    : Fri Apr 17 17:35:21 EDT 2026
========================================

=== Stage 1: srcml ===

real	0m0.106s
user	0m0.100s
sys	0m0.004s

=== Stage 2: srcslice ===
Writing to :: /Users/afiaasante/Security-Code-Smells/linux/net/batman-adv/translation-table.c.json
Output Saved to :: /Users/afiaasante/Security-Code-Smells/linux/net/batman-adv/translation-table.c.json

real	0m0.304s
user	0m0.200s
sys	0m0.007s

=== Stage 3: srcattributor ===

real	0m11.251s
user	0m10.902s
sys	0m0.096s

=== Detector 1: unchecked_multiply ===
    input  : /Users/afiaasante/Security-Code-Smells/linux/net/batman-adv/translation-table.c.xml
    output : /tmp/cwe190_findings_HPfTzB

    query  : FIND $T $FUNC($PARAMS) {} CONTAINS $TYPE $RESULT = $A * $B
    note   : destructor/constructor blocks covered by XPath fallback


real	0m0.044s
user	0m0.036s
sys	0m0.006s

--- Stage 1: checking srcQL result for MAX guard in <condition> ---
    no taint source -- warning/smell
    finding: /Users/afiaasante/Security-Code-Smells/linux/net/batman-adv/translation-table.c:3330:28 -- batadv_handle_tt_response() multiplies without MAX guard

--- Stage 2: XPath destructor/constructor fallback ---
    no unguarded destructor/constructor multiply found

[ unchecked_multiply ] 1 finding(s) written to /tmp/cwe190_findings_HPfTzB
=== Detector 2: unchecked_add ===
    input  : /Users/afiaasante/Security-Code-Smells/linux/net/batman-adv/translation-table.c.xml
    output : /tmp/cwe190_findings_HPfTzB

    query  : FIND $T $FUNC($PARAMS) {} CONTAINS $TYPE $RESULT = $A + $B
    note   : destructor/constructor blocks covered by XPath fallback


real	0m0.049s
user	0m0.040s
sys	0m0.006s


--- Stage 2: XPath destructor/constructor fallback ---
    no unguarded destructor/constructor addition found

[ unchecked_add ] 0 finding(s) written to /tmp/cwe190_findings_HPfTzB
=== Detector 3: unchecked_increment ===
    input  : /Users/afiaasante/Security-Code-Smells/linux/net/batman-adv/translation-table.c.xml
    output : /tmp/cwe190_findings_HPfTzB

    strategy : XPath on srcML XML -- ancestor-scoped guard check

--- extracting finding via XPath ---
    function : batadv_tt_local_event
    position : 475:16

    no taint source -- warning/smell
    finding: /Users/afiaasante/Security-Code-Smells/linux/net/batman-adv/translation-table.c:475:16 -- batadv_tt_local_event() increments without MAX guard

[ unchecked_increment ] 1 finding(s) written to /tmp/cwe190_findings_HPfTzB
========================================
 Findings JSON
========================================
{
  "detector": "unchecked_multiply",
  "severity": "warning",
  "classification": "smell",
  "rule": "integerOverflow",
  "file": "/Users/afiaasante/Security-Code-Smells/linux/net/batman-adv/translation-table.c",
  "line": 3330,
  "col": 28,
  "varname": "batadv_handle_tt_response",
  "note": {
    "line": 3330,
    "col": 28,
    "message": "multiplication in batadv_handle_tt_response() -- no upper-bound guard (INT_MAX / 2)"
  }
}
{
  "detector": "unchecked_increment",
  "severity": "warning",
  "classification": "smell",
  "rule": "integerOverflow",
  "file": "/Users/afiaasante/Security-Code-Smells/linux/net/batman-adv/translation-table.c",
  "line": 475,
  "col": 16,
  "varname": "batadv_tt_local_event",
  "note": {
    "line": 475,
    "col": 16,
    "message": "increment (++) in batadv_tt_local_event() -- no upper-bound guard (INT_MAX check)"
  }
}

========================================
 Summary
 Total findings : 2
 Errors         : 0
 Warnings       : 2

 Breakdown by detector:
   unchecked_increment       1
   unchecked_multiply        1
========================================
