========================================
 CWE-190 Integer Overflow Risk Detector
 Source  : /Users/afiaasante/Security-Code-Smells/linux/net/ipv6/xfrm6_input.c
 Report  : /Users/afiaasante/Security-Code-Smells/results/net_scan/SCS006/ipv6__xfrm6_input.c/xfrm6_input_report_20260417_174022.txt
 Findings: /Users/afiaasante/Security-Code-Smells/results/net_scan/SCS006/ipv6__xfrm6_input.c/xfrm6_input_findings_20260417_174022.json
 Date    : Fri Apr 17 17:40:22 EDT 2026
========================================

=== Stage 1: srcml ===

real	0m0.031s
user	0m0.019s
sys	0m0.004s

=== Stage 2: srcslice ===
Writing to :: /Users/afiaasante/Security-Code-Smells/linux/net/ipv6/xfrm6_input.c.json
Output Saved to :: /Users/afiaasante/Security-Code-Smells/linux/net/ipv6/xfrm6_input.c.json

real	0m0.188s
user	0m0.049s
sys	0m0.004s

=== Stage 3: srcattributor ===

real	0m0.177s
user	0m0.167s
sys	0m0.005s

=== Detector 1: unchecked_multiply ===
    input  : /Users/afiaasante/Security-Code-Smells/linux/net/ipv6/xfrm6_input.c.xml
    output : /tmp/cwe190_findings_z3wT1s

    query  : FIND $T $FUNC($PARAMS) {} CONTAINS $TYPE $RESULT = $A * $B
    note   : destructor/constructor blocks covered by XPath fallback


real	0m0.015s
user	0m0.010s
sys	0m0.004s


--- Stage 2: XPath destructor/constructor fallback ---
    no unguarded destructor/constructor multiply found

[ unchecked_multiply ] 0 finding(s) written to /tmp/cwe190_findings_z3wT1s
=== Detector 2: unchecked_add ===
    input  : /Users/afiaasante/Security-Code-Smells/linux/net/ipv6/xfrm6_input.c.xml
    output : /tmp/cwe190_findings_z3wT1s

    query  : FIND $T $FUNC($PARAMS) {} CONTAINS $TYPE $RESULT = $A + $B
    note   : destructor/constructor blocks covered by XPath fallback


real	0m0.034s
user	0m0.010s
sys	0m0.004s


--- Stage 2: XPath destructor/constructor fallback ---
    no unguarded destructor/constructor addition found

[ unchecked_add ] 0 finding(s) written to /tmp/cwe190_findings_z3wT1s
=== Detector 3: unchecked_increment ===
    input  : /Users/afiaasante/Security-Code-Smells/linux/net/ipv6/xfrm6_input.c.xml
    output : /tmp/cwe190_findings_z3wT1s

    strategy : XPath on srcML XML -- ancestor-scoped guard check

--- extracting finding via XPath ---
    function : xfrm6_input_addr
    position : 257:29

    no taint source -- warning/smell
    finding: /Users/afiaasante/Security-Code-Smells/linux/net/ipv6/xfrm6_input.c:257:29 -- xfrm6_input_addr() increments without MAX guard

[ unchecked_increment ] 1 finding(s) written to /tmp/cwe190_findings_z3wT1s
========================================
 Findings JSON
========================================
{
  "detector": "unchecked_increment",
  "severity": "warning",
  "classification": "smell",
  "rule": "integerOverflow",
  "file": "/Users/afiaasante/Security-Code-Smells/linux/net/ipv6/xfrm6_input.c",
  "line": 257,
  "col": 29,
  "varname": "xfrm6_input_addr",
  "note": {
    "line": 257,
    "col": 29,
    "message": "increment (++) in xfrm6_input_addr() -- no upper-bound guard (INT_MAX check)"
  }
}

========================================
 Summary
 Total findings : 1
 Errors         : 0
 Warnings       : 1

 Breakdown by detector:
   unchecked_increment       1
========================================
