========================================
 CWE-195 Signed-to-Unsigned Conversion Detector
 Source  : /Users/afiaasante/Security-Code-Smells/linux/net/core/bpf_sk_storage.c
 Report  : /Users/afiaasante/Security-Code-Smells/results/net_scan/SCS007/core__bpf_sk_storage.c/bpf_sk_storage_report_20260417_175426.txt
 Findings: /Users/afiaasante/Security-Code-Smells/results/net_scan/SCS007/core__bpf_sk_storage.c/bpf_sk_storage_findings_20260417_175426.json
 Date    : Fri Apr 17 17:54:26 EDT 2026
========================================

=== Stage 1: srcml ===

real	0m0.076s
user	0m0.055s
sys	0m0.005s

=== Stage 2: srcslice ===
Writing to :: /Users/afiaasante/Security-Code-Smells/linux/net/core/bpf_sk_storage.c.json
Output Saved to :: /Users/afiaasante/Security-Code-Smells/linux/net/core/bpf_sk_storage.c.json

real	0m0.266s
user	0m0.107s
sys	0m0.005s

=== Stage 3: srcattributor ===

real	0m1.422s
user	0m1.190s
sys	0m0.014s

=== Detector 1: signed_malloc ===
    input  : /Users/afiaasante/Security-Code-Smells/linux/net/core/bpf_sk_storage.c.xml
    output : /tmp/cwe195_findings_j6mAzx

    query  : FIND $T $FUNC($PARAMS) {} CONTAINS malloc($A)
    note   : destructor/constructor blocks covered by XPath fallback


real	0m0.025s
user	0m0.019s
sys	0m0.005s


--- Stage 2: XPath destructor/constructor fallback ---
    no unguarded destructor/constructor malloc found

[ signed_malloc ] 0 finding(s) written to /tmp/cwe195_findings_j6mAzx
=== Detector 2: signed_memcpy ===
    input  : /Users/afiaasante/Security-Code-Smells/linux/net/core/bpf_sk_storage.c.xml
    output : /tmp/cwe195_findings_j6mAzx

    query  : FIND $T $FUNC($PARAMS) {} CONTAINS memcpy($A, $B, $C)

real	0m0.025s
user	0m0.019s
sys	0m0.004s

    query  : FIND $T $FUNC($PARAMS) {} CONTAINS memmove($A, $B, $C)

real	0m0.027s
user	0m0.018s
sys	0m0.004s


--- Stage 2: XPath destructor/constructor fallback ---
    no unguarded destructor/constructor memcpy/memmove found

[ signed_memcpy ] 0 finding(s) written to /tmp/cwe195_findings_j6mAzx
=== Detector 3: signed_strncpy ===
    input  : /Users/afiaasante/Security-Code-Smells/linux/net/core/bpf_sk_storage.c.xml
    output : /tmp/cwe195_findings_j6mAzx

    query  : FIND $T $FUNC($PARAMS) {} CONTAINS strncpy($A, $B, $C)
    note   : destructor/constructor blocks covered by XPath fallback


real	0m0.030s
user	0m0.019s
sys	0m0.005s


--- Stage 2: XPath destructor/constructor fallback ---
    no unguarded destructor/constructor strncpy found

[ signed_strncpy ] 0 finding(s) written to /tmp/cwe195_findings_j6mAzx
========================================
 Findings JSON
========================================

========================================
 Summary
 Total findings : 0
 Errors         : 0
 Warnings       : 0
========================================
