========================================
 CWE-190 Integer Overflow Risk Detector
 Source  : /Users/afiaasante/Security-Code-Smells/linux/net/ieee802154/sysfs.c
 Report  : /Users/afiaasante/Security-Code-Smells/results/net_scan/SCS006/ieee802154__sysfs.c/sysfs_report_20260417_173822.txt
 Findings: /Users/afiaasante/Security-Code-Smells/results/net_scan/SCS006/ieee802154__sysfs.c/sysfs_findings_20260417_173822.json
 Date    : Fri Apr 17 17:38:22 EDT 2026
========================================

=== Stage 1: srcml ===

real	0m0.012s
user	0m0.007s
sys	0m0.003s

=== Stage 2: srcslice ===
Writing to :: /Users/afiaasante/Security-Code-Smells/linux/net/ieee802154/sysfs.c.json
Output Saved to :: /Users/afiaasante/Security-Code-Smells/linux/net/ieee802154/sysfs.c.json

real	0m0.185s
user	0m0.022s
sys	0m0.004s

=== Stage 3: srcattributor ===

real	0m0.020s
user	0m0.015s
sys	0m0.003s

=== Detector 1: unchecked_multiply ===
    input  : /Users/afiaasante/Security-Code-Smells/linux/net/ieee802154/sysfs.c.xml
    output : /tmp/cwe190_findings_iPQIYl

    query  : FIND $T $FUNC($PARAMS) {} CONTAINS $TYPE $RESULT = $A * $B
    note   : destructor/constructor blocks covered by XPath fallback


real	0m0.010s
user	0m0.006s
sys	0m0.003s


--- Stage 2: XPath destructor/constructor fallback ---
    no unguarded destructor/constructor multiply found

[ unchecked_multiply ] 0 finding(s) written to /tmp/cwe190_findings_iPQIYl
=== Detector 2: unchecked_add ===
    input  : /Users/afiaasante/Security-Code-Smells/linux/net/ieee802154/sysfs.c.xml
    output : /tmp/cwe190_findings_iPQIYl

    query  : FIND $T $FUNC($PARAMS) {} CONTAINS $TYPE $RESULT = $A + $B
    note   : destructor/constructor blocks covered by XPath fallback


real	0m0.014s
user	0m0.007s
sys	0m0.004s


--- Stage 2: XPath destructor/constructor fallback ---
    no unguarded destructor/constructor addition found

[ unchecked_add ] 0 finding(s) written to /tmp/cwe190_findings_iPQIYl
=== Detector 3: unchecked_increment ===
    input  : /Users/afiaasante/Security-Code-Smells/linux/net/ieee802154/sysfs.c.xml
    output : /tmp/cwe190_findings_iPQIYl

    strategy : XPath on srcML XML -- ancestor-scoped guard check

[ unchecked_increment ] No smell detected.
========================================
 Findings JSON
========================================

========================================
 Summary
 Total findings : 0
 Errors         : 0
 Warnings       : 0
========================================
