========================================
 CWE-195 Signed-to-Unsigned Conversion Detector
 Source  : /Users/afiaasante/Security-Code-Smells/linux/net/ipv4/netfilter/nf_nat_snmp_basic_main.c
 Report  : /Users/afiaasante/Security-Code-Smells/results/net_scan/SCS007/ipv4__netfilter__nf_nat_snmp_basic_main.c/nf_nat_snmp_basic_main_report_20260417_175804.txt
 Findings: /Users/afiaasante/Security-Code-Smells/results/net_scan/SCS007/ipv4__netfilter__nf_nat_snmp_basic_main.c/nf_nat_snmp_basic_main_findings_20260417_175804.json
 Date    : Fri Apr 17 17:58:04 EDT 2026
========================================

=== Stage 1: srcml ===

real	0m0.030s
user	0m0.020s
sys	0m0.005s

=== Stage 2: srcslice ===
Writing to :: /Users/afiaasante/Security-Code-Smells/linux/net/ipv4/netfilter/nf_nat_snmp_basic_main.c.json
Output Saved to :: /Users/afiaasante/Security-Code-Smells/linux/net/ipv4/netfilter/nf_nat_snmp_basic_main.c.json

real	0m0.198s
user	0m0.048s
sys	0m0.004s

=== Stage 3: srcattributor ===

real	0m0.106s
user	0m0.095s
sys	0m0.004s

=== Detector 1: signed_malloc ===
    input  : /Users/afiaasante/Security-Code-Smells/linux/net/ipv4/netfilter/nf_nat_snmp_basic_main.c.xml
    output : /tmp/cwe195_findings_yCqEdM

    query  : FIND $T $FUNC($PARAMS) {} CONTAINS malloc($A)
    note   : destructor/constructor blocks covered by XPath fallback


real	0m0.024s
user	0m0.011s
sys	0m0.005s


--- Stage 2: XPath destructor/constructor fallback ---
    no unguarded destructor/constructor malloc found

[ signed_malloc ] 0 finding(s) written to /tmp/cwe195_findings_yCqEdM
=== Detector 2: signed_memcpy ===
    input  : /Users/afiaasante/Security-Code-Smells/linux/net/ipv4/netfilter/nf_nat_snmp_basic_main.c.xml
    output : /tmp/cwe195_findings_yCqEdM

    query  : FIND $T $FUNC($PARAMS) {} CONTAINS memcpy($A, $B, $C)

real	0m0.019s
user	0m0.011s
sys	0m0.004s

--- Stage 1 (memcpy): checking srcQL result for positivity guard in <condition> ---
    no taint source -- warning/smell
    finding: /Users/afiaasante/Security-Code-Smells/linux/net/ipv4/netfilter/nf_nat_snmp_basic_main.c:73:17 -- fast_csum() memcpy without positivity guard
    query  : FIND $T $FUNC($PARAMS) {} CONTAINS memmove($A, $B, $C)

real	0m0.018s
user	0m0.011s
sys	0m0.005s


--- Stage 2: XPath destructor/constructor fallback ---

[ signed_memcpy ] 1 finding(s) written to /tmp/cwe195_findings_yCqEdM
=== Detector 3: signed_strncpy ===
    input  : /Users/afiaasante/Security-Code-Smells/linux/net/ipv4/netfilter/nf_nat_snmp_basic_main.c.xml
    output : /tmp/cwe195_findings_yCqEdM

    query  : FIND $T $FUNC($PARAMS) {} CONTAINS strncpy($A, $B, $C)
    note   : destructor/constructor blocks covered by XPath fallback


real	0m0.018s
user	0m0.011s
sys	0m0.005s


--- Stage 2: XPath destructor/constructor fallback ---
    no unguarded destructor/constructor strncpy found

[ signed_strncpy ] 0 finding(s) written to /tmp/cwe195_findings_yCqEdM
========================================
 Findings JSON
========================================
{
  "detector": "signed_memcpy",
  "severity": "warning",
  "classification": "smell",
  "rule": "signedUnsignedConversion",
  "file": "/Users/afiaasante/Security-Code-Smells/linux/net/ipv4/netfilter/nf_nat_snmp_basic_main.c",
  "line": 73,
  "col": 17,
  "varname": "fast_csum",
  "note": {
    "line": 73,
    "col": 17,
    "message": "memcpy() in fast_csum() -- signed int passed as byte count with no positivity guard (data > 0)"
  }
}

========================================
 Summary
 Total findings : 1
 Errors         : 0
 Warnings       : 1

 Breakdown by detector:
   signed_memcpy             1
========================================
