========================================
 CWE-190 Integer Overflow Risk Detector
 Source  : /Users/afiaasante/Security-Code-Smells/linux/net/nfc/nci/core.c
 Report  : /Users/afiaasante/Security-Code-Smells/results/net_scan/SCS006/nfc__nci__core.c/core_report_20260417_174318.txt
 Findings: /Users/afiaasante/Security-Code-Smells/results/net_scan/SCS006/nfc__nci__core.c/core_findings_20260417_174318.json
 Date    : Fri Apr 17 17:43:18 EDT 2026
========================================

=== Stage 1: srcml ===

real	0m0.095s
user	0m0.086s
sys	0m0.005s

=== Stage 2: srcslice ===
Writing to :: /Users/afiaasante/Security-Code-Smells/linux/net/nfc/nci/core.c.json
Output Saved to :: /Users/afiaasante/Security-Code-Smells/linux/net/nfc/nci/core.c.json

real	0m0.307s
user	0m0.171s
sys	0m0.007s

=== Stage 3: srcattributor ===

real	0m4.826s
user	0m4.645s
sys	0m0.058s

=== Detector 1: unchecked_multiply ===
    input  : /Users/afiaasante/Security-Code-Smells/linux/net/nfc/nci/core.c.xml
    output : /tmp/cwe190_findings_qjIFw9

    query  : FIND $T $FUNC($PARAMS) {} CONTAINS $TYPE $RESULT = $A * $B
    note   : destructor/constructor blocks covered by XPath fallback


real	0m0.035s
user	0m0.028s
sys	0m0.005s

--- Stage 1: checking srcQL result for MAX guard in <condition> ---
    no taint source -- warning/smell
    finding: /Users/afiaasante/Security-Code-Smells/linux/net/nfc/nci/core.c:411:48 -- nci_nfcc_loopback_cb() multiplies without MAX guard

--- Stage 2: XPath destructor/constructor fallback ---
    no unguarded destructor/constructor multiply found

[ unchecked_multiply ] 1 finding(s) written to /tmp/cwe190_findings_qjIFw9
=== Detector 2: unchecked_add ===
    input  : /Users/afiaasante/Security-Code-Smells/linux/net/nfc/nci/core.c.xml
    output : /tmp/cwe190_findings_qjIFw9

    query  : FIND $T $FUNC($PARAMS) {} CONTAINS $TYPE $RESULT = $A + $B
    note   : destructor/constructor blocks covered by XPath fallback


real	0m0.036s
user	0m0.028s
sys	0m0.006s


--- Stage 2: XPath destructor/constructor fallback ---
    no unguarded destructor/constructor addition found

[ unchecked_add ] 0 finding(s) written to /tmp/cwe190_findings_qjIFw9
=== Detector 3: unchecked_increment ===
    input  : /Users/afiaasante/Security-Code-Smells/linux/net/nfc/nci/core.c.xml
    output : /tmp/cwe190_findings_qjIFw9

    strategy : XPath on srcML XML -- ancestor-scoped guard check

--- extracting finding via XPath ---
    function : nci_init_complete_req
    position : 191:61

    no taint source -- warning/smell
    finding: /Users/afiaasante/Security-Code-Smells/linux/net/nfc/nci/core.c:191:61 -- nci_init_complete_req() increments without MAX guard

[ unchecked_increment ] 1 finding(s) written to /tmp/cwe190_findings_qjIFw9
========================================
 Findings JSON
========================================
{
  "detector": "unchecked_multiply",
  "severity": "warning",
  "classification": "smell",
  "rule": "integerOverflow",
  "file": "/Users/afiaasante/Security-Code-Smells/linux/net/nfc/nci/core.c",
  "line": 411,
  "col": 48,
  "varname": "nci_nfcc_loopback_cb",
  "note": {
    "line": 411,
    "col": 48,
    "message": "multiplication in nci_nfcc_loopback_cb() -- no upper-bound guard (INT_MAX / 2)"
  }
}
{
  "detector": "unchecked_increment",
  "severity": "warning",
  "classification": "smell",
  "rule": "integerOverflow",
  "file": "/Users/afiaasante/Security-Code-Smells/linux/net/nfc/nci/core.c",
  "line": 191,
  "col": 61,
  "varname": "nci_init_complete_req",
  "note": {
    "line": 191,
    "col": 61,
    "message": "increment (++) in nci_init_complete_req() -- no upper-bound guard (INT_MAX check)"
  }
}

========================================
 Summary
 Total findings : 2
 Errors         : 0
 Warnings       : 2

 Breakdown by detector:
   unchecked_increment       1
   unchecked_multiply        1
========================================
