========================================
 CWE-195 Signed-to-Unsigned Conversion Detector
 Source  : /Users/afiaasante/Security-Code-Smells/linux/net/ipv4/devinet.c
 Report  : /Users/afiaasante/Security-Code-Smells/results/net_scan/SCS007/ipv4__devinet.c/devinet_report_20260417_175719.txt
 Findings: /Users/afiaasante/Security-Code-Smells/results/net_scan/SCS007/ipv4__devinet.c/devinet_findings_20260417_175719.json
 Date    : Fri Apr 17 17:57:19 EDT 2026
========================================

=== Stage 1: srcml ===

real	0m0.186s
user	0m0.171s
sys	0m0.007s

=== Stage 2: srcslice ===
Writing to :: /Users/afiaasante/Security-Code-Smells/linux/net/ipv4/devinet.c.json
Output Saved to :: /Users/afiaasante/Security-Code-Smells/linux/net/ipv4/devinet.c.json

real	0m0.441s
user	0m0.339s
sys	0m0.009s

=== Stage 3: srcattributor ===

real	0m18.021s
user	0m15.999s
sys	0m0.202s

=== Detector 1: signed_malloc ===
    input  : /Users/afiaasante/Security-Code-Smells/linux/net/ipv4/devinet.c.xml
    output : /tmp/cwe195_findings_bNY2C1

    query  : FIND $T $FUNC($PARAMS) {} CONTAINS malloc($A)
    note   : destructor/constructor blocks covered by XPath fallback


real	0m0.072s
user	0m0.054s
sys	0m0.008s


--- Stage 2: XPath destructor/constructor fallback ---
    no unguarded destructor/constructor malloc found

[ signed_malloc ] 0 finding(s) written to /tmp/cwe195_findings_bNY2C1
=== Detector 2: signed_memcpy ===
    input  : /Users/afiaasante/Security-Code-Smells/linux/net/ipv4/devinet.c.xml
    output : /tmp/cwe195_findings_bNY2C1

    query  : FIND $T $FUNC($PARAMS) {} CONTAINS memcpy($A, $B, $C)

real	0m0.073s
user	0m0.056s
sys	0m0.008s

--- Stage 1 (memcpy): checking srcQL result for positivity guard in <condition> ---
    no taint source -- warning/smell
    finding: /Users/afiaasante/Security-Code-Smells/linux/net/ipv4/devinet.c:276:9 -- inetdev_init() memcpy without positivity guard
    query  : FIND $T $FUNC($PARAMS) {} CONTAINS memmove($A, $B, $C)

real	0m0.066s
user	0m0.052s
sys	0m0.008s


--- Stage 2: XPath destructor/constructor fallback ---

[ signed_memcpy ] 1 finding(s) written to /tmp/cwe195_findings_bNY2C1
=== Detector 3: signed_strncpy ===
    input  : /Users/afiaasante/Security-Code-Smells/linux/net/ipv4/devinet.c.xml
    output : /tmp/cwe195_findings_bNY2C1

    query  : FIND $T $FUNC($PARAMS) {} CONTAINS strncpy($A, $B, $C)
    note   : destructor/constructor blocks covered by XPath fallback


real	0m0.069s
user	0m0.053s
sys	0m0.007s


--- Stage 2: XPath destructor/constructor fallback ---
    no unguarded destructor/constructor strncpy found

[ signed_strncpy ] 0 finding(s) written to /tmp/cwe195_findings_bNY2C1
========================================
 Findings JSON
========================================
{
  "detector": "signed_memcpy",
  "severity": "warning",
  "classification": "smell",
  "rule": "signedUnsignedConversion",
  "file": "/Users/afiaasante/Security-Code-Smells/linux/net/ipv4/devinet.c",
  "line": 276,
  "col": 9,
  "varname": "inetdev_init",
  "note": {
    "line": 276,
    "col": 9,
    "message": "memcpy() in inetdev_init() -- signed int passed as byte count with no positivity guard (data > 0)"
  }
}

========================================
 Summary
 Total findings : 1
 Errors         : 0
 Warnings       : 1

 Breakdown by detector:
   signed_memcpy             1
========================================
