========================================
 CWE-190 Integer Overflow Risk Detector
 Source  : /Users/afiaasante/Security-Code-Smells/linux/net/hsr/hsr_framereg.c
 Report  : /Users/afiaasante/Security-Code-Smells/results/net_scan/SCS006/hsr__hsr_framereg.c/hsr_framereg_report_20260417_173818.txt
 Findings: /Users/afiaasante/Security-Code-Smells/results/net_scan/SCS006/hsr__hsr_framereg.c/hsr_framereg_findings_20260417_173818.json
 Date    : Fri Apr 17 17:38:18 EDT 2026
========================================

=== Stage 1: srcml ===

real	0m0.041s
user	0m0.036s
sys	0m0.003s

=== Stage 2: srcslice ===
Writing to :: /Users/afiaasante/Security-Code-Smells/linux/net/hsr/hsr_framereg.c.json
Output Saved to :: /Users/afiaasante/Security-Code-Smells/linux/net/hsr/hsr_framereg.c.json

real	0m0.184s
user	0m0.074s
sys	0m0.004s

=== Stage 3: srcattributor ===

real	0m0.904s
user	0m0.870s
sys	0m0.010s

=== Detector 1: unchecked_multiply ===
    input  : /Users/afiaasante/Security-Code-Smells/linux/net/hsr/hsr_framereg.c.xml
    output : /tmp/cwe190_findings_kUqENR

    query  : FIND $T $FUNC($PARAMS) {} CONTAINS $TYPE $RESULT = $A * $B
    note   : destructor/constructor blocks covered by XPath fallback


real	0m0.019s
user	0m0.013s
sys	0m0.004s


--- Stage 2: XPath destructor/constructor fallback ---
    no unguarded destructor/constructor multiply found

[ unchecked_multiply ] 0 finding(s) written to /tmp/cwe190_findings_kUqENR
=== Detector 2: unchecked_add ===
    input  : /Users/afiaasante/Security-Code-Smells/linux/net/hsr/hsr_framereg.c.xml
    output : /tmp/cwe190_findings_kUqENR

    query  : FIND $T $FUNC($PARAMS) {} CONTAINS $TYPE $RESULT = $A + $B
    note   : destructor/constructor blocks covered by XPath fallback


real	0m0.020s
user	0m0.014s
sys	0m0.004s


--- Stage 2: XPath destructor/constructor fallback ---
    no unguarded destructor/constructor addition found

[ unchecked_add ] 0 finding(s) written to /tmp/cwe190_findings_kUqENR
=== Detector 3: unchecked_increment ===
    input  : /Users/afiaasante/Security-Code-Smells/linux/net/hsr/hsr_framereg.c.xml
    output : /tmp/cwe190_findings_kUqENR

    strategy : XPath on srcML XML -- ancestor-scoped guard check

--- extracting finding via XPath ---
    function : hsr_add_node
    position : 219:40

    no taint source -- warning/smell
    finding: /Users/afiaasante/Security-Code-Smells/linux/net/hsr/hsr_framereg.c:219:40 -- hsr_add_node() increments without MAX guard

[ unchecked_increment ] 1 finding(s) written to /tmp/cwe190_findings_kUqENR
========================================
 Findings JSON
========================================
{
  "detector": "unchecked_increment",
  "severity": "warning",
  "classification": "smell",
  "rule": "integerOverflow",
  "file": "/Users/afiaasante/Security-Code-Smells/linux/net/hsr/hsr_framereg.c",
  "line": 219,
  "col": 40,
  "varname": "hsr_add_node",
  "note": {
    "line": 219,
    "col": 40,
    "message": "increment (++) in hsr_add_node() -- no upper-bound guard (INT_MAX check)"
  }
}

========================================
 Summary
 Total findings : 1
 Errors         : 0
 Warnings       : 1

 Breakdown by detector:
   unchecked_increment       1
========================================
