========================================
 CWE-195 Signed-to-Unsigned Conversion Detector
 Source  : /Users/afiaasante/Security-Code-Smells/linux/net/netlink/af_netlink.c
 Report  : /Users/afiaasante/Security-Code-Smells/results/net_scan/SCS007/netlink__af_netlink.c/af_netlink_report_20260417_180331.txt
 Findings: /Users/afiaasante/Security-Code-Smells/results/net_scan/SCS007/netlink__af_netlink.c/af_netlink_findings_20260417_180331.json
 Date    : Fri Apr 17 18:03:31 EDT 2026
========================================

=== Stage 1: srcml ===

real	0m0.205s
user	0m0.182s
sys	0m0.008s

=== Stage 2: srcslice ===
Writing to :: /Users/afiaasante/Security-Code-Smells/linux/net/netlink/af_netlink.c.json
Output Saved to :: /Users/afiaasante/Security-Code-Smells/linux/net/netlink/af_netlink.c.json

real	0m0.439s
user	0m0.337s
sys	0m0.010s

=== Stage 3: srcattributor ===

real	0m19.533s
user	0m17.707s
sys	0m0.205s

=== Detector 1: signed_malloc ===
    input  : /Users/afiaasante/Security-Code-Smells/linux/net/netlink/af_netlink.c.xml
    output : /tmp/cwe195_findings_Hq3iYi

    query  : FIND $T $FUNC($PARAMS) {} CONTAINS malloc($A)
    note   : destructor/constructor blocks covered by XPath fallback


real	0m0.066s
user	0m0.052s
sys	0m0.007s


--- Stage 2: XPath destructor/constructor fallback ---
    no unguarded destructor/constructor malloc found

[ signed_malloc ] 0 finding(s) written to /tmp/cwe195_findings_Hq3iYi
=== Detector 2: signed_memcpy ===
    input  : /Users/afiaasante/Security-Code-Smells/linux/net/netlink/af_netlink.c.xml
    output : /tmp/cwe195_findings_Hq3iYi

    query  : FIND $T $FUNC($PARAMS) {} CONTAINS memcpy($A, $B, $C)

real	0m0.067s
user	0m0.055s
sys	0m0.007s

--- Stage 1 (memcpy): checking srcQL result for positivity guard in <condition> ---
    no taint source -- warning/smell
    finding: /Users/afiaasante/Security-Code-Smells/linux/net/netlink/af_netlink.c:2095:17 -- __netlink_change_ngroups() memcpy without positivity guard
    query  : FIND $T $FUNC($PARAMS) {} CONTAINS memmove($A, $B, $C)

real	0m0.060s
user	0m0.050s
sys	0m0.007s


--- Stage 2: XPath destructor/constructor fallback ---

[ signed_memcpy ] 1 finding(s) written to /tmp/cwe195_findings_Hq3iYi
=== Detector 3: signed_strncpy ===
    input  : /Users/afiaasante/Security-Code-Smells/linux/net/netlink/af_netlink.c.xml
    output : /tmp/cwe195_findings_Hq3iYi

    query  : FIND $T $FUNC($PARAMS) {} CONTAINS strncpy($A, $B, $C)
    note   : destructor/constructor blocks covered by XPath fallback


real	0m0.067s
user	0m0.053s
sys	0m0.007s


--- Stage 2: XPath destructor/constructor fallback ---
    no unguarded destructor/constructor strncpy found

[ signed_strncpy ] 0 finding(s) written to /tmp/cwe195_findings_Hq3iYi
========================================
 Findings JSON
========================================
{
  "detector": "signed_memcpy",
  "severity": "warning",
  "classification": "smell",
  "rule": "signedUnsignedConversion",
  "file": "/Users/afiaasante/Security-Code-Smells/linux/net/netlink/af_netlink.c",
  "line": 2095,
  "col": 17,
  "varname": "__netlink_change_ngroups",
  "note": {
    "line": 2095,
    "col": 17,
    "message": "memcpy() in __netlink_change_ngroups() -- signed int passed as byte count with no positivity guard (data > 0)"
  }
}

========================================
 Summary
 Total findings : 1
 Errors         : 0
 Warnings       : 1

 Breakdown by detector:
   signed_memcpy             1
========================================
