========================================
 CWE-190 Integer Overflow Risk Detector
 Source  : /Users/afiaasante/Security-Code-Smells/linux/net/ipv6/netfilter/nf_conntrack_reasm.c
 Report  : /Users/afiaasante/Security-Code-Smells/results/net_scan/SCS006/ipv6__netfilter__nf_conntrack_reasm.c/nf_conntrack_reasm_report_20260417_174011.txt
 Findings: /Users/afiaasante/Security-Code-Smells/results/net_scan/SCS006/ipv6__netfilter__nf_conntrack_reasm.c/nf_conntrack_reasm_findings_20260417_174011.json
 Date    : Fri Apr 17 17:40:11 EDT 2026
========================================

=== Stage 1: srcml ===

real	0m0.045s
user	0m0.033s
sys	0m0.006s

=== Stage 2: srcslice ===
Writing to :: /Users/afiaasante/Security-Code-Smells/linux/net/ipv6/netfilter/nf_conntrack_reasm.c.json
Output Saved to :: /Users/afiaasante/Security-Code-Smells/linux/net/ipv6/netfilter/nf_conntrack_reasm.c.json

real	0m0.199s
user	0m0.066s
sys	0m0.005s

=== Stage 3: srcattributor ===

real	0m0.551s
user	0m0.461s
sys	0m0.010s

=== Detector 1: unchecked_multiply ===
    input  : /Users/afiaasante/Security-Code-Smells/linux/net/ipv6/netfilter/nf_conntrack_reasm.c.xml
    output : /tmp/cwe190_findings_aYeuNg

    query  : FIND $T $FUNC($PARAMS) {} CONTAINS $TYPE $RESULT = $A * $B
    note   : destructor/constructor blocks covered by XPath fallback


real	0m0.019s
user	0m0.013s
sys	0m0.005s


--- Stage 2: XPath destructor/constructor fallback ---
    no unguarded destructor/constructor multiply found

[ unchecked_multiply ] 0 finding(s) written to /tmp/cwe190_findings_aYeuNg
=== Detector 2: unchecked_add ===
    input  : /Users/afiaasante/Security-Code-Smells/linux/net/ipv6/netfilter/nf_conntrack_reasm.c.xml
    output : /tmp/cwe190_findings_aYeuNg

    query  : FIND $T $FUNC($PARAMS) {} CONTAINS $TYPE $RESULT = $A + $B
    note   : destructor/constructor blocks covered by XPath fallback


real	0m0.020s
user	0m0.013s
sys	0m0.005s

--- Stage 1: checking srcQL result for MAX guard in <condition> ---
    no taint source -- warning/smell
    finding: /Users/afiaasante/Security-Code-Smells/linux/net/ipv6/netfilter/nf_conntrack_reasm.c:400:32 -- find_prev_fhdr() adds without MAX guard

--- Stage 2: XPath destructor/constructor fallback ---
    no unguarded destructor/constructor addition found

[ unchecked_add ] 1 finding(s) written to /tmp/cwe190_findings_aYeuNg
=== Detector 3: unchecked_increment ===
    input  : /Users/afiaasante/Security-Code-Smells/linux/net/ipv6/netfilter/nf_conntrack_reasm.c.xml
    output : /tmp/cwe190_findings_aYeuNg

    strategy : XPath on srcML XML -- ancestor-scoped guard check

[ unchecked_increment ] No smell detected.
========================================
 Findings JSON
========================================
{
  "detector": "unchecked_add",
  "severity": "warning",
  "classification": "smell",
  "rule": "integerOverflow",
  "file": "/Users/afiaasante/Security-Code-Smells/linux/net/ipv6/netfilter/nf_conntrack_reasm.c",
  "line": 400,
  "col": 32,
  "varname": "find_prev_fhdr",
  "note": {
    "line": 400,
    "col": 32,
    "message": "addition in find_prev_fhdr() -- no upper-bound guard before adding"
  }
}

========================================
 Summary
 Total findings : 1
 Errors         : 0
 Warnings       : 1

 Breakdown by detector:
   unchecked_add             1
========================================
