========================================
 CWE-190 Integer Overflow Risk Detector
 Source  : /Users/afiaasante/Security-Code-Smells/linux/net/rds/ib_recv.c
 Report  : /Users/afiaasante/Security-Code-Smells/results/net_scan/SCS006/rds__ib_recv.c/ib_recv_report_20260417_174342.txt
 Findings: /Users/afiaasante/Security-Code-Smells/results/net_scan/SCS006/rds__ib_recv.c/ib_recv_findings_20260417_174342.json
 Date    : Fri Apr 17 17:43:42 EDT 2026
========================================

=== Stage 1: srcml ===

real	0m0.061s
user	0m0.054s
sys	0m0.005s

=== Stage 2: srcslice ===
Writing to :: /Users/afiaasante/Security-Code-Smells/linux/net/rds/ib_recv.c.json
Output Saved to :: /Users/afiaasante/Security-Code-Smells/linux/net/rds/ib_recv.c.json

real	0m0.244s
user	0m0.113s
sys	0m0.006s

=== Stage 3: srcattributor ===

real	0m1.625s
user	0m1.585s
sys	0m0.017s

=== Detector 1: unchecked_multiply ===
    input  : /Users/afiaasante/Security-Code-Smells/linux/net/rds/ib_recv.c.xml
    output : /tmp/cwe190_findings_HbHKOC

    query  : FIND $T $FUNC($PARAMS) {} CONTAINS $TYPE $RESULT = $A * $B
    note   : destructor/constructor blocks covered by XPath fallback


real	0m0.024s
user	0m0.018s
sys	0m0.005s


--- Stage 2: XPath destructor/constructor fallback ---
    no unguarded destructor/constructor multiply found

[ unchecked_multiply ] 0 finding(s) written to /tmp/cwe190_findings_HbHKOC
=== Detector 2: unchecked_add ===
    input  : /Users/afiaasante/Security-Code-Smells/linux/net/rds/ib_recv.c.xml
    output : /tmp/cwe190_findings_HbHKOC

    query  : FIND $T $FUNC($PARAMS) {} CONTAINS $TYPE $RESULT = $A + $B
    note   : destructor/constructor blocks covered by XPath fallback


real	0m0.029s
user	0m0.019s
sys	0m0.005s


--- Stage 2: XPath destructor/constructor fallback ---
    no unguarded destructor/constructor addition found

[ unchecked_add ] 0 finding(s) written to /tmp/cwe190_findings_HbHKOC
=== Detector 3: unchecked_increment ===
    input  : /Users/afiaasante/Security-Code-Smells/linux/net/rds/ib_recv.c.xml
    output : /tmp/cwe190_findings_HbHKOC

    strategy : XPath on srcML XML -- ancestor-scoped guard check

--- extracting finding via XPath ---
    function : rds_ib_recv_init_ring
    position : 53:68

    no taint source -- warning/smell
    finding: /Users/afiaasante/Security-Code-Smells/linux/net/rds/ib_recv.c:53:68 -- rds_ib_recv_init_ring() increments without MAX guard

[ unchecked_increment ] 1 finding(s) written to /tmp/cwe190_findings_HbHKOC
========================================
 Findings JSON
========================================
{
  "detector": "unchecked_increment",
  "severity": "warning",
  "classification": "smell",
  "rule": "integerOverflow",
  "file": "/Users/afiaasante/Security-Code-Smells/linux/net/rds/ib_recv.c",
  "line": 53,
  "col": 68,
  "varname": "rds_ib_recv_init_ring",
  "note": {
    "line": 53,
    "col": 68,
    "message": "increment (++) in rds_ib_recv_init_ring() -- no upper-bound guard (INT_MAX check)"
  }
}

========================================
 Summary
 Total findings : 1
 Errors         : 0
 Warnings       : 1

 Breakdown by detector:
   unchecked_increment       1
========================================
