========================================
 CWE-190 Integer Overflow Risk Detector
 Source  : /Users/afiaasante/Security-Code-Smells/linux/net/ipv4/ipcomp.c
 Report  : /Users/afiaasante/Security-Code-Smells/results/net_scan/SCS006/ipv4__ipcomp.c/ipcomp_report_20260417_173848.txt
 Findings: /Users/afiaasante/Security-Code-Smells/results/net_scan/SCS006/ipv4__ipcomp.c/ipcomp_findings_20260417_173848.json
 Date    : Fri Apr 17 17:38:48 EDT 2026
========================================

=== Stage 1: srcml ===

real	0m0.021s
user	0m0.012s
sys	0m0.004s

=== Stage 2: srcslice ===
Writing to :: /Users/afiaasante/Security-Code-Smells/linux/net/ipv4/ipcomp.c.json
Output Saved to :: /Users/afiaasante/Security-Code-Smells/linux/net/ipv4/ipcomp.c.json

real	0m0.184s
user	0m0.035s
sys	0m0.003s

=== Stage 3: srcattributor ===

real	0m0.051s
user	0m0.046s
sys	0m0.004s

=== Detector 1: unchecked_multiply ===
    input  : /Users/afiaasante/Security-Code-Smells/linux/net/ipv4/ipcomp.c.xml
    output : /tmp/cwe190_findings_2n7WrX

    query  : FIND $T $FUNC($PARAMS) {} CONTAINS $TYPE $RESULT = $A * $B
    note   : destructor/constructor blocks covered by XPath fallback


real	0m0.013s
user	0m0.008s
sys	0m0.004s

--- Stage 1: checking srcQL result for MAX guard in <condition> ---
    no taint source -- warning/smell
    finding: /Users/afiaasante/Security-Code-Smells/linux/net/ipv4/ipcomp.c:26:55 -- ipcomp4_err() multiplies without MAX guard

--- Stage 2: XPath destructor/constructor fallback ---
    no unguarded destructor/constructor multiply found

[ unchecked_multiply ] 1 finding(s) written to /tmp/cwe190_findings_2n7WrX
=== Detector 2: unchecked_add ===
    input  : /Users/afiaasante/Security-Code-Smells/linux/net/ipv4/ipcomp.c.xml
    output : /tmp/cwe190_findings_2n7WrX

    query  : FIND $T $FUNC($PARAMS) {} CONTAINS $TYPE $RESULT = $A + $B
    note   : destructor/constructor blocks covered by XPath fallback


real	0m0.015s
user	0m0.009s
sys	0m0.004s

--- Stage 1: checking srcQL result for MAX guard in <condition> ---
    no taint source -- warning/smell
    finding: /Users/afiaasante/Security-Code-Smells/linux/net/ipv4/ipcomp.c:27:68 -- ipcomp4_err() adds without MAX guard

--- Stage 2: XPath destructor/constructor fallback ---
    no unguarded destructor/constructor addition found

[ unchecked_add ] 1 finding(s) written to /tmp/cwe190_findings_2n7WrX
=== Detector 3: unchecked_increment ===
    input  : /Users/afiaasante/Security-Code-Smells/linux/net/ipv4/ipcomp.c.xml
    output : /tmp/cwe190_findings_2n7WrX

    strategy : XPath on srcML XML -- ancestor-scoped guard check

[ unchecked_increment ] No smell detected.
========================================
 Findings JSON
========================================
{
  "detector": "unchecked_multiply",
  "severity": "warning",
  "classification": "smell",
  "rule": "integerOverflow",
  "file": "/Users/afiaasante/Security-Code-Smells/linux/net/ipv4/ipcomp.c",
  "line": 26,
  "col": 55,
  "varname": "ipcomp4_err",
  "note": {
    "line": 26,
    "col": 55,
    "message": "multiplication in ipcomp4_err() -- no upper-bound guard (INT_MAX / 2)"
  }
}
{
  "detector": "unchecked_add",
  "severity": "warning",
  "classification": "smell",
  "rule": "integerOverflow",
  "file": "/Users/afiaasante/Security-Code-Smells/linux/net/ipv4/ipcomp.c",
  "line": 27,
  "col": 68,
  "varname": "ipcomp4_err",
  "note": {
    "line": 27,
    "col": 68,
    "message": "addition in ipcomp4_err() -- no upper-bound guard before adding"
  }
}

========================================
 Summary
 Total findings : 2
 Errors         : 0
 Warnings       : 2

 Breakdown by detector:
   unchecked_add             1
   unchecked_multiply        1
========================================
