========================================
 CWE-190 Integer Overflow Risk Detector
 Source  : /Users/afiaasante/Security-Code-Smells/linux/net/netfilter/nf_dup_netdev.c
 Report  : /Users/afiaasante/Security-Code-Smells/results/net_scan/SCS006/netfilter__nf_dup_netdev.c/nf_dup_netdev_report_20260417_174234.txt
 Findings: /Users/afiaasante/Security-Code-Smells/results/net_scan/SCS006/netfilter__nf_dup_netdev.c/nf_dup_netdev_findings_20260417_174234.json
 Date    : Fri Apr 17 17:42:34 EDT 2026
========================================

=== Stage 1: srcml ===

real	0m0.015s
user	0m0.010s
sys	0m0.004s

=== Stage 2: srcslice ===
Writing to :: /Users/afiaasante/Security-Code-Smells/linux/net/netfilter/nf_dup_netdev.c.json
Output Saved to :: /Users/afiaasante/Security-Code-Smells/linux/net/netfilter/nf_dup_netdev.c.json

real	0m0.182s
user	0m0.027s
sys	0m0.003s

=== Stage 3: srcattributor ===

real	0m0.032s
user	0m0.027s
sys	0m0.004s

=== Detector 1: unchecked_multiply ===
    input  : /Users/afiaasante/Security-Code-Smells/linux/net/netfilter/nf_dup_netdev.c.xml
    output : /tmp/cwe190_findings_CYWMam

    query  : FIND $T $FUNC($PARAMS) {} CONTAINS $TYPE $RESULT = $A * $B
    note   : destructor/constructor blocks covered by XPath fallback


real	0m0.012s
user	0m0.007s
sys	0m0.004s


--- Stage 2: XPath destructor/constructor fallback ---
    no unguarded destructor/constructor multiply found

[ unchecked_multiply ] 0 finding(s) written to /tmp/cwe190_findings_CYWMam
=== Detector 2: unchecked_add ===
    input  : /Users/afiaasante/Security-Code-Smells/linux/net/netfilter/nf_dup_netdev.c.xml
    output : /tmp/cwe190_findings_CYWMam

    query  : FIND $T $FUNC($PARAMS) {} CONTAINS $TYPE $RESULT = $A + $B
    note   : destructor/constructor blocks covered by XPath fallback


real	0m0.013s
user	0m0.007s
sys	0m0.004s


--- Stage 2: XPath destructor/constructor fallback ---
    no unguarded destructor/constructor addition found

[ unchecked_add ] 0 finding(s) written to /tmp/cwe190_findings_CYWMam
=== Detector 3: unchecked_increment ===
    input  : /Users/afiaasante/Security-Code-Smells/linux/net/netfilter/nf_dup_netdev.c.xml
    output : /tmp/cwe190_findings_CYWMam

    strategy : XPath on srcML XML -- ancestor-scoped guard check

--- extracting finding via XPath ---
    function : nf_do_netdev_egress
    position : 49:32

    no taint source -- warning/smell
    finding: /Users/afiaasante/Security-Code-Smells/linux/net/netfilter/nf_dup_netdev.c:49:32 -- nf_do_netdev_egress() increments without MAX guard

[ unchecked_increment ] 1 finding(s) written to /tmp/cwe190_findings_CYWMam
========================================
 Findings JSON
========================================
{
  "detector": "unchecked_increment",
  "severity": "warning",
  "classification": "smell",
  "rule": "integerOverflow",
  "file": "/Users/afiaasante/Security-Code-Smells/linux/net/netfilter/nf_dup_netdev.c",
  "line": 49,
  "col": 32,
  "varname": "nf_do_netdev_egress",
  "note": {
    "line": 49,
    "col": 32,
    "message": "increment (++) in nf_do_netdev_egress() -- no upper-bound guard (INT_MAX check)"
  }
}

========================================
 Summary
 Total findings : 1
 Errors         : 0
 Warnings       : 1

 Breakdown by detector:
   unchecked_increment       1
========================================
