========================================
 CWE-190 Integer Overflow Risk Detector
 Source  : /Users/afiaasante/Security-Code-Smells/linux/net/bridge/netfilter/ebt_log.c
 Report  : /Users/afiaasante/Security-Code-Smells/results/net_scan/SCS006/bridge__netfilter__ebt_log.c/ebt_log_report_20260417_173606.txt
 Findings: /Users/afiaasante/Security-Code-Smells/results/net_scan/SCS006/bridge__netfilter__ebt_log.c/ebt_log_findings_20260417_173606.json
 Date    : Fri Apr 17 17:36:06 EDT 2026
========================================

=== Stage 1: srcml ===

real	0m0.022s
user	0m0.013s
sys	0m0.003s

=== Stage 2: srcslice ===
Writing to :: /Users/afiaasante/Security-Code-Smells/linux/net/bridge/netfilter/ebt_log.c.json
Output Saved to :: /Users/afiaasante/Security-Code-Smells/linux/net/bridge/netfilter/ebt_log.c.json

real	0m0.191s
user	0m0.031s
sys	0m0.004s

=== Stage 3: srcattributor ===

real	0m0.094s
user	0m0.079s
sys	0m0.005s

=== Detector 1: unchecked_multiply ===
    input  : /Users/afiaasante/Security-Code-Smells/linux/net/bridge/netfilter/ebt_log.c.xml
    output : /tmp/cwe190_findings_1uHYw0

    query  : FIND $T $FUNC($PARAMS) {} CONTAINS $TYPE $RESULT = $A * $B
    note   : destructor/constructor blocks covered by XPath fallback


real	0m0.012s
user	0m0.007s
sys	0m0.004s


--- Stage 2: XPath destructor/constructor fallback ---
    no unguarded destructor/constructor multiply found

[ unchecked_multiply ] 0 finding(s) written to /tmp/cwe190_findings_1uHYw0
=== Detector 2: unchecked_add ===
    input  : /Users/afiaasante/Security-Code-Smells/linux/net/bridge/netfilter/ebt_log.c.xml
    output : /tmp/cwe190_findings_1uHYw0

    query  : FIND $T $FUNC($PARAMS) {} CONTAINS $TYPE $RESULT = $A + $B
    note   : destructor/constructor blocks covered by XPath fallback


real	0m0.013s
user	0m0.007s
sys	0m0.004s


--- Stage 2: XPath destructor/constructor fallback ---
    no unguarded destructor/constructor addition found

[ unchecked_add ] 0 finding(s) written to /tmp/cwe190_findings_1uHYw0
=== Detector 3: unchecked_increment ===
    input  : /Users/afiaasante/Security-Code-Smells/linux/net/bridge/netfilter/ebt_log.c.xml
    output : /tmp/cwe190_findings_1uHYw0

    strategy : XPath on srcML XML -- ancestor-scoped guard check

[ unchecked_increment ] No smell detected.
========================================
 Findings JSON
========================================

========================================
 Summary
 Total findings : 0
 Errors         : 0
 Warnings       : 0
========================================
