========================================
 CWE-190 Integer Overflow Risk Detector
 Source  : /Users/afiaasante/Security-Code-Smells/linux/net/ceph/crush/crush.c
 Report  : /Users/afiaasante/Security-Code-Smells/results/net_scan/SCS006/ceph__crush__crush.c/crush_report_20260417_173625.txt
 Findings: /Users/afiaasante/Security-Code-Smells/results/net_scan/SCS006/ceph__crush__crush.c/crush_findings_20260417_173625.json
 Date    : Fri Apr 17 17:36:25 EDT 2026
========================================

=== Stage 1: srcml ===

real	0m0.013s
user	0m0.008s
sys	0m0.004s

=== Stage 2: srcslice ===
Writing to :: /Users/afiaasante/Security-Code-Smells/linux/net/ceph/crush/crush.c.json
Output Saved to :: /Users/afiaasante/Security-Code-Smells/linux/net/ceph/crush/crush.c.json

real	0m0.172s
user	0m0.019s
sys	0m0.003s

=== Stage 3: srcattributor ===

real	0m0.042s
user	0m0.033s
sys	0m0.004s

=== Detector 1: unchecked_multiply ===
    input  : /Users/afiaasante/Security-Code-Smells/linux/net/ceph/crush/crush.c.xml
    output : /tmp/cwe190_findings_uItA9v

    query  : FIND $T $FUNC($PARAMS) {} CONTAINS $TYPE $RESULT = $A * $B
    note   : destructor/constructor blocks covered by XPath fallback


real	0m0.028s
user	0m0.006s
sys	0m0.004s


--- Stage 2: XPath destructor/constructor fallback ---
    no unguarded destructor/constructor multiply found

[ unchecked_multiply ] 0 finding(s) written to /tmp/cwe190_findings_uItA9v
=== Detector 2: unchecked_add ===
    input  : /Users/afiaasante/Security-Code-Smells/linux/net/ceph/crush/crush.c.xml
    output : /tmp/cwe190_findings_uItA9v

    query  : FIND $T $FUNC($PARAMS) {} CONTAINS $TYPE $RESULT = $A + $B
    note   : destructor/constructor blocks covered by XPath fallback


real	0m0.013s
user	0m0.007s
sys	0m0.005s


--- Stage 2: XPath destructor/constructor fallback ---
    no unguarded destructor/constructor addition found

[ unchecked_add ] 0 finding(s) written to /tmp/cwe190_findings_uItA9v
=== Detector 3: unchecked_increment ===
    input  : /Users/afiaasante/Security-Code-Smells/linux/net/ceph/crush/crush.c.xml
    output : /tmp/cwe190_findings_uItA9v

    strategy : XPath on srcML XML -- ancestor-scoped guard check

--- extracting finding via XPath ---
    function : crush_destroy
    position : 113:52

    no taint source -- warning/smell
    finding: /Users/afiaasante/Security-Code-Smells/linux/net/ceph/crush/crush.c:113:52 -- crush_destroy() increments without MAX guard

[ unchecked_increment ] 1 finding(s) written to /tmp/cwe190_findings_uItA9v
========================================
 Findings JSON
========================================
{
  "detector": "unchecked_increment",
  "severity": "warning",
  "classification": "smell",
  "rule": "integerOverflow",
  "file": "/Users/afiaasante/Security-Code-Smells/linux/net/ceph/crush/crush.c",
  "line": 113,
  "col": 52,
  "varname": "crush_destroy",
  "note": {
    "line": 113,
    "col": 52,
    "message": "increment (++) in crush_destroy() -- no upper-bound guard (INT_MAX check)"
  }
}

========================================
 Summary
 Total findings : 1
 Errors         : 0
 Warnings       : 1

 Breakdown by detector:
   unchecked_increment       1
========================================
