========================================
 CWE-195 Signed-to-Unsigned Conversion Detector
 Source  : /Users/afiaasante/Security-Code-Smells/linux/net/rds/bind.c
 Report  : /Users/afiaasante/Security-Code-Smells/results/net_scan/SCS007/rds__bind.c/bind_report_20260417_180410.txt
 Findings: /Users/afiaasante/Security-Code-Smells/results/net_scan/SCS007/rds__bind.c/bind_findings_20260417_180410.json
 Date    : Fri Apr 17 18:04:10 EDT 2026
========================================

=== Stage 1: srcml ===

real	0m0.029s
user	0m0.020s
sys	0m0.005s

=== Stage 2: srcslice ===
Writing to :: /Users/afiaasante/Security-Code-Smells/linux/net/rds/bind.c.json
Output Saved to :: /Users/afiaasante/Security-Code-Smells/linux/net/rds/bind.c.json

real	0m0.197s
user	0m0.053s
sys	0m0.005s

=== Stage 3: srcattributor ===

real	0m0.215s
user	0m0.170s
sys	0m0.006s

=== Detector 1: signed_malloc ===
    input  : /Users/afiaasante/Security-Code-Smells/linux/net/rds/bind.c.xml
    output : /tmp/cwe195_findings_7zt7XG

    query  : FIND $T $FUNC($PARAMS) {} CONTAINS malloc($A)
    note   : destructor/constructor blocks covered by XPath fallback


real	0m0.019s
user	0m0.011s
sys	0m0.005s


--- Stage 2: XPath destructor/constructor fallback ---
    no unguarded destructor/constructor malloc found

[ signed_malloc ] 0 finding(s) written to /tmp/cwe195_findings_7zt7XG
=== Detector 2: signed_memcpy ===
    input  : /Users/afiaasante/Security-Code-Smells/linux/net/rds/bind.c.xml
    output : /tmp/cwe195_findings_7zt7XG

    query  : FIND $T $FUNC($PARAMS) {} CONTAINS memcpy($A, $B, $C)

real	0m0.019s
user	0m0.011s
sys	0m0.005s

--- Stage 1 (memcpy): checking srcQL result for positivity guard in <condition> ---
    no taint source -- warning/smell
    finding: /Users/afiaasante/Security-Code-Smells/linux/net/rds/bind.c:59:9 -- __rds_create_bind_key() memcpy without positivity guard
    query  : FIND $T $FUNC($PARAMS) {} CONTAINS memmove($A, $B, $C)

real	0m0.017s
user	0m0.011s
sys	0m0.004s


--- Stage 2: XPath destructor/constructor fallback ---

[ signed_memcpy ] 1 finding(s) written to /tmp/cwe195_findings_7zt7XG
=== Detector 3: signed_strncpy ===
    input  : /Users/afiaasante/Security-Code-Smells/linux/net/rds/bind.c.xml
    output : /tmp/cwe195_findings_7zt7XG

    query  : FIND $T $FUNC($PARAMS) {} CONTAINS strncpy($A, $B, $C)
    note   : destructor/constructor blocks covered by XPath fallback


real	0m0.017s
user	0m0.011s
sys	0m0.004s


--- Stage 2: XPath destructor/constructor fallback ---
    no unguarded destructor/constructor strncpy found

[ signed_strncpy ] 0 finding(s) written to /tmp/cwe195_findings_7zt7XG
========================================
 Findings JSON
========================================
{
  "detector": "signed_memcpy",
  "severity": "warning",
  "classification": "smell",
  "rule": "signedUnsignedConversion",
  "file": "/Users/afiaasante/Security-Code-Smells/linux/net/rds/bind.c",
  "line": 59,
  "col": 9,
  "varname": "__rds_create_bind_key",
  "note": {
    "line": 59,
    "col": 9,
    "message": "memcpy() in __rds_create_bind_key() -- signed int passed as byte count with no positivity guard (data > 0)"
  }
}

========================================
 Summary
 Total findings : 1
 Errors         : 0
 Warnings       : 1

 Breakdown by detector:
   signed_memcpy             1
========================================
