========================================
 CWE-195 Signed-to-Unsigned Conversion Detector
 Source  : /Users/afiaasante/Security-Code-Smells/linux/net/core/netdev-genl.c
 Report  : /Users/afiaasante/Security-Code-Smells/results/net_scan/SCS007/core__netdev-genl.c/netdev-genl_report_20260417_175458.txt
 Findings: /Users/afiaasante/Security-Code-Smells/results/net_scan/SCS007/core__netdev-genl.c/netdev-genl_findings_20260417_175458.json
 Date    : Fri Apr 17 17:54:58 EDT 2026
========================================

=== Stage 1: srcml ===

real	0m0.092s
user	0m0.077s
sys	0m0.005s

=== Stage 2: srcslice ===
Writing to :: /Users/afiaasante/Security-Code-Smells/linux/net/core/netdev-genl.c.json
Output Saved to :: /Users/afiaasante/Security-Code-Smells/linux/net/core/netdev-genl.c.json

real	0m0.323s
user	0m0.157s
sys	0m0.007s

=== Stage 3: srcattributor ===

real	0m3.200s
user	0m3.045s
sys	0m0.023s

=== Detector 1: signed_malloc ===
    input  : /Users/afiaasante/Security-Code-Smells/linux/net/core/netdev-genl.c.xml
    output : /tmp/cwe195_findings_Dz7hE4

    query  : FIND $T $FUNC($PARAMS) {} CONTAINS malloc($A)
    note   : destructor/constructor blocks covered by XPath fallback


real	0m0.031s
user	0m0.025s
sys	0m0.005s


--- Stage 2: XPath destructor/constructor fallback ---
    no unguarded destructor/constructor malloc found

[ signed_malloc ] 0 finding(s) written to /tmp/cwe195_findings_Dz7hE4
=== Detector 2: signed_memcpy ===
    input  : /Users/afiaasante/Security-Code-Smells/linux/net/core/netdev-genl.c.xml
    output : /tmp/cwe195_findings_Dz7hE4

    query  : FIND $T $FUNC($PARAMS) {} CONTAINS memcpy($A, $B, $C)

real	0m0.035s
user	0m0.025s
sys	0m0.005s

    query  : FIND $T $FUNC($PARAMS) {} CONTAINS memmove($A, $B, $C)

real	0m0.034s
user	0m0.025s
sys	0m0.005s


--- Stage 2: XPath destructor/constructor fallback ---
    no unguarded destructor/constructor memcpy/memmove found

[ signed_memcpy ] 0 finding(s) written to /tmp/cwe195_findings_Dz7hE4
=== Detector 3: signed_strncpy ===
    input  : /Users/afiaasante/Security-Code-Smells/linux/net/core/netdev-genl.c.xml
    output : /tmp/cwe195_findings_Dz7hE4

    query  : FIND $T $FUNC($PARAMS) {} CONTAINS strncpy($A, $B, $C)
    note   : destructor/constructor blocks covered by XPath fallback


real	0m0.033s
user	0m0.025s
sys	0m0.006s


--- Stage 2: XPath destructor/constructor fallback ---
    no unguarded destructor/constructor strncpy found

[ signed_strncpy ] 0 finding(s) written to /tmp/cwe195_findings_Dz7hE4
========================================
 Findings JSON
========================================

========================================
 Summary
 Total findings : 0
 Errors         : 0
 Warnings       : 0
========================================
