========================================
 CWE-195 Signed-to-Unsigned Conversion Detector
 Source  : /Users/afiaasante/Security-Code-Smells/linux/net/smc/smc_hs_bpf.c
 Report  : /Users/afiaasante/Security-Code-Smells/results/net_scan/SCS007/smc__smc_hs_bpf.c/smc_hs_bpf_report_20260417_180557.txt
 Findings: /Users/afiaasante/Security-Code-Smells/results/net_scan/SCS007/smc__smc_hs_bpf.c/smc_hs_bpf_findings_20260417_180557.json
 Date    : Fri Apr 17 18:05:57 EDT 2026
========================================

=== Stage 1: srcml ===

real	0m0.025s
user	0m0.013s
sys	0m0.005s

=== Stage 2: srcslice ===
Writing to :: /Users/afiaasante/Security-Code-Smells/linux/net/smc/smc_hs_bpf.c.json
Output Saved to :: /Users/afiaasante/Security-Code-Smells/linux/net/smc/smc_hs_bpf.c.json

real	0m0.192s
user	0m0.036s
sys	0m0.004s

=== Stage 3: srcattributor ===

real	0m0.046s
user	0m0.036s
sys	0m0.005s

=== Detector 1: signed_malloc ===
    input  : /Users/afiaasante/Security-Code-Smells/linux/net/smc/smc_hs_bpf.c.xml
    output : /tmp/cwe195_findings_nIVZPv

    query  : FIND $T $FUNC($PARAMS) {} CONTAINS malloc($A)
    note   : destructor/constructor blocks covered by XPath fallback


real	0m0.017s
user	0m0.009s
sys	0m0.004s


--- Stage 2: XPath destructor/constructor fallback ---
    no unguarded destructor/constructor malloc found

[ signed_malloc ] 0 finding(s) written to /tmp/cwe195_findings_nIVZPv
=== Detector 2: signed_memcpy ===
    input  : /Users/afiaasante/Security-Code-Smells/linux/net/smc/smc_hs_bpf.c.xml
    output : /tmp/cwe195_findings_nIVZPv

    query  : FIND $T $FUNC($PARAMS) {} CONTAINS memcpy($A, $B, $C)

real	0m0.018s
user	0m0.009s
sys	0m0.005s

    query  : FIND $T $FUNC($PARAMS) {} CONTAINS memmove($A, $B, $C)

real	0m0.017s
user	0m0.009s
sys	0m0.004s


--- Stage 2: XPath destructor/constructor fallback ---
    no unguarded destructor/constructor memcpy/memmove found

[ signed_memcpy ] 0 finding(s) written to /tmp/cwe195_findings_nIVZPv
=== Detector 3: signed_strncpy ===
    input  : /Users/afiaasante/Security-Code-Smells/linux/net/smc/smc_hs_bpf.c.xml
    output : /tmp/cwe195_findings_nIVZPv

    query  : FIND $T $FUNC($PARAMS) {} CONTAINS strncpy($A, $B, $C)
    note   : destructor/constructor blocks covered by XPath fallback


real	0m0.019s
user	0m0.009s
sys	0m0.005s


--- Stage 2: XPath destructor/constructor fallback ---
    no unguarded destructor/constructor strncpy found

[ signed_strncpy ] 0 finding(s) written to /tmp/cwe195_findings_nIVZPv
========================================
 Findings JSON
========================================

========================================
 Summary
 Total findings : 0
 Errors         : 0
 Warnings       : 0
========================================
