========================================
 CWE-195 Signed-to-Unsigned Conversion Detector
 Source  : /Users/afiaasante/Security-Code-Smells/linux/net/ipv6/ip6_input.c
 Report  : /Users/afiaasante/Security-Code-Smells/results/net_scan/SCS007/ipv6__ip6_input.c/ip6_input_report_20260417_175918.txt
 Findings: /Users/afiaasante/Security-Code-Smells/results/net_scan/SCS007/ipv6__ip6_input.c/ip6_input_findings_20260417_175918.json
 Date    : Fri Apr 17 17:59:18 EDT 2026
========================================

=== Stage 1: srcml ===

real	0m0.043s
user	0m0.035s
sys	0m0.005s

=== Stage 2: srcslice ===
Writing to :: /Users/afiaasante/Security-Code-Smells/linux/net/ipv6/ip6_input.c.json
Output Saved to :: /Users/afiaasante/Security-Code-Smells/linux/net/ipv6/ip6_input.c.json

real	0m0.252s
user	0m0.087s
sys	0m0.006s

=== Stage 3: srcattributor ===

real	0m0.551s
user	0m0.494s
sys	0m0.010s

=== Detector 1: signed_malloc ===
    input  : /Users/afiaasante/Security-Code-Smells/linux/net/ipv6/ip6_input.c.xml
    output : /tmp/cwe195_findings_lpak6o

    query  : FIND $T $FUNC($PARAMS) {} CONTAINS malloc($A)
    note   : destructor/constructor blocks covered by XPath fallback


real	0m0.024s
user	0m0.015s
sys	0m0.005s


--- Stage 2: XPath destructor/constructor fallback ---
    no unguarded destructor/constructor malloc found

[ signed_malloc ] 0 finding(s) written to /tmp/cwe195_findings_lpak6o
=== Detector 2: signed_memcpy ===
    input  : /Users/afiaasante/Security-Code-Smells/linux/net/ipv6/ip6_input.c.xml
    output : /tmp/cwe195_findings_lpak6o

    query  : FIND $T $FUNC($PARAMS) {} CONTAINS memcpy($A, $B, $C)

real	0m0.024s
user	0m0.016s
sys	0m0.005s

    query  : FIND $T $FUNC($PARAMS) {} CONTAINS memmove($A, $B, $C)

real	0m0.040s
user	0m0.015s
sys	0m0.006s


--- Stage 2: XPath destructor/constructor fallback ---
    no unguarded destructor/constructor memcpy/memmove found

[ signed_memcpy ] 0 finding(s) written to /tmp/cwe195_findings_lpak6o
=== Detector 3: signed_strncpy ===
    input  : /Users/afiaasante/Security-Code-Smells/linux/net/ipv6/ip6_input.c.xml
    output : /tmp/cwe195_findings_lpak6o

    query  : FIND $T $FUNC($PARAMS) {} CONTAINS strncpy($A, $B, $C)
    note   : destructor/constructor blocks covered by XPath fallback


real	0m0.023s
user	0m0.016s
sys	0m0.005s


--- Stage 2: XPath destructor/constructor fallback ---
    no unguarded destructor/constructor strncpy found

[ signed_strncpy ] 0 finding(s) written to /tmp/cwe195_findings_lpak6o
========================================
 Findings JSON
========================================

========================================
 Summary
 Total findings : 0
 Errors         : 0
 Warnings       : 0
========================================
