========================================
 CWE-190 Integer Overflow Risk Detector
 Source  : /Users/afiaasante/Security-Code-Smells/linux/net/llc/llc_s_ac.c
 Report  : /Users/afiaasante/Security-Code-Smells/results/net_scan/SCS006/llc__llc_s_ac.c/llc_s_ac_report_20260417_174041.txt
 Findings: /Users/afiaasante/Security-Code-Smells/results/net_scan/SCS006/llc__llc_s_ac.c/llc_s_ac_findings_20260417_174041.json
 Date    : Fri Apr 17 17:40:41 EDT 2026
========================================

=== Stage 1: srcml ===

real	0m0.034s
user	0m0.013s
sys	0m0.004s

=== Stage 2: srcslice ===
Writing to :: /Users/afiaasante/Security-Code-Smells/linux/net/llc/llc_s_ac.c.json
Output Saved to :: /Users/afiaasante/Security-Code-Smells/linux/net/llc/llc_s_ac.c.json

real	0m0.202s
user	0m0.035s
sys	0m0.005s

=== Stage 3: srcattributor ===

real	0m0.077s
user	0m0.056s
sys	0m0.006s

=== Detector 1: unchecked_multiply ===
    input  : /Users/afiaasante/Security-Code-Smells/linux/net/llc/llc_s_ac.c.xml
    output : /tmp/cwe190_findings_wcuCcK

    query  : FIND $T $FUNC($PARAMS) {} CONTAINS $TYPE $RESULT = $A * $B
    note   : destructor/constructor blocks covered by XPath fallback


real	0m0.016s
user	0m0.008s
sys	0m0.005s


--- Stage 2: XPath destructor/constructor fallback ---
    no unguarded destructor/constructor multiply found

[ unchecked_multiply ] 0 finding(s) written to /tmp/cwe190_findings_wcuCcK
=== Detector 2: unchecked_add ===
    input  : /Users/afiaasante/Security-Code-Smells/linux/net/llc/llc_s_ac.c.xml
    output : /tmp/cwe190_findings_wcuCcK

    query  : FIND $T $FUNC($PARAMS) {} CONTAINS $TYPE $RESULT = $A + $B
    note   : destructor/constructor blocks covered by XPath fallback


real	0m0.019s
user	0m0.008s
sys	0m0.005s


--- Stage 2: XPath destructor/constructor fallback ---
    no unguarded destructor/constructor addition found

[ unchecked_add ] 0 finding(s) written to /tmp/cwe190_findings_wcuCcK
=== Detector 3: unchecked_increment ===
    input  : /Users/afiaasante/Security-Code-Smells/linux/net/llc/llc_s_ac.c.xml
    output : /tmp/cwe190_findings_wcuCcK

    strategy : XPath on srcML XML -- ancestor-scoped guard check

[ unchecked_increment ] No smell detected.
========================================
 Findings JSON
========================================

========================================
 Summary
 Total findings : 0
 Errors         : 0
 Warnings       : 0
========================================
