========================================
 CWE-190 Integer Overflow Risk Detector
 Source  : /Users/afiaasante/Security-Code-Smells/linux/net/sched/sch_tbf.c
 Report  : /Users/afiaasante/Security-Code-Smells/results/net_scan/SCS006/sched__sch_tbf.c/sch_tbf_report_20260417_174445.txt
 Findings: /Users/afiaasante/Security-Code-Smells/results/net_scan/SCS006/sched__sch_tbf.c/sch_tbf_findings_20260417_174445.json
 Date    : Fri Apr 17 17:44:45 EDT 2026
========================================

=== Stage 1: srcml ===

real	0m0.039s
user	0m0.034s
sys	0m0.004s

=== Stage 2: srcslice ===
Writing to :: /Users/afiaasante/Security-Code-Smells/linux/net/sched/sch_tbf.c.json
Output Saved to :: /Users/afiaasante/Security-Code-Smells/linux/net/sched/sch_tbf.c.json

real	0m0.193s
user	0m0.082s
sys	0m0.005s

=== Stage 3: srcattributor ===

real	0m0.605s
user	0m0.589s
sys	0m0.008s

=== Detector 1: unchecked_multiply ===
    input  : /Users/afiaasante/Security-Code-Smells/linux/net/sched/sch_tbf.c.xml
    output : /tmp/cwe190_findings_9A9OeP

    query  : FIND $T $FUNC($PARAMS) {} CONTAINS $TYPE $RESULT = $A * $B
    note   : destructor/constructor blocks covered by XPath fallback


real	0m0.020s
user	0m0.014s
sys	0m0.003s

--- Stage 1: checking srcQL result for MAX guard in <condition> ---
    no taint source -- warning/smell
    finding: /Users/afiaasante/Security-Code-Smells/linux/net/sched/sch_tbf.c:125:30 -- psched_ns_t2l() multiplies without MAX guard

--- Stage 2: XPath destructor/constructor fallback ---
    no unguarded destructor/constructor multiply found

[ unchecked_multiply ] 1 finding(s) written to /tmp/cwe190_findings_9A9OeP
=== Detector 2: unchecked_add ===
    input  : /Users/afiaasante/Security-Code-Smells/linux/net/sched/sch_tbf.c.xml
    output : /tmp/cwe190_findings_9A9OeP

    query  : FIND $T $FUNC($PARAMS) {} CONTAINS $TYPE $RESULT = $A + $B
    note   : destructor/constructor blocks covered by XPath fallback


real	0m0.020s
user	0m0.014s
sys	0m0.004s


--- Stage 2: XPath destructor/constructor fallback ---
    no unguarded destructor/constructor addition found

[ unchecked_add ] 0 finding(s) written to /tmp/cwe190_findings_9A9OeP
=== Detector 3: unchecked_increment ===
    input  : /Users/afiaasante/Security-Code-Smells/linux/net/sched/sch_tbf.c.xml
    output : /tmp/cwe190_findings_9A9OeP

    strategy : XPath on srcML XML -- ancestor-scoped guard check

--- extracting finding via XPath ---
    function : tbf_segment
    position : 230:27

    no taint source -- warning/smell
    finding: /Users/afiaasante/Security-Code-Smells/linux/net/sched/sch_tbf.c:230:27 -- tbf_segment() increments without MAX guard

[ unchecked_increment ] 1 finding(s) written to /tmp/cwe190_findings_9A9OeP
========================================
 Findings JSON
========================================
{
  "detector": "unchecked_multiply",
  "severity": "warning",
  "classification": "smell",
  "rule": "integerOverflow",
  "file": "/Users/afiaasante/Security-Code-Smells/linux/net/sched/sch_tbf.c",
  "line": 125,
  "col": 30,
  "varname": "psched_ns_t2l",
  "note": {
    "line": 125,
    "col": 30,
    "message": "multiplication in psched_ns_t2l() -- no upper-bound guard (INT_MAX / 2)"
  }
}
{
  "detector": "unchecked_increment",
  "severity": "warning",
  "classification": "smell",
  "rule": "integerOverflow",
  "file": "/Users/afiaasante/Security-Code-Smells/linux/net/sched/sch_tbf.c",
  "line": 230,
  "col": 27,
  "varname": "tbf_segment",
  "note": {
    "line": 230,
    "col": 27,
    "message": "increment (++) in tbf_segment() -- no upper-bound guard (INT_MAX check)"
  }
}

========================================
 Summary
 Total findings : 2
 Errors         : 0
 Warnings       : 2

 Breakdown by detector:
   unchecked_increment       1
   unchecked_multiply        1
========================================
