========================================
 CWE-190 Integer Overflow Risk Detector
 Source  : /Users/afiaasante/Security-Code-Smells/linux/net/ipv4/inet_timewait_sock.c
 Report  : /Users/afiaasante/Security-Code-Smells/results/net_scan/SCS006/ipv4__inet_timewait_sock.c/inet_timewait_sock_report_20260417_173841.txt
 Findings: /Users/afiaasante/Security-Code-Smells/results/net_scan/SCS006/ipv4__inet_timewait_sock.c/inet_timewait_sock_findings_20260417_173841.json
 Date    : Fri Apr 17 17:38:41 EDT 2026
========================================

=== Stage 1: srcml ===

real	0m0.020s
user	0m0.015s
sys	0m0.003s

=== Stage 2: srcslice ===
Writing to :: /Users/afiaasante/Security-Code-Smells/linux/net/ipv4/inet_timewait_sock.c.json
Output Saved to :: /Users/afiaasante/Security-Code-Smells/linux/net/ipv4/inet_timewait_sock.c.json

real	0m0.186s
user	0m0.041s
sys	0m0.003s

=== Stage 3: srcattributor ===

real	0m0.117s
user	0m0.108s
sys	0m0.004s

=== Detector 1: unchecked_multiply ===
    input  : /Users/afiaasante/Security-Code-Smells/linux/net/ipv4/inet_timewait_sock.c.xml
    output : /tmp/cwe190_findings_2gOTdW

    query  : FIND $T $FUNC($PARAMS) {} CONTAINS $TYPE $RESULT = $A * $B
    note   : destructor/constructor blocks covered by XPath fallback


real	0m0.021s
user	0m0.010s
sys	0m0.004s

--- Stage 1: checking srcQL result for MAX guard in <condition> ---
    no taint source -- warning/smell
    finding: /Users/afiaasante/Security-Code-Smells/linux/net/ipv4/inet_timewait_sock.c:293:39 -- __inet_twsk_schedule() multiplies without MAX guard

--- Stage 2: XPath destructor/constructor fallback ---
    no unguarded destructor/constructor multiply found

[ unchecked_multiply ] 1 finding(s) written to /tmp/cwe190_findings_2gOTdW
=== Detector 2: unchecked_add ===
    input  : /Users/afiaasante/Security-Code-Smells/linux/net/ipv4/inet_timewait_sock.c.xml
    output : /tmp/cwe190_findings_2gOTdW

    query  : FIND $T $FUNC($PARAMS) {} CONTAINS $TYPE $RESULT = $A + $B
    note   : destructor/constructor blocks covered by XPath fallback


real	0m0.020s
user	0m0.010s
sys	0m0.004s


--- Stage 2: XPath destructor/constructor fallback ---
    no unguarded destructor/constructor addition found

[ unchecked_add ] 0 finding(s) written to /tmp/cwe190_findings_2gOTdW
=== Detector 3: unchecked_increment ===
    input  : /Users/afiaasante/Security-Code-Smells/linux/net/ipv4/inet_timewait_sock.c.xml
    output : /tmp/cwe190_findings_2gOTdW

    strategy : XPath on srcML XML -- ancestor-scoped guard check

--- extracting finding via XPath ---
    function : inet_twsk_purge
    position : 313:48

    no taint source -- warning/smell
    finding: /Users/afiaasante/Security-Code-Smells/linux/net/ipv4/inet_timewait_sock.c:313:48 -- inet_twsk_purge() increments without MAX guard

[ unchecked_increment ] 1 finding(s) written to /tmp/cwe190_findings_2gOTdW
========================================
 Findings JSON
========================================
{
  "detector": "unchecked_multiply",
  "severity": "warning",
  "classification": "smell",
  "rule": "integerOverflow",
  "file": "/Users/afiaasante/Security-Code-Smells/linux/net/ipv4/inet_timewait_sock.c",
  "line": 293,
  "col": 39,
  "varname": "__inet_twsk_schedule",
  "note": {
    "line": 293,
    "col": 39,
    "message": "multiplication in __inet_twsk_schedule() -- no upper-bound guard (INT_MAX / 2)"
  }
}
{
  "detector": "unchecked_increment",
  "severity": "warning",
  "classification": "smell",
  "rule": "integerOverflow",
  "file": "/Users/afiaasante/Security-Code-Smells/linux/net/ipv4/inet_timewait_sock.c",
  "line": 313,
  "col": 48,
  "varname": "inet_twsk_purge",
  "note": {
    "line": 313,
    "col": 48,
    "message": "increment (++) in inet_twsk_purge() -- no upper-bound guard (INT_MAX check)"
  }
}

========================================
 Summary
 Total findings : 2
 Errors         : 0
 Warnings       : 2

 Breakdown by detector:
   unchecked_increment       1
   unchecked_multiply        1
========================================
