========================================
 CWE-195 Signed-to-Unsigned Conversion Detector
 Source  : /Users/afiaasante/Security-Code-Smells/linux/net/ieee802154/header_ops.c
 Report  : /Users/afiaasante/Security-Code-Smells/results/net_scan/SCS007/ieee802154__header_ops.c/header_ops_report_20260417_175712.txt
 Findings: /Users/afiaasante/Security-Code-Smells/results/net_scan/SCS007/ieee802154__header_ops.c/header_ops_findings_20260417_175712.json
 Date    : Fri Apr 17 17:57:12 EDT 2026
========================================

=== Stage 1: srcml ===

real	0m0.034s
user	0m0.027s
sys	0m0.005s

=== Stage 2: srcslice ===
Writing to :: /Users/afiaasante/Security-Code-Smells/linux/net/ieee802154/header_ops.c.json
Output Saved to :: /Users/afiaasante/Security-Code-Smells/linux/net/ieee802154/header_ops.c.json

real	0m0.195s
user	0m0.066s
sys	0m0.004s

=== Stage 3: srcattributor ===

real	0m0.442s
user	0m0.407s
sys	0m0.008s

=== Detector 1: signed_malloc ===
    input  : /Users/afiaasante/Security-Code-Smells/linux/net/ieee802154/header_ops.c.xml
    output : /tmp/cwe195_findings_NSp9KX

    query  : FIND $T $FUNC($PARAMS) {} CONTAINS malloc($A)
    note   : destructor/constructor blocks covered by XPath fallback


real	0m0.023s
user	0m0.013s
sys	0m0.004s


--- Stage 2: XPath destructor/constructor fallback ---
    no unguarded destructor/constructor malloc found

[ signed_malloc ] 0 finding(s) written to /tmp/cwe195_findings_NSp9KX
=== Detector 2: signed_memcpy ===
    input  : /Users/afiaasante/Security-Code-Smells/linux/net/ieee802154/header_ops.c.xml
    output : /tmp/cwe195_findings_NSp9KX

    query  : FIND $T $FUNC($PARAMS) {} CONTAINS memcpy($A, $B, $C)

real	0m0.021s
user	0m0.014s
sys	0m0.005s

--- Stage 1 (memcpy): checking srcQL result for positivity guard in <condition> ---
    guarded -- > operator found in condition, no finding
    query  : FIND $T $FUNC($PARAMS) {} CONTAINS memmove($A, $B, $C)

real	0m0.018s
user	0m0.013s
sys	0m0.004s


--- Stage 2: XPath destructor/constructor fallback ---
    no unguarded destructor/constructor memcpy/memmove found

[ signed_memcpy ] 0 finding(s) written to /tmp/cwe195_findings_NSp9KX
=== Detector 3: signed_strncpy ===
    input  : /Users/afiaasante/Security-Code-Smells/linux/net/ieee802154/header_ops.c.xml
    output : /tmp/cwe195_findings_NSp9KX

    query  : FIND $T $FUNC($PARAMS) {} CONTAINS strncpy($A, $B, $C)
    note   : destructor/constructor blocks covered by XPath fallback


real	0m0.019s
user	0m0.013s
sys	0m0.004s


--- Stage 2: XPath destructor/constructor fallback ---
    no unguarded destructor/constructor strncpy found

[ signed_strncpy ] 0 finding(s) written to /tmp/cwe195_findings_NSp9KX
========================================
 Findings JSON
========================================

========================================
 Summary
 Total findings : 0
 Errors         : 0
 Warnings       : 0
========================================
