========================================
 CWE-195 Signed-to-Unsigned Conversion Detector
 Source  : /Users/afiaasante/Security-Code-Smells/linux/net/netfilter/nfnetlink_cthelper.c
 Report  : /Users/afiaasante/Security-Code-Smells/results/net_scan/SCS007/netfilter__nfnetlink_cthelper.c/nfnetlink_cthelper_report_20260417_180300.txt
 Findings: /Users/afiaasante/Security-Code-Smells/results/net_scan/SCS007/netfilter__nfnetlink_cthelper.c/nfnetlink_cthelper_findings_20260417_180300.json
 Date    : Fri Apr 17 18:03:00 EDT 2026
========================================

=== Stage 1: srcml ===

real	0m0.060s
user	0m0.047s
sys	0m0.005s

=== Stage 2: srcslice ===
Writing to :: /Users/afiaasante/Security-Code-Smells/linux/net/netfilter/nfnetlink_cthelper.c.json
Output Saved to :: /Users/afiaasante/Security-Code-Smells/linux/net/netfilter/nfnetlink_cthelper.c.json

real	0m0.250s
user	0m0.108s
sys	0m0.005s

=== Stage 3: srcattributor ===

real	0m0.996s
user	0m0.931s
sys	0m0.014s

=== Detector 1: signed_malloc ===
    input  : /Users/afiaasante/Security-Code-Smells/linux/net/netfilter/nfnetlink_cthelper.c.xml
    output : /tmp/cwe195_findings_Fw8XOC

    query  : FIND $T $FUNC($PARAMS) {} CONTAINS malloc($A)
    note   : destructor/constructor blocks covered by XPath fallback


real	0m0.027s
user	0m0.019s
sys	0m0.005s


--- Stage 2: XPath destructor/constructor fallback ---
    no unguarded destructor/constructor malloc found

[ signed_malloc ] 0 finding(s) written to /tmp/cwe195_findings_Fw8XOC
=== Detector 2: signed_memcpy ===
    input  : /Users/afiaasante/Security-Code-Smells/linux/net/netfilter/nfnetlink_cthelper.c.xml
    output : /tmp/cwe195_findings_Fw8XOC

    query  : FIND $T $FUNC($PARAMS) {} CONTAINS memcpy($A, $B, $C)

real	0m0.027s
user	0m0.019s
sys	0m0.005s

--- Stage 1 (memcpy): checking srcQL result for positivity guard in <condition> ---
    guarded -- > operator found in condition, no finding
    query  : FIND $T $FUNC($PARAMS) {} CONTAINS memmove($A, $B, $C)

real	0m0.028s
user	0m0.019s
sys	0m0.005s


--- Stage 2: XPath destructor/constructor fallback ---
    no unguarded destructor/constructor memcpy/memmove found

[ signed_memcpy ] 0 finding(s) written to /tmp/cwe195_findings_Fw8XOC
=== Detector 3: signed_strncpy ===
    input  : /Users/afiaasante/Security-Code-Smells/linux/net/netfilter/nfnetlink_cthelper.c.xml
    output : /tmp/cwe195_findings_Fw8XOC

    query  : FIND $T $FUNC($PARAMS) {} CONTAINS strncpy($A, $B, $C)
    note   : destructor/constructor blocks covered by XPath fallback


real	0m0.029s
user	0m0.019s
sys	0m0.005s


--- Stage 2: XPath destructor/constructor fallback ---
    no unguarded destructor/constructor strncpy found

[ signed_strncpy ] 0 finding(s) written to /tmp/cwe195_findings_Fw8XOC
========================================
 Findings JSON
========================================

========================================
 Summary
 Total findings : 0
 Errors         : 0
 Warnings       : 0
========================================
