========================================
 CWE-190 Integer Overflow Risk Detector
 Source  : /Users/afiaasante/Security-Code-Smells/linux/net/ife/ife.c
 Report  : /Users/afiaasante/Security-Code-Smells/results/net_scan/SCS006/ife__ife.c/ife_report_20260417_173823.txt
 Findings: /Users/afiaasante/Security-Code-Smells/results/net_scan/SCS006/ife__ife.c/ife_findings_20260417_173823.json
 Date    : Fri Apr 17 17:38:23 EDT 2026
========================================

=== Stage 1: srcml ===

real	0m0.021s
user	0m0.014s
sys	0m0.004s

=== Stage 2: srcslice ===
Writing to :: /Users/afiaasante/Security-Code-Smells/linux/net/ife/ife.c.json
Output Saved to :: /Users/afiaasante/Security-Code-Smells/linux/net/ife/ife.c.json

real	0m0.193s
user	0m0.028s
sys	0m0.004s

=== Stage 3: srcattributor ===

real	0m0.125s
user	0m0.059s
sys	0m0.006s

=== Detector 1: unchecked_multiply ===
    input  : /Users/afiaasante/Security-Code-Smells/linux/net/ife/ife.c.xml
    output : /tmp/cwe190_findings_lsBhmJ

    query  : FIND $T $FUNC($PARAMS) {} CONTAINS $TYPE $RESULT = $A * $B
    note   : destructor/constructor blocks covered by XPath fallback


real	0m0.033s
user	0m0.008s
sys	0m0.004s

--- Stage 1: checking srcQL result for MAX guard in <condition> ---
    no taint source -- warning/smell
    finding: /Users/afiaasante/Security-Code-Smells/linux/net/ife/ife.c:148:55 -- ife_tlv_meta_next() multiplies without MAX guard

--- Stage 2: XPath destructor/constructor fallback ---
    no unguarded destructor/constructor multiply found

[ unchecked_multiply ] 1 finding(s) written to /tmp/cwe190_findings_lsBhmJ
=== Detector 2: unchecked_add ===
    input  : /Users/afiaasante/Security-Code-Smells/linux/net/ife/ife.c.xml
    output : /tmp/cwe190_findings_lsBhmJ

    query  : FIND $T $FUNC($PARAMS) {} CONTAINS $TYPE $RESULT = $A + $B
    note   : destructor/constructor blocks covered by XPath fallback


real	0m0.012s
user	0m0.008s
sys	0m0.003s

--- Stage 1: checking srcQL result for MAX guard in <condition> ---
    no taint source -- warning/smell
    finding: /Users/afiaasante/Security-Code-Smells/linux/net/ife/ife.c:39:28 -- ife_encode() adds without MAX guard

--- Stage 2: XPath destructor/constructor fallback ---
    no unguarded destructor/constructor addition found

[ unchecked_add ] 1 finding(s) written to /tmp/cwe190_findings_lsBhmJ
=== Detector 3: unchecked_increment ===
    input  : /Users/afiaasante/Security-Code-Smells/linux/net/ife/ife.c.xml
    output : /tmp/cwe190_findings_lsBhmJ

    strategy : XPath on srcML XML -- ancestor-scoped guard check

[ unchecked_increment ] No smell detected.
========================================
 Findings JSON
========================================
{
  "detector": "unchecked_multiply",
  "severity": "warning",
  "classification": "smell",
  "rule": "integerOverflow",
  "file": "/Users/afiaasante/Security-Code-Smells/linux/net/ife/ife.c",
  "line": 148,
  "col": 55,
  "varname": "ife_tlv_meta_next",
  "note": {
    "line": 148,
    "col": 55,
    "message": "multiplication in ife_tlv_meta_next() -- no upper-bound guard (INT_MAX / 2)"
  }
}
{
  "detector": "unchecked_add",
  "severity": "warning",
  "classification": "smell",
  "rule": "integerOverflow",
  "file": "/Users/afiaasante/Security-Code-Smells/linux/net/ife/ife.c",
  "line": 39,
  "col": 28,
  "varname": "ife_encode",
  "note": {
    "line": 39,
    "col": 28,
    "message": "addition in ife_encode() -- no upper-bound guard before adding"
  }
}

========================================
 Summary
 Total findings : 2
 Errors         : 0
 Warnings       : 2

 Breakdown by detector:
   unchecked_add             1
   unchecked_multiply        1
========================================
