========================================
 CWE-190 Integer Overflow Risk Detector
 Source  : /Users/afiaasante/Security-Code-Smells/linux/net/bridge/netfilter/ebt_redirect.c
 Report  : /Users/afiaasante/Security-Code-Smells/results/net_scan/SCS006/bridge__netfilter__ebt_redirect.c/ebt_redirect_report_20260417_173607.txt
 Findings: /Users/afiaasante/Security-Code-Smells/results/net_scan/SCS006/bridge__netfilter__ebt_redirect.c/ebt_redirect_findings_20260417_173607.json
 Date    : Fri Apr 17 17:36:07 EDT 2026
========================================

=== Stage 1: srcml ===

real	0m0.009s
user	0m0.005s
sys	0m0.003s

=== Stage 2: srcslice ===
Writing to :: /Users/afiaasante/Security-Code-Smells/linux/net/bridge/netfilter/ebt_redirect.c.json
Output Saved to :: /Users/afiaasante/Security-Code-Smells/linux/net/bridge/netfilter/ebt_redirect.c.json

real	0m0.188s
user	0m0.020s
sys	0m0.005s

=== Stage 3: srcattributor ===

real	0m0.019s
user	0m0.010s
sys	0m0.003s

=== Detector 1: unchecked_multiply ===
    input  : /Users/afiaasante/Security-Code-Smells/linux/net/bridge/netfilter/ebt_redirect.c.xml
    output : /tmp/cwe190_findings_2SQJdS

    query  : FIND $T $FUNC($PARAMS) {} CONTAINS $TYPE $RESULT = $A * $B
    note   : destructor/constructor blocks covered by XPath fallback


real	0m0.010s
user	0m0.005s
sys	0m0.003s


--- Stage 2: XPath destructor/constructor fallback ---
    no unguarded destructor/constructor multiply found

[ unchecked_multiply ] 0 finding(s) written to /tmp/cwe190_findings_2SQJdS
=== Detector 2: unchecked_add ===
    input  : /Users/afiaasante/Security-Code-Smells/linux/net/bridge/netfilter/ebt_redirect.c.xml
    output : /tmp/cwe190_findings_2SQJdS

    query  : FIND $T $FUNC($PARAMS) {} CONTAINS $TYPE $RESULT = $A + $B
    note   : destructor/constructor blocks covered by XPath fallback


real	0m0.014s
user	0m0.006s
sys	0m0.004s


--- Stage 2: XPath destructor/constructor fallback ---
    no unguarded destructor/constructor addition found

[ unchecked_add ] 0 finding(s) written to /tmp/cwe190_findings_2SQJdS
=== Detector 3: unchecked_increment ===
    input  : /Users/afiaasante/Security-Code-Smells/linux/net/bridge/netfilter/ebt_redirect.c.xml
    output : /tmp/cwe190_findings_2SQJdS

    strategy : XPath on srcML XML -- ancestor-scoped guard check

[ unchecked_increment ] No smell detected.
========================================
 Findings JSON
========================================

========================================
 Summary
 Total findings : 0
 Errors         : 0
 Warnings       : 0
========================================
