========================================
 CWE-190 Integer Overflow Risk Detector
 Source  : /Users/afiaasante/Security-Code-Smells/linux/net/llc/llc_s_st.c
 Report  : /Users/afiaasante/Security-Code-Smells/results/net_scan/SCS006/llc__llc_s_st.c/llc_s_st_report_20260417_174041.txt
 Findings: /Users/afiaasante/Security-Code-Smells/results/net_scan/SCS006/llc__llc_s_st.c/llc_s_st_findings_20260417_174041.json
 Date    : Fri Apr 17 17:40:41 EDT 2026
========================================

=== Stage 1: srcml ===

real	0m0.014s
user	0m0.009s
sys	0m0.003s

=== Stage 2: srcslice ===
Writing to :: /Users/afiaasante/Security-Code-Smells/linux/net/llc/llc_s_st.c.json
Output Saved to :: /Users/afiaasante/Security-Code-Smells/linux/net/llc/llc_s_st.c.json

real	0m0.183s
user	0m0.027s
sys	0m0.003s

=== Stage 3: srcattributor ===

real	0m0.030s
user	0m0.026s
sys	0m0.004s

=== Detector 1: unchecked_multiply ===
    input  : /Users/afiaasante/Security-Code-Smells/linux/net/llc/llc_s_st.c.xml
    output : /tmp/cwe190_findings_qpNVZq

    query  : FIND $T $FUNC($PARAMS) {} CONTAINS $TYPE $RESULT = $A * $B
    note   : destructor/constructor blocks covered by XPath fallback


real	0m0.013s
user	0m0.007s
sys	0m0.004s


--- Stage 2: XPath destructor/constructor fallback ---
    no unguarded destructor/constructor multiply found

[ unchecked_multiply ] 0 finding(s) written to /tmp/cwe190_findings_qpNVZq
=== Detector 2: unchecked_add ===
    input  : /Users/afiaasante/Security-Code-Smells/linux/net/llc/llc_s_st.c.xml
    output : /tmp/cwe190_findings_qpNVZq

    query  : FIND $T $FUNC($PARAMS) {} CONTAINS $TYPE $RESULT = $A + $B
    note   : destructor/constructor blocks covered by XPath fallback


real	0m0.013s
user	0m0.007s
sys	0m0.004s


--- Stage 2: XPath destructor/constructor fallback ---
    no unguarded destructor/constructor addition found

[ unchecked_add ] 0 finding(s) written to /tmp/cwe190_findings_qpNVZq
=== Detector 3: unchecked_increment ===
    input  : /Users/afiaasante/Security-Code-Smells/linux/net/llc/llc_s_st.c.xml
    output : /tmp/cwe190_findings_qpNVZq

    strategy : XPath on srcML XML -- ancestor-scoped guard check

[ unchecked_increment ] No smell detected.
========================================
 Findings JSON
========================================

========================================
 Summary
 Total findings : 0
 Errors         : 0
 Warnings       : 0
========================================
