========================================
 CWE-190 Integer Overflow Risk Detector
 Source  : /Users/afiaasante/Security-Code-Smells/linux/net/ipv4/udp_offload.c
 Report  : /Users/afiaasante/Security-Code-Smells/results/net_scan/SCS006/ipv4__udp_offload.c/udp_offload_report_20260417_173920.txt
 Findings: /Users/afiaasante/Security-Code-Smells/results/net_scan/SCS006/ipv4__udp_offload.c/udp_offload_findings_20260417_173920.json
 Date    : Fri Apr 17 17:39:20 EDT 2026
========================================

=== Stage 1: srcml ===

real	0m0.056s
user	0m0.049s
sys	0m0.005s

=== Stage 2: srcslice ===
HERE: /Users/afiaasante/Security-Code-Smells/tools/srcslice/srcDispatch/src/policy_classes/DeclPolicy.hpp operator() 273
Writing to :: /Users/afiaasante/Security-Code-Smells/linux/net/ipv4/udp_offload.c.json
Output Saved to :: /Users/afiaasante/Security-Code-Smells/linux/net/ipv4/udp_offload.c.json

real	0m0.249s
user	0m0.106s
sys	0m0.005s

=== Stage 3: srcattributor ===

real	0m1.234s
user	0m1.211s
sys	0m0.010s

=== Detector 1: unchecked_multiply ===
    input  : /Users/afiaasante/Security-Code-Smells/linux/net/ipv4/udp_offload.c.xml
    output : /tmp/cwe190_findings_cx2GRf

    query  : FIND $T $FUNC($PARAMS) {} CONTAINS $TYPE $RESULT = $A * $B
    note   : destructor/constructor blocks covered by XPath fallback


real	0m0.025s
user	0m0.019s
sys	0m0.005s

--- Stage 1: checking srcQL result for MAX guard in <condition> ---
    no taint source -- warning/smell
    finding: /Users/afiaasante/Security-Code-Smells/linux/net/ipv4/udp_offload.c:929:44 -- udp_gro_complete() multiplies without MAX guard

--- Stage 2: XPath destructor/constructor fallback ---
    no unguarded destructor/constructor multiply found

[ unchecked_multiply ] 1 finding(s) written to /tmp/cwe190_findings_cx2GRf
=== Detector 2: unchecked_add ===
    input  : /Users/afiaasante/Security-Code-Smells/linux/net/ipv4/udp_offload.c.xml
    output : /tmp/cwe190_findings_cx2GRf

    query  : FIND $T $FUNC($PARAMS) {} CONTAINS $TYPE $RESULT = $A + $B
    note   : destructor/constructor blocks covered by XPath fallback


real	0m0.026s
user	0m0.019s
sys	0m0.005s

--- Stage 1: checking srcQL result for MAX guard in <condition> ---
    no taint source -- warning/smell
    finding: /Users/afiaasante/Security-Code-Smells/linux/net/ipv4/udp_offload.c:929:57 -- udp_gro_complete() adds without MAX guard

--- Stage 2: XPath destructor/constructor fallback ---
    no unguarded destructor/constructor addition found

[ unchecked_add ] 1 finding(s) written to /tmp/cwe190_findings_cx2GRf
=== Detector 3: unchecked_increment ===
    input  : /Users/afiaasante/Security-Code-Smells/linux/net/ipv4/udp_offload.c.xml
    output : /tmp/cwe190_findings_cx2GRf

    strategy : XPath on srcML XML -- ancestor-scoped guard check

--- extracting finding via XPath ---
    function : udp_tunnel_update_gro_rcv
    position : 94:50

    no taint source -- warning/smell
    finding: /Users/afiaasante/Security-Code-Smells/linux/net/ipv4/udp_offload.c:94:50 -- udp_tunnel_update_gro_rcv() increments without MAX guard

[ unchecked_increment ] 1 finding(s) written to /tmp/cwe190_findings_cx2GRf
========================================
 Findings JSON
========================================
{
  "detector": "unchecked_multiply",
  "severity": "warning",
  "classification": "smell",
  "rule": "integerOverflow",
  "file": "/Users/afiaasante/Security-Code-Smells/linux/net/ipv4/udp_offload.c",
  "line": 929,
  "col": 44,
  "varname": "udp_gro_complete",
  "note": {
    "line": 929,
    "col": 44,
    "message": "multiplication in udp_gro_complete() -- no upper-bound guard (INT_MAX / 2)"
  }
}
{
  "detector": "unchecked_add",
  "severity": "warning",
  "classification": "smell",
  "rule": "integerOverflow",
  "file": "/Users/afiaasante/Security-Code-Smells/linux/net/ipv4/udp_offload.c",
  "line": 929,
  "col": 57,
  "varname": "udp_gro_complete",
  "note": {
    "line": 929,
    "col": 57,
    "message": "addition in udp_gro_complete() -- no upper-bound guard before adding"
  }
}
{
  "detector": "unchecked_increment",
  "severity": "warning",
  "classification": "smell",
  "rule": "integerOverflow",
  "file": "/Users/afiaasante/Security-Code-Smells/linux/net/ipv4/udp_offload.c",
  "line": 94,
  "col": 50,
  "varname": "udp_tunnel_update_gro_rcv",
  "note": {
    "line": 94,
    "col": 50,
    "message": "increment (++) in udp_tunnel_update_gro_rcv() -- no upper-bound guard (INT_MAX check)"
  }
}

========================================
 Summary
 Total findings : 3
 Errors         : 0
 Warnings       : 3

 Breakdown by detector:
   unchecked_add             1
   unchecked_increment       1
   unchecked_multiply        1
========================================
