========================================
 CWE-195 Signed-to-Unsigned Conversion Detector
 Source  : /Users/afiaasante/Security-Code-Smells/linux/net/strparser/strparser.c
 Report  : /Users/afiaasante/Security-Code-Smells/results/net_scan/SCS007/strparser__strparser.c/strparser_report_20260417_180611.txt
 Findings: /Users/afiaasante/Security-Code-Smells/results/net_scan/SCS007/strparser__strparser.c/strparser_findings_20260417_180611.json
 Date    : Fri Apr 17 18:06:11 EDT 2026
========================================

=== Stage 1: srcml ===

real	0m0.046s
user	0m0.034s
sys	0m0.005s

=== Stage 2: srcslice ===
Writing to :: /Users/afiaasante/Security-Code-Smells/linux/net/strparser/strparser.c.json
Output Saved to :: /Users/afiaasante/Security-Code-Smells/linux/net/strparser/strparser.c.json

real	0m0.198s
user	0m0.085s
sys	0m0.006s

=== Stage 3: srcattributor ===

real	0m0.514s
user	0m0.483s
sys	0m0.010s

=== Detector 1: signed_malloc ===
    input  : /Users/afiaasante/Security-Code-Smells/linux/net/strparser/strparser.c.xml
    output : /tmp/cwe195_findings_jUMPDj

    query  : FIND $T $FUNC($PARAMS) {} CONTAINS malloc($A)
    note   : destructor/constructor blocks covered by XPath fallback


real	0m0.024s
user	0m0.015s
sys	0m0.005s


--- Stage 2: XPath destructor/constructor fallback ---
    no unguarded destructor/constructor malloc found

[ signed_malloc ] 0 finding(s) written to /tmp/cwe195_findings_jUMPDj
=== Detector 2: signed_memcpy ===
    input  : /Users/afiaasante/Security-Code-Smells/linux/net/strparser/strparser.c.xml
    output : /tmp/cwe195_findings_jUMPDj

    query  : FIND $T $FUNC($PARAMS) {} CONTAINS memcpy($A, $B, $C)

real	0m0.026s
user	0m0.015s
sys	0m0.006s

    query  : FIND $T $FUNC($PARAMS) {} CONTAINS memmove($A, $B, $C)

real	0m0.023s
user	0m0.015s
sys	0m0.005s


--- Stage 2: XPath destructor/constructor fallback ---
    no unguarded destructor/constructor memcpy/memmove found

[ signed_memcpy ] 0 finding(s) written to /tmp/cwe195_findings_jUMPDj
=== Detector 3: signed_strncpy ===
    input  : /Users/afiaasante/Security-Code-Smells/linux/net/strparser/strparser.c.xml
    output : /tmp/cwe195_findings_jUMPDj

    query  : FIND $T $FUNC($PARAMS) {} CONTAINS strncpy($A, $B, $C)
    note   : destructor/constructor blocks covered by XPath fallback


real	0m0.023s
user	0m0.014s
sys	0m0.005s


--- Stage 2: XPath destructor/constructor fallback ---
    no unguarded destructor/constructor strncpy found

[ signed_strncpy ] 0 finding(s) written to /tmp/cwe195_findings_jUMPDj
========================================
 Findings JSON
========================================

========================================
 Summary
 Total findings : 0
 Errors         : 0
 Warnings       : 0
========================================
