========================================
 CWE-190 Integer Overflow Risk Detector
 Source  : /Users/afiaasante/Security-Code-Smells/linux/net/rds/rdma.c
 Report  : /Users/afiaasante/Security-Code-Smells/results/net_scan/SCS006/rds__rdma.c/rdma_report_20260417_174344.txt
 Findings: /Users/afiaasante/Security-Code-Smells/results/net_scan/SCS006/rds__rdma.c/rdma_findings_20260417_174344.json
 Date    : Fri Apr 17 17:43:44 EDT 2026
========================================

=== Stage 1: srcml ===

real	0m0.057s
user	0m0.050s
sys	0m0.005s

=== Stage 2: srcslice ===
Writing to :: /Users/afiaasante/Security-Code-Smells/linux/net/rds/rdma.c.json
Output Saved to :: /Users/afiaasante/Security-Code-Smells/linux/net/rds/rdma.c.json

real	0m0.252s
user	0m0.109s
sys	0m0.005s

=== Stage 3: srcattributor ===

real	0m1.659s
user	0m1.602s
sys	0m0.016s

=== Detector 1: unchecked_multiply ===
    input  : /Users/afiaasante/Security-Code-Smells/linux/net/rds/rdma.c.xml
    output : /tmp/cwe190_findings_wBWap8

    query  : FIND $T $FUNC($PARAMS) {} CONTAINS $TYPE $RESULT = $A * $B
    note   : destructor/constructor blocks covered by XPath fallback


real	0m0.036s
user	0m0.017s
sys	0m0.005s


--- Stage 2: XPath destructor/constructor fallback ---
    no unguarded destructor/constructor multiply found

[ unchecked_multiply ] 0 finding(s) written to /tmp/cwe190_findings_wBWap8
=== Detector 2: unchecked_add ===
    input  : /Users/afiaasante/Security-Code-Smells/linux/net/rds/rdma.c.xml
    output : /tmp/cwe190_findings_wBWap8

    query  : FIND $T $FUNC($PARAMS) {} CONTAINS $TYPE $RESULT = $A + $B
    note   : destructor/constructor blocks covered by XPath fallback


real	0m0.027s
user	0m0.018s
sys	0m0.005s


--- Stage 2: XPath destructor/constructor fallback ---
    no unguarded destructor/constructor addition found

[ unchecked_add ] 0 finding(s) written to /tmp/cwe190_findings_wBWap8
=== Detector 3: unchecked_increment ===
    input  : /Users/afiaasante/Security-Code-Smells/linux/net/rds/rdma.c.xml
    output : /tmp/cwe190_findings_wBWap8

    strategy : XPath on srcML XML -- ancestor-scoped guard check

--- extracting finding via XPath ---
    function : __rds_rdma_map
    position : 281:42

    no taint source -- warning/smell
    finding: /Users/afiaasante/Security-Code-Smells/linux/net/rds/rdma.c:281:42 -- __rds_rdma_map() increments without MAX guard

[ unchecked_increment ] 1 finding(s) written to /tmp/cwe190_findings_wBWap8
========================================
 Findings JSON
========================================
{
  "detector": "unchecked_increment",
  "severity": "warning",
  "classification": "smell",
  "rule": "integerOverflow",
  "file": "/Users/afiaasante/Security-Code-Smells/linux/net/rds/rdma.c",
  "line": 281,
  "col": 42,
  "varname": "__rds_rdma_map",
  "note": {
    "line": 281,
    "col": 42,
    "message": "increment (++) in __rds_rdma_map() -- no upper-bound guard (INT_MAX check)"
  }
}

========================================
 Summary
 Total findings : 1
 Errors         : 0
 Warnings       : 1

 Breakdown by detector:
   unchecked_increment       1
========================================
