========================================
 CWE-190 Integer Overflow Risk Detector
 Source  : /Users/afiaasante/Security-Code-Smells/linux/net/rds/send.c
 Report  : /Users/afiaasante/Security-Code-Smells/results/net_scan/SCS006/rds__send.c/send_report_20260417_174345.txt
 Findings: /Users/afiaasante/Security-Code-Smells/results/net_scan/SCS006/rds__send.c/send_findings_20260417_174345.json
 Date    : Fri Apr 17 17:43:45 EDT 2026
========================================

=== Stage 1: srcml ===

real	0m0.075s
user	0m0.068s
sys	0m0.004s

=== Stage 2: srcslice ===
Writing to :: /Users/afiaasante/Security-Code-Smells/linux/net/rds/send.c.json
Output Saved to :: /Users/afiaasante/Security-Code-Smells/linux/net/rds/send.c.json

real	0m0.248s
user	0m0.153s
sys	0m0.005s

=== Stage 3: srcattributor ===

real	0m3.021s
user	0m2.900s
sys	0m0.029s

=== Detector 1: unchecked_multiply ===
    input  : /Users/afiaasante/Security-Code-Smells/linux/net/rds/send.c.xml
    output : /tmp/cwe190_findings_OGZxVQ

    query  : FIND $T $FUNC($PARAMS) {} CONTAINS $TYPE $RESULT = $A * $B
    note   : destructor/constructor blocks covered by XPath fallback


real	0m0.031s
user	0m0.024s
sys	0m0.005s


--- Stage 2: XPath destructor/constructor fallback ---
    no unguarded destructor/constructor multiply found

[ unchecked_multiply ] 0 finding(s) written to /tmp/cwe190_findings_OGZxVQ
=== Detector 2: unchecked_add ===
    input  : /Users/afiaasante/Security-Code-Smells/linux/net/rds/send.c.xml
    output : /tmp/cwe190_findings_OGZxVQ

    query  : FIND $T $FUNC($PARAMS) {} CONTAINS $TYPE $RESULT = $A + $B
    note   : destructor/constructor blocks covered by XPath fallback


real	0m0.031s
user	0m0.024s
sys	0m0.006s


--- Stage 2: XPath destructor/constructor fallback ---
    no unguarded destructor/constructor addition found

[ unchecked_add ] 0 finding(s) written to /tmp/cwe190_findings_OGZxVQ
=== Detector 3: unchecked_increment ===
    input  : /Users/afiaasante/Security-Code-Smells/linux/net/rds/send.c.xml
    output : /tmp/cwe190_findings_OGZxVQ

    strategy : XPath on srcML XML -- ancestor-scoped guard check

--- extracting finding via XPath ---
    function : rds_send_xmit
    position : 257:32

    no taint source -- warning/smell
    finding: /Users/afiaasante/Security-Code-Smells/linux/net/rds/send.c:257:32 -- rds_send_xmit() increments without MAX guard

[ unchecked_increment ] 1 finding(s) written to /tmp/cwe190_findings_OGZxVQ
========================================
 Findings JSON
========================================
{
  "detector": "unchecked_increment",
  "severity": "warning",
  "classification": "smell",
  "rule": "integerOverflow",
  "file": "/Users/afiaasante/Security-Code-Smells/linux/net/rds/send.c",
  "line": 257,
  "col": 32,
  "varname": "rds_send_xmit",
  "note": {
    "line": 257,
    "col": 32,
    "message": "increment (++) in rds_send_xmit() -- no upper-bound guard (INT_MAX check)"
  }
}

========================================
 Summary
 Total findings : 1
 Errors         : 0
 Warnings       : 1

 Breakdown by detector:
   unchecked_increment       1
========================================
