========================================
 CWE-190 Integer Overflow Risk Detector
 Source  : /Users/afiaasante/Security-Code-Smells/linux/net/bridge/br_mrp_switchdev.c
 Report  : /Users/afiaasante/Security-Code-Smells/results/net_scan/SCS006/bridge__br_mrp_switchdev.c/br_mrp_switchdev_report_20260417_173551.txt
 Findings: /Users/afiaasante/Security-Code-Smells/results/net_scan/SCS006/bridge__br_mrp_switchdev.c/br_mrp_switchdev_findings_20260417_173551.json
 Date    : Fri Apr 17 17:35:51 EDT 2026
========================================

=== Stage 1: srcml ===

real	0m0.030s
user	0m0.013s
sys	0m0.004s

=== Stage 2: srcslice ===
Writing to :: /Users/afiaasante/Security-Code-Smells/linux/net/bridge/br_mrp_switchdev.c.json
Output Saved to :: /Users/afiaasante/Security-Code-Smells/linux/net/bridge/br_mrp_switchdev.c.json

real	0m0.194s
user	0m0.029s
sys	0m0.005s

=== Stage 3: srcattributor ===

real	0m0.094s
user	0m0.086s
sys	0m0.004s

=== Detector 1: unchecked_multiply ===
    input  : /Users/afiaasante/Security-Code-Smells/linux/net/bridge/br_mrp_switchdev.c.xml
    output : /tmp/cwe190_findings_wA1eOF

    query  : FIND $T $FUNC($PARAMS) {} CONTAINS $TYPE $RESULT = $A * $B
    note   : destructor/constructor blocks covered by XPath fallback


real	0m0.010s
user	0m0.005s
sys	0m0.002s


--- Stage 2: XPath destructor/constructor fallback ---
    no unguarded destructor/constructor multiply found

[ unchecked_multiply ] 0 finding(s) written to /tmp/cwe190_findings_wA1eOF
=== Detector 2: unchecked_add ===
    input  : /Users/afiaasante/Security-Code-Smells/linux/net/bridge/br_mrp_switchdev.c.xml
    output : /tmp/cwe190_findings_wA1eOF

    query  : FIND $T $FUNC($PARAMS) {} CONTAINS $TYPE $RESULT = $A + $B
    note   : destructor/constructor blocks covered by XPath fallback


real	0m0.012s
user	0m0.007s
sys	0m0.004s


--- Stage 2: XPath destructor/constructor fallback ---
    no unguarded destructor/constructor addition found

[ unchecked_add ] 0 finding(s) written to /tmp/cwe190_findings_wA1eOF
=== Detector 3: unchecked_increment ===
    input  : /Users/afiaasante/Security-Code-Smells/linux/net/bridge/br_mrp_switchdev.c.xml
    output : /tmp/cwe190_findings_wA1eOF

    strategy : XPath on srcML XML -- ancestor-scoped guard check

[ unchecked_increment ] No smell detected.
========================================
 Findings JSON
========================================

========================================
 Summary
 Total findings : 0
 Errors         : 0
 Warnings       : 0
========================================
