========================================
 CWE-190 Integer Overflow Risk Detector
 Source  : /Users/afiaasante/Security-Code-Smells/linux/net/sunrpc/socklib.c
 Report  : /Users/afiaasante/Security-Code-Smells/results/net_scan/SCS006/sunrpc__socklib.c/socklib_report_20260417_174536.txt
 Findings: /Users/afiaasante/Security-Code-Smells/results/net_scan/SCS006/sunrpc__socklib.c/socklib_findings_20260417_174536.json
 Date    : Fri Apr 17 17:45:36 EDT 2026
========================================

=== Stage 1: srcml ===

real	0m0.025s
user	0m0.020s
sys	0m0.004s

=== Stage 2: srcslice ===
Writing to :: /Users/afiaasante/Security-Code-Smells/linux/net/sunrpc/socklib.c.json
Output Saved to :: /Users/afiaasante/Security-Code-Smells/linux/net/sunrpc/socklib.c.json

real	0m0.188s
user	0m0.051s
sys	0m0.004s

=== Stage 3: srcattributor ===

real	0m0.213s
user	0m0.203s
sys	0m0.006s

=== Detector 1: unchecked_multiply ===
    input  : /Users/afiaasante/Security-Code-Smells/linux/net/sunrpc/socklib.c.xml
    output : /tmp/cwe190_findings_FtlClG

    query  : FIND $T $FUNC($PARAMS) {} CONTAINS $TYPE $RESULT = $A * $B
    note   : destructor/constructor blocks covered by XPath fallback


real	0m0.016s
user	0m0.011s
sys	0m0.004s


--- Stage 2: XPath destructor/constructor fallback ---
    no unguarded destructor/constructor multiply found

[ unchecked_multiply ] 0 finding(s) written to /tmp/cwe190_findings_FtlClG
=== Detector 2: unchecked_add ===
    input  : /Users/afiaasante/Security-Code-Smells/linux/net/sunrpc/socklib.c.xml
    output : /tmp/cwe190_findings_FtlClG

    query  : FIND $T $FUNC($PARAMS) {} CONTAINS $TYPE $RESULT = $A + $B
    note   : destructor/constructor blocks covered by XPath fallback


real	0m0.019s
user	0m0.012s
sys	0m0.005s

--- Stage 1: checking srcQL result for MAX guard in <condition> ---
    no taint source -- warning/smell
    finding: /Users/afiaasante/Security-Code-Smells/linux/net/sunrpc/socklib.c:67:42 -- xdr_partial_copy_from_skb() adds without MAX guard

--- Stage 2: XPath destructor/constructor fallback ---
    no unguarded destructor/constructor addition found

[ unchecked_add ] 1 finding(s) written to /tmp/cwe190_findings_FtlClG
=== Detector 3: unchecked_increment ===
    input  : /Users/afiaasante/Security-Code-Smells/linux/net/sunrpc/socklib.c.xml
    output : /tmp/cwe190_findings_FtlClG

    strategy : XPath on srcML XML -- ancestor-scoped guard check

--- extracting finding via XPath ---
    function : xdr_partial_copy_from_skb
    position : 105:22

    no taint source -- warning/smell
    finding: /Users/afiaasante/Security-Code-Smells/linux/net/sunrpc/socklib.c:105:22 -- xdr_partial_copy_from_skb() increments without MAX guard

[ unchecked_increment ] 1 finding(s) written to /tmp/cwe190_findings_FtlClG
========================================
 Findings JSON
========================================
{
  "detector": "unchecked_add",
  "severity": "warning",
  "classification": "smell",
  "rule": "integerOverflow",
  "file": "/Users/afiaasante/Security-Code-Smells/linux/net/sunrpc/socklib.c",
  "line": 67,
  "col": 42,
  "varname": "xdr_partial_copy_from_skb",
  "note": {
    "line": 67,
    "col": 42,
    "message": "addition in xdr_partial_copy_from_skb() -- no upper-bound guard before adding"
  }
}
{
  "detector": "unchecked_increment",
  "severity": "warning",
  "classification": "smell",
  "rule": "integerOverflow",
  "file": "/Users/afiaasante/Security-Code-Smells/linux/net/sunrpc/socklib.c",
  "line": 105,
  "col": 22,
  "varname": "xdr_partial_copy_from_skb",
  "note": {
    "line": 105,
    "col": 22,
    "message": "increment (++) in xdr_partial_copy_from_skb() -- no upper-bound guard (INT_MAX check)"
  }
}

========================================
 Summary
 Total findings : 2
 Errors         : 0
 Warnings       : 2

 Breakdown by detector:
   unchecked_add             1
   unchecked_increment       1
========================================
