========================================
 CWE-195 Signed-to-Unsigned Conversion Detector
 Source  : /Users/afiaasante/Security-Code-Smells/linux/net/ipv6/netfilter/ip6_tables.c
 Report  : /Users/afiaasante/Security-Code-Smells/results/net_scan/SCS007/ipv6__netfilter__ip6_tables.c/ip6_tables_report_20260417_175936.txt
 Findings: /Users/afiaasante/Security-Code-Smells/results/net_scan/SCS007/ipv6__netfilter__ip6_tables.c/ip6_tables_findings_20260417_175936.json
 Date    : Fri Apr 17 17:59:36 EDT 2026
========================================

=== Stage 1: srcml ===

real	0m0.140s
user	0m0.124s
sys	0m0.008s

=== Stage 2: srcslice ===
Writing to :: /Users/afiaasante/Security-Code-Smells/linux/net/ipv6/netfilter/ip6_tables.c.json
Output Saved to :: /Users/afiaasante/Security-Code-Smells/linux/net/ipv6/netfilter/ip6_tables.c.json

real	0m0.375s
user	0m0.241s
sys	0m0.009s

=== Stage 3: srcattributor ===

real	0m9.126s
user	0m8.218s
sys	0m0.134s

=== Detector 1: signed_malloc ===
    input  : /Users/afiaasante/Security-Code-Smells/linux/net/ipv6/netfilter/ip6_tables.c.xml
    output : /tmp/cwe195_findings_BbDU3t

    query  : FIND $T $FUNC($PARAMS) {} CONTAINS malloc($A)
    note   : destructor/constructor blocks covered by XPath fallback


real	0m0.051s
user	0m0.037s
sys	0m0.006s


--- Stage 2: XPath destructor/constructor fallback ---
    no unguarded destructor/constructor malloc found

[ signed_malloc ] 0 finding(s) written to /tmp/cwe195_findings_BbDU3t
=== Detector 2: signed_memcpy ===
    input  : /Users/afiaasante/Security-Code-Smells/linux/net/ipv6/netfilter/ip6_tables.c.xml
    output : /tmp/cwe195_findings_BbDU3t

    query  : FIND $T $FUNC($PARAMS) {} CONTAINS memcpy($A, $B, $C)

real	0m0.051s
user	0m0.039s
sys	0m0.007s

--- Stage 1 (memcpy): checking srcQL result for positivity guard in <condition> ---
    guarded -- > operator found in condition, no finding
    query  : FIND $T $FUNC($PARAMS) {} CONTAINS memmove($A, $B, $C)

real	0m0.045s
user	0m0.037s
sys	0m0.006s


--- Stage 2: XPath destructor/constructor fallback ---
    no unguarded destructor/constructor memcpy/memmove found

[ signed_memcpy ] 0 finding(s) written to /tmp/cwe195_findings_BbDU3t
=== Detector 3: signed_strncpy ===
    input  : /Users/afiaasante/Security-Code-Smells/linux/net/ipv6/netfilter/ip6_tables.c.xml
    output : /tmp/cwe195_findings_BbDU3t

    query  : FIND $T $FUNC($PARAMS) {} CONTAINS strncpy($A, $B, $C)
    note   : destructor/constructor blocks covered by XPath fallback


real	0m0.052s
user	0m0.038s
sys	0m0.007s


--- Stage 2: XPath destructor/constructor fallback ---
    no unguarded destructor/constructor strncpy found

[ signed_strncpy ] 0 finding(s) written to /tmp/cwe195_findings_BbDU3t
========================================
 Findings JSON
========================================

========================================
 Summary
 Total findings : 0
 Errors         : 0
 Warnings       : 0
========================================
