========================================
 CWE-190 Integer Overflow Risk Detector
 Source  : /Users/afiaasante/Security-Code-Smells/linux/net/vmw_vsock/af_vsock.c
 Report  : /Users/afiaasante/Security-Code-Smells/results/net_scan/SCS006/vmw_vsock__af_vsock.c/af_vsock_report_20260417_174618.txt
 Findings: /Users/afiaasante/Security-Code-Smells/results/net_scan/SCS006/vmw_vsock__af_vsock.c/af_vsock_findings_20260417_174618.json
 Date    : Fri Apr 17 17:46:18 EDT 2026
========================================

=== Stage 1: srcml ===

real	0m0.150s
user	0m0.139s
sys	0m0.006s

=== Stage 2: srcslice ===
Writing to :: /Users/afiaasante/Security-Code-Smells/linux/net/vmw_vsock/af_vsock.c.json
Output Saved to :: /Users/afiaasante/Security-Code-Smells/linux/net/vmw_vsock/af_vsock.c.json

real	0m0.372s
user	0m0.273s
sys	0m0.008s

=== Stage 3: srcattributor ===

real	0m11.578s
user	0m11.165s
sys	0m0.097s

=== Detector 1: unchecked_multiply ===
    input  : /Users/afiaasante/Security-Code-Smells/linux/net/vmw_vsock/af_vsock.c.xml
    output : /tmp/cwe190_findings_AX1OxP

    query  : FIND $T $FUNC($PARAMS) {} CONTAINS $TYPE $RESULT = $A * $B
    note   : destructor/constructor blocks covered by XPath fallback


real	0m0.050s
user	0m0.041s
sys	0m0.005s


--- Stage 2: XPath destructor/constructor fallback ---
    no unguarded destructor/constructor multiply found

[ unchecked_multiply ] 0 finding(s) written to /tmp/cwe190_findings_AX1OxP
=== Detector 2: unchecked_add ===
    input  : /Users/afiaasante/Security-Code-Smells/linux/net/vmw_vsock/af_vsock.c.xml
    output : /tmp/cwe190_findings_AX1OxP

    query  : FIND $T $FUNC($PARAMS) {} CONTAINS $TYPE $RESULT = $A + $B
    note   : destructor/constructor blocks covered by XPath fallback


real	0m0.048s
user	0m0.040s
sys	0m0.007s


--- Stage 2: XPath destructor/constructor fallback ---
    no unguarded destructor/constructor addition found

[ unchecked_add ] 0 finding(s) written to /tmp/cwe190_findings_AX1OxP
=== Detector 3: unchecked_increment ===
    input  : /Users/afiaasante/Security-Code-Smells/linux/net/vmw_vsock/af_vsock.c.xml
    output : /tmp/cwe190_findings_AX1OxP

    strategy : XPath on srcML XML -- ancestor-scoped guard check

--- extracting finding via XPath ---
    function : vsock_init_tables
    position : 266:56

    no taint source -- warning/smell
    finding: /Users/afiaasante/Security-Code-Smells/linux/net/vmw_vsock/af_vsock.c:266:56 -- vsock_init_tables() increments without MAX guard

[ unchecked_increment ] 1 finding(s) written to /tmp/cwe190_findings_AX1OxP
========================================
 Findings JSON
========================================
{
  "detector": "unchecked_increment",
  "severity": "warning",
  "classification": "smell",
  "rule": "integerOverflow",
  "file": "/Users/afiaasante/Security-Code-Smells/linux/net/vmw_vsock/af_vsock.c",
  "line": 266,
  "col": 56,
  "varname": "vsock_init_tables",
  "note": {
    "line": 266,
    "col": 56,
    "message": "increment (++) in vsock_init_tables() -- no upper-bound guard (INT_MAX check)"
  }
}

========================================
 Summary
 Total findings : 1
 Errors         : 0
 Warnings       : 1

 Breakdown by detector:
   unchecked_increment       1
========================================
