========================================
 CWE-195 Signed-to-Unsigned Conversion Detector
 Source  : /Users/afiaasante/Security-Code-Smells/linux/net/mac80211/tkip.c
 Report  : /Users/afiaasante/Security-Code-Smells/results/net_scan/SCS007/mac80211__tkip.c/tkip_report_20260417_180103.txt
 Findings: /Users/afiaasante/Security-Code-Smells/results/net_scan/SCS007/mac80211__tkip.c/tkip_findings_20260417_180103.json
 Date    : Fri Apr 17 18:01:03 EDT 2026
========================================

=== Stage 1: srcml ===

real	0m0.041s
user	0m0.031s
sys	0m0.004s

=== Stage 2: srcslice ===
Writing to :: /Users/afiaasante/Security-Code-Smells/linux/net/mac80211/tkip.c.json
Output Saved to :: /Users/afiaasante/Security-Code-Smells/linux/net/mac80211/tkip.c.json

real	0m0.194s
user	0m0.071s
sys	0m0.005s

=== Stage 3: srcattributor ===

real	0m0.352s
user	0m0.308s
sys	0m0.009s

=== Detector 1: signed_malloc ===
    input  : /Users/afiaasante/Security-Code-Smells/linux/net/mac80211/tkip.c.xml
    output : /tmp/cwe195_findings_xglCja

    query  : FIND $T $FUNC($PARAMS) {} CONTAINS malloc($A)
    note   : destructor/constructor blocks covered by XPath fallback


real	0m0.025s
user	0m0.014s
sys	0m0.005s


--- Stage 2: XPath destructor/constructor fallback ---
    no unguarded destructor/constructor malloc found

[ signed_malloc ] 0 finding(s) written to /tmp/cwe195_findings_xglCja
=== Detector 2: signed_memcpy ===
    input  : /Users/afiaasante/Security-Code-Smells/linux/net/mac80211/tkip.c.xml
    output : /tmp/cwe195_findings_xglCja

    query  : FIND $T $FUNC($PARAMS) {} CONTAINS memcpy($A, $B, $C)

real	0m0.023s
user	0m0.014s
sys	0m0.006s

--- Stage 1 (memcpy): checking srcQL result for positivity guard in <condition> ---
    no taint source -- warning/smell
    finding: /Users/afiaasante/Security-Code-Smells/linux/net/mac80211/tkip.c:180:9 -- ieee80211_get_tkip_p1k_iv() memcpy without positivity guard
    query  : FIND $T $FUNC($PARAMS) {} CONTAINS memmove($A, $B, $C)

real	0m0.029s
user	0m0.014s
sys	0m0.006s


--- Stage 2: XPath destructor/constructor fallback ---

[ signed_memcpy ] 1 finding(s) written to /tmp/cwe195_findings_xglCja
=== Detector 3: signed_strncpy ===
    input  : /Users/afiaasante/Security-Code-Smells/linux/net/mac80211/tkip.c.xml
    output : /tmp/cwe195_findings_xglCja

    query  : FIND $T $FUNC($PARAMS) {} CONTAINS strncpy($A, $B, $C)
    note   : destructor/constructor blocks covered by XPath fallback


real	0m0.027s
user	0m0.014s
sys	0m0.006s


--- Stage 2: XPath destructor/constructor fallback ---
    no unguarded destructor/constructor strncpy found

[ signed_strncpy ] 0 finding(s) written to /tmp/cwe195_findings_xglCja
========================================
 Findings JSON
========================================
{
  "detector": "signed_memcpy",
  "severity": "warning",
  "classification": "smell",
  "rule": "signedUnsignedConversion",
  "file": "/Users/afiaasante/Security-Code-Smells/linux/net/mac80211/tkip.c",
  "line": 180,
  "col": 9,
  "varname": "ieee80211_get_tkip_p1k_iv",
  "note": {
    "line": 180,
    "col": 9,
    "message": "memcpy() in ieee80211_get_tkip_p1k_iv() -- signed int passed as byte count with no positivity guard (data > 0)"
  }
}

========================================
 Summary
 Total findings : 1
 Errors         : 0
 Warnings       : 1

 Breakdown by detector:
   signed_memcpy             1
========================================
