========================================
 CWE-190 Integer Overflow Risk Detector
 Source  : /Users/afiaasante/Security-Code-Smells/linux/net/ipv4/tcp_illinois.c
 Report  : /Users/afiaasante/Security-Code-Smells/results/net_scan/SCS006/ipv4__tcp_illinois.c/tcp_illinois_report_20260417_173909.txt
 Findings: /Users/afiaasante/Security-Code-Smells/results/net_scan/SCS006/ipv4__tcp_illinois.c/tcp_illinois_findings_20260417_173909.json
 Date    : Fri Apr 17 17:39:09 EDT 2026
========================================

=== Stage 1: srcml ===

real	0m0.026s
user	0m0.020s
sys	0m0.005s

=== Stage 2: srcslice ===
Writing to :: /Users/afiaasante/Security-Code-Smells/linux/net/ipv4/tcp_illinois.c.json
Output Saved to :: /Users/afiaasante/Security-Code-Smells/linux/net/ipv4/tcp_illinois.c.json

real	0m0.183s
user	0m0.043s
sys	0m0.003s

=== Stage 3: srcattributor ===

real	0m0.137s
user	0m0.132s
sys	0m0.004s

=== Detector 1: unchecked_multiply ===
    input  : /Users/afiaasante/Security-Code-Smells/linux/net/ipv4/tcp_illinois.c.xml
    output : /tmp/cwe190_findings_I4wMzq

    query  : FIND $T $FUNC($PARAMS) {} CONTAINS $TYPE $RESULT = $A * $B
    note   : destructor/constructor blocks covered by XPath fallback


real	0m0.015s
user	0m0.010s
sys	0m0.004s


--- Stage 2: XPath destructor/constructor fallback ---
    no unguarded destructor/constructor multiply found

[ unchecked_multiply ] 0 finding(s) written to /tmp/cwe190_findings_I4wMzq
=== Detector 2: unchecked_add ===
    input  : /Users/afiaasante/Security-Code-Smells/linux/net/ipv4/tcp_illinois.c.xml
    output : /tmp/cwe190_findings_I4wMzq

    query  : FIND $T $FUNC($PARAMS) {} CONTAINS $TYPE $RESULT = $A + $B
    note   : destructor/constructor blocks covered by XPath fallback


real	0m0.014s
user	0m0.009s
sys	0m0.003s


--- Stage 2: XPath destructor/constructor fallback ---
    no unguarded destructor/constructor addition found

[ unchecked_add ] 0 finding(s) written to /tmp/cwe190_findings_I4wMzq
=== Detector 3: unchecked_increment ===
    input  : /Users/afiaasante/Security-Code-Smells/linux/net/ipv4/tcp_illinois.c.xml
    output : /tmp/cwe190_findings_I4wMzq

    strategy : XPath on srcML XML -- ancestor-scoped guard check

--- extracting finding via XPath ---
    function : tcp_illinois_acked
    position : 109:9

    no taint source -- warning/smell
    finding: /Users/afiaasante/Security-Code-Smells/linux/net/ipv4/tcp_illinois.c:109:9 -- tcp_illinois_acked() increments without MAX guard

[ unchecked_increment ] 1 finding(s) written to /tmp/cwe190_findings_I4wMzq
========================================
 Findings JSON
========================================
{
  "detector": "unchecked_increment",
  "severity": "warning",
  "classification": "smell",
  "rule": "integerOverflow",
  "file": "/Users/afiaasante/Security-Code-Smells/linux/net/ipv4/tcp_illinois.c",
  "line": 109,
  "col": 9,
  "varname": "tcp_illinois_acked",
  "note": {
    "line": 109,
    "col": 9,
    "message": "increment (++) in tcp_illinois_acked() -- no upper-bound guard (INT_MAX check)"
  }
}

========================================
 Summary
 Total findings : 1
 Errors         : 0
 Warnings       : 1

 Breakdown by detector:
   unchecked_increment       1
========================================
