========================================
 CWE-195 Signed-to-Unsigned Conversion Detector
 Source  : /Users/afiaasante/Security-Code-Smells/linux/net/mac80211/util.c
 Report  : /Users/afiaasante/Security-Code-Smells/results/net_scan/SCS007/mac80211__util.c/util_report_20260417_180105.txt
 Findings: /Users/afiaasante/Security-Code-Smells/results/net_scan/SCS007/mac80211__util.c/util_findings_20260417_180105.json
 Date    : Fri Apr 17 18:01:05 EDT 2026
========================================

=== Stage 1: srcml ===

real	0m0.309s
user	0m0.264s
sys	0m0.011s

=== Stage 2: srcslice ===
Writing to :: /Users/afiaasante/Security-Code-Smells/linux/net/mac80211/util.c.json
Output Saved to :: /Users/afiaasante/Security-Code-Smells/linux/net/mac80211/util.c.json

real	0m0.833s
user	0m0.511s
sys	0m0.017s

=== Stage 3: srcattributor ===

real	0m44.601s
user	0m39.969s
sys	0m0.445s

=== Detector 1: signed_malloc ===
    input  : /Users/afiaasante/Security-Code-Smells/linux/net/mac80211/util.c.xml
    output : /tmp/cwe195_findings_j90OfS

    query  : FIND $T $FUNC($PARAMS) {} CONTAINS malloc($A)
    note   : destructor/constructor blocks covered by XPath fallback


real	0m0.105s
user	0m0.076s
sys	0m0.010s


--- Stage 2: XPath destructor/constructor fallback ---
    no unguarded destructor/constructor malloc found

[ signed_malloc ] 0 finding(s) written to /tmp/cwe195_findings_j90OfS
=== Detector 2: signed_memcpy ===
    input  : /Users/afiaasante/Security-Code-Smells/linux/net/mac80211/util.c.xml
    output : /tmp/cwe195_findings_j90OfS

    query  : FIND $T $FUNC($PARAMS) {} CONTAINS memcpy($A, $B, $C)

real	0m0.101s
user	0m0.075s
sys	0m0.012s

--- Stage 1 (memcpy): checking srcQL result for positivity guard in <condition> ---
    guarded -- > operator found in condition, no finding
    query  : FIND $T $FUNC($PARAMS) {} CONTAINS memmove($A, $B, $C)

real	0m0.091s
user	0m0.074s
sys	0m0.011s


--- Stage 2: XPath destructor/constructor fallback ---
    no unguarded destructor/constructor memcpy/memmove found

[ signed_memcpy ] 0 finding(s) written to /tmp/cwe195_findings_j90OfS
=== Detector 3: signed_strncpy ===
    input  : /Users/afiaasante/Security-Code-Smells/linux/net/mac80211/util.c.xml
    output : /tmp/cwe195_findings_j90OfS

    query  : FIND $T $FUNC($PARAMS) {} CONTAINS strncpy($A, $B, $C)
    note   : destructor/constructor blocks covered by XPath fallback


real	0m0.098s
user	0m0.076s
sys	0m0.011s


--- Stage 2: XPath destructor/constructor fallback ---
    no unguarded destructor/constructor strncpy found

[ signed_strncpy ] 0 finding(s) written to /tmp/cwe195_findings_j90OfS
========================================
 Findings JSON
========================================

========================================
 Summary
 Total findings : 0
 Errors         : 0
 Warnings       : 0
========================================
