========================================
 CWE-195 Signed-to-Unsigned Conversion Detector
 Source  : /Users/afiaasante/Security-Code-Smells/linux/net/caif/cfdbgl.c
 Report  : /Users/afiaasante/Security-Code-Smells/results/net_scan/SCS007/caif__cfdbgl.c/cfdbgl_report_20260417_175341.txt
 Findings: /Users/afiaasante/Security-Code-Smells/results/net_scan/SCS007/caif__cfdbgl.c/cfdbgl_findings_20260417_175341.json
 Date    : Fri Apr 17 17:53:41 EDT 2026
========================================

=== Stage 1: srcml ===

real	0m0.022s
user	0m0.010s
sys	0m0.005s

=== Stage 2: srcslice ===
Writing to :: /Users/afiaasante/Security-Code-Smells/linux/net/caif/cfdbgl.c.json
Output Saved to :: /Users/afiaasante/Security-Code-Smells/linux/net/caif/cfdbgl.c.json

real	0m0.195s
user	0m0.030s
sys	0m0.004s

=== Stage 3: srcattributor ===

real	0m0.031s
user	0m0.020s
sys	0m0.005s

=== Detector 1: signed_malloc ===
    input  : /Users/afiaasante/Security-Code-Smells/linux/net/caif/cfdbgl.c.xml
    output : /tmp/cwe195_findings_0Dv1tU

    query  : FIND $T $FUNC($PARAMS) {} CONTAINS malloc($A)
    note   : destructor/constructor blocks covered by XPath fallback


real	0m0.018s
user	0m0.008s
sys	0m0.005s


--- Stage 2: XPath destructor/constructor fallback ---
    no unguarded destructor/constructor malloc found

[ signed_malloc ] 0 finding(s) written to /tmp/cwe195_findings_0Dv1tU
=== Detector 2: signed_memcpy ===
    input  : /Users/afiaasante/Security-Code-Smells/linux/net/caif/cfdbgl.c.xml
    output : /tmp/cwe195_findings_0Dv1tU

    query  : FIND $T $FUNC($PARAMS) {} CONTAINS memcpy($A, $B, $C)

real	0m0.019s
user	0m0.008s
sys	0m0.004s

    query  : FIND $T $FUNC($PARAMS) {} CONTAINS memmove($A, $B, $C)

real	0m0.012s
user	0m0.007s
sys	0m0.004s


--- Stage 2: XPath destructor/constructor fallback ---
    no unguarded destructor/constructor memcpy/memmove found

[ signed_memcpy ] 0 finding(s) written to /tmp/cwe195_findings_0Dv1tU
=== Detector 3: signed_strncpy ===
    input  : /Users/afiaasante/Security-Code-Smells/linux/net/caif/cfdbgl.c.xml
    output : /tmp/cwe195_findings_0Dv1tU

    query  : FIND $T $FUNC($PARAMS) {} CONTAINS strncpy($A, $B, $C)
    note   : destructor/constructor blocks covered by XPath fallback


real	0m0.018s
user	0m0.008s
sys	0m0.005s


--- Stage 2: XPath destructor/constructor fallback ---
    no unguarded destructor/constructor strncpy found

[ signed_strncpy ] 0 finding(s) written to /tmp/cwe195_findings_0Dv1tU
========================================
 Findings JSON
========================================

========================================
 Summary
 Total findings : 0
 Errors         : 0
 Warnings       : 0
========================================
