========================================
 CWE-190 Integer Overflow Risk Detector
 Source  : /Users/afiaasante/Security-Code-Smells/linux/net/mac80211/tkip.c
 Report  : /Users/afiaasante/Security-Code-Smells/results/net_scan/SCS006/mac80211__tkip.c/tkip_report_20260417_174114.txt
 Findings: /Users/afiaasante/Security-Code-Smells/results/net_scan/SCS006/mac80211__tkip.c/tkip_findings_20260417_174114.json
 Date    : Fri Apr 17 17:41:14 EDT 2026
========================================

=== Stage 1: srcml ===

real	0m0.030s
user	0m0.024s
sys	0m0.004s

=== Stage 2: srcslice ===
Writing to :: /Users/afiaasante/Security-Code-Smells/linux/net/mac80211/tkip.c.json
Output Saved to :: /Users/afiaasante/Security-Code-Smells/linux/net/mac80211/tkip.c.json

real	0m0.188s
user	0m0.058s
sys	0m0.004s

=== Stage 3: srcattributor ===

real	0m0.264s
user	0m0.253s
sys	0m0.006s

=== Detector 1: unchecked_multiply ===
    input  : /Users/afiaasante/Security-Code-Smells/linux/net/mac80211/tkip.c.xml
    output : /tmp/cwe190_findings_t2pkwy

    query  : FIND $T $FUNC($PARAMS) {} CONTAINS $TYPE $RESULT = $A * $B
    note   : destructor/constructor blocks covered by XPath fallback


real	0m0.018s
user	0m0.012s
sys	0m0.005s

--- Stage 1: checking srcQL result for MAX guard in <condition> ---
    no taint source -- warning/smell
    finding: /Users/afiaasante/Security-Code-Smells/linux/net/mac80211/tkip.c:174:59 -- ieee80211_get_tkip_p1k_iv() multiplies without MAX guard

--- Stage 2: XPath destructor/constructor fallback ---
    no unguarded destructor/constructor multiply found

[ unchecked_multiply ] 1 finding(s) written to /tmp/cwe190_findings_t2pkwy
=== Detector 2: unchecked_add ===
    input  : /Users/afiaasante/Security-Code-Smells/linux/net/mac80211/tkip.c.xml
    output : /tmp/cwe190_findings_t2pkwy

    query  : FIND $T $FUNC($PARAMS) {} CONTAINS $TYPE $RESULT = $A + $B
    note   : destructor/constructor blocks covered by XPath fallback


real	0m0.018s
user	0m0.012s
sys	0m0.004s

--- Stage 1: checking srcQL result for MAX guard in <condition> ---
    no taint source -- warning/smell
    finding: /Users/afiaasante/Security-Code-Smells/linux/net/mac80211/tkip.c:204:36 -- ieee80211_get_tkip_p2k() adds without MAX guard

--- Stage 2: XPath destructor/constructor fallback ---
    no unguarded destructor/constructor addition found

[ unchecked_add ] 1 finding(s) written to /tmp/cwe190_findings_t2pkwy
=== Detector 3: unchecked_increment ===
    input  : /Users/afiaasante/Security-Code-Smells/linux/net/mac80211/tkip.c.xml
    output : /tmp/cwe190_findings_t2pkwy

    strategy : XPath on srcML XML -- ancestor-scoped guard check

--- extracting finding via XPath ---
    function : write_tkip_iv
    position : 69:13

    no taint source -- warning/smell
    finding: /Users/afiaasante/Security-Code-Smells/linux/net/mac80211/tkip.c:69:13 -- write_tkip_iv() increments without MAX guard

[ unchecked_increment ] 1 finding(s) written to /tmp/cwe190_findings_t2pkwy
========================================
 Findings JSON
========================================
{
  "detector": "unchecked_multiply",
  "severity": "warning",
  "classification": "smell",
  "rule": "integerOverflow",
  "file": "/Users/afiaasante/Security-Code-Smells/linux/net/mac80211/tkip.c",
  "line": 174,
  "col": 59,
  "varname": "ieee80211_get_tkip_p1k_iv",
  "note": {
    "line": 174,
    "col": 59,
    "message": "multiplication in ieee80211_get_tkip_p1k_iv() -- no upper-bound guard (INT_MAX / 2)"
  }
}
{
  "detector": "unchecked_add",
  "severity": "warning",
  "classification": "smell",
  "rule": "integerOverflow",
  "file": "/Users/afiaasante/Security-Code-Smells/linux/net/mac80211/tkip.c",
  "line": 204,
  "col": 36,
  "varname": "ieee80211_get_tkip_p2k",
  "note": {
    "line": 204,
    "col": 36,
    "message": "addition in ieee80211_get_tkip_p2k() -- no upper-bound guard before adding"
  }
}
{
  "detector": "unchecked_increment",
  "severity": "warning",
  "classification": "smell",
  "rule": "integerOverflow",
  "file": "/Users/afiaasante/Security-Code-Smells/linux/net/mac80211/tkip.c",
  "line": 69,
  "col": 13,
  "varname": "write_tkip_iv",
  "note": {
    "line": 69,
    "col": 13,
    "message": "increment (++) in write_tkip_iv() -- no upper-bound guard (INT_MAX check)"
  }
}

========================================
 Summary
 Total findings : 3
 Errors         : 0
 Warnings       : 3

 Breakdown by detector:
   unchecked_add             1
   unchecked_increment       1
   unchecked_multiply        1
========================================
