========================================
 CWE-195 Signed-to-Unsigned Conversion Detector
 Source  : /Users/afiaasante/Security-Code-Smells/linux/net/rose/rose_route.c
 Report  : /Users/afiaasante/Security-Code-Smells/results/net_scan/SCS007/rose__rose_route.c/rose_route_report_20260417_180425.txt
 Findings: /Users/afiaasante/Security-Code-Smells/results/net_scan/SCS007/rose__rose_route.c/rose_route_findings_20260417_180425.json
 Date    : Fri Apr 17 18:04:25 EDT 2026
========================================

=== Stage 1: srcml ===

real	0m0.087s
user	0m0.077s
sys	0m0.006s

=== Stage 2: srcslice ===
Writing to :: /Users/afiaasante/Security-Code-Smells/linux/net/rose/rose_route.c.json
Output Saved to :: /Users/afiaasante/Security-Code-Smells/linux/net/rose/rose_route.c.json

real	0m0.309s
user	0m0.170s
sys	0m0.006s

=== Stage 3: srcattributor ===

real	0m3.668s
user	0m3.143s
sys	0m0.049s

=== Detector 1: signed_malloc ===
    input  : /Users/afiaasante/Security-Code-Smells/linux/net/rose/rose_route.c.xml
    output : /tmp/cwe195_findings_l804SS

    query  : FIND $T $FUNC($PARAMS) {} CONTAINS malloc($A)
    note   : destructor/constructor blocks covered by XPath fallback


real	0m0.035s
user	0m0.026s
sys	0m0.005s


--- Stage 2: XPath destructor/constructor fallback ---
    no unguarded destructor/constructor malloc found

[ signed_malloc ] 0 finding(s) written to /tmp/cwe195_findings_l804SS
=== Detector 2: signed_memcpy ===
    input  : /Users/afiaasante/Security-Code-Smells/linux/net/rose/rose_route.c.xml
    output : /tmp/cwe195_findings_l804SS

    query  : FIND $T $FUNC($PARAMS) {} CONTAINS memcpy($A, $B, $C)

real	0m0.034s
user	0m0.026s
sys	0m0.006s

    query  : FIND $T $FUNC($PARAMS) {} CONTAINS memmove($A, $B, $C)

real	0m0.037s
user	0m0.026s
sys	0m0.006s

--- Stage 1 (memmove): checking srcQL result for positivity guard in <condition> ---
    no taint source -- warning/smell
    finding: /Users/afiaasante/Security-Code-Smells/linux/net/rose/rose_route.c:505:33 -- rose_rt_device_down() memmove without positivity guard

--- Stage 2: XPath destructor/constructor fallback ---

[ signed_memcpy ] 1 finding(s) written to /tmp/cwe195_findings_l804SS
=== Detector 3: signed_strncpy ===
    input  : /Users/afiaasante/Security-Code-Smells/linux/net/rose/rose_route.c.xml
    output : /tmp/cwe195_findings_l804SS

    query  : FIND $T $FUNC($PARAMS) {} CONTAINS strncpy($A, $B, $C)
    note   : destructor/constructor blocks covered by XPath fallback


real	0m0.033s
user	0m0.026s
sys	0m0.005s


--- Stage 2: XPath destructor/constructor fallback ---
    no unguarded destructor/constructor strncpy found

[ signed_strncpy ] 0 finding(s) written to /tmp/cwe195_findings_l804SS
========================================
 Findings JSON
========================================
{
  "detector": "signed_memcpy",
  "severity": "warning",
  "classification": "smell",
  "rule": "signedUnsignedConversion",
  "file": "/Users/afiaasante/Security-Code-Smells/linux/net/rose/rose_route.c",
  "line": 505,
  "col": 33,
  "varname": "rose_rt_device_down",
  "note": {
    "line": 505,
    "col": 33,
    "message": "memmove() in rose_rt_device_down() -- signed int passed as byte count with no positivity guard (data > 0)"
  }
}

========================================
 Summary
 Total findings : 1
 Errors         : 0
 Warnings       : 1

 Breakdown by detector:
   signed_memcpy             1
========================================
