========================================
 CWE-190 Integer Overflow Risk Detector
 Source  : /Users/afiaasante/Security-Code-Smells/linux/net/netlabel/netlabel_kapi.c
 Report  : /Users/afiaasante/Security-Code-Smells/results/net_scan/SCS006/netlabel__netlabel_kapi.c/netlabel_kapi_report_20260417_174307.txt
 Findings: /Users/afiaasante/Security-Code-Smells/results/net_scan/SCS006/netlabel__netlabel_kapi.c/netlabel_kapi_findings_20260417_174307.json
 Date    : Fri Apr 17 17:43:07 EDT 2026
========================================

=== Stage 1: srcml ===

real	0m0.067s
user	0m0.060s
sys	0m0.005s

=== Stage 2: srcslice ===
Writing to :: /Users/afiaasante/Security-Code-Smells/linux/net/netlabel/netlabel_kapi.c.json
Output Saved to :: /Users/afiaasante/Security-Code-Smells/linux/net/netlabel/netlabel_kapi.c.json

real	0m0.235s
user	0m0.108s
sys	0m0.005s

=== Stage 3: srcattributor ===

real	0m2.155s
user	0m2.025s
sys	0m0.024s

=== Detector 1: unchecked_multiply ===
    input  : /Users/afiaasante/Security-Code-Smells/linux/net/netlabel/netlabel_kapi.c.xml
    output : /tmp/cwe190_findings_YL1rNd

    query  : FIND $T $FUNC($PARAMS) {} CONTAINS $TYPE $RESULT = $A * $B
    note   : destructor/constructor blocks covered by XPath fallback


real	0m0.062s
user	0m0.021s
sys	0m0.005s


--- Stage 2: XPath destructor/constructor fallback ---
    no unguarded destructor/constructor multiply found

[ unchecked_multiply ] 0 finding(s) written to /tmp/cwe190_findings_YL1rNd
=== Detector 2: unchecked_add ===
    input  : /Users/afiaasante/Security-Code-Smells/linux/net/netlabel/netlabel_kapi.c.xml
    output : /tmp/cwe190_findings_YL1rNd

    query  : FIND $T $FUNC($PARAMS) {} CONTAINS $TYPE $RESULT = $A + $B
    note   : destructor/constructor blocks covered by XPath fallback


real	0m0.028s
user	0m0.020s
sys	0m0.005s


--- Stage 2: XPath destructor/constructor fallback ---
    no unguarded destructor/constructor addition found

[ unchecked_add ] 0 finding(s) written to /tmp/cwe190_findings_YL1rNd
=== Detector 3: unchecked_increment ===
    input  : /Users/afiaasante/Security-Code-Smells/linux/net/netlabel/netlabel_kapi.c.xml
    output : /tmp/cwe190_findings_YL1rNd

    strategy : XPath on srcML XML -- ancestor-scoped guard check

--- extracting finding via XPath ---
    function : netlbl_catmap_walk
    position : 632:36

    no taint source -- warning/smell
    finding: /Users/afiaasante/Security-Code-Smells/linux/net/netlabel/netlabel_kapi.c:632:36 -- netlbl_catmap_walk() increments without MAX guard

[ unchecked_increment ] 1 finding(s) written to /tmp/cwe190_findings_YL1rNd
========================================
 Findings JSON
========================================
{
  "detector": "unchecked_increment",
  "severity": "warning",
  "classification": "smell",
  "rule": "integerOverflow",
  "file": "/Users/afiaasante/Security-Code-Smells/linux/net/netlabel/netlabel_kapi.c",
  "line": 632,
  "col": 36,
  "varname": "netlbl_catmap_walk",
  "note": {
    "line": 632,
    "col": 36,
    "message": "increment (++) in netlbl_catmap_walk() -- no upper-bound guard (INT_MAX check)"
  }
}

========================================
 Summary
 Total findings : 1
 Errors         : 0
 Warnings       : 1

 Breakdown by detector:
   unchecked_increment       1
========================================
