========================================
 CWE-190 Integer Overflow Risk Detector
 Source  : /Users/afiaasante/Security-Code-Smells/linux/net/ipv4/tcp_bbr.c
 Report  : /Users/afiaasante/Security-Code-Smells/results/net_scan/SCS006/ipv4__tcp_bbr.c/tcp_bbr_report_20260417_173901.txt
 Findings: /Users/afiaasante/Security-Code-Smells/results/net_scan/SCS006/ipv4__tcp_bbr.c/tcp_bbr_findings_20260417_173901.json
 Date    : Fri Apr 17 17:39:01 EDT 2026
========================================

=== Stage 1: srcml ===

real	0m0.059s
user	0m0.051s
sys	0m0.005s

=== Stage 2: srcslice ===
Writing to :: /Users/afiaasante/Security-Code-Smells/linux/net/ipv4/tcp_bbr.c.json
Output Saved to :: /Users/afiaasante/Security-Code-Smells/linux/net/ipv4/tcp_bbr.c.json

real	0m0.243s
user	0m0.108s
sys	0m0.005s

=== Stage 3: srcattributor ===

real	0m1.828s
user	0m1.797s
sys	0m0.017s

=== Detector 1: unchecked_multiply ===
    input  : /Users/afiaasante/Security-Code-Smells/linux/net/ipv4/tcp_bbr.c.xml
    output : /tmp/cwe190_findings_c6rV9M

    query  : FIND $T $FUNC($PARAMS) {} CONTAINS $TYPE $RESULT = $A * $B
    note   : destructor/constructor blocks covered by XPath fallback


real	0m0.027s
user	0m0.019s
sys	0m0.006s


--- Stage 2: XPath destructor/constructor fallback ---
    no unguarded destructor/constructor multiply found

[ unchecked_multiply ] 0 finding(s) written to /tmp/cwe190_findings_c6rV9M
=== Detector 2: unchecked_add ===
    input  : /Users/afiaasante/Security-Code-Smells/linux/net/ipv4/tcp_bbr.c.xml
    output : /tmp/cwe190_findings_c6rV9M

    query  : FIND $T $FUNC($PARAMS) {} CONTAINS $TYPE $RESULT = $A + $B
    note   : destructor/constructor blocks covered by XPath fallback


real	0m0.025s
user	0m0.019s
sys	0m0.004s


--- Stage 2: XPath destructor/constructor fallback ---
    no unguarded destructor/constructor addition found

[ unchecked_add ] 0 finding(s) written to /tmp/cwe190_findings_c6rV9M
=== Detector 3: unchecked_increment ===
    input  : /Users/afiaasante/Security-Code-Smells/linux/net/ipv4/tcp_bbr.c.xml
    output : /tmp/cwe190_findings_c6rV9M

    strategy : XPath on srcML XML -- ancestor-scoped guard check

--- extracting finding via XPath ---
    function : bbr_lt_bw_sampling
    position : 698:21

    no taint source -- warning/smell
    finding: /Users/afiaasante/Security-Code-Smells/linux/net/ipv4/tcp_bbr.c:698:21 -- bbr_lt_bw_sampling() increments without MAX guard

[ unchecked_increment ] 1 finding(s) written to /tmp/cwe190_findings_c6rV9M
========================================
 Findings JSON
========================================
{
  "detector": "unchecked_increment",
  "severity": "warning",
  "classification": "smell",
  "rule": "integerOverflow",
  "file": "/Users/afiaasante/Security-Code-Smells/linux/net/ipv4/tcp_bbr.c",
  "line": 698,
  "col": 21,
  "varname": "bbr_lt_bw_sampling",
  "note": {
    "line": 698,
    "col": 21,
    "message": "increment (++) in bbr_lt_bw_sampling() -- no upper-bound guard (INT_MAX check)"
  }
}

========================================
 Summary
 Total findings : 1
 Errors         : 0
 Warnings       : 1

 Breakdown by detector:
   unchecked_increment       1
========================================
