========================================
 CWE-190 Integer Overflow Risk Detector
 Source  : /Users/afiaasante/Security-Code-Smells/linux/net/rxrpc/io_thread.c
 Report  : /Users/afiaasante/Security-Code-Smells/results/net_scan/SCS006/rxrpc__io_thread.c/io_thread_report_20260417_174355.txt
 Findings: /Users/afiaasante/Security-Code-Smells/results/net_scan/SCS006/rxrpc__io_thread.c/io_thread_findings_20260417_174355.json
 Date    : Fri Apr 17 17:43:55 EDT 2026
========================================

=== Stage 1: srcml ===

real	0m0.041s
user	0m0.034s
sys	0m0.005s

=== Stage 2: srcslice ===
Writing to :: /Users/afiaasante/Security-Code-Smells/linux/net/rxrpc/io_thread.c.json
Output Saved to :: /Users/afiaasante/Security-Code-Smells/linux/net/rxrpc/io_thread.c.json

real	0m0.190s
user	0m0.085s
sys	0m0.005s

=== Stage 3: srcattributor ===

real	0m0.848s
user	0m0.760s
sys	0m0.014s

=== Detector 1: unchecked_multiply ===
    input  : /Users/afiaasante/Security-Code-Smells/linux/net/rxrpc/io_thread.c.xml
    output : /tmp/cwe190_findings_MIQMbz

    query  : FIND $T $FUNC($PARAMS) {} CONTAINS $TYPE $RESULT = $A * $B
    note   : destructor/constructor blocks covered by XPath fallback


real	0m0.019s
user	0m0.013s
sys	0m0.004s


--- Stage 2: XPath destructor/constructor fallback ---
    no unguarded destructor/constructor multiply found

[ unchecked_multiply ] 0 finding(s) written to /tmp/cwe190_findings_MIQMbz
=== Detector 2: unchecked_add ===
    input  : /Users/afiaasante/Security-Code-Smells/linux/net/rxrpc/io_thread.c.xml
    output : /tmp/cwe190_findings_MIQMbz

    query  : FIND $T $FUNC($PARAMS) {} CONTAINS $TYPE $RESULT = $A + $B
    note   : destructor/constructor blocks covered by XPath fallback


real	0m0.020s
user	0m0.014s
sys	0m0.005s


--- Stage 2: XPath destructor/constructor fallback ---
    no unguarded destructor/constructor addition found

[ unchecked_add ] 0 finding(s) written to /tmp/cwe190_findings_MIQMbz
=== Detector 3: unchecked_increment ===
    input  : /Users/afiaasante/Security-Code-Smells/linux/net/rxrpc/io_thread.c.xml
    output : /tmp/cwe190_findings_MIQMbz

    strategy : XPath on srcML XML -- ancestor-scoped guard check

--- extracting finding via XPath ---
    function : rxrpc_input_packet
    position : 214:26

    no taint source -- warning/smell
    finding: /Users/afiaasante/Security-Code-Smells/linux/net/rxrpc/io_thread.c:214:26 -- rxrpc_input_packet() increments without MAX guard

[ unchecked_increment ] 1 finding(s) written to /tmp/cwe190_findings_MIQMbz
========================================
 Findings JSON
========================================
{
  "detector": "unchecked_increment",
  "severity": "warning",
  "classification": "smell",
  "rule": "integerOverflow",
  "file": "/Users/afiaasante/Security-Code-Smells/linux/net/rxrpc/io_thread.c",
  "line": 214,
  "col": 26,
  "varname": "rxrpc_input_packet",
  "note": {
    "line": 214,
    "col": 26,
    "message": "increment (++) in rxrpc_input_packet() -- no upper-bound guard (INT_MAX check)"
  }
}

========================================
 Summary
 Total findings : 1
 Errors         : 0
 Warnings       : 1

 Breakdown by detector:
   unchecked_increment       1
========================================
