========================================
 CWE-190 Integer Overflow Risk Detector
 Source  : /Users/afiaasante/Security-Code-Smells/linux/net/appletalk/atalk_proc.c
 Report  : /Users/afiaasante/Security-Code-Smells/results/net_scan/SCS006/appletalk__atalk_proc.c/atalk_proc_report_20260417_173512.txt
 Findings: /Users/afiaasante/Security-Code-Smells/results/net_scan/SCS006/appletalk__atalk_proc.c/atalk_proc_findings_20260417_173512.json
 Date    : Fri Apr 17 17:35:12 EDT 2026
========================================

=== Stage 1: srcml ===

real	0m0.020s
user	0m0.014s
sys	0m0.004s

=== Stage 2: srcslice ===
Writing to :: /Users/afiaasante/Security-Code-Smells/linux/net/appletalk/atalk_proc.c.json
Output Saved to :: /Users/afiaasante/Security-Code-Smells/linux/net/appletalk/atalk_proc.c.json

real	0m0.179s
user	0m0.019s
sys	0m0.003s

=== Stage 3: srcattributor ===

real	0m0.042s
user	0m0.038s
sys	0m0.003s

=== Detector 1: unchecked_multiply ===
    input  : /Users/afiaasante/Security-Code-Smells/linux/net/appletalk/atalk_proc.c.xml
    output : /tmp/cwe190_findings_JRp0oW

    query  : FIND $T $FUNC($PARAMS) {} CONTAINS $TYPE $RESULT = $A * $B
    note   : destructor/constructor blocks covered by XPath fallback


real	0m0.010s
user	0m0.006s
sys	0m0.003s


--- Stage 2: XPath destructor/constructor fallback ---
    no unguarded destructor/constructor multiply found

[ unchecked_multiply ] 0 finding(s) written to /tmp/cwe190_findings_JRp0oW
=== Detector 2: unchecked_add ===
    input  : /Users/afiaasante/Security-Code-Smells/linux/net/appletalk/atalk_proc.c.xml
    output : /tmp/cwe190_findings_JRp0oW

    query  : FIND $T $FUNC($PARAMS) {} CONTAINS $TYPE $RESULT = $A + $B
    note   : destructor/constructor blocks covered by XPath fallback


real	0m0.009s
user	0m0.006s
sys	0m0.003s


--- Stage 2: XPath destructor/constructor fallback ---
    no unguarded destructor/constructor addition found

[ unchecked_add ] 0 finding(s) written to /tmp/cwe190_findings_JRp0oW
=== Detector 3: unchecked_increment ===
    input  : /Users/afiaasante/Security-Code-Smells/linux/net/appletalk/atalk_proc.c.xml
    output : /tmp/cwe190_findings_JRp0oW

    strategy : XPath on srcML XML -- ancestor-scoped guard check

--- extracting finding via XPath ---
    function : atalk_seq_interface_next
    position : 40:9

    no taint source -- warning/smell
    finding: /Users/afiaasante/Security-Code-Smells/linux/net/appletalk/atalk_proc.c:40:9 -- atalk_seq_interface_next() increments without MAX guard

[ unchecked_increment ] 1 finding(s) written to /tmp/cwe190_findings_JRp0oW
========================================
 Findings JSON
========================================
{
  "detector": "unchecked_increment",
  "severity": "warning",
  "classification": "smell",
  "rule": "integerOverflow",
  "file": "/Users/afiaasante/Security-Code-Smells/linux/net/appletalk/atalk_proc.c",
  "line": 40,
  "col": 9,
  "varname": "atalk_seq_interface_next",
  "note": {
    "line": 40,
    "col": 9,
    "message": "increment (++) in atalk_seq_interface_next() -- no upper-bound guard (INT_MAX check)"
  }
}

========================================
 Summary
 Total findings : 1
 Errors         : 0
 Warnings       : 1

 Breakdown by detector:
   unchecked_increment       1
========================================
