========================================
 CWE-195 Signed-to-Unsigned Conversion Detector
 Source  : /Users/afiaasante/Security-Code-Smells/linux/net/core/page_pool_user.c
 Report  : /Users/afiaasante/Security-Code-Smells/results/net_scan/SCS007/core__page_pool_user.c/page_pool_user_report_20260417_175505.txt
 Findings: /Users/afiaasante/Security-Code-Smells/results/net_scan/SCS007/core__page_pool_user.c/page_pool_user_findings_20260417_175505.json
 Date    : Fri Apr 17 17:55:05 EDT 2026
========================================

=== Stage 1: srcml ===

real	0m0.038s
user	0m0.031s
sys	0m0.004s

=== Stage 2: srcslice ===
Writing to :: /Users/afiaasante/Security-Code-Smells/linux/net/core/page_pool_user.c.json
Output Saved to :: /Users/afiaasante/Security-Code-Smells/linux/net/core/page_pool_user.c.json

real	0m0.199s
user	0m0.067s
sys	0m0.004s

=== Stage 3: srcattributor ===

real	0m0.278s
user	0m0.255s
sys	0m0.006s

=== Detector 1: signed_malloc ===
    input  : /Users/afiaasante/Security-Code-Smells/linux/net/core/page_pool_user.c.xml
    output : /tmp/cwe195_findings_EIJgSG

    query  : FIND $T $FUNC($PARAMS) {} CONTAINS malloc($A)
    note   : destructor/constructor blocks covered by XPath fallback


real	0m0.020s
user	0m0.013s
sys	0m0.004s


--- Stage 2: XPath destructor/constructor fallback ---
    no unguarded destructor/constructor malloc found

[ signed_malloc ] 0 finding(s) written to /tmp/cwe195_findings_EIJgSG
=== Detector 2: signed_memcpy ===
    input  : /Users/afiaasante/Security-Code-Smells/linux/net/core/page_pool_user.c.xml
    output : /tmp/cwe195_findings_EIJgSG

    query  : FIND $T $FUNC($PARAMS) {} CONTAINS memcpy($A, $B, $C)

real	0m0.046s
user	0m0.013s
sys	0m0.004s

    query  : FIND $T $FUNC($PARAMS) {} CONTAINS memmove($A, $B, $C)

real	0m0.021s
user	0m0.013s
sys	0m0.004s


--- Stage 2: XPath destructor/constructor fallback ---
    no unguarded destructor/constructor memcpy/memmove found

[ signed_memcpy ] 0 finding(s) written to /tmp/cwe195_findings_EIJgSG
=== Detector 3: signed_strncpy ===
    input  : /Users/afiaasante/Security-Code-Smells/linux/net/core/page_pool_user.c.xml
    output : /tmp/cwe195_findings_EIJgSG

    query  : FIND $T $FUNC($PARAMS) {} CONTAINS strncpy($A, $B, $C)
    note   : destructor/constructor blocks covered by XPath fallback


real	0m0.024s
user	0m0.014s
sys	0m0.006s


--- Stage 2: XPath destructor/constructor fallback ---
    no unguarded destructor/constructor strncpy found

[ signed_strncpy ] 0 finding(s) written to /tmp/cwe195_findings_EIJgSG
========================================
 Findings JSON
========================================

========================================
 Summary
 Total findings : 0
 Errors         : 0
 Warnings       : 0
========================================
