========================================
 CWE-190 Integer Overflow Risk Detector
 Source  : /Users/afiaasante/Security-Code-Smells/linux/net/atm/br2684.c
 Report  : /Users/afiaasante/Security-Code-Smells/results/net_scan/SCS006/atm__br2684.c/br2684_report_20260417_173513.txt
 Findings: /Users/afiaasante/Security-Code-Smells/results/net_scan/SCS006/atm__br2684.c/br2684_findings_20260417_173513.json
 Date    : Fri Apr 17 17:35:13 EDT 2026
========================================

=== Stage 1: srcml ===

real	0m0.039s
user	0m0.029s
sys	0m0.005s

=== Stage 2: srcslice ===
Writing to :: /Users/afiaasante/Security-Code-Smells/linux/net/atm/br2684.c.json
Output Saved to :: /Users/afiaasante/Security-Code-Smells/linux/net/atm/br2684.c.json

real	0m0.177s
user	0m0.057s
sys	0m0.003s

=== Stage 3: srcattributor ===

real	0m0.636s
user	0m0.594s
sys	0m0.010s

=== Detector 1: unchecked_multiply ===
    input  : /Users/afiaasante/Security-Code-Smells/linux/net/atm/br2684.c.xml
    output : /tmp/cwe190_findings_soHhct

    query  : FIND $T $FUNC($PARAMS) {} CONTAINS $TYPE $RESULT = $A * $B
    note   : destructor/constructor blocks covered by XPath fallback


real	0m0.020s
user	0m0.012s
sys	0m0.004s

--- Stage 1: checking srcQL result for MAX guard in <condition> ---
    no taint source -- warning/smell
    finding: /Users/afiaasante/Security-Code-Smells/linux/net/atm/br2684.c:726:42 -- br2684_ioctl() multiplies without MAX guard

--- Stage 2: XPath destructor/constructor fallback ---
    no unguarded destructor/constructor multiply found

[ unchecked_multiply ] 1 finding(s) written to /tmp/cwe190_findings_soHhct
=== Detector 2: unchecked_add ===
    input  : /Users/afiaasante/Security-Code-Smells/linux/net/atm/br2684.c.xml
    output : /tmp/cwe190_findings_soHhct

    query  : FIND $T $FUNC($PARAMS) {} CONTAINS $TYPE $RESULT = $A + $B
    note   : destructor/constructor blocks covered by XPath fallback


real	0m0.014s
user	0m0.010s
sys	0m0.003s


--- Stage 2: XPath destructor/constructor fallback ---
    no unguarded destructor/constructor addition found

[ unchecked_add ] 0 finding(s) written to /tmp/cwe190_findings_soHhct
=== Detector 3: unchecked_increment ===
    input  : /Users/afiaasante/Security-Code-Smells/linux/net/atm/br2684.c.xml
    output : /tmp/cwe190_findings_soHhct

    strategy : XPath on srcML XML -- ancestor-scoped guard check

--- extracting finding via XPath ---
    function : br2684_xmit_vcc
    position : 214:37

    no taint source -- warning/smell
    finding: /Users/afiaasante/Security-Code-Smells/linux/net/atm/br2684.c:214:37 -- br2684_xmit_vcc() increments without MAX guard

[ unchecked_increment ] 1 finding(s) written to /tmp/cwe190_findings_soHhct
========================================
 Findings JSON
========================================
{
  "detector": "unchecked_multiply",
  "severity": "warning",
  "classification": "smell",
  "rule": "integerOverflow",
  "file": "/Users/afiaasante/Security-Code-Smells/linux/net/atm/br2684.c",
  "line": 726,
  "col": 42,
  "varname": "br2684_ioctl",
  "note": {
    "line": 726,
    "col": 42,
    "message": "multiplication in br2684_ioctl() -- no upper-bound guard (INT_MAX / 2)"
  }
}
{
  "detector": "unchecked_increment",
  "severity": "warning",
  "classification": "smell",
  "rule": "integerOverflow",
  "file": "/Users/afiaasante/Security-Code-Smells/linux/net/atm/br2684.c",
  "line": 214,
  "col": 37,
  "varname": "br2684_xmit_vcc",
  "note": {
    "line": 214,
    "col": 37,
    "message": "increment (++) in br2684_xmit_vcc() -- no upper-bound guard (INT_MAX check)"
  }
}

========================================
 Summary
 Total findings : 2
 Errors         : 0
 Warnings       : 2

 Breakdown by detector:
   unchecked_increment       1
   unchecked_multiply        1
========================================
