========================================
 CWE-195 Signed-to-Unsigned Conversion Detector
 Source  : /Users/afiaasante/Security-Code-Smells/linux/net/nfc/digital_core.c
 Report  : /Users/afiaasante/Security-Code-Smells/results/net_scan/SCS007/nfc__digital_core.c/digital_core_report_20260417_180336.txt
 Findings: /Users/afiaasante/Security-Code-Smells/results/net_scan/SCS007/nfc__digital_core.c/digital_core_findings_20260417_180336.json
 Date    : Fri Apr 17 18:03:36 EDT 2026
========================================

=== Stage 1: srcml ===

real	0m0.071s
user	0m0.054s
sys	0m0.006s

=== Stage 2: srcslice ===
Writing to :: /Users/afiaasante/Security-Code-Smells/linux/net/nfc/digital_core.c.json
Output Saved to :: /Users/afiaasante/Security-Code-Smells/linux/net/nfc/digital_core.c.json

real	0m0.254s
user	0m0.110s
sys	0m0.007s

=== Stage 3: srcattributor ===

real	0m1.479s
user	0m1.356s
sys	0m0.020s

=== Detector 1: signed_malloc ===
    input  : /Users/afiaasante/Security-Code-Smells/linux/net/nfc/digital_core.c.xml
    output : /tmp/cwe195_findings_EqJFC7

    query  : FIND $T $FUNC($PARAMS) {} CONTAINS malloc($A)
    note   : destructor/constructor blocks covered by XPath fallback


real	0m0.026s
user	0m0.019s
sys	0m0.005s


--- Stage 2: XPath destructor/constructor fallback ---
    no unguarded destructor/constructor malloc found

[ signed_malloc ] 0 finding(s) written to /tmp/cwe195_findings_EqJFC7
=== Detector 2: signed_memcpy ===
    input  : /Users/afiaasante/Security-Code-Smells/linux/net/nfc/digital_core.c.xml
    output : /tmp/cwe195_findings_EqJFC7

    query  : FIND $T $FUNC($PARAMS) {} CONTAINS memcpy($A, $B, $C)

real	0m0.026s
user	0m0.019s
sys	0m0.006s

    query  : FIND $T $FUNC($PARAMS) {} CONTAINS memmove($A, $B, $C)

real	0m0.026s
user	0m0.018s
sys	0m0.005s


--- Stage 2: XPath destructor/constructor fallback ---
    no unguarded destructor/constructor memcpy/memmove found

[ signed_memcpy ] 0 finding(s) written to /tmp/cwe195_findings_EqJFC7
=== Detector 3: signed_strncpy ===
    input  : /Users/afiaasante/Security-Code-Smells/linux/net/nfc/digital_core.c.xml
    output : /tmp/cwe195_findings_EqJFC7

    query  : FIND $T $FUNC($PARAMS) {} CONTAINS strncpy($A, $B, $C)
    note   : destructor/constructor blocks covered by XPath fallback


real	0m0.029s
user	0m0.019s
sys	0m0.005s


--- Stage 2: XPath destructor/constructor fallback ---
    no unguarded destructor/constructor strncpy found

[ signed_strncpy ] 0 finding(s) written to /tmp/cwe195_findings_EqJFC7
========================================
 Findings JSON
========================================

========================================
 Summary
 Total findings : 0
 Errors         : 0
 Warnings       : 0
========================================
