========================================
 CWE-190 Integer Overflow Risk Detector
 Source  : /Users/afiaasante/Security-Code-Smells/linux/net/mac802154/rx.c
 Report  : /Users/afiaasante/Security-Code-Smells/results/net_scan/SCS006/mac802154__rx.c/rx_report_20260417_174130.txt
 Findings: /Users/afiaasante/Security-Code-Smells/results/net_scan/SCS006/mac802154__rx.c/rx_findings_20260417_174130.json
 Date    : Fri Apr 17 17:41:30 EDT 2026
========================================

=== Stage 1: srcml ===

real	0m0.032s
user	0m0.025s
sys	0m0.005s

=== Stage 2: srcslice ===
Writing to :: /Users/afiaasante/Security-Code-Smells/linux/net/mac802154/rx.c.json
Output Saved to :: /Users/afiaasante/Security-Code-Smells/linux/net/mac802154/rx.c.json

real	0m0.194s
user	0m0.062s
sys	0m0.006s

=== Stage 3: srcattributor ===

real	0m0.262s
user	0m0.251s
sys	0m0.005s

=== Detector 1: unchecked_multiply ===
    input  : /Users/afiaasante/Security-Code-Smells/linux/net/mac802154/rx.c.xml
    output : /tmp/cwe190_findings_5aU2u7

    query  : FIND $T $FUNC($PARAMS) {} CONTAINS $TYPE $RESULT = $A * $B
    note   : destructor/constructor blocks covered by XPath fallback


real	0m0.017s
user	0m0.011s
sys	0m0.005s


--- Stage 2: XPath destructor/constructor fallback ---
    no unguarded destructor/constructor multiply found

[ unchecked_multiply ] 0 finding(s) written to /tmp/cwe190_findings_5aU2u7
=== Detector 2: unchecked_add ===
    input  : /Users/afiaasante/Security-Code-Smells/linux/net/mac802154/rx.c.xml
    output : /tmp/cwe190_findings_5aU2u7

    query  : FIND $T $FUNC($PARAMS) {} CONTAINS $TYPE $RESULT = $A + $B
    note   : destructor/constructor blocks covered by XPath fallback


real	0m0.017s
user	0m0.011s
sys	0m0.004s


--- Stage 2: XPath destructor/constructor fallback ---
    no unguarded destructor/constructor addition found

[ unchecked_add ] 0 finding(s) written to /tmp/cwe190_findings_5aU2u7
=== Detector 3: unchecked_increment ===
    input  : /Users/afiaasante/Security-Code-Smells/linux/net/mac802154/rx.c.xml
    output : /tmp/cwe190_findings_5aU2u7

    strategy : XPath on srcML XML -- ancestor-scoped guard check

--- extracting finding via XPath ---
    function : ieee802154_subif_frame
    position : 207:37

    no taint source -- warning/smell
    finding: /Users/afiaasante/Security-Code-Smells/linux/net/mac802154/rx.c:207:37 -- ieee802154_subif_frame() increments without MAX guard

[ unchecked_increment ] 1 finding(s) written to /tmp/cwe190_findings_5aU2u7
========================================
 Findings JSON
========================================
{
  "detector": "unchecked_increment",
  "severity": "warning",
  "classification": "smell",
  "rule": "integerOverflow",
  "file": "/Users/afiaasante/Security-Code-Smells/linux/net/mac802154/rx.c",
  "line": 207,
  "col": 37,
  "varname": "ieee802154_subif_frame",
  "note": {
    "line": 207,
    "col": 37,
    "message": "increment (++) in ieee802154_subif_frame() -- no upper-bound guard (INT_MAX check)"
  }
}

========================================
 Summary
 Total findings : 1
 Errors         : 0
 Warnings       : 1

 Breakdown by detector:
   unchecked_increment       1
========================================
