========================================
 CWE-190 Integer Overflow Risk Detector
 Source  : /Users/afiaasante/Security-Code-Smells/linux/net/can/bcm.c
 Report  : /Users/afiaasante/Security-Code-Smells/results/net_scan/SCS006/can__bcm.c/bcm_report_20260417_173616.txt
 Findings: /Users/afiaasante/Security-Code-Smells/results/net_scan/SCS006/can__bcm.c/bcm_findings_20260417_173616.json
 Date    : Fri Apr 17 17:36:16 EDT 2026
========================================

=== Stage 1: srcml ===

real	0m0.070s
user	0m0.058s
sys	0m0.005s

=== Stage 2: srcslice ===
Writing to :: /Users/afiaasante/Security-Code-Smells/linux/net/can/bcm.c.json
Output Saved to :: /Users/afiaasante/Security-Code-Smells/linux/net/can/bcm.c.json

real	0m0.243s
user	0m0.121s
sys	0m0.006s

=== Stage 3: srcattributor ===

real	0m3.259s
user	0m3.091s
sys	0m0.030s

=== Detector 1: unchecked_multiply ===
    input  : /Users/afiaasante/Security-Code-Smells/linux/net/can/bcm.c.xml
    output : /tmp/cwe190_findings_TFI7Wx

    query  : FIND $T $FUNC($PARAMS) {} CONTAINS $TYPE $RESULT = $A * $B
    note   : destructor/constructor blocks covered by XPath fallback


real	0m0.029s
user	0m0.023s
sys	0m0.005s

--- Stage 1: checking srcQL result for MAX guard in <condition> ---
    no taint source -- warning/smell
    finding: /Users/afiaasante/Security-Code-Smells/linux/net/can/bcm.c:212:40 -- bcm_proc_show() multiplies without MAX guard

--- Stage 2: XPath destructor/constructor fallback ---
    no unguarded destructor/constructor multiply found

[ unchecked_multiply ] 1 finding(s) written to /tmp/cwe190_findings_TFI7Wx
=== Detector 2: unchecked_add ===
    input  : /Users/afiaasante/Security-Code-Smells/linux/net/can/bcm.c.xml
    output : /tmp/cwe190_findings_TFI7Wx

    query  : FIND $T $FUNC($PARAMS) {} CONTAINS $TYPE $RESULT = $A + $B
    note   : destructor/constructor blocks covered by XPath fallback


real	0m0.025s
user	0m0.020s
sys	0m0.004s

--- Stage 1: checking srcQL result for MAX guard in <condition> ---
    no taint source -- warning/smell
    finding: /Users/afiaasante/Security-Code-Smells/linux/net/can/bcm.c:571:45 -- bcm_rx_cmp_to_index() adds without MAX guard

--- Stage 2: XPath destructor/constructor fallback ---
    no unguarded destructor/constructor addition found

[ unchecked_add ] 1 finding(s) written to /tmp/cwe190_findings_TFI7Wx
=== Detector 3: unchecked_increment ===
    input  : /Users/afiaasante/Security-Code-Smells/linux/net/can/bcm.c.xml
    output : /tmp/cwe190_findings_TFI7Wx

    strategy : XPath on srcML XML -- ancestor-scoped guard check

--- extracting finding via XPath ---
    function : bcm_can_tx
    position : 338:31

    no taint source -- warning/smell
    finding: /Users/afiaasante/Security-Code-Smells/linux/net/can/bcm.c:338:31 -- bcm_can_tx() increments without MAX guard

[ unchecked_increment ] 1 finding(s) written to /tmp/cwe190_findings_TFI7Wx
========================================
 Findings JSON
========================================
{
  "detector": "unchecked_multiply",
  "severity": "warning",
  "classification": "smell",
  "rule": "integerOverflow",
  "file": "/Users/afiaasante/Security-Code-Smells/linux/net/can/bcm.c",
  "line": 212,
  "col": 40,
  "varname": "bcm_proc_show",
  "note": {
    "line": 212,
    "col": 40,
    "message": "multiplication in bcm_proc_show() -- no upper-bound guard (INT_MAX / 2)"
  }
}
{
  "detector": "unchecked_add",
  "severity": "warning",
  "classification": "smell",
  "rule": "integerOverflow",
  "file": "/Users/afiaasante/Security-Code-Smells/linux/net/can/bcm.c",
  "line": 571,
  "col": 45,
  "varname": "bcm_rx_cmp_to_index",
  "note": {
    "line": 571,
    "col": 45,
    "message": "addition in bcm_rx_cmp_to_index() -- no upper-bound guard before adding"
  }
}
{
  "detector": "unchecked_increment",
  "severity": "warning",
  "classification": "smell",
  "rule": "integerOverflow",
  "file": "/Users/afiaasante/Security-Code-Smells/linux/net/can/bcm.c",
  "line": 338,
  "col": 31,
  "varname": "bcm_can_tx",
  "note": {
    "line": 338,
    "col": 31,
    "message": "increment (++) in bcm_can_tx() -- no upper-bound guard (INT_MAX check)"
  }
}

========================================
 Summary
 Total findings : 3
 Errors         : 0
 Warnings       : 3

 Breakdown by detector:
   unchecked_add             1
   unchecked_increment       1
   unchecked_multiply        1
========================================
