========================================
 CWE-195 Signed-to-Unsigned Conversion Detector
 Source  : /Users/afiaasante/Security-Code-Smells/linux/net/core/net-sysfs.c
 Report  : /Users/afiaasante/Security-Code-Smells/results/net_scan/SCS007/core__net-sysfs.c/net-sysfs_report_20260417_175455.txt
 Findings: /Users/afiaasante/Security-Code-Smells/results/net_scan/SCS007/core__net-sysfs.c/net-sysfs_findings_20260417_175455.json
 Date    : Fri Apr 17 17:54:55 EDT 2026
========================================

=== Stage 1: srcml ===

real	0m0.161s
user	0m0.148s
sys	0m0.007s

=== Stage 2: srcslice ===
Writing to :: /Users/afiaasante/Security-Code-Smells/linux/net/core/net-sysfs.c.json
Output Saved to :: /Users/afiaasante/Security-Code-Smells/linux/net/core/net-sysfs.c.json

real	0m0.383s
user	0m0.273s
sys	0m0.009s

=== Stage 3: srcattributor ===

real	0m14.738s
user	0m13.912s
sys	0m0.084s

=== Detector 1: signed_malloc ===
    input  : /Users/afiaasante/Security-Code-Smells/linux/net/core/net-sysfs.c.xml
    output : /tmp/cwe195_findings_RExsrW

    query  : FIND $T $FUNC($PARAMS) {} CONTAINS malloc($A)
    note   : destructor/constructor blocks covered by XPath fallback


real	0m0.055s
user	0m0.042s
sys	0m0.006s


--- Stage 2: XPath destructor/constructor fallback ---
    no unguarded destructor/constructor malloc found

[ signed_malloc ] 0 finding(s) written to /tmp/cwe195_findings_RExsrW
=== Detector 2: signed_memcpy ===
    input  : /Users/afiaasante/Security-Code-Smells/linux/net/core/net-sysfs.c.xml
    output : /tmp/cwe195_findings_RExsrW

    query  : FIND $T $FUNC($PARAMS) {} CONTAINS memcpy($A, $B, $C)

real	0m0.076s
user	0m0.043s
sys	0m0.006s

    query  : FIND $T $FUNC($PARAMS) {} CONTAINS memmove($A, $B, $C)

real	0m0.054s
user	0m0.044s
sys	0m0.006s


--- Stage 2: XPath destructor/constructor fallback ---
    no unguarded destructor/constructor memcpy/memmove found

[ signed_memcpy ] 0 finding(s) written to /tmp/cwe195_findings_RExsrW
=== Detector 3: signed_strncpy ===
    input  : /Users/afiaasante/Security-Code-Smells/linux/net/core/net-sysfs.c.xml
    output : /tmp/cwe195_findings_RExsrW

    query  : FIND $T $FUNC($PARAMS) {} CONTAINS strncpy($A, $B, $C)
    note   : destructor/constructor blocks covered by XPath fallback


real	0m0.051s
user	0m0.042s
sys	0m0.006s


--- Stage 2: XPath destructor/constructor fallback ---
    no unguarded destructor/constructor strncpy found

[ signed_strncpy ] 0 finding(s) written to /tmp/cwe195_findings_RExsrW
========================================
 Findings JSON
========================================

========================================
 Summary
 Total findings : 0
 Errors         : 0
 Warnings       : 0
========================================
