========================================
 CWE-190 Integer Overflow Risk Detector
 Source  : /Users/afiaasante/Security-Code-Smells/linux/net/atm/mpoa_caches.c
 Report  : /Users/afiaasante/Security-Code-Smells/results/net_scan/SCS006/atm__mpoa_caches.c/mpoa_caches_report_20260417_173514.txt
 Findings: /Users/afiaasante/Security-Code-Smells/results/net_scan/SCS006/atm__mpoa_caches.c/mpoa_caches_findings_20260417_173514.json
 Date    : Fri Apr 17 17:35:14 EDT 2026
========================================

=== Stage 1: srcml ===

real	0m0.028s
user	0m0.022s
sys	0m0.004s

=== Stage 2: srcslice ===
Writing to :: /Users/afiaasante/Security-Code-Smells/linux/net/atm/mpoa_caches.c.json
Output Saved to :: /Users/afiaasante/Security-Code-Smells/linux/net/atm/mpoa_caches.c.json

real	0m0.172s
user	0m0.044s
sys	0m0.003s

=== Stage 3: srcattributor ===

real	0m0.331s
user	0m0.313s
sys	0m0.006s

=== Detector 1: unchecked_multiply ===
    input  : /Users/afiaasante/Security-Code-Smells/linux/net/atm/mpoa_caches.c.xml
    output : /tmp/cwe190_findings_m7Hqix

    query  : FIND $T $FUNC($PARAMS) {} CONTAINS $TYPE $RESULT = $A * $B
    note   : destructor/constructor blocks covered by XPath fallback


real	0m0.015s
user	0m0.009s
sys	0m0.004s


--- Stage 2: XPath destructor/constructor fallback ---
    no unguarded destructor/constructor multiply found

[ unchecked_multiply ] 0 finding(s) written to /tmp/cwe190_findings_m7Hqix
=== Detector 2: unchecked_add ===
    input  : /Users/afiaasante/Security-Code-Smells/linux/net/atm/mpoa_caches.c.xml
    output : /tmp/cwe190_findings_m7Hqix

    query  : FIND $T $FUNC($PARAMS) {} CONTAINS $TYPE $RESULT = $A + $B
    note   : destructor/constructor blocks covered by XPath fallback


real	0m0.015s
user	0m0.010s
sys	0m0.003s


--- Stage 2: XPath destructor/constructor fallback ---
    no unguarded destructor/constructor addition found

[ unchecked_add ] 0 finding(s) written to /tmp/cwe190_findings_m7Hqix
=== Detector 3: unchecked_increment ===
    input  : /Users/afiaasante/Security-Code-Smells/linux/net/atm/mpoa_caches.c.xml
    output : /tmp/cwe190_findings_m7Hqix

    strategy : XPath on srcML XML -- ancestor-scoped guard check

--- extracting finding via XPath ---
    function : cache_hit
    position : 138:21

    no taint source -- warning/smell
    finding: /Users/afiaasante/Security-Code-Smells/linux/net/atm/mpoa_caches.c:138:21 -- cache_hit() increments without MAX guard

[ unchecked_increment ] 1 finding(s) written to /tmp/cwe190_findings_m7Hqix
========================================
 Findings JSON
========================================
{
  "detector": "unchecked_increment",
  "severity": "warning",
  "classification": "smell",
  "rule": "integerOverflow",
  "file": "/Users/afiaasante/Security-Code-Smells/linux/net/atm/mpoa_caches.c",
  "line": 138,
  "col": 21,
  "varname": "cache_hit",
  "note": {
    "line": 138,
    "col": 21,
    "message": "increment (++) in cache_hit() -- no upper-bound guard (INT_MAX check)"
  }
}

========================================
 Summary
 Total findings : 1
 Errors         : 0
 Warnings       : 1

 Breakdown by detector:
   unchecked_increment       1
========================================
