========================================
 CWE-190 Integer Overflow Risk Detector
 Source  : /Users/afiaasante/Security-Code-Smells/linux/net/ipv4/gre_demux.c
 Report  : /Users/afiaasante/Security-Code-Smells/results/net_scan/SCS006/ipv4__gre_demux.c/gre_demux_report_20260417_173835.txt
 Findings: /Users/afiaasante/Security-Code-Smells/results/net_scan/SCS006/ipv4__gre_demux.c/gre_demux_findings_20260417_173835.json
 Date    : Fri Apr 17 17:38:35 EDT 2026
========================================

=== Stage 1: srcml ===

real	0m0.022s
user	0m0.014s
sys	0m0.004s

=== Stage 2: srcslice ===
Writing to :: /Users/afiaasante/Security-Code-Smells/linux/net/ipv4/gre_demux.c.json
Output Saved to :: /Users/afiaasante/Security-Code-Smells/linux/net/ipv4/gre_demux.c.json

real	0m0.177s
user	0m0.034s
sys	0m0.004s

=== Stage 3: srcattributor ===

real	0m0.064s
user	0m0.056s
sys	0m0.004s

=== Detector 1: unchecked_multiply ===
    input  : /Users/afiaasante/Security-Code-Smells/linux/net/ipv4/gre_demux.c.xml
    output : /tmp/cwe190_findings_jNtLlq

    query  : FIND $T $FUNC($PARAMS) {} CONTAINS $TYPE $RESULT = $A * $B
    note   : destructor/constructor blocks covered by XPath fallback


real	0m0.012s
user	0m0.008s
sys	0m0.003s

--- Stage 1: checking srcQL result for MAX guard in <condition> ---
    no taint source -- warning/smell
    finding: /Users/afiaasante/Security-Code-Smells/linux/net/ipv4/gre_demux.c:177:55 -- gre_err() multiplies without MAX guard

--- Stage 2: XPath destructor/constructor fallback ---
    no unguarded destructor/constructor multiply found

[ unchecked_multiply ] 1 finding(s) written to /tmp/cwe190_findings_jNtLlq
=== Detector 2: unchecked_add ===
    input  : /Users/afiaasante/Security-Code-Smells/linux/net/ipv4/gre_demux.c.xml
    output : /tmp/cwe190_findings_jNtLlq

    query  : FIND $T $FUNC($PARAMS) {} CONTAINS $TYPE $RESULT = $A + $B
    note   : destructor/constructor blocks covered by XPath fallback


real	0m0.013s
user	0m0.008s
sys	0m0.003s


--- Stage 2: XPath destructor/constructor fallback ---
    no unguarded destructor/constructor addition found

[ unchecked_add ] 0 finding(s) written to /tmp/cwe190_findings_jNtLlq
=== Detector 3: unchecked_increment ===
    input  : /Users/afiaasante/Security-Code-Smells/linux/net/ipv4/gre_demux.c.xml
    output : /tmp/cwe190_findings_jNtLlq

    strategy : XPath on srcML XML -- ancestor-scoped guard check

--- extracting finding via XPath ---
    function : gre_parse_header
    position : 95:24

    no taint source -- warning/smell
    finding: /Users/afiaasante/Security-Code-Smells/linux/net/ipv4/gre_demux.c:95:24 -- gre_parse_header() increments without MAX guard

[ unchecked_increment ] 1 finding(s) written to /tmp/cwe190_findings_jNtLlq
========================================
 Findings JSON
========================================
{
  "detector": "unchecked_multiply",
  "severity": "warning",
  "classification": "smell",
  "rule": "integerOverflow",
  "file": "/Users/afiaasante/Security-Code-Smells/linux/net/ipv4/gre_demux.c",
  "line": 177,
  "col": 55,
  "varname": "gre_err",
  "note": {
    "line": 177,
    "col": 55,
    "message": "multiplication in gre_err() -- no upper-bound guard (INT_MAX / 2)"
  }
}
{
  "detector": "unchecked_increment",
  "severity": "warning",
  "classification": "smell",
  "rule": "integerOverflow",
  "file": "/Users/afiaasante/Security-Code-Smells/linux/net/ipv4/gre_demux.c",
  "line": 95,
  "col": 24,
  "varname": "gre_parse_header",
  "note": {
    "line": 95,
    "col": 24,
    "message": "increment (++) in gre_parse_header() -- no upper-bound guard (INT_MAX check)"
  }
}

========================================
 Summary
 Total findings : 2
 Errors         : 0
 Warnings       : 2

 Breakdown by detector:
   unchecked_increment       1
   unchecked_multiply        1
========================================
