========================================
 CWE-190 Integer Overflow Risk Detector
 Source  : /Users/afiaasante/Security-Code-Smells/linux/net/nfc/hci/llc_shdlc.c
 Report  : /Users/afiaasante/Security-Code-Smells/results/net_scan/SCS006/nfc__hci__llc_shdlc.c/llc_shdlc_report_20260417_174317.txt
 Findings: /Users/afiaasante/Security-Code-Smells/results/net_scan/SCS006/nfc__hci__llc_shdlc.c/llc_shdlc_findings_20260417_174317.json
 Date    : Fri Apr 17 17:43:17 EDT 2026
========================================

=== Stage 1: srcml ===

real	0m0.052s
user	0m0.044s
sys	0m0.004s

=== Stage 2: srcslice ===
Writing to :: /Users/afiaasante/Security-Code-Smells/linux/net/nfc/hci/llc_shdlc.c.json
Output Saved to :: /Users/afiaasante/Security-Code-Smells/linux/net/nfc/hci/llc_shdlc.c.json

real	0m0.248s
user	0m0.094s
sys	0m0.005s

=== Stage 3: srcattributor ===

real	0m1.096s
user	0m1.010s
sys	0m0.012s

=== Detector 1: unchecked_multiply ===
    input  : /Users/afiaasante/Security-Code-Smells/linux/net/nfc/hci/llc_shdlc.c.xml
    output : /tmp/cwe190_findings_Gts41r

    query  : FIND $T $FUNC($PARAMS) {} CONTAINS $TYPE $RESULT = $A * $B
    note   : destructor/constructor blocks covered by XPath fallback


real	0m0.029s
user	0m0.017s
sys	0m0.005s


--- Stage 2: XPath destructor/constructor fallback ---
    no unguarded destructor/constructor multiply found

[ unchecked_multiply ] 0 finding(s) written to /tmp/cwe190_findings_Gts41r
=== Detector 2: unchecked_add ===
    input  : /Users/afiaasante/Security-Code-Smells/linux/net/nfc/hci/llc_shdlc.c.xml
    output : /tmp/cwe190_findings_Gts41r

    query  : FIND $T $FUNC($PARAMS) {} CONTAINS $TYPE $RESULT = $A + $B
    note   : destructor/constructor blocks covered by XPath fallback


real	0m0.025s
user	0m0.016s
sys	0m0.005s


--- Stage 2: XPath destructor/constructor fallback ---
    no unguarded destructor/constructor addition found

[ unchecked_add ] 0 finding(s) written to /tmp/cwe190_findings_Gts41r
=== Detector 3: unchecked_increment ===
    input  : /Users/afiaasante/Security-Code-Smells/linux/net/nfc/hci/llc_shdlc.c.xml
    output : /tmp/cwe190_findings_Gts41r

    strategy : XPath on srcML XML -- ancestor-scoped guard check

--- extracting finding via XPath ---
    function : llc_shdlc_sm_work
    position : 609:41

    no taint source -- warning/smell
    finding: /Users/afiaasante/Security-Code-Smells/linux/net/nfc/hci/llc_shdlc.c:609:41 -- llc_shdlc_sm_work() increments without MAX guard

[ unchecked_increment ] 1 finding(s) written to /tmp/cwe190_findings_Gts41r
========================================
 Findings JSON
========================================
{
  "detector": "unchecked_increment",
  "severity": "warning",
  "classification": "smell",
  "rule": "integerOverflow",
  "file": "/Users/afiaasante/Security-Code-Smells/linux/net/nfc/hci/llc_shdlc.c",
  "line": 609,
  "col": 41,
  "varname": "llc_shdlc_sm_work",
  "note": {
    "line": 609,
    "col": 41,
    "message": "increment (++) in llc_shdlc_sm_work() -- no upper-bound guard (INT_MAX check)"
  }
}

========================================
 Summary
 Total findings : 1
 Errors         : 0
 Warnings       : 1

 Breakdown by detector:
   unchecked_increment       1
========================================
