========================================
 CWE-190 Integer Overflow Risk Detector
 Source  : /Users/afiaasante/Security-Code-Smells/linux/net/ipv4/inet_hashtables.c
 Report  : /Users/afiaasante/Security-Code-Smells/results/net_scan/SCS006/ipv4__inet_hashtables.c/inet_hashtables_report_20260417_173840.txt
 Findings: /Users/afiaasante/Security-Code-Smells/results/net_scan/SCS006/ipv4__inet_hashtables.c/inet_hashtables_findings_20260417_173840.json
 Date    : Fri Apr 17 17:38:40 EDT 2026
========================================

=== Stage 1: srcml ===

real	0m0.076s
user	0m0.069s
sys	0m0.004s

=== Stage 2: srcslice ===
Writing to :: /Users/afiaasante/Security-Code-Smells/linux/net/ipv4/inet_hashtables.c.json
Output Saved to :: /Users/afiaasante/Security-Code-Smells/linux/net/ipv4/inet_hashtables.c.json

real	0m0.248s
user	0m0.142s
sys	0m0.005s

=== Stage 3: srcattributor ===

real	0m3.560s
user	0m3.333s
sys	0m0.036s

=== Detector 1: unchecked_multiply ===
    input  : /Users/afiaasante/Security-Code-Smells/linux/net/ipv4/inet_hashtables.c.xml
    output : /tmp/cwe190_findings_5uEB8u

    query  : FIND $T $FUNC($PARAMS) {} CONTAINS $TYPE $RESULT = $A * $B
    note   : destructor/constructor blocks covered by XPath fallback


real	0m0.033s
user	0m0.024s
sys	0m0.005s


--- Stage 2: XPath destructor/constructor fallback ---
    no unguarded destructor/constructor multiply found

[ unchecked_multiply ] 0 finding(s) written to /tmp/cwe190_findings_5uEB8u
=== Detector 2: unchecked_add ===
    input  : /Users/afiaasante/Security-Code-Smells/linux/net/ipv4/inet_hashtables.c.xml
    output : /tmp/cwe190_findings_5uEB8u

    query  : FIND $T $FUNC($PARAMS) {} CONTAINS $TYPE $RESULT = $A + $B
    note   : destructor/constructor blocks covered by XPath fallback


real	0m0.028s
user	0m0.021s
sys	0m0.004s


--- Stage 2: XPath destructor/constructor fallback ---
    no unguarded destructor/constructor addition found

[ unchecked_add ] 0 finding(s) written to /tmp/cwe190_findings_5uEB8u
=== Detector 3: unchecked_increment ===
    input  : /Users/afiaasante/Security-Code-Smells/linux/net/ipv4/inet_hashtables.c.xml
    output : /tmp/cwe190_findings_5uEB8u

    strategy : XPath on srcML XML -- ancestor-scoped guard check

--- extracting finding via XPath ---
    function : compute_score
    position : 365:30

    no taint source -- warning/smell
    finding: /Users/afiaasante/Security-Code-Smells/linux/net/ipv4/inet_hashtables.c:365:30 -- compute_score() increments without MAX guard

[ unchecked_increment ] 1 finding(s) written to /tmp/cwe190_findings_5uEB8u
========================================
 Findings JSON
========================================
{
  "detector": "unchecked_increment",
  "severity": "warning",
  "classification": "smell",
  "rule": "integerOverflow",
  "file": "/Users/afiaasante/Security-Code-Smells/linux/net/ipv4/inet_hashtables.c",
  "line": 365,
  "col": 30,
  "varname": "compute_score",
  "note": {
    "line": 365,
    "col": 30,
    "message": "increment (++) in compute_score() -- no upper-bound guard (INT_MAX check)"
  }
}

========================================
 Summary
 Total findings : 1
 Errors         : 0
 Warnings       : 1

 Breakdown by detector:
   unchecked_increment       1
========================================
