========================================
 CWE-195 Signed-to-Unsigned Conversion Detector
 Source  : /Users/afiaasante/Security-Code-Smells/linux/net/appletalk/ddp.c
 Report  : /Users/afiaasante/Security-Code-Smells/results/net_scan/SCS007/appletalk__ddp.c/ddp_report_20260417_175227.txt
 Findings: /Users/afiaasante/Security-Code-Smells/results/net_scan/SCS007/appletalk__ddp.c/ddp_findings_20260417_175227.json
 Date    : Fri Apr 17 17:52:27 EDT 2026
========================================

=== Stage 1: srcml ===

real	0m0.059s
user	0m0.053s
sys	0m0.004s

=== Stage 2: srcslice ===
Writing to :: /Users/afiaasante/Security-Code-Smells/linux/net/appletalk/ddp.c.json
Output Saved to :: /Users/afiaasante/Security-Code-Smells/linux/net/appletalk/ddp.c.json

real	0m0.243s
user	0m0.127s
sys	0m0.005s

=== Stage 3: srcattributor ===

real	0m3.231s
user	0m3.071s
sys	0m0.033s

=== Detector 1: signed_malloc ===
    input  : /Users/afiaasante/Security-Code-Smells/linux/net/appletalk/ddp.c.xml
    output : /tmp/cwe195_findings_CkXLJF

    query  : FIND $T $FUNC($PARAMS) {} CONTAINS malloc($A)
    note   : destructor/constructor blocks covered by XPath fallback


real	0m0.026s
user	0m0.020s
sys	0m0.003s


--- Stage 2: XPath destructor/constructor fallback ---
    no unguarded destructor/constructor malloc found

[ signed_malloc ] 0 finding(s) written to /tmp/cwe195_findings_CkXLJF
=== Detector 2: signed_memcpy ===
    input  : /Users/afiaasante/Security-Code-Smells/linux/net/appletalk/ddp.c.xml
    output : /tmp/cwe195_findings_CkXLJF

    query  : FIND $T $FUNC($PARAMS) {} CONTAINS memcpy($A, $B, $C)

real	0m0.020s
user	0m0.016s
sys	0m0.003s

--- Stage 1 (memcpy): checking srcQL result for positivity guard in <condition> ---
    no taint source -- warning/smell
    finding: /Users/afiaasante/Security-Code-Smells/linux/net/appletalk/ddp.c:1293:9 -- atalk_getname() memcpy without positivity guard
    query  : FIND $T $FUNC($PARAMS) {} CONTAINS memmove($A, $B, $C)

real	0m0.027s
user	0m0.019s
sys	0m0.004s


--- Stage 2: XPath destructor/constructor fallback ---

[ signed_memcpy ] 1 finding(s) written to /tmp/cwe195_findings_CkXLJF
=== Detector 3: signed_strncpy ===
    input  : /Users/afiaasante/Security-Code-Smells/linux/net/appletalk/ddp.c.xml
    output : /tmp/cwe195_findings_CkXLJF

    query  : FIND $T $FUNC($PARAMS) {} CONTAINS strncpy($A, $B, $C)
    note   : destructor/constructor blocks covered by XPath fallback


real	0m0.027s
user	0m0.022s
sys	0m0.004s


--- Stage 2: XPath destructor/constructor fallback ---
    no unguarded destructor/constructor strncpy found

[ signed_strncpy ] 0 finding(s) written to /tmp/cwe195_findings_CkXLJF
========================================
 Findings JSON
========================================
{
  "detector": "signed_memcpy",
  "severity": "warning",
  "classification": "smell",
  "rule": "signedUnsignedConversion",
  "file": "/Users/afiaasante/Security-Code-Smells/linux/net/appletalk/ddp.c",
  "line": 1293,
  "col": 9,
  "varname": "atalk_getname",
  "note": {
    "line": 1293,
    "col": 9,
    "message": "memcpy() in atalk_getname() -- signed int passed as byte count with no positivity guard (data > 0)"
  }
}

========================================
 Summary
 Total findings : 1
 Errors         : 0
 Warnings       : 1

 Breakdown by detector:
   signed_memcpy             1
========================================
