========================================
 CWE-190 Integer Overflow Risk Detector
 Source  : /Users/afiaasante/Security-Code-Smells/linux/net/sctp/diag.c
 Report  : /Users/afiaasante/Security-Code-Smells/results/net_scan/SCS006/sctp__diag.c/diag_report_20260417_174447.txt
 Findings: /Users/afiaasante/Security-Code-Smells/results/net_scan/SCS006/sctp__diag.c/diag_findings_20260417_174447.json
 Date    : Fri Apr 17 17:44:47 EDT 2026
========================================

=== Stage 1: srcml ===

real	0m0.040s
user	0m0.035s
sys	0m0.004s

=== Stage 2: srcslice ===
Writing to :: /Users/afiaasante/Security-Code-Smells/linux/net/sctp/diag.c.json
Output Saved to :: /Users/afiaasante/Security-Code-Smells/linux/net/sctp/diag.c.json

real	0m0.248s
user	0m0.083s
sys	0m0.004s

=== Stage 3: srcattributor ===

real	0m0.571s
user	0m0.555s
sys	0m0.008s

=== Detector 1: unchecked_multiply ===
    input  : /Users/afiaasante/Security-Code-Smells/linux/net/sctp/diag.c.xml
    output : /tmp/cwe190_findings_q6EMjT

    query  : FIND $T $FUNC($PARAMS) {} CONTAINS $TYPE $RESULT = $A * $B
    note   : destructor/constructor blocks covered by XPath fallback


real	0m0.021s
user	0m0.016s
sys	0m0.004s

--- Stage 1: checking srcQL result for MAX guard in <condition> ---
    no taint source -- warning/smell
    finding: /Users/afiaasante/Security-Code-Smells/linux/net/sctp/diag.c:418:55 -- sctp_diag_get_info() multiplies without MAX guard

--- Stage 2: XPath destructor/constructor fallback ---
    no unguarded destructor/constructor multiply found

[ unchecked_multiply ] 1 finding(s) written to /tmp/cwe190_findings_q6EMjT
=== Detector 2: unchecked_add ===
    input  : /Users/afiaasante/Security-Code-Smells/linux/net/sctp/diag.c.xml
    output : /tmp/cwe190_findings_q6EMjT

    query  : FIND $T $FUNC($PARAMS) {} CONTAINS $TYPE $RESULT = $A + $B
    note   : destructor/constructor blocks covered by XPath fallback


real	0m0.020s
user	0m0.015s
sys	0m0.004s


--- Stage 2: XPath destructor/constructor fallback ---
    no unguarded destructor/constructor addition found

[ unchecked_add ] 0 finding(s) written to /tmp/cwe190_findings_q6EMjT
=== Detector 3: unchecked_increment ===
    input  : /Users/afiaasante/Security-Code-Smells/linux/net/sctp/diag.c.xml
    output : /tmp/cwe190_findings_q6EMjT

    strategy : XPath on srcML XML -- ancestor-scoped guard check

--- extracting finding via XPath ---
    function : inet_diag_msg_sctpladdrs_fill
    position : 78:24

    no taint source -- warning/smell
    finding: /Users/afiaasante/Security-Code-Smells/linux/net/sctp/diag.c:78:24 -- inet_diag_msg_sctpladdrs_fill() increments without MAX guard

[ unchecked_increment ] 1 finding(s) written to /tmp/cwe190_findings_q6EMjT
========================================
 Findings JSON
========================================
{
  "detector": "unchecked_multiply",
  "severity": "warning",
  "classification": "smell",
  "rule": "integerOverflow",
  "file": "/Users/afiaasante/Security-Code-Smells/linux/net/sctp/diag.c",
  "line": 418,
  "col": 55,
  "varname": "sctp_diag_get_info",
  "note": {
    "line": 418,
    "col": 55,
    "message": "multiplication in sctp_diag_get_info() -- no upper-bound guard (INT_MAX / 2)"
  }
}
{
  "detector": "unchecked_increment",
  "severity": "warning",
  "classification": "smell",
  "rule": "integerOverflow",
  "file": "/Users/afiaasante/Security-Code-Smells/linux/net/sctp/diag.c",
  "line": 78,
  "col": 24,
  "varname": "inet_diag_msg_sctpladdrs_fill",
  "note": {
    "line": 78,
    "col": 24,
    "message": "increment (++) in inet_diag_msg_sctpladdrs_fill() -- no upper-bound guard (INT_MAX check)"
  }
}

========================================
 Summary
 Total findings : 2
 Errors         : 0
 Warnings       : 2

 Breakdown by detector:
   unchecked_increment       1
   unchecked_multiply        1
========================================
