========================================
 CWE-190 Integer Overflow Risk Detector
 Source  : /Users/afiaasante/Security-Code-Smells/linux/net/sunrpc/xprtrdma/svc_rdma_transport.c
 Report  : /Users/afiaasante/Security-Code-Smells/results/net_scan/SCS006/sunrpc__xprtrdma__svc_rdma_transport.c/svc_rdma_transport_report_20260417_174549.txt
 Findings: /Users/afiaasante/Security-Code-Smells/results/net_scan/SCS006/sunrpc__xprtrdma__svc_rdma_transport.c/svc_rdma_transport_findings_20260417_174549.json
 Date    : Fri Apr 17 17:45:49 EDT 2026
========================================

=== Stage 1: srcml ===

real	0m0.043s
user	0m0.035s
sys	0m0.005s

=== Stage 2: srcslice ===
Writing to :: /Users/afiaasante/Security-Code-Smells/linux/net/sunrpc/xprtrdma/svc_rdma_transport.c.json
Output Saved to :: /Users/afiaasante/Security-Code-Smells/linux/net/sunrpc/xprtrdma/svc_rdma_transport.c.json

real	0m0.194s
user	0m0.082s
sys	0m0.005s

=== Stage 3: srcattributor ===

real	0m0.616s
user	0m0.600s
sys	0m0.008s

=== Detector 1: unchecked_multiply ===
    input  : /Users/afiaasante/Security-Code-Smells/linux/net/sunrpc/xprtrdma/svc_rdma_transport.c.xml
    output : /tmp/cwe190_findings_rojS1V

    query  : FIND $T $FUNC($PARAMS) {} CONTAINS $TYPE $RESULT = $A * $B
    note   : destructor/constructor blocks covered by XPath fallback


real	0m0.020s
user	0m0.014s
sys	0m0.004s

--- Stage 1: checking srcQL result for MAX guard in <condition> ---
    no taint source -- warning/smell
    finding: /Users/afiaasante/Security-Code-Smells/linux/net/sunrpc/xprtrdma/svc_rdma_transport.c:294:49 -- svc_rdma_listen_handler() multiplies without MAX guard

--- Stage 2: XPath destructor/constructor fallback ---
    no unguarded destructor/constructor multiply found

[ unchecked_multiply ] 1 finding(s) written to /tmp/cwe190_findings_rojS1V
=== Detector 2: unchecked_add ===
    input  : /Users/afiaasante/Security-Code-Smells/linux/net/sunrpc/xprtrdma/svc_rdma_transport.c.xml
    output : /tmp/cwe190_findings_rojS1V

    query  : FIND $T $FUNC($PARAMS) {} CONTAINS $TYPE $RESULT = $A + $B
    note   : destructor/constructor blocks covered by XPath fallback


real	0m0.021s
user	0m0.015s
sys	0m0.005s


--- Stage 2: XPath destructor/constructor fallback ---
    no unguarded destructor/constructor addition found

[ unchecked_add ] 0 finding(s) written to /tmp/cwe190_findings_rojS1V
=== Detector 3: unchecked_increment ===
    input  : /Users/afiaasante/Security-Code-Smells/linux/net/sunrpc/xprtrdma/svc_rdma_transport.c.xml
    output : /tmp/cwe190_findings_rojS1V

    strategy : XPath on srcML XML -- ancestor-scoped guard check

[ unchecked_increment ] No smell detected.
========================================
 Findings JSON
========================================
{
  "detector": "unchecked_multiply",
  "severity": "warning",
  "classification": "smell",
  "rule": "integerOverflow",
  "file": "/Users/afiaasante/Security-Code-Smells/linux/net/sunrpc/xprtrdma/svc_rdma_transport.c",
  "line": 294,
  "col": 49,
  "varname": "svc_rdma_listen_handler",
  "note": {
    "line": 294,
    "col": 49,
    "message": "multiplication in svc_rdma_listen_handler() -- no upper-bound guard (INT_MAX / 2)"
  }
}

========================================
 Summary
 Total findings : 1
 Errors         : 0
 Warnings       : 1

 Breakdown by detector:
   unchecked_multiply        1
========================================
