========================================
 CWE-195 Signed-to-Unsigned Conversion Detector
 Source  : /Users/afiaasante/Security-Code-Smells/linux/net/sunrpc/svc_xprt.c
 Report  : /Users/afiaasante/Security-Code-Smells/results/net_scan/SCS007/sunrpc__svc_xprt.c/svc_xprt_report_20260417_180640.txt
 Findings: /Users/afiaasante/Security-Code-Smells/results/net_scan/SCS007/sunrpc__svc_xprt.c/svc_xprt_findings_20260417_180640.json
 Date    : Fri Apr 17 18:06:40 EDT 2026
========================================

=== Stage 1: srcml ===

real	0m0.099s
user	0m0.088s
sys	0m0.006s

=== Stage 2: srcslice ===
Writing to :: /Users/afiaasante/Security-Code-Smells/linux/net/sunrpc/svc_xprt.c.json
Output Saved to :: /Users/afiaasante/Security-Code-Smells/linux/net/sunrpc/svc_xprt.c.json

real	0m0.311s
user	0m0.170s
sys	0m0.007s

=== Stage 3: srcattributor ===

real	0m3.337s
user	0m3.131s
sys	0m0.031s

=== Detector 1: signed_malloc ===
    input  : /Users/afiaasante/Security-Code-Smells/linux/net/sunrpc/svc_xprt.c.xml
    output : /tmp/cwe195_findings_GnQmOY

    query  : FIND $T $FUNC($PARAMS) {} CONTAINS malloc($A)
    note   : destructor/constructor blocks covered by XPath fallback


real	0m0.036s
user	0m0.029s
sys	0m0.005s


--- Stage 2: XPath destructor/constructor fallback ---
    no unguarded destructor/constructor malloc found

[ signed_malloc ] 0 finding(s) written to /tmp/cwe195_findings_GnQmOY
=== Detector 2: signed_memcpy ===
    input  : /Users/afiaasante/Security-Code-Smells/linux/net/sunrpc/svc_xprt.c.xml
    output : /tmp/cwe195_findings_GnQmOY

    query  : FIND $T $FUNC($PARAMS) {} CONTAINS memcpy($A, $B, $C)

real	0m0.040s
user	0m0.029s
sys	0m0.005s

--- Stage 1 (memcpy): checking srcQL result for positivity guard in <condition> ---
    no taint source -- warning/smell
    finding: /Users/afiaasante/Security-Code-Smells/linux/net/sunrpc/svc_xprt.c:384:9 -- svc_xprt_copy_addrs() memcpy without positivity guard
    query  : FIND $T $FUNC($PARAMS) {} CONTAINS memmove($A, $B, $C)

real	0m0.039s
user	0m0.029s
sys	0m0.006s


--- Stage 2: XPath destructor/constructor fallback ---

[ signed_memcpy ] 1 finding(s) written to /tmp/cwe195_findings_GnQmOY
=== Detector 3: signed_strncpy ===
    input  : /Users/afiaasante/Security-Code-Smells/linux/net/sunrpc/svc_xprt.c.xml
    output : /tmp/cwe195_findings_GnQmOY

    query  : FIND $T $FUNC($PARAMS) {} CONTAINS strncpy($A, $B, $C)
    note   : destructor/constructor blocks covered by XPath fallback


real	0m0.039s
user	0m0.029s
sys	0m0.006s


--- Stage 2: XPath destructor/constructor fallback ---
    no unguarded destructor/constructor strncpy found

[ signed_strncpy ] 0 finding(s) written to /tmp/cwe195_findings_GnQmOY
========================================
 Findings JSON
========================================
{
  "detector": "signed_memcpy",
  "severity": "warning",
  "classification": "smell",
  "rule": "signedUnsignedConversion",
  "file": "/Users/afiaasante/Security-Code-Smells/linux/net/sunrpc/svc_xprt.c",
  "line": 384,
  "col": 9,
  "varname": "svc_xprt_copy_addrs",
  "note": {
    "line": 384,
    "col": 9,
    "message": "memcpy() in svc_xprt_copy_addrs() -- signed int passed as byte count with no positivity guard (data > 0)"
  }
}

========================================
 Summary
 Total findings : 1
 Errors         : 0
 Warnings       : 1

 Breakdown by detector:
   signed_memcpy             1
========================================
