========================================
 CWE-190 Integer Overflow Risk Detector
 Source  : /Users/afiaasante/Security-Code-Smells/linux/net/ceph/ceph_hash.c
 Report  : /Users/afiaasante/Security-Code-Smells/results/net_scan/SCS006/ceph__ceph_hash.c/ceph_hash_report_20260417_173624.txt
 Findings: /Users/afiaasante/Security-Code-Smells/results/net_scan/SCS006/ceph__ceph_hash.c/ceph_hash_findings_20260417_173624.json
 Date    : Fri Apr 17 17:36:24 EDT 2026
========================================

=== Stage 1: srcml ===

real	0m0.015s
user	0m0.009s
sys	0m0.004s

=== Stage 2: srcslice ===
Writing to :: /Users/afiaasante/Security-Code-Smells/linux/net/ceph/ceph_hash.c.json
Output Saved to :: /Users/afiaasante/Security-Code-Smells/linux/net/ceph/ceph_hash.c.json

real	0m0.185s
user	0m0.022s
sys	0m0.004s

=== Stage 3: srcattributor ===

real	0m0.041s
user	0m0.033s
sys	0m0.005s

=== Detector 1: unchecked_multiply ===
    input  : /Users/afiaasante/Security-Code-Smells/linux/net/ceph/ceph_hash.c.xml
    output : /tmp/cwe190_findings_t0JWaf

    query  : FIND $T $FUNC($PARAMS) {} CONTAINS $TYPE $RESULT = $A * $B
    note   : destructor/constructor blocks covered by XPath fallback


real	0m0.012s
user	0m0.007s
sys	0m0.004s

--- Stage 1: checking srcQL result for MAX guard in <condition> ---
    no taint source -- warning/smell
    finding: /Users/afiaasante/Security-Code-Smells/linux/net/ceph/ceph_hash.c:25:55 -- ceph_str_hash_rjenkins() multiplies without MAX guard

--- Stage 2: XPath destructor/constructor fallback ---
    no unguarded destructor/constructor multiply found

[ unchecked_multiply ] 1 finding(s) written to /tmp/cwe190_findings_t0JWaf
=== Detector 2: unchecked_add ===
    input  : /Users/afiaasante/Security-Code-Smells/linux/net/ceph/ceph_hash.c.xml
    output : /tmp/cwe190_findings_t0JWaf

    query  : FIND $T $FUNC($PARAMS) {} CONTAINS $TYPE $RESULT = $A + $B
    note   : destructor/constructor blocks covered by XPath fallback


real	0m0.013s
user	0m0.006s
sys	0m0.003s


--- Stage 2: XPath destructor/constructor fallback ---
    no unguarded destructor/constructor addition found

[ unchecked_add ] 0 finding(s) written to /tmp/cwe190_findings_t0JWaf
=== Detector 3: unchecked_increment ===
    input  : /Users/afiaasante/Security-Code-Smells/linux/net/ceph/ceph_hash.c.xml
    output : /tmp/cwe190_findings_t0JWaf

    strategy : XPath on srcML XML -- ancestor-scoped guard check

--- extracting finding via XPath ---
    function : ceph_str_hash_linux
    position : 100:25

    no taint source -- warning/smell
    finding: /Users/afiaasante/Security-Code-Smells/linux/net/ceph/ceph_hash.c:100:25 -- ceph_str_hash_linux() increments without MAX guard

[ unchecked_increment ] 1 finding(s) written to /tmp/cwe190_findings_t0JWaf
========================================
 Findings JSON
========================================
{
  "detector": "unchecked_multiply",
  "severity": "warning",
  "classification": "smell",
  "rule": "integerOverflow",
  "file": "/Users/afiaasante/Security-Code-Smells/linux/net/ceph/ceph_hash.c",
  "line": 25,
  "col": 55,
  "varname": "ceph_str_hash_rjenkins",
  "note": {
    "line": 25,
    "col": 55,
    "message": "multiplication in ceph_str_hash_rjenkins() -- no upper-bound guard (INT_MAX / 2)"
  }
}
{
  "detector": "unchecked_increment",
  "severity": "warning",
  "classification": "smell",
  "rule": "integerOverflow",
  "file": "/Users/afiaasante/Security-Code-Smells/linux/net/ceph/ceph_hash.c",
  "line": 100,
  "col": 25,
  "varname": "ceph_str_hash_linux",
  "note": {
    "line": 100,
    "col": 25,
    "message": "increment (++) in ceph_str_hash_linux() -- no upper-bound guard (INT_MAX check)"
  }
}

========================================
 Summary
 Total findings : 2
 Errors         : 0
 Warnings       : 2

 Breakdown by detector:
   unchecked_increment       1
   unchecked_multiply        1
========================================
