========================================
 CWE-190 Integer Overflow Risk Detector
 Source  : /Users/afiaasante/Security-Code-Smells/linux/net/bluetooth/cmtp/capi.c
 Report  : /Users/afiaasante/Security-Code-Smells/results/net_scan/SCS006/bluetooth__cmtp__capi.c/capi_report_20260417_173522.txt
 Findings: /Users/afiaasante/Security-Code-Smells/results/net_scan/SCS006/bluetooth__cmtp__capi.c/capi_findings_20260417_173522.json
 Date    : Fri Apr 17 17:35:22 EDT 2026
========================================

=== Stage 1: srcml ===

real	0m0.025s
user	0m0.020s
sys	0m0.004s

=== Stage 2: srcslice ===
Writing to :: /Users/afiaasante/Security-Code-Smells/linux/net/bluetooth/cmtp/capi.c.json
Output Saved to :: /Users/afiaasante/Security-Code-Smells/linux/net/bluetooth/cmtp/capi.c.json

real	0m0.180s
user	0m0.039s
sys	0m0.003s

=== Stage 3: srcattributor ===

real	0m0.277s
user	0m0.269s
sys	0m0.005s

=== Detector 1: unchecked_multiply ===
    input  : /Users/afiaasante/Security-Code-Smells/linux/net/bluetooth/cmtp/capi.c.xml
    output : /tmp/cwe190_findings_hnWThH

    query  : FIND $T $FUNC($PARAMS) {} CONTAINS $TYPE $RESULT = $A * $B
    note   : destructor/constructor blocks covered by XPath fallback


real	0m0.012s
user	0m0.008s
sys	0m0.003s

--- Stage 1: checking srcQL result for MAX guard in <condition> ---
    no taint source -- warning/smell
    finding: /Users/afiaasante/Security-Code-Smells/linux/net/bluetooth/cmtp/capi.c:136:38 -- cmtp_send_capimsg() multiplies without MAX guard

--- Stage 2: XPath destructor/constructor fallback ---
    no unguarded destructor/constructor multiply found

[ unchecked_multiply ] 1 finding(s) written to /tmp/cwe190_findings_hnWThH
=== Detector 2: unchecked_add ===
    input  : /Users/afiaasante/Security-Code-Smells/linux/net/bluetooth/cmtp/capi.c.xml
    output : /tmp/cwe190_findings_hnWThH

    query  : FIND $T $FUNC($PARAMS) {} CONTAINS $TYPE $RESULT = $A + $B
    note   : destructor/constructor blocks covered by XPath fallback


real	0m0.013s
user	0m0.009s
sys	0m0.003s


--- Stage 2: XPath destructor/constructor fallback ---
    no unguarded destructor/constructor addition found

[ unchecked_add ] 0 finding(s) written to /tmp/cwe190_findings_hnWThH
=== Detector 3: unchecked_increment ===
    input  : /Users/afiaasante/Security-Code-Smells/linux/net/bluetooth/cmtp/capi.c.xml
    output : /tmp/cwe190_findings_hnWThH

    strategy : XPath on srcML XML -- ancestor-scoped guard check

--- extracting finding via XPath ---
    function : cmtp_msgnum_get
    position : 126:24

    no taint source -- warning/smell
    finding: /Users/afiaasante/Security-Code-Smells/linux/net/bluetooth/cmtp/capi.c:126:24 -- cmtp_msgnum_get() increments without MAX guard

[ unchecked_increment ] 1 finding(s) written to /tmp/cwe190_findings_hnWThH
========================================
 Findings JSON
========================================
{
  "detector": "unchecked_multiply",
  "severity": "warning",
  "classification": "smell",
  "rule": "integerOverflow",
  "file": "/Users/afiaasante/Security-Code-Smells/linux/net/bluetooth/cmtp/capi.c",
  "line": 136,
  "col": 38,
  "varname": "cmtp_send_capimsg",
  "note": {
    "line": 136,
    "col": 38,
    "message": "multiplication in cmtp_send_capimsg() -- no upper-bound guard (INT_MAX / 2)"
  }
}
{
  "detector": "unchecked_increment",
  "severity": "warning",
  "classification": "smell",
  "rule": "integerOverflow",
  "file": "/Users/afiaasante/Security-Code-Smells/linux/net/bluetooth/cmtp/capi.c",
  "line": 126,
  "col": 24,
  "varname": "cmtp_msgnum_get",
  "note": {
    "line": 126,
    "col": 24,
    "message": "increment (++) in cmtp_msgnum_get() -- no upper-bound guard (INT_MAX check)"
  }
}

========================================
 Summary
 Total findings : 2
 Errors         : 0
 Warnings       : 2

 Breakdown by detector:
   unchecked_increment       1
   unchecked_multiply        1
========================================
