========================================
 CWE-190 Integer Overflow Risk Detector
 Source  : /Users/afiaasante/Security-Code-Smells/linux/net/netfilter/ipvs/ip_vs_est.c
 Report  : /Users/afiaasante/Security-Code-Smells/results/net_scan/SCS006/netfilter__ipvs__ip_vs_est.c/ip_vs_est_report_20260417_174207.txt
 Findings: /Users/afiaasante/Security-Code-Smells/results/net_scan/SCS006/netfilter__ipvs__ip_vs_est.c/ip_vs_est_findings_20260417_174207.json
 Date    : Fri Apr 17 17:42:07 EDT 2026
========================================

=== Stage 1: srcml ===

real	0m0.059s
user	0m0.052s
sys	0m0.005s

=== Stage 2: srcslice ===
Writing to :: /Users/afiaasante/Security-Code-Smells/linux/net/netfilter/ipvs/ip_vs_est.c.json
Output Saved to :: /Users/afiaasante/Security-Code-Smells/linux/net/netfilter/ipvs/ip_vs_est.c.json

real	0m0.247s
user	0m0.108s
sys	0m0.005s

=== Stage 3: srcattributor ===

real	0m1.540s
user	0m1.491s
sys	0m0.015s

=== Detector 1: unchecked_multiply ===
    input  : /Users/afiaasante/Security-Code-Smells/linux/net/netfilter/ipvs/ip_vs_est.c.xml
    output : /tmp/cwe190_findings_sO1btR

    query  : FIND $T $FUNC($PARAMS) {} CONTAINS $TYPE $RESULT = $A * $B
    note   : destructor/constructor blocks covered by XPath fallback


real	0m0.023s
user	0m0.017s
sys	0m0.005s


--- Stage 2: XPath destructor/constructor fallback ---
    no unguarded destructor/constructor multiply found

[ unchecked_multiply ] 0 finding(s) written to /tmp/cwe190_findings_sO1btR
=== Detector 2: unchecked_add ===
    input  : /Users/afiaasante/Security-Code-Smells/linux/net/netfilter/ipvs/ip_vs_est.c.xml
    output : /tmp/cwe190_findings_sO1btR

    query  : FIND $T $FUNC($PARAMS) {} CONTAINS $TYPE $RESULT = $A + $B
    note   : destructor/constructor blocks covered by XPath fallback


real	0m0.025s
user	0m0.018s
sys	0m0.005s


--- Stage 2: XPath destructor/constructor fallback ---
    no unguarded destructor/constructor addition found

[ unchecked_add ] 0 finding(s) written to /tmp/cwe190_findings_sO1btR
=== Detector 3: unchecked_increment ===
    input  : /Users/afiaasante/Security-Code-Smells/linux/net/netfilter/ipvs/ip_vs_est.c.xml
    output : /tmp/cwe190_findings_sO1btR

    strategy : XPath on srcML XML -- ancestor-scoped guard check

--- extracting finding via XPath ---
    function : ip_vs_estimation_kthread
    position : 218:20

    no taint source -- warning/smell
    finding: /Users/afiaasante/Security-Code-Smells/linux/net/netfilter/ipvs/ip_vs_est.c:218:20 -- ip_vs_estimation_kthread() increments without MAX guard

[ unchecked_increment ] 1 finding(s) written to /tmp/cwe190_findings_sO1btR
========================================
 Findings JSON
========================================
{
  "detector": "unchecked_increment",
  "severity": "warning",
  "classification": "smell",
  "rule": "integerOverflow",
  "file": "/Users/afiaasante/Security-Code-Smells/linux/net/netfilter/ipvs/ip_vs_est.c",
  "line": 218,
  "col": 20,
  "varname": "ip_vs_estimation_kthread",
  "note": {
    "line": 218,
    "col": 20,
    "message": "increment (++) in ip_vs_estimation_kthread() -- no upper-bound guard (INT_MAX check)"
  }
}

========================================
 Summary
 Total findings : 1
 Errors         : 0
 Warnings       : 1

 Breakdown by detector:
   unchecked_increment       1
========================================
