========================================
 CWE-190 Integer Overflow Risk Detector
 Source  : /Users/afiaasante/Security-Code-Smells/linux/net/ipv4/ip_options.c
 Report  : /Users/afiaasante/Security-Code-Smells/results/net_scan/SCS006/ipv4__ip_options.c/ip_options_report_20260417_173843.txt
 Findings: /Users/afiaasante/Security-Code-Smells/results/net_scan/SCS006/ipv4__ip_options.c/ip_options_findings_20260417_173843.json
 Date    : Fri Apr 17 17:38:43 EDT 2026
========================================

=== Stage 1: srcml ===

real	0m0.039s
user	0m0.034s
sys	0m0.004s

=== Stage 2: srcslice ===
Writing to :: /Users/afiaasante/Security-Code-Smells/linux/net/ipv4/ip_options.c.json
Output Saved to :: /Users/afiaasante/Security-Code-Smells/linux/net/ipv4/ip_options.c.json

real	0m0.192s
user	0m0.097s
sys	0m0.005s

=== Stage 3: srcattributor ===

real	0m1.287s
user	0m1.203s
sys	0m0.013s

=== Detector 1: unchecked_multiply ===
    input  : /Users/afiaasante/Security-Code-Smells/linux/net/ipv4/ip_options.c.xml
    output : /tmp/cwe190_findings_iYnX9Q

    query  : FIND $T $FUNC($PARAMS) {} CONTAINS $TYPE $RESULT = $A * $B
    note   : destructor/constructor blocks covered by XPath fallback


real	0m0.019s
user	0m0.014s
sys	0m0.004s


--- Stage 2: XPath destructor/constructor fallback ---
    no unguarded destructor/constructor multiply found

[ unchecked_multiply ] 0 finding(s) written to /tmp/cwe190_findings_iYnX9Q
=== Detector 2: unchecked_add ===
    input  : /Users/afiaasante/Security-Code-Smells/linux/net/ipv4/ip_options.c.xml
    output : /tmp/cwe190_findings_iYnX9Q

    query  : FIND $T $FUNC($PARAMS) {} CONTAINS $TYPE $RESULT = $A + $B
    note   : destructor/constructor blocks covered by XPath fallback


real	0m0.021s
user	0m0.015s
sys	0m0.005s

--- Stage 1: checking srcQL result for MAX guard in <condition> ---
    no taint source -- warning/smell
    finding: /Users/afiaasante/Security-Code-Smells/linux/net/ipv4/ip_options.c:93:40 -- __ip_options_echo() adds without MAX guard

--- Stage 2: XPath destructor/constructor fallback ---
    no unguarded destructor/constructor addition found

[ unchecked_add ] 1 finding(s) written to /tmp/cwe190_findings_iYnX9Q
=== Detector 3: unchecked_increment ===
    input  : /Users/afiaasante/Security-Code-Smells/linux/net/ipv4/ip_options.c.xml
    output : /tmp/cwe190_findings_iYnX9Q

    strategy : XPath on srcML XML -- ancestor-scoped guard check

--- extracting finding via XPath ---
    function : __ip_options_echo
    position : 183:22

    no taint source -- warning/smell
    finding: /Users/afiaasante/Security-Code-Smells/linux/net/ipv4/ip_options.c:183:22 -- __ip_options_echo() increments without MAX guard

[ unchecked_increment ] 1 finding(s) written to /tmp/cwe190_findings_iYnX9Q
========================================
 Findings JSON
========================================
{
  "detector": "unchecked_add",
  "severity": "warning",
  "classification": "smell",
  "rule": "integerOverflow",
  "file": "/Users/afiaasante/Security-Code-Smells/linux/net/ipv4/ip_options.c",
  "line": 93,
  "col": 40,
  "varname": "__ip_options_echo",
  "note": {
    "line": 93,
    "col": 40,
    "message": "addition in __ip_options_echo() -- no upper-bound guard before adding"
  }
}
{
  "detector": "unchecked_increment",
  "severity": "warning",
  "classification": "smell",
  "rule": "integerOverflow",
  "file": "/Users/afiaasante/Security-Code-Smells/linux/net/ipv4/ip_options.c",
  "line": 183,
  "col": 22,
  "varname": "__ip_options_echo",
  "note": {
    "line": 183,
    "col": 22,
    "message": "increment (++) in __ip_options_echo() -- no upper-bound guard (INT_MAX check)"
  }
}

========================================
 Summary
 Total findings : 2
 Errors         : 0
 Warnings       : 2

 Breakdown by detector:
   unchecked_add             1
   unchecked_increment       1
========================================
