========================================
 CWE-190 Integer Overflow Risk Detector
 Source  : /Users/afiaasante/Security-Code-Smells/linux/net/ceph/mon_client.c
 Report  : /Users/afiaasante/Security-Code-Smells/results/net_scan/SCS006/ceph__mon_client.c/mon_client_report_20260417_173630.txt
 Findings: /Users/afiaasante/Security-Code-Smells/results/net_scan/SCS006/ceph__mon_client.c/mon_client_findings_20260417_173630.json
 Date    : Fri Apr 17 17:36:30 EDT 2026
========================================

=== Stage 1: srcml ===

real	0m0.066s
user	0m0.056s
sys	0m0.005s

=== Stage 2: srcslice ===
Writing to :: /Users/afiaasante/Security-Code-Smells/linux/net/ceph/mon_client.c.json
Output Saved to :: /Users/afiaasante/Security-Code-Smells/linux/net/ceph/mon_client.c.json

real	0m0.246s
user	0m0.127s
sys	0m0.006s

=== Stage 3: srcattributor ===

real	0m3.171s
user	0m2.892s
sys	0m0.038s

=== Detector 1: unchecked_multiply ===
    input  : /Users/afiaasante/Security-Code-Smells/linux/net/ceph/mon_client.c.xml
    output : /tmp/cwe190_findings_HxVehx

    query  : FIND $T $FUNC($PARAMS) {} CONTAINS $TYPE $RESULT = $A * $B
    note   : destructor/constructor blocks covered by XPath fallback


real	0m0.026s
user	0m0.020s
sys	0m0.004s


--- Stage 2: XPath destructor/constructor fallback ---
    no unguarded destructor/constructor multiply found

[ unchecked_multiply ] 0 finding(s) written to /tmp/cwe190_findings_HxVehx
=== Detector 2: unchecked_add ===
    input  : /Users/afiaasante/Security-Code-Smells/linux/net/ceph/mon_client.c.xml
    output : /tmp/cwe190_findings_HxVehx

    query  : FIND $T $FUNC($PARAMS) {} CONTAINS $TYPE $RESULT = $A + $B
    note   : destructor/constructor blocks covered by XPath fallback


real	0m0.029s
user	0m0.022s
sys	0m0.005s

--- Stage 1: checking srcQL result for MAX guard in <condition> ---
    no taint source -- warning/smell
    finding: /Users/afiaasante/Security-Code-Smells/linux/net/ceph/mon_client.c:336:29 -- __send_subscribe() adds without MAX guard

--- Stage 2: XPath destructor/constructor fallback ---
    no unguarded destructor/constructor addition found

[ unchecked_add ] 1 finding(s) written to /tmp/cwe190_findings_HxVehx
=== Detector 3: unchecked_increment ===
    input  : /Users/afiaasante/Security-Code-Smells/linux/net/ceph/mon_client.c.xml
    output : /tmp/cwe190_findings_HxVehx

    strategy : XPath on srcML XML -- ancestor-scoped guard check

--- extracting finding via XPath ---
    function : ceph_monmap_decode
    position : 130:35

    no taint source -- warning/smell
    finding: /Users/afiaasante/Security-Code-Smells/linux/net/ceph/mon_client.c:130:35 -- ceph_monmap_decode() increments without MAX guard

[ unchecked_increment ] 1 finding(s) written to /tmp/cwe190_findings_HxVehx
========================================
 Findings JSON
========================================
{
  "detector": "unchecked_add",
  "severity": "warning",
  "classification": "smell",
  "rule": "integerOverflow",
  "file": "/Users/afiaasante/Security-Code-Smells/linux/net/ceph/mon_client.c",
  "line": 336,
  "col": 29,
  "varname": "__send_subscribe",
  "note": {
    "line": 336,
    "col": 29,
    "message": "addition in __send_subscribe() -- no upper-bound guard before adding"
  }
}
{
  "detector": "unchecked_increment",
  "severity": "warning",
  "classification": "smell",
  "rule": "integerOverflow",
  "file": "/Users/afiaasante/Security-Code-Smells/linux/net/ceph/mon_client.c",
  "line": 130,
  "col": 35,
  "varname": "ceph_monmap_decode",
  "note": {
    "line": 130,
    "col": 35,
    "message": "increment (++) in ceph_monmap_decode() -- no upper-bound guard (INT_MAX check)"
  }
}

========================================
 Summary
 Total findings : 2
 Errors         : 0
 Warnings       : 2

 Breakdown by detector:
   unchecked_add             1
   unchecked_increment       1
========================================
