========================================
 CWE-195 Signed-to-Unsigned Conversion Detector
 Source  : /Users/afiaasante/Security-Code-Smells/linux/net/sunrpc/xprtrdma/rpc_rdma.c
 Report  : /Users/afiaasante/Security-Code-Smells/results/net_scan/SCS007/sunrpc__xprtrdma__rpc_rdma.c/rpc_rdma_report_20260417_180648.txt
 Findings: /Users/afiaasante/Security-Code-Smells/results/net_scan/SCS007/sunrpc__xprtrdma__rpc_rdma.c/rpc_rdma_findings_20260417_180648.json
 Date    : Fri Apr 17 18:06:48 EDT 2026
========================================

=== Stage 1: srcml ===

real	0m0.100s
user	0m0.082s
sys	0m0.006s

=== Stage 2: srcslice ===
Writing to :: /Users/afiaasante/Security-Code-Smells/linux/net/sunrpc/xprtrdma/rpc_rdma.c.json
Output Saved to :: /Users/afiaasante/Security-Code-Smells/linux/net/sunrpc/xprtrdma/rpc_rdma.c.json

real	0m0.382s
user	0m0.173s
sys	0m0.009s

=== Stage 3: srcattributor ===

real	0m6.575s
user	0m5.026s
sys	0m0.078s

=== Detector 1: signed_malloc ===
    input  : /Users/afiaasante/Security-Code-Smells/linux/net/sunrpc/xprtrdma/rpc_rdma.c.xml
    output : /tmp/cwe195_findings_v9YQ4B

    query  : FIND $T $FUNC($PARAMS) {} CONTAINS malloc($A)
    note   : destructor/constructor blocks covered by XPath fallback


real	0m0.040s
user	0m0.027s
sys	0m0.007s


--- Stage 2: XPath destructor/constructor fallback ---
    no unguarded destructor/constructor malloc found

[ signed_malloc ] 0 finding(s) written to /tmp/cwe195_findings_v9YQ4B
=== Detector 2: signed_memcpy ===
    input  : /Users/afiaasante/Security-Code-Smells/linux/net/sunrpc/xprtrdma/rpc_rdma.c.xml
    output : /tmp/cwe195_findings_v9YQ4B

    query  : FIND $T $FUNC($PARAMS) {} CONTAINS memcpy($A, $B, $C)

real	0m0.036s
user	0m0.026s
sys	0m0.005s

--- Stage 1 (memcpy): checking srcQL result for positivity guard in <condition> ---
    guarded -- > operator found in condition, no finding
    query  : FIND $T $FUNC($PARAMS) {} CONTAINS memmove($A, $B, $C)

real	0m0.035s
user	0m0.026s
sys	0m0.005s

--- Stage 1 (memmove): checking srcQL result for positivity guard in <condition> ---
    no taint source -- warning/smell
    finding: /Users/afiaasante/Security-Code-Smells/linux/net/sunrpc/xprtrdma/rpc_rdma.c:670:9 -- rpcrdma_pullup_tail_iov() memmove without positivity guard

--- Stage 2: XPath destructor/constructor fallback ---

[ signed_memcpy ] 1 finding(s) written to /tmp/cwe195_findings_v9YQ4B
=== Detector 3: signed_strncpy ===
    input  : /Users/afiaasante/Security-Code-Smells/linux/net/sunrpc/xprtrdma/rpc_rdma.c.xml
    output : /tmp/cwe195_findings_v9YQ4B

    query  : FIND $T $FUNC($PARAMS) {} CONTAINS strncpy($A, $B, $C)
    note   : destructor/constructor blocks covered by XPath fallback


real	0m0.041s
user	0m0.027s
sys	0m0.005s


--- Stage 2: XPath destructor/constructor fallback ---
    no unguarded destructor/constructor strncpy found

[ signed_strncpy ] 0 finding(s) written to /tmp/cwe195_findings_v9YQ4B
========================================
 Findings JSON
========================================
{
  "detector": "signed_memcpy",
  "severity": "warning",
  "classification": "smell",
  "rule": "signedUnsignedConversion",
  "file": "/Users/afiaasante/Security-Code-Smells/linux/net/sunrpc/xprtrdma/rpc_rdma.c",
  "line": 670,
  "col": 9,
  "varname": "rpcrdma_pullup_tail_iov",
  "note": {
    "line": 670,
    "col": 9,
    "message": "memmove() in rpcrdma_pullup_tail_iov() -- signed int passed as byte count with no positivity guard (data > 0)"
  }
}

========================================
 Summary
 Total findings : 1
 Errors         : 0
 Warnings       : 1

 Breakdown by detector:
   signed_memcpy             1
========================================
