========================================
 CWE-195 Signed-to-Unsigned Conversion Detector
 Source  : /Users/afiaasante/Security-Code-Smells/linux/net/bridge/netfilter/ebt_arp.c
 Report  : /Users/afiaasante/Security-Code-Smells/results/net_scan/SCS007/bridge__netfilter__ebt_arp.c/ebt_arp_report_20260417_175328.txt
 Findings: /Users/afiaasante/Security-Code-Smells/results/net_scan/SCS007/bridge__netfilter__ebt_arp.c/ebt_arp_findings_20260417_175328.json
 Date    : Fri Apr 17 17:53:28 EDT 2026
========================================

=== Stage 1: srcml ===

real	0m0.019s
user	0m0.011s
sys	0m0.004s

=== Stage 2: srcslice ===
Writing to :: /Users/afiaasante/Security-Code-Smells/linux/net/bridge/netfilter/ebt_arp.c.json
Output Saved to :: /Users/afiaasante/Security-Code-Smells/linux/net/bridge/netfilter/ebt_arp.c.json

real	0m0.181s
user	0m0.033s
sys	0m0.004s

=== Stage 3: srcattributor ===

real	0m0.063s
user	0m0.045s
sys	0m0.005s

=== Detector 1: signed_malloc ===
    input  : /Users/afiaasante/Security-Code-Smells/linux/net/bridge/netfilter/ebt_arp.c.xml
    output : /tmp/cwe195_findings_ydwbKo

    query  : FIND $T $FUNC($PARAMS) {} CONTAINS malloc($A)
    note   : destructor/constructor blocks covered by XPath fallback


real	0m0.013s
user	0m0.008s
sys	0m0.004s


--- Stage 2: XPath destructor/constructor fallback ---
    no unguarded destructor/constructor malloc found

[ signed_malloc ] 0 finding(s) written to /tmp/cwe195_findings_ydwbKo
=== Detector 2: signed_memcpy ===
    input  : /Users/afiaasante/Security-Code-Smells/linux/net/bridge/netfilter/ebt_arp.c.xml
    output : /tmp/cwe195_findings_ydwbKo

    query  : FIND $T $FUNC($PARAMS) {} CONTAINS memcpy($A, $B, $C)

real	0m0.016s
user	0m0.008s
sys	0m0.004s

    query  : FIND $T $FUNC($PARAMS) {} CONTAINS memmove($A, $B, $C)

real	0m0.013s
user	0m0.008s
sys	0m0.004s


--- Stage 2: XPath destructor/constructor fallback ---
    no unguarded destructor/constructor memcpy/memmove found

[ signed_memcpy ] 0 finding(s) written to /tmp/cwe195_findings_ydwbKo
=== Detector 3: signed_strncpy ===
    input  : /Users/afiaasante/Security-Code-Smells/linux/net/bridge/netfilter/ebt_arp.c.xml
    output : /tmp/cwe195_findings_ydwbKo

    query  : FIND $T $FUNC($PARAMS) {} CONTAINS strncpy($A, $B, $C)
    note   : destructor/constructor blocks covered by XPath fallback


real	0m0.014s
user	0m0.008s
sys	0m0.004s


--- Stage 2: XPath destructor/constructor fallback ---
    no unguarded destructor/constructor strncpy found

[ signed_strncpy ] 0 finding(s) written to /tmp/cwe195_findings_ydwbKo
========================================
 Findings JSON
========================================

========================================
 Summary
 Total findings : 0
 Errors         : 0
 Warnings       : 0
========================================
