========================================
 CWE-190 Integer Overflow Risk Detector
 Source  : /Users/afiaasante/Security-Code-Smells/linux/net/8021q/vlan.c
 Report  : /Users/afiaasante/Security-Code-Smells/results/net_scan/SCS006/8021q__vlan.c/vlan_report_20260417_173510.txt
 Findings: /Users/afiaasante/Security-Code-Smells/results/net_scan/SCS006/8021q__vlan.c/vlan_findings_20260417_173510.json
 Date    : Fri Apr 17 17:35:10 EDT 2026
========================================

=== Stage 1: srcml ===

real	0m0.029s
user	0m0.022s
sys	0m0.004s

=== Stage 2: srcslice ===
Writing to :: /Users/afiaasante/Security-Code-Smells/linux/net/8021q/vlan.c.json
Output Saved to :: /Users/afiaasante/Security-Code-Smells/linux/net/8021q/vlan.c.json

real	0m0.176s
user	0m0.037s
sys	0m0.003s

=== Stage 3: srcattributor ===

real	0m0.334s
user	0m0.312s
sys	0m0.007s

=== Detector 1: unchecked_multiply ===
    input  : /Users/afiaasante/Security-Code-Smells/linux/net/8021q/vlan.c.xml
    output : /tmp/cwe190_findings_4kkpc1

    query  : FIND $T $FUNC($PARAMS) {} CONTAINS $TYPE $RESULT = $A * $B
    note   : destructor/constructor blocks covered by XPath fallback


real	0m0.011s
user	0m0.007s
sys	0m0.003s


--- Stage 2: XPath destructor/constructor fallback ---
    no unguarded destructor/constructor multiply found

[ unchecked_multiply ] 0 finding(s) written to /tmp/cwe190_findings_4kkpc1
=== Detector 2: unchecked_add ===
    input  : /Users/afiaasante/Security-Code-Smells/linux/net/8021q/vlan.c.xml
    output : /tmp/cwe190_findings_4kkpc1

    query  : FIND $T $FUNC($PARAMS) {} CONTAINS $TYPE $RESULT = $A + $B
    note   : destructor/constructor blocks covered by XPath fallback


real	0m0.011s
user	0m0.008s
sys	0m0.003s


--- Stage 2: XPath destructor/constructor fallback ---
    no unguarded destructor/constructor addition found

[ unchecked_add ] 0 finding(s) written to /tmp/cwe190_findings_4kkpc1
=== Detector 3: unchecked_increment ===
    input  : /Users/afiaasante/Security-Code-Smells/linux/net/8021q/vlan.c.xml
    output : /tmp/cwe190_findings_4kkpc1

    strategy : XPath on srcML XML -- ancestor-scoped guard check

--- extracting finding via XPath ---
    function : register_vlan_dev
    position : 194:26

    no taint source -- warning/smell
    finding: /Users/afiaasante/Security-Code-Smells/linux/net/8021q/vlan.c:194:26 -- register_vlan_dev() increments without MAX guard

[ unchecked_increment ] 1 finding(s) written to /tmp/cwe190_findings_4kkpc1
========================================
 Findings JSON
========================================
{
  "detector": "unchecked_increment",
  "severity": "warning",
  "classification": "smell",
  "rule": "integerOverflow",
  "file": "/Users/afiaasante/Security-Code-Smells/linux/net/8021q/vlan.c",
  "line": 194,
  "col": 26,
  "varname": "register_vlan_dev",
  "note": {
    "line": 194,
    "col": 26,
    "message": "increment (++) in register_vlan_dev() -- no upper-bound guard (INT_MAX check)"
  }
}

========================================
 Summary
 Total findings : 1
 Errors         : 0
 Warnings       : 1

 Breakdown by detector:
   unchecked_increment       1
========================================
