========================================
 CWE-190 Integer Overflow Risk Detector
 Source  : /Users/afiaasante/Security-Code-Smells/linux/net/nfc/hci/command.c
 Report  : /Users/afiaasante/Security-Code-Smells/results/net_scan/SCS006/nfc__hci__command.c/command_report_20260417_174314.txt
 Findings: /Users/afiaasante/Security-Code-Smells/results/net_scan/SCS006/nfc__hci__command.c/command_findings_20260417_174314.json
 Date    : Fri Apr 17 17:43:14 EDT 2026
========================================

=== Stage 1: srcml ===

real	0m0.032s
user	0m0.024s
sys	0m0.005s

=== Stage 2: srcslice ===
Writing to :: /Users/afiaasante/Security-Code-Smells/linux/net/nfc/hci/command.c.json
Output Saved to :: /Users/afiaasante/Security-Code-Smells/linux/net/nfc/hci/command.c.json

real	0m0.189s
user	0m0.047s
sys	0m0.004s

=== Stage 3: srcattributor ===

real	0m0.237s
user	0m0.222s
sys	0m0.005s

=== Detector 1: unchecked_multiply ===
    input  : /Users/afiaasante/Security-Code-Smells/linux/net/nfc/hci/command.c.xml
    output : /tmp/cwe190_findings_tIGsp6

    query  : FIND $T $FUNC($PARAMS) {} CONTAINS $TYPE $RESULT = $A * $B
    note   : destructor/constructor blocks covered by XPath fallback


real	0m0.017s
user	0m0.011s
sys	0m0.005s

--- Stage 1: checking srcQL result for MAX guard in <condition> ---
    no taint source -- warning/smell
    finding: /Users/afiaasante/Security-Code-Smells/linux/net/nfc/hci/command.c:41:66 -- nfc_hci_execute_cb() multiplies without MAX guard

--- Stage 2: XPath destructor/constructor fallback ---
    no unguarded destructor/constructor multiply found

[ unchecked_multiply ] 1 finding(s) written to /tmp/cwe190_findings_tIGsp6
=== Detector 2: unchecked_add ===
    input  : /Users/afiaasante/Security-Code-Smells/linux/net/nfc/hci/command.c.xml
    output : /tmp/cwe190_findings_tIGsp6

    query  : FIND $T $FUNC($PARAMS) {} CONTAINS $TYPE $RESULT = $A + $B
    note   : destructor/constructor blocks covered by XPath fallback


real	0m0.017s
user	0m0.011s
sys	0m0.004s


--- Stage 2: XPath destructor/constructor fallback ---
    no unguarded destructor/constructor addition found

[ unchecked_add ] 0 finding(s) written to /tmp/cwe190_findings_tIGsp6
=== Detector 3: unchecked_increment ===
    input  : /Users/afiaasante/Security-Code-Smells/linux/net/nfc/hci/command.c.xml
    output : /tmp/cwe190_findings_tIGsp6

    strategy : XPath on srcML XML -- ancestor-scoped guard check

[ unchecked_increment ] No smell detected.
========================================
 Findings JSON
========================================
{
  "detector": "unchecked_multiply",
  "severity": "warning",
  "classification": "smell",
  "rule": "integerOverflow",
  "file": "/Users/afiaasante/Security-Code-Smells/linux/net/nfc/hci/command.c",
  "line": 41,
  "col": 66,
  "varname": "nfc_hci_execute_cb",
  "note": {
    "line": 41,
    "col": 66,
    "message": "multiplication in nfc_hci_execute_cb() -- no upper-bound guard (INT_MAX / 2)"
  }
}

========================================
 Summary
 Total findings : 1
 Errors         : 0
 Warnings       : 1

 Breakdown by detector:
   unchecked_multiply        1
========================================
