========================================
 CWE-190 Integer Overflow Risk Detector
 Source  : /Users/afiaasante/Security-Code-Smells/linux/net/sched/sch_codel.c
 Report  : /Users/afiaasante/Security-Code-Smells/results/net_scan/SCS006/sched__sch_codel.c/sch_codel_report_20260417_174420.txt
 Findings: /Users/afiaasante/Security-Code-Smells/results/net_scan/SCS006/sched__sch_codel.c/sch_codel_findings_20260417_174420.json
 Date    : Fri Apr 17 17:44:20 EDT 2026
========================================

=== Stage 1: srcml ===

real	0m0.029s
user	0m0.020s
sys	0m0.004s

=== Stage 2: srcslice ===
Writing to :: /Users/afiaasante/Security-Code-Smells/linux/net/sched/sch_codel.c.json
Output Saved to :: /Users/afiaasante/Security-Code-Smells/linux/net/sched/sch_codel.c.json

real	0m0.192s
user	0m0.050s
sys	0m0.004s

=== Stage 3: srcattributor ===

real	0m0.138s
user	0m0.129s
sys	0m0.005s

=== Detector 1: unchecked_multiply ===
    input  : /Users/afiaasante/Security-Code-Smells/linux/net/sched/sch_codel.c.xml
    output : /tmp/cwe190_findings_lfGngm

    query  : FIND $T $FUNC($PARAMS) {} CONTAINS $TYPE $RESULT = $A * $B
    note   : destructor/constructor blocks covered by XPath fallback


real	0m0.016s
user	0m0.010s
sys	0m0.004s


--- Stage 2: XPath destructor/constructor fallback ---
    no unguarded destructor/constructor multiply found

[ unchecked_multiply ] 0 finding(s) written to /tmp/cwe190_findings_lfGngm
=== Detector 2: unchecked_add ===
    input  : /Users/afiaasante/Security-Code-Smells/linux/net/sched/sch_codel.c.xml
    output : /tmp/cwe190_findings_lfGngm

    query  : FIND $T $FUNC($PARAMS) {} CONTAINS $TYPE $RESULT = $A + $B
    note   : destructor/constructor blocks covered by XPath fallback


real	0m0.018s
user	0m0.011s
sys	0m0.005s


--- Stage 2: XPath destructor/constructor fallback ---
    no unguarded destructor/constructor addition found

[ unchecked_add ] 0 finding(s) written to /tmp/cwe190_findings_lfGngm
=== Detector 3: unchecked_increment ===
    input  : /Users/afiaasante/Security-Code-Smells/linux/net/sched/sch_codel.c.xml
    output : /tmp/cwe190_findings_lfGngm

    strategy : XPath on srcML XML -- ancestor-scoped guard check

--- extracting finding via XPath ---
    function : codel_qdisc_enqueue
    position : 88:26

    no taint source -- warning/smell
    finding: /Users/afiaasante/Security-Code-Smells/linux/net/sched/sch_codel.c:88:26 -- codel_qdisc_enqueue() increments without MAX guard

[ unchecked_increment ] 1 finding(s) written to /tmp/cwe190_findings_lfGngm
========================================
 Findings JSON
========================================
{
  "detector": "unchecked_increment",
  "severity": "warning",
  "classification": "smell",
  "rule": "integerOverflow",
  "file": "/Users/afiaasante/Security-Code-Smells/linux/net/sched/sch_codel.c",
  "line": 88,
  "col": 26,
  "varname": "codel_qdisc_enqueue",
  "note": {
    "line": 88,
    "col": 26,
    "message": "increment (++) in codel_qdisc_enqueue() -- no upper-bound guard (INT_MAX check)"
  }
}

========================================
 Summary
 Total findings : 1
 Errors         : 0
 Warnings       : 1

 Breakdown by detector:
   unchecked_increment       1
========================================
