========================================
 CWE-190 Integer Overflow Risk Detector
 Source  : /Users/afiaasante/Security-Code-Smells/linux/net/appletalk/aarp.c
 Report  : /Users/afiaasante/Security-Code-Smells/results/net_scan/SCS006/appletalk__aarp.c/aarp_report_20260417_173512.txt
 Findings: /Users/afiaasante/Security-Code-Smells/results/net_scan/SCS006/appletalk__aarp.c/aarp_findings_20260417_173512.json
 Date    : Fri Apr 17 17:35:12 EDT 2026
========================================

=== Stage 1: srcml ===

real	0m0.037s
user	0m0.031s
sys	0m0.004s

=== Stage 2: srcslice ===
Writing to :: /Users/afiaasante/Security-Code-Smells/linux/net/appletalk/aarp.c.json
Output Saved to :: /Users/afiaasante/Security-Code-Smells/linux/net/appletalk/aarp.c.json

real	0m0.185s
user	0m0.072s
sys	0m0.004s

=== Stage 3: srcattributor ===

real	0m0.844s
user	0m0.800s
sys	0m0.011s

=== Detector 1: unchecked_multiply ===
    input  : /Users/afiaasante/Security-Code-Smells/linux/net/appletalk/aarp.c.xml
    output : /tmp/cwe190_findings_v9K218

    query  : FIND $T $FUNC($PARAMS) {} CONTAINS $TYPE $RESULT = $A * $B
    note   : destructor/constructor blocks covered by XPath fallback


real	0m0.015s
user	0m0.010s
sys	0m0.004s

--- Stage 1: checking srcQL result for MAX guard in <condition> ---
    no taint source -- warning/smell
    finding: /Users/afiaasante/Security-Code-Smells/linux/net/appletalk/aarp.c:542:55 -- aarp_send_ddp() multiplies without MAX guard

--- Stage 2: XPath destructor/constructor fallback ---
    no unguarded destructor/constructor multiply found

[ unchecked_multiply ] 1 finding(s) written to /tmp/cwe190_findings_v9K218
=== Detector 2: unchecked_add ===
    input  : /Users/afiaasante/Security-Code-Smells/linux/net/appletalk/aarp.c.xml
    output : /tmp/cwe190_findings_v9K218

    query  : FIND $T $FUNC($PARAMS) {} CONTAINS $TYPE $RESULT = $A + $B
    note   : destructor/constructor blocks covered by XPath fallback


real	0m0.020s
user	0m0.013s
sys	0m0.005s

--- Stage 1: checking srcQL result for MAX guard in <condition> ---
    no taint source -- warning/smell
    finding: /Users/afiaasante/Security-Code-Smells/linux/net/appletalk/aarp.c:118:40 -- __aarp_send_query() adds without MAX guard

--- Stage 2: XPath destructor/constructor fallback ---
    no unguarded destructor/constructor addition found

[ unchecked_add ] 1 finding(s) written to /tmp/cwe190_findings_v9K218
=== Detector 3: unchecked_increment ===
    input  : /Users/afiaasante/Security-Code-Smells/linux/net/appletalk/aarp.c.xml
    output : /tmp/cwe190_findings_v9K218

    strategy : XPath on srcML XML -- ancestor-scoped guard check

--- extracting finding via XPath ---
    function : __aarp_send_query
    position : 161:22

    no taint source -- warning/smell
    finding: /Users/afiaasante/Security-Code-Smells/linux/net/appletalk/aarp.c:161:22 -- __aarp_send_query() increments without MAX guard

[ unchecked_increment ] 1 finding(s) written to /tmp/cwe190_findings_v9K218
========================================
 Findings JSON
========================================
{
  "detector": "unchecked_multiply",
  "severity": "warning",
  "classification": "smell",
  "rule": "integerOverflow",
  "file": "/Users/afiaasante/Security-Code-Smells/linux/net/appletalk/aarp.c",
  "line": 542,
  "col": 55,
  "varname": "aarp_send_ddp",
  "note": {
    "line": 542,
    "col": 55,
    "message": "multiplication in aarp_send_ddp() -- no upper-bound guard (INT_MAX / 2)"
  }
}
{
  "detector": "unchecked_add",
  "severity": "warning",
  "classification": "smell",
  "rule": "integerOverflow",
  "file": "/Users/afiaasante/Security-Code-Smells/linux/net/appletalk/aarp.c",
  "line": 118,
  "col": 40,
  "varname": "__aarp_send_query",
  "note": {
    "line": 118,
    "col": 40,
    "message": "addition in __aarp_send_query() -- no upper-bound guard before adding"
  }
}
{
  "detector": "unchecked_increment",
  "severity": "warning",
  "classification": "smell",
  "rule": "integerOverflow",
  "file": "/Users/afiaasante/Security-Code-Smells/linux/net/appletalk/aarp.c",
  "line": 161,
  "col": 22,
  "varname": "__aarp_send_query",
  "note": {
    "line": 161,
    "col": 22,
    "message": "increment (++) in __aarp_send_query() -- no upper-bound guard (INT_MAX check)"
  }
}

========================================
 Summary
 Total findings : 3
 Errors         : 0
 Warnings       : 3

 Breakdown by detector:
   unchecked_add             1
   unchecked_increment       1
   unchecked_multiply        1
========================================
