========================================
 CWE-190 Integer Overflow Risk Detector
 Source  : /Users/afiaasante/Security-Code-Smells/linux/net/core/skbuff.c
 Report  : /Users/afiaasante/Security-Code-Smells/results/net_scan/SCS006/core__skbuff.c/skbuff_report_20260417_173707.txt
 Findings: /Users/afiaasante/Security-Code-Smells/results/net_scan/SCS006/core__skbuff.c/skbuff_findings_20260417_173707.json
 Date    : Fri Apr 17 17:37:07 EDT 2026
========================================

=== Stage 1: srcml ===

real	0m0.281s
user	0m0.259s
sys	0m0.012s

=== Stage 2: srcslice ===
Writing to :: /Users/afiaasante/Security-Code-Smells/linux/net/core/skbuff.c.json
Output Saved to :: /Users/afiaasante/Security-Code-Smells/linux/net/core/skbuff.c.json

real	0m0.608s
user	0m0.464s
sys	0m0.011s

=== Stage 3: srcattributor ===

real	1m7.598s
user	1m4.900s
sys	0m0.554s

=== Detector 1: unchecked_multiply ===
    input  : /Users/afiaasante/Security-Code-Smells/linux/net/core/skbuff.c.xml
    output : /tmp/cwe190_findings_Wu1WUY

    query  : FIND $T $FUNC($PARAMS) {} CONTAINS $TYPE $RESULT = $A * $B
    note   : destructor/constructor blocks covered by XPath fallback


real	0m0.095s
user	0m0.080s
sys	0m0.009s

--- Stage 1: checking srcQL result for MAX guard in <condition> ---
    no taint source -- warning/smell
    finding: /Users/afiaasante/Security-Code-Smells/linux/net/core/skbuff.c:2018:37 -- skb_copy_ubufs() multiplies without MAX guard

--- Stage 2: XPath destructor/constructor fallback ---
    no unguarded destructor/constructor multiply found

[ unchecked_multiply ] 1 finding(s) written to /tmp/cwe190_findings_Wu1WUY
=== Detector 2: unchecked_add ===
    input  : /Users/afiaasante/Security-Code-Smells/linux/net/core/skbuff.c.xml
    output : /tmp/cwe190_findings_Wu1WUY

    query  : FIND $T $FUNC($PARAMS) {} CONTAINS $TYPE $RESULT = $A + $B
    note   : destructor/constructor blocks covered by XPath fallback


real	0m0.092s
user	0m0.079s
sys	0m0.009s

--- Stage 1: checking srcQL result for MAX guard in <condition> ---
    no taint source -- warning/smell
    finding: /Users/afiaasante/Security-Code-Smells/linux/net/core/skbuff.c:2229:46 -- __pskb_copy_fclone() adds without MAX guard

--- Stage 2: XPath destructor/constructor fallback ---
    no unguarded destructor/constructor addition found

[ unchecked_add ] 1 finding(s) written to /tmp/cwe190_findings_Wu1WUY
=== Detector 3: unchecked_increment ===
    input  : /Users/afiaasante/Security-Code-Smells/linux/net/core/skbuff.c.xml
    output : /tmp/cwe190_findings_Wu1WUY

    strategy : XPath on srcML XML -- ancestor-scoped guard check

--- extracting finding via XPath ---
    function : napi_skb_cache_get_bulk
    position : 374:59

    no taint source -- warning/smell
    finding: /Users/afiaasante/Security-Code-Smells/linux/net/core/skbuff.c:374:59 -- napi_skb_cache_get_bulk() increments without MAX guard

[ unchecked_increment ] 1 finding(s) written to /tmp/cwe190_findings_Wu1WUY
========================================
 Findings JSON
========================================
{
  "detector": "unchecked_multiply",
  "severity": "warning",
  "classification": "smell",
  "rule": "integerOverflow",
  "file": "/Users/afiaasante/Security-Code-Smells/linux/net/core/skbuff.c",
  "line": 2018,
  "col": 37,
  "varname": "skb_copy_ubufs",
  "note": {
    "line": 2018,
    "col": 37,
    "message": "multiplication in skb_copy_ubufs() -- no upper-bound guard (INT_MAX / 2)"
  }
}
{
  "detector": "unchecked_add",
  "severity": "warning",
  "classification": "smell",
  "rule": "integerOverflow",
  "file": "/Users/afiaasante/Security-Code-Smells/linux/net/core/skbuff.c",
  "line": 2229,
  "col": 46,
  "varname": "__pskb_copy_fclone",
  "note": {
    "line": 2229,
    "col": 46,
    "message": "addition in __pskb_copy_fclone() -- no upper-bound guard before adding"
  }
}
{
  "detector": "unchecked_increment",
  "severity": "warning",
  "classification": "smell",
  "rule": "integerOverflow",
  "file": "/Users/afiaasante/Security-Code-Smells/linux/net/core/skbuff.c",
  "line": 374,
  "col": 59,
  "varname": "napi_skb_cache_get_bulk",
  "note": {
    "line": 374,
    "col": 59,
    "message": "increment (++) in napi_skb_cache_get_bulk() -- no upper-bound guard (INT_MAX check)"
  }
}

========================================
 Summary
 Total findings : 3
 Errors         : 0
 Warnings       : 3

 Breakdown by detector:
   unchecked_add             1
   unchecked_increment       1
   unchecked_multiply        1
========================================
