========================================
 CWE-190 Integer Overflow Risk Detector
 Source  : /Users/afiaasante/Security-Code-Smells/linux/net/rds/threads.c
 Report  : /Users/afiaasante/Security-Code-Smells/results/net_scan/SCS006/rds__threads.c/threads_report_20260417_174348.txt
 Findings: /Users/afiaasante/Security-Code-Smells/results/net_scan/SCS006/rds__threads.c/threads_findings_20260417_174348.json
 Date    : Fri Apr 17 17:43:48 EDT 2026
========================================

=== Stage 1: srcml ===

real	0m0.024s
user	0m0.018s
sys	0m0.004s

=== Stage 2: srcslice ===
Writing to :: /Users/afiaasante/Security-Code-Smells/linux/net/rds/threads.c.json
Output Saved to :: /Users/afiaasante/Security-Code-Smells/linux/net/rds/threads.c.json

real	0m0.190s
user	0m0.045s
sys	0m0.004s

=== Stage 3: srcattributor ===

real	0m0.094s
user	0m0.087s
sys	0m0.005s

=== Detector 1: unchecked_multiply ===
    input  : /Users/afiaasante/Security-Code-Smells/linux/net/rds/threads.c.xml
    output : /tmp/cwe190_findings_I2S69O

    query  : FIND $T $FUNC($PARAMS) {} CONTAINS $TYPE $RESULT = $A * $B
    note   : destructor/constructor blocks covered by XPath fallback


real	0m0.015s
user	0m0.009s
sys	0m0.004s


--- Stage 2: XPath destructor/constructor fallback ---
    no unguarded destructor/constructor multiply found

[ unchecked_multiply ] 0 finding(s) written to /tmp/cwe190_findings_I2S69O
=== Detector 2: unchecked_add ===
    input  : /Users/afiaasante/Security-Code-Smells/linux/net/rds/threads.c.xml
    output : /tmp/cwe190_findings_I2S69O

    query  : FIND $T $FUNC($PARAMS) {} CONTAINS $TYPE $RESULT = $A + $B
    note   : destructor/constructor blocks covered by XPath fallback


real	0m0.016s
user	0m0.010s
sys	0m0.004s


--- Stage 2: XPath destructor/constructor fallback ---
    no unguarded destructor/constructor addition found

[ unchecked_add ] 0 finding(s) written to /tmp/cwe190_findings_I2S69O
=== Detector 3: unchecked_increment ===
    input  : /Users/afiaasante/Security-Code-Smells/linux/net/rds/threads.c.xml
    output : /tmp/cwe190_findings_I2S69O

    strategy : XPath on srcML XML -- ancestor-scoped guard check

--- extracting finding via XPath ---
    function : rds_addr_cmp
    position : 285:34

    no taint source -- warning/smell
    finding: /Users/afiaasante/Security-Code-Smells/linux/net/rds/threads.c:285:34 -- rds_addr_cmp() increments without MAX guard

[ unchecked_increment ] 1 finding(s) written to /tmp/cwe190_findings_I2S69O
========================================
 Findings JSON
========================================
{
  "detector": "unchecked_increment",
  "severity": "warning",
  "classification": "smell",
  "rule": "integerOverflow",
  "file": "/Users/afiaasante/Security-Code-Smells/linux/net/rds/threads.c",
  "line": 285,
  "col": 34,
  "varname": "rds_addr_cmp",
  "note": {
    "line": 285,
    "col": 34,
    "message": "increment (++) in rds_addr_cmp() -- no upper-bound guard (INT_MAX check)"
  }
}

========================================
 Summary
 Total findings : 1
 Errors         : 0
 Warnings       : 1

 Breakdown by detector:
   unchecked_increment       1
========================================
