========================================
 CWE-195 Signed-to-Unsigned Conversion Detector
 Source  : /Users/afiaasante/Security-Code-Smells/linux/net/sctp/stream_interleave.c
 Report  : /Users/afiaasante/Security-Code-Smells/results/net_scan/SCS007/sctp__stream_interleave.c/stream_interleave_report_20260417_180544.txt
 Findings: /Users/afiaasante/Security-Code-Smells/results/net_scan/SCS007/sctp__stream_interleave.c/stream_interleave_findings_20260417_180544.json
 Date    : Fri Apr 17 18:05:44 EDT 2026
========================================

=== Stage 1: srcml ===

real	0m0.152s
user	0m0.087s
sys	0m0.008s

=== Stage 2: srcslice ===
Writing to :: /Users/afiaasante/Security-Code-Smells/linux/net/sctp/stream_interleave.c.json
Output Saved to :: /Users/afiaasante/Security-Code-Smells/linux/net/sctp/stream_interleave.c.json

real	0m0.441s
user	0m0.182s
sys	0m0.009s

=== Stage 3: srcattributor ===

real	0m3.958s
user	0m3.210s
sys	0m0.045s

=== Detector 1: signed_malloc ===
    input  : /Users/afiaasante/Security-Code-Smells/linux/net/sctp/stream_interleave.c.xml
    output : /tmp/cwe195_findings_oJFjyH

    query  : FIND $T $FUNC($PARAMS) {} CONTAINS malloc($A)
    note   : destructor/constructor blocks covered by XPath fallback


real	0m0.069s
user	0m0.029s
sys	0m0.008s


--- Stage 2: XPath destructor/constructor fallback ---
    no unguarded destructor/constructor malloc found

[ signed_malloc ] 0 finding(s) written to /tmp/cwe195_findings_oJFjyH
=== Detector 2: signed_memcpy ===
    input  : /Users/afiaasante/Security-Code-Smells/linux/net/sctp/stream_interleave.c.xml
    output : /tmp/cwe195_findings_oJFjyH

    query  : FIND $T $FUNC($PARAMS) {} CONTAINS memcpy($A, $B, $C)

real	0m0.046s
user	0m0.030s
sys	0m0.006s

--- Stage 1 (memcpy): checking srcQL result for positivity guard in <condition> ---
    no taint source -- warning/smell
    finding: /Users/afiaasante/Security-Code-Smells/linux/net/sctp/stream_interleave.c:43:9 -- sctp_make_idatafrag_empty() memcpy without positivity guard
    query  : FIND $T $FUNC($PARAMS) {} CONTAINS memmove($A, $B, $C)

real	0m0.050s
user	0m0.028s
sys	0m0.008s


--- Stage 2: XPath destructor/constructor fallback ---

[ signed_memcpy ] 1 finding(s) written to /tmp/cwe195_findings_oJFjyH
=== Detector 3: signed_strncpy ===
    input  : /Users/afiaasante/Security-Code-Smells/linux/net/sctp/stream_interleave.c.xml
    output : /tmp/cwe195_findings_oJFjyH

    query  : FIND $T $FUNC($PARAMS) {} CONTAINS strncpy($A, $B, $C)
    note   : destructor/constructor blocks covered by XPath fallback


real	0m0.043s
user	0m0.029s
sys	0m0.006s


--- Stage 2: XPath destructor/constructor fallback ---
    no unguarded destructor/constructor strncpy found

[ signed_strncpy ] 0 finding(s) written to /tmp/cwe195_findings_oJFjyH
========================================
 Findings JSON
========================================
{
  "detector": "signed_memcpy",
  "severity": "warning",
  "classification": "smell",
  "rule": "signedUnsignedConversion",
  "file": "/Users/afiaasante/Security-Code-Smells/linux/net/sctp/stream_interleave.c",
  "line": 43,
  "col": 9,
  "varname": "sctp_make_idatafrag_empty",
  "note": {
    "line": 43,
    "col": 9,
    "message": "memcpy() in sctp_make_idatafrag_empty() -- signed int passed as byte count with no positivity guard (data > 0)"
  }
}

========================================
 Summary
 Total findings : 1
 Errors         : 0
 Warnings       : 1

 Breakdown by detector:
   signed_memcpy             1
========================================
