========================================
 CWE-190 Integer Overflow Risk Detector
 Source  : /Users/afiaasante/Security-Code-Smells/linux/net/shaper/shaper.c
 Report  : /Users/afiaasante/Security-Code-Smells/results/net_scan/SCS006/shaper__shaper.c/shaper_report_20260417_174459.txt
 Findings: /Users/afiaasante/Security-Code-Smells/results/net_scan/SCS006/shaper__shaper.c/shaper_findings_20260417_174459.json
 Date    : Fri Apr 17 17:44:59 EDT 2026
========================================

=== Stage 1: srcml ===

real	0m0.080s
user	0m0.072s
sys	0m0.006s

=== Stage 2: srcslice ===
Writing to :: /Users/afiaasante/Security-Code-Smells/linux/net/shaper/shaper.c.json
Output Saved to :: /Users/afiaasante/Security-Code-Smells/linux/net/shaper/shaper.c.json

real	0m0.249s
user	0m0.154s
sys	0m0.006s

=== Stage 3: srcattributor ===

real	0m4.056s
user	0m3.919s
sys	0m0.030s

=== Detector 1: unchecked_multiply ===
    input  : /Users/afiaasante/Security-Code-Smells/linux/net/shaper/shaper.c.xml
    output : /tmp/cwe190_findings_b7AfLl

    query  : FIND $T $FUNC($PARAMS) {} CONTAINS $TYPE $RESULT = $A * $B
    note   : destructor/constructor blocks covered by XPath fallback


real	0m0.033s
user	0m0.026s
sys	0m0.005s

--- Stage 1: checking srcQL result for MAX guard in <condition> ---
    no taint source -- warning/smell
    finding: /Users/afiaasante/Security-Code-Smells/linux/net/shaper/shaper.c:695:67 -- net_shaper_generic_pre() multiplies without MAX guard

--- Stage 2: XPath destructor/constructor fallback ---
    no unguarded destructor/constructor multiply found

[ unchecked_multiply ] 1 finding(s) written to /tmp/cwe190_findings_b7AfLl
=== Detector 2: unchecked_add ===
    input  : /Users/afiaasante/Security-Code-Smells/linux/net/shaper/shaper.c.xml
    output : /tmp/cwe190_findings_b7AfLl

    query  : FIND $T $FUNC($PARAMS) {} CONTAINS $TYPE $RESULT = $A + $B
    note   : destructor/constructor blocks covered by XPath fallback


real	0m0.034s
user	0m0.027s
sys	0m0.005s

--- Stage 1: checking srcQL result for MAX guard in <condition> ---
    no taint source -- warning/smell
    finding: /Users/afiaasante/Security-Code-Smells/linux/net/shaper/shaper.c:527:71 -- net_shaper_validate_caps() adds without MAX guard

--- Stage 2: XPath destructor/constructor fallback ---
    no unguarded destructor/constructor addition found

[ unchecked_add ] 1 finding(s) written to /tmp/cwe190_findings_b7AfLl
=== Detector 3: unchecked_increment ===
    input  : /Users/afiaasante/Security-Code-Smells/linux/net/shaper/shaper.c.xml
    output : /tmp/cwe190_findings_b7AfLl

    strategy : XPath on srcML XML -- ancestor-scoped guard check

--- extracting finding via XPath ---
    function : net_shaper_list_len
    position : 83:20

    no taint source -- warning/smell
    finding: /Users/afiaasante/Security-Code-Smells/linux/net/shaper/shaper.c:83:20 -- net_shaper_list_len() increments without MAX guard

[ unchecked_increment ] 1 finding(s) written to /tmp/cwe190_findings_b7AfLl
========================================
 Findings JSON
========================================
{
  "detector": "unchecked_multiply",
  "severity": "warning",
  "classification": "smell",
  "rule": "integerOverflow",
  "file": "/Users/afiaasante/Security-Code-Smells/linux/net/shaper/shaper.c",
  "line": 695,
  "col": 67,
  "varname": "net_shaper_generic_pre",
  "note": {
    "line": 695,
    "col": 67,
    "message": "multiplication in net_shaper_generic_pre() -- no upper-bound guard (INT_MAX / 2)"
  }
}
{
  "detector": "unchecked_add",
  "severity": "warning",
  "classification": "smell",
  "rule": "integerOverflow",
  "file": "/Users/afiaasante/Security-Code-Smells/linux/net/shaper/shaper.c",
  "line": 527,
  "col": 71,
  "varname": "net_shaper_validate_caps",
  "note": {
    "line": 527,
    "col": 71,
    "message": "addition in net_shaper_validate_caps() -- no upper-bound guard before adding"
  }
}
{
  "detector": "unchecked_increment",
  "severity": "warning",
  "classification": "smell",
  "rule": "integerOverflow",
  "file": "/Users/afiaasante/Security-Code-Smells/linux/net/shaper/shaper.c",
  "line": 83,
  "col": 20,
  "varname": "net_shaper_list_len",
  "note": {
    "line": 83,
    "col": 20,
    "message": "increment (++) in net_shaper_list_len() -- no upper-bound guard (INT_MAX check)"
  }
}

========================================
 Summary
 Total findings : 3
 Errors         : 0
 Warnings       : 3

 Breakdown by detector:
   unchecked_add             1
   unchecked_increment       1
   unchecked_multiply        1
========================================
