========================================
 CWE-195 Signed-to-Unsigned Conversion Detector
 Source  : /Users/afiaasante/Security-Code-Smells/linux/net/mptcp/subflow.c
 Report  : /Users/afiaasante/Security-Code-Smells/results/net_scan/SCS007/mptcp__subflow.c/subflow_report_20260417_180155.txt
 Findings: /Users/afiaasante/Security-Code-Smells/results/net_scan/SCS007/mptcp__subflow.c/subflow_findings_20260417_180155.json
 Date    : Fri Apr 17 18:01:55 EDT 2026
========================================

=== Stage 1: srcml ===

real	0m0.150s
user	0m0.133s
sys	0m0.007s

=== Stage 2: srcslice ===
Writing to :: /Users/afiaasante/Security-Code-Smells/linux/net/mptcp/subflow.c.json
Output Saved to :: /Users/afiaasante/Security-Code-Smells/linux/net/mptcp/subflow.c.json

real	0m0.374s
user	0m0.272s
sys	0m0.008s

=== Stage 3: srcattributor ===

real	0m10.389s
user	0m9.634s
sys	0m0.094s

=== Detector 1: signed_malloc ===
    input  : /Users/afiaasante/Security-Code-Smells/linux/net/mptcp/subflow.c.xml
    output : /tmp/cwe195_findings_mMnY31

    query  : FIND $T $FUNC($PARAMS) {} CONTAINS malloc($A)
    note   : destructor/constructor blocks covered by XPath fallback


real	0m0.055s
user	0m0.044s
sys	0m0.006s


--- Stage 2: XPath destructor/constructor fallback ---
    no unguarded destructor/constructor malloc found

[ signed_malloc ] 0 finding(s) written to /tmp/cwe195_findings_mMnY31
=== Detector 2: signed_memcpy ===
    input  : /Users/afiaasante/Security-Code-Smells/linux/net/mptcp/subflow.c.xml
    output : /tmp/cwe195_findings_mMnY31

    query  : FIND $T $FUNC($PARAMS) {} CONTAINS memcpy($A, $B, $C)

real	0m0.053s
user	0m0.042s
sys	0m0.007s

--- Stage 1 (memcpy): checking srcQL result for positivity guard in <condition> ---
    no taint source -- warning/smell
    finding: /Users/afiaasante/Security-Code-Smells/linux/net/mptcp/subflow.c:596:17 -- subflow_finish_connect() memcpy without positivity guard
    query  : FIND $T $FUNC($PARAMS) {} CONTAINS memmove($A, $B, $C)

real	0m0.058s
user	0m0.043s
sys	0m0.007s


--- Stage 2: XPath destructor/constructor fallback ---

[ signed_memcpy ] 1 finding(s) written to /tmp/cwe195_findings_mMnY31
=== Detector 3: signed_strncpy ===
    input  : /Users/afiaasante/Security-Code-Smells/linux/net/mptcp/subflow.c.xml
    output : /tmp/cwe195_findings_mMnY31

    query  : FIND $T $FUNC($PARAMS) {} CONTAINS strncpy($A, $B, $C)
    note   : destructor/constructor blocks covered by XPath fallback


real	0m0.058s
user	0m0.044s
sys	0m0.006s


--- Stage 2: XPath destructor/constructor fallback ---
    no unguarded destructor/constructor strncpy found

[ signed_strncpy ] 0 finding(s) written to /tmp/cwe195_findings_mMnY31
========================================
 Findings JSON
========================================
{
  "detector": "signed_memcpy",
  "severity": "warning",
  "classification": "smell",
  "rule": "signedUnsignedConversion",
  "file": "/Users/afiaasante/Security-Code-Smells/linux/net/mptcp/subflow.c",
  "line": 596,
  "col": 17,
  "varname": "subflow_finish_connect",
  "note": {
    "line": 596,
    "col": 17,
    "message": "memcpy() in subflow_finish_connect() -- signed int passed as byte count with no positivity guard (data > 0)"
  }
}

========================================
 Summary
 Total findings : 1
 Errors         : 0
 Warnings       : 1

 Breakdown by detector:
   signed_memcpy             1
========================================
