========================================
 CWE-190 Integer Overflow Risk Detector
 Source  : /Users/afiaasante/Security-Code-Smells/linux/net/ncsi/ncsi-netlink.c
 Report  : /Users/afiaasante/Security-Code-Smells/results/net_scan/SCS006/ncsi__ncsi-netlink.c/ncsi-netlink_report_20260417_174156.txt
 Findings: /Users/afiaasante/Security-Code-Smells/results/net_scan/SCS006/ncsi__ncsi-netlink.c/ncsi-netlink_findings_20260417_174156.json
 Date    : Fri Apr 17 17:41:56 EDT 2026
========================================

=== Stage 1: srcml ===

real	0m0.048s
user	0m0.041s
sys	0m0.005s

=== Stage 2: srcslice ===
Writing to :: /Users/afiaasante/Security-Code-Smells/linux/net/ncsi/ncsi-netlink.c.json
Output Saved to :: /Users/afiaasante/Security-Code-Smells/linux/net/ncsi/ncsi-netlink.c.json

real	0m0.242s
user	0m0.092s
sys	0m0.005s

=== Stage 3: srcattributor ===

real	0m0.992s
user	0m0.948s
sys	0m0.012s

=== Detector 1: unchecked_multiply ===
    input  : /Users/afiaasante/Security-Code-Smells/linux/net/ncsi/ncsi-netlink.c.xml
    output : /tmp/cwe190_findings_zU5uRc

    query  : FIND $T $FUNC($PARAMS) {} CONTAINS $TYPE $RESULT = $A * $B
    note   : destructor/constructor blocks covered by XPath fallback


real	0m0.022s
user	0m0.016s
sys	0m0.004s


--- Stage 2: XPath destructor/constructor fallback ---
    no unguarded destructor/constructor multiply found

[ unchecked_multiply ] 0 finding(s) written to /tmp/cwe190_findings_zU5uRc
=== Detector 2: unchecked_add ===
    input  : /Users/afiaasante/Security-Code-Smells/linux/net/ncsi/ncsi-netlink.c.xml
    output : /tmp/cwe190_findings_zU5uRc

    query  : FIND $T $FUNC($PARAMS) {} CONTAINS $TYPE $RESULT = $A + $B
    note   : destructor/constructor blocks covered by XPath fallback


real	0m0.023s
user	0m0.016s
sys	0m0.005s


--- Stage 2: XPath destructor/constructor fallback ---
    no unguarded destructor/constructor addition found

[ unchecked_add ] 0 finding(s) written to /tmp/cwe190_findings_zU5uRc
=== Detector 3: unchecked_increment ===
    input  : /Users/afiaasante/Security-Code-Smells/linux/net/ncsi/ncsi-netlink.c.xml
    output : /tmp/cwe190_findings_zU5uRc

    strategy : XPath on srcML XML -- ancestor-scoped guard check

[ unchecked_increment ] No smell detected.
========================================
 Findings JSON
========================================

========================================
 Summary
 Total findings : 0
 Errors         : 0
 Warnings       : 0
========================================
