========================================
 CWE-195 Signed-to-Unsigned Conversion Detector
 Source  : /Users/afiaasante/Security-Code-Smells/linux/net/nfc/nci/spi.c
 Report  : /Users/afiaasante/Security-Code-Smells/results/net_scan/SCS007/nfc__nci__spi.c/spi_report_20260417_180347.txt
 Findings: /Users/afiaasante/Security-Code-Smells/results/net_scan/SCS007/nfc__nci__spi.c/spi_findings_20260417_180347.json
 Date    : Fri Apr 17 18:03:47 EDT 2026
========================================

=== Stage 1: srcml ===

real	0m0.062s
user	0m0.025s
sys	0m0.004s

=== Stage 2: srcslice ===
Writing to :: /Users/afiaasante/Security-Code-Smells/linux/net/nfc/nci/spi.c.json
Output Saved to :: /Users/afiaasante/Security-Code-Smells/linux/net/nfc/nci/spi.c.json

real	0m0.205s
user	0m0.056s
sys	0m0.006s

=== Stage 3: srcattributor ===

real	0m0.227s
user	0m0.210s
sys	0m0.006s

=== Detector 1: signed_malloc ===
    input  : /Users/afiaasante/Security-Code-Smells/linux/net/nfc/nci/spi.c.xml
    output : /tmp/cwe195_findings_0ML0Bf

    query  : FIND $T $FUNC($PARAMS) {} CONTAINS malloc($A)
    note   : destructor/constructor blocks covered by XPath fallback


real	0m0.021s
user	0m0.011s
sys	0m0.004s


--- Stage 2: XPath destructor/constructor fallback ---
    no unguarded destructor/constructor malloc found

[ signed_malloc ] 0 finding(s) written to /tmp/cwe195_findings_0ML0Bf
=== Detector 2: signed_memcpy ===
    input  : /Users/afiaasante/Security-Code-Smells/linux/net/nfc/nci/spi.c.xml
    output : /tmp/cwe195_findings_0ML0Bf

    query  : FIND $T $FUNC($PARAMS) {} CONTAINS memcpy($A, $B, $C)

real	0m0.023s
user	0m0.011s
sys	0m0.005s

    query  : FIND $T $FUNC($PARAMS) {} CONTAINS memmove($A, $B, $C)

real	0m0.018s
user	0m0.011s
sys	0m0.005s


--- Stage 2: XPath destructor/constructor fallback ---
    no unguarded destructor/constructor memcpy/memmove found

[ signed_memcpy ] 0 finding(s) written to /tmp/cwe195_findings_0ML0Bf
=== Detector 3: signed_strncpy ===
    input  : /Users/afiaasante/Security-Code-Smells/linux/net/nfc/nci/spi.c.xml
    output : /tmp/cwe195_findings_0ML0Bf

    query  : FIND $T $FUNC($PARAMS) {} CONTAINS strncpy($A, $B, $C)
    note   : destructor/constructor blocks covered by XPath fallback


real	0m0.018s
user	0m0.011s
sys	0m0.004s


--- Stage 2: XPath destructor/constructor fallback ---
    no unguarded destructor/constructor strncpy found

[ signed_strncpy ] 0 finding(s) written to /tmp/cwe195_findings_0ML0Bf
========================================
 Findings JSON
========================================

========================================
 Summary
 Total findings : 0
 Errors         : 0
 Warnings       : 0
========================================
