========================================
 CWE-190 Integer Overflow Risk Detector
 Source  : /Users/afiaasante/Security-Code-Smells/linux/net/nfc/nci/ntf.c
 Report  : /Users/afiaasante/Security-Code-Smells/results/net_scan/SCS006/nfc__nci__ntf.c/ntf_report_20260417_174320.txt
 Findings: /Users/afiaasante/Security-Code-Smells/results/net_scan/SCS006/nfc__nci__ntf.c/ntf_findings_20260417_174320.json
 Date    : Fri Apr 17 17:43:20 EDT 2026
========================================

=== Stage 1: srcml ===

real	0m0.060s
user	0m0.051s
sys	0m0.006s

=== Stage 2: srcslice ===
Writing to :: /Users/afiaasante/Security-Code-Smells/linux/net/nfc/nci/ntf.c.json
Output Saved to :: /Users/afiaasante/Security-Code-Smells/linux/net/nfc/nci/ntf.c.json

real	0m0.253s
user	0m0.121s
sys	0m0.005s

=== Stage 3: srcattributor ===

real	0m1.791s
user	0m1.733s
sys	0m0.018s

=== Detector 1: unchecked_multiply ===
    input  : /Users/afiaasante/Security-Code-Smells/linux/net/nfc/nci/ntf.c.xml
    output : /tmp/cwe190_findings_RWqedT

    query  : FIND $T $FUNC($PARAMS) {} CONTAINS $TYPE $RESULT = $A * $B
    note   : destructor/constructor blocks covered by XPath fallback


real	0m0.026s
user	0m0.019s
sys	0m0.005s


--- Stage 2: XPath destructor/constructor fallback ---
    no unguarded destructor/constructor multiply found

[ unchecked_multiply ] 0 finding(s) written to /tmp/cwe190_findings_RWqedT
=== Detector 2: unchecked_add ===
    input  : /Users/afiaasante/Security-Code-Smells/linux/net/nfc/nci/ntf.c.xml
    output : /tmp/cwe190_findings_RWqedT

    query  : FIND $T $FUNC($PARAMS) {} CONTAINS $TYPE $RESULT = $A + $B
    note   : destructor/constructor blocks covered by XPath fallback


real	0m0.025s
user	0m0.019s
sys	0m0.005s


--- Stage 2: XPath destructor/constructor fallback ---
    no unguarded destructor/constructor addition found

[ unchecked_add ] 0 finding(s) written to /tmp/cwe190_findings_RWqedT
=== Detector 3: unchecked_increment ===
    input  : /Users/afiaasante/Security-Code-Smells/linux/net/nfc/nci/ntf.c.xml
    output : /tmp/cwe190_findings_RWqedT

    strategy : XPath on srcML XML -- ancestor-scoped guard check

--- extracting finding via XPath ---
    function : nci_core_conn_credits_ntf_packet
    position : 76:44

    no taint source -- warning/smell
    finding: /Users/afiaasante/Security-Code-Smells/linux/net/nfc/nci/ntf.c:76:44 -- nci_core_conn_credits_ntf_packet() increments without MAX guard

[ unchecked_increment ] 1 finding(s) written to /tmp/cwe190_findings_RWqedT
========================================
 Findings JSON
========================================
{
  "detector": "unchecked_increment",
  "severity": "warning",
  "classification": "smell",
  "rule": "integerOverflow",
  "file": "/Users/afiaasante/Security-Code-Smells/linux/net/nfc/nci/ntf.c",
  "line": 76,
  "col": 44,
  "varname": "nci_core_conn_credits_ntf_packet",
  "note": {
    "line": 76,
    "col": 44,
    "message": "increment (++) in nci_core_conn_credits_ntf_packet() -- no upper-bound guard (INT_MAX check)"
  }
}

========================================
 Summary
 Total findings : 1
 Errors         : 0
 Warnings       : 1

 Breakdown by detector:
   unchecked_increment       1
========================================
