========================================
 CWE-190 Integer Overflow Risk Detector
 Source  : /Users/afiaasante/Security-Code-Smells/linux/net/bridge/br_switchdev.c
 Report  : /Users/afiaasante/Security-Code-Smells/results/net_scan/SCS006/bridge__br_switchdev.c/br_switchdev_report_20260417_173601.txt
 Findings: /Users/afiaasante/Security-Code-Smells/results/net_scan/SCS006/bridge__br_switchdev.c/br_switchdev_findings_20260417_173601.json
 Date    : Fri Apr 17 17:36:01 EDT 2026
========================================

=== Stage 1: srcml ===

real	0m0.042s
user	0m0.030s
sys	0m0.005s

=== Stage 2: srcslice ===
Writing to :: /Users/afiaasante/Security-Code-Smells/linux/net/bridge/br_switchdev.c.json
Output Saved to :: /Users/afiaasante/Security-Code-Smells/linux/net/bridge/br_switchdev.c.json

real	0m0.189s
user	0m0.058s
sys	0m0.004s

=== Stage 3: srcattributor ===

real	0m0.879s
user	0m0.851s
sys	0m0.009s

=== Detector 1: unchecked_multiply ===
    input  : /Users/afiaasante/Security-Code-Smells/linux/net/bridge/br_switchdev.c.xml
    output : /tmp/cwe190_findings_hH0SmH

    query  : FIND $T $FUNC($PARAMS) {} CONTAINS $TYPE $RESULT = $A * $B
    note   : destructor/constructor blocks covered by XPath fallback


real	0m0.022s
user	0m0.016s
sys	0m0.004s


--- Stage 2: XPath destructor/constructor fallback ---
    no unguarded destructor/constructor multiply found

[ unchecked_multiply ] 0 finding(s) written to /tmp/cwe190_findings_hH0SmH
=== Detector 2: unchecked_add ===
    input  : /Users/afiaasante/Security-Code-Smells/linux/net/bridge/br_switchdev.c.xml
    output : /tmp/cwe190_findings_hH0SmH

    query  : FIND $T $FUNC($PARAMS) {} CONTAINS $TYPE $RESULT = $A + $B
    note   : destructor/constructor blocks covered by XPath fallback


real	0m0.021s
user	0m0.015s
sys	0m0.004s


--- Stage 2: XPath destructor/constructor fallback ---
    no unguarded destructor/constructor addition found

[ unchecked_add ] 0 finding(s) written to /tmp/cwe190_findings_hH0SmH
=== Detector 3: unchecked_increment ===
    input  : /Users/afiaasante/Security-Code-Smells/linux/net/bridge/br_switchdev.c.xml
    output : /tmp/cwe190_findings_hH0SmH

    strategy : XPath on srcML XML -- ancestor-scoped guard check

--- extracting finding via XPath ---
    function : nbp_switchdev_add
    position : 263:33

    no taint source -- warning/smell
    finding: /Users/afiaasante/Security-Code-Smells/linux/net/bridge/br_switchdev.c:263:33 -- nbp_switchdev_add() increments without MAX guard

[ unchecked_increment ] 1 finding(s) written to /tmp/cwe190_findings_hH0SmH
========================================
 Findings JSON
========================================
{
  "detector": "unchecked_increment",
  "severity": "warning",
  "classification": "smell",
  "rule": "integerOverflow",
  "file": "/Users/afiaasante/Security-Code-Smells/linux/net/bridge/br_switchdev.c",
  "line": 263,
  "col": 33,
  "varname": "nbp_switchdev_add",
  "note": {
    "line": 263,
    "col": 33,
    "message": "increment (++) in nbp_switchdev_add() -- no upper-bound guard (INT_MAX check)"
  }
}

========================================
 Summary
 Total findings : 1
 Errors         : 0
 Warnings       : 1

 Breakdown by detector:
   unchecked_increment       1
========================================
