========================================
 CWE-195 Signed-to-Unsigned Conversion Detector
 Source  : /Users/afiaasante/Security-Code-Smells/linux/net/sched/act_ct.c
 Report  : /Users/afiaasante/Security-Code-Smells/results/net_scan/SCS007/sched__act_ct.c/act_ct_report_20260417_180442.txt
 Findings: /Users/afiaasante/Security-Code-Smells/results/net_scan/SCS007/sched__act_ct.c/act_ct_findings_20260417_180442.json
 Date    : Fri Apr 17 18:04:42 EDT 2026
========================================

=== Stage 1: srcml ===

real	0m0.114s
user	0m0.104s
sys	0m0.006s

=== Stage 2: srcslice ===
Writing to :: /Users/afiaasante/Security-Code-Smells/linux/net/sched/act_ct.c.json
Output Saved to :: /Users/afiaasante/Security-Code-Smells/linux/net/sched/act_ct.c.json

real	0m0.366s
user	0m0.216s
sys	0m0.009s

=== Stage 3: srcattributor ===

real	0m7.077s
user	0m6.621s
sys	0m0.069s

=== Detector 1: signed_malloc ===
    input  : /Users/afiaasante/Security-Code-Smells/linux/net/sched/act_ct.c.xml
    output : /tmp/cwe195_findings_C7HEAw

    query  : FIND $T $FUNC($PARAMS) {} CONTAINS malloc($A)
    note   : destructor/constructor blocks covered by XPath fallback


real	0m0.045s
user	0m0.035s
sys	0m0.007s


--- Stage 2: XPath destructor/constructor fallback ---
    no unguarded destructor/constructor malloc found

[ signed_malloc ] 0 finding(s) written to /tmp/cwe195_findings_C7HEAw
=== Detector 2: signed_memcpy ===
    input  : /Users/afiaasante/Security-Code-Smells/linux/net/sched/act_ct.c.xml
    output : /tmp/cwe195_findings_C7HEAw

    query  : FIND $T $FUNC($PARAMS) {} CONTAINS memcpy($A, $B, $C)

real	0m0.045s
user	0m0.035s
sys	0m0.007s

--- Stage 1 (memcpy): checking srcQL result for positivity guard in <condition> ---
    no taint source -- warning/smell
    finding: /Users/afiaasante/Security-Code-Smells/linux/net/sched/act_ct.c:199:17 -- tcf_ct_flow_table_add_action_meta() memcpy without positivity guard
    query  : FIND $T $FUNC($PARAMS) {} CONTAINS memmove($A, $B, $C)

real	0m0.041s
user	0m0.033s
sys	0m0.007s


--- Stage 2: XPath destructor/constructor fallback ---

[ signed_memcpy ] 1 finding(s) written to /tmp/cwe195_findings_C7HEAw
=== Detector 3: signed_strncpy ===
    input  : /Users/afiaasante/Security-Code-Smells/linux/net/sched/act_ct.c.xml
    output : /tmp/cwe195_findings_C7HEAw

    query  : FIND $T $FUNC($PARAMS) {} CONTAINS strncpy($A, $B, $C)
    note   : destructor/constructor blocks covered by XPath fallback


real	0m0.043s
user	0m0.033s
sys	0m0.005s


--- Stage 2: XPath destructor/constructor fallback ---
    no unguarded destructor/constructor strncpy found

[ signed_strncpy ] 0 finding(s) written to /tmp/cwe195_findings_C7HEAw
========================================
 Findings JSON
========================================
{
  "detector": "signed_memcpy",
  "severity": "warning",
  "classification": "smell",
  "rule": "signedUnsignedConversion",
  "file": "/Users/afiaasante/Security-Code-Smells/linux/net/sched/act_ct.c",
  "line": 199,
  "col": 17,
  "varname": "tcf_ct_flow_table_add_action_meta",
  "note": {
    "line": 199,
    "col": 17,
    "message": "memcpy() in tcf_ct_flow_table_add_action_meta() -- signed int passed as byte count with no positivity guard (data > 0)"
  }
}

========================================
 Summary
 Total findings : 1
 Errors         : 0
 Warnings       : 1

 Breakdown by detector:
   signed_memcpy             1
========================================
