========================================
 CWE-190 Integer Overflow Risk Detector
 Source  : /Users/afiaasante/Security-Code-Smells/linux/net/netfilter/nfnetlink_log.c
 Report  : /Users/afiaasante/Security-Code-Smells/results/net_scan/SCS006/netfilter__nfnetlink_log.c/nfnetlink_log_report_20260417_174245.txt
 Findings: /Users/afiaasante/Security-Code-Smells/results/net_scan/SCS006/netfilter__nfnetlink_log.c/nfnetlink_log_findings_20260417_174245.json
 Date    : Fri Apr 17 17:42:45 EDT 2026
========================================

=== Stage 1: srcml ===

real	0m0.068s
user	0m0.061s
sys	0m0.005s

=== Stage 2: srcslice ===
Writing to :: /Users/afiaasante/Security-Code-Smells/linux/net/netfilter/nfnetlink_log.c.json
Output Saved to :: /Users/afiaasante/Security-Code-Smells/linux/net/netfilter/nfnetlink_log.c.json

real	0m0.254s
user	0m0.131s
sys	0m0.006s

=== Stage 3: srcattributor ===

real	0m2.122s
user	0m2.055s
sys	0m0.022s

=== Detector 1: unchecked_multiply ===
    input  : /Users/afiaasante/Security-Code-Smells/linux/net/netfilter/nfnetlink_log.c.xml
    output : /tmp/cwe190_findings_s952KM

    query  : FIND $T $FUNC($PARAMS) {} CONTAINS $TYPE $RESULT = $A * $B
    note   : destructor/constructor blocks covered by XPath fallback


real	0m0.028s
user	0m0.021s
sys	0m0.005s


--- Stage 2: XPath destructor/constructor fallback ---
    no unguarded destructor/constructor multiply found

[ unchecked_multiply ] 0 finding(s) written to /tmp/cwe190_findings_s952KM
=== Detector 2: unchecked_add ===
    input  : /Users/afiaasante/Security-Code-Smells/linux/net/netfilter/nfnetlink_log.c.xml
    output : /tmp/cwe190_findings_s952KM

    query  : FIND $T $FUNC($PARAMS) {} CONTAINS $TYPE $RESULT = $A + $B
    note   : destructor/constructor blocks covered by XPath fallback


real	0m0.029s
user	0m0.022s
sys	0m0.005s


--- Stage 2: XPath destructor/constructor fallback ---
    no unguarded destructor/constructor addition found

[ unchecked_add ] 0 finding(s) written to /tmp/cwe190_findings_s952KM
=== Detector 3: unchecked_increment ===
    input  : /Users/afiaasante/Security-Code-Smells/linux/net/netfilter/nfnetlink_log.c.xml
    output : /tmp/cwe190_findings_s952KM

    strategy : XPath on srcML XML -- ancestor-scoped guard check

--- extracting finding via XPath ---
    function : __build_packet_message
    position : 631:63

    no taint source -- warning/smell
    finding: /Users/afiaasante/Security-Code-Smells/linux/net/netfilter/nfnetlink_log.c:631:63 -- __build_packet_message() increments without MAX guard

[ unchecked_increment ] 1 finding(s) written to /tmp/cwe190_findings_s952KM
========================================
 Findings JSON
========================================
{
  "detector": "unchecked_increment",
  "severity": "warning",
  "classification": "smell",
  "rule": "integerOverflow",
  "file": "/Users/afiaasante/Security-Code-Smells/linux/net/netfilter/nfnetlink_log.c",
  "line": 631,
  "col": 63,
  "varname": "__build_packet_message",
  "note": {
    "line": 631,
    "col": 63,
    "message": "increment (++) in __build_packet_message() -- no upper-bound guard (INT_MAX check)"
  }
}

========================================
 Summary
 Total findings : 1
 Errors         : 0
 Warnings       : 1

 Breakdown by detector:
   unchecked_increment       1
========================================
