========================================
 CWE-190 Integer Overflow Risk Detector
 Source  : /Users/afiaasante/Security-Code-Smells/linux/net/core/rtnetlink.c
 Report  : /Users/afiaasante/Security-Code-Smells/results/net_scan/SCS006/core__rtnetlink.c/rtnetlink_report_20260417_173703.txt
 Findings: /Users/afiaasante/Security-Code-Smells/results/net_scan/SCS006/core__rtnetlink.c/rtnetlink_findings_20260417_173703.json
 Date    : Fri Apr 17 17:37:03 EDT 2026
========================================

=== Stage 1: srcml ===

real	0m0.297s
user	0m0.272s
sys	0m0.008s

=== Stage 2: srcslice ===
Writing to :: /Users/afiaasante/Security-Code-Smells/linux/net/core/rtnetlink.c.json
Output Saved to :: /Users/afiaasante/Security-Code-Smells/linux/net/core/rtnetlink.c.json

real	0m0.670s
user	0m0.543s
sys	0m0.017s

=== Stage 3: srcattributor ===

real	1m9.871s
user	1m7.135s
sys	0m0.605s

=== Detector 1: unchecked_multiply ===
    input  : /Users/afiaasante/Security-Code-Smells/linux/net/core/rtnetlink.c.xml
    output : /tmp/cwe190_findings_uuDvVQ

    query  : FIND $T $FUNC($PARAMS) {} CONTAINS $TYPE $RESULT = $A * $B
    note   : destructor/constructor blocks covered by XPath fallback


real	0m0.097s
user	0m0.086s
sys	0m0.009s

--- Stage 1: checking srcQL result for MAX guard in <condition> ---
    no taint source -- warning/smell
    finding: /Users/afiaasante/Security-Code-Smells/linux/net/core/rtnetlink.c:4861:50 -- nlmsg_populate_fdb() multiplies without MAX guard

--- Stage 2: XPath destructor/constructor fallback ---
    no unguarded destructor/constructor multiply found

[ unchecked_multiply ] 1 finding(s) written to /tmp/cwe190_findings_uuDvVQ
=== Detector 2: unchecked_add ===
    input  : /Users/afiaasante/Security-Code-Smells/linux/net/core/rtnetlink.c.xml
    output : /tmp/cwe190_findings_uuDvVQ

    query  : FIND $T $FUNC($PARAMS) {} CONTAINS $TYPE $RESULT = $A + $B
    note   : destructor/constructor blocks covered by XPath fallback


real	0m0.101s
user	0m0.086s
sys	0m0.010s

--- Stage 1: checking srcQL result for MAX guard in <condition> ---
    no taint source -- warning/smell
    finding: /Users/afiaasante/Security-Code-Smells/linux/net/core/rtnetlink.c:1200:17 -- rtnl_port_size() adds without MAX guard

--- Stage 2: XPath destructor/constructor fallback ---
    no unguarded destructor/constructor addition found

[ unchecked_add ] 1 finding(s) written to /tmp/cwe190_findings_uuDvVQ
=== Detector 3: unchecked_increment ===
    input  : /Users/afiaasante/Security-Code-Smells/linux/net/core/rtnetlink.c.xml
    output : /tmp/cwe190_findings_uuDvVQ

    strategy : XPath on srcML XML -- ancestor-scoped guard check

--- extracting finding via XPath ---
    function : rtnl_nets_destroy
    position : 301:42

    no taint source -- warning/smell
    finding: /Users/afiaasante/Security-Code-Smells/linux/net/core/rtnetlink.c:301:42 -- rtnl_nets_destroy() increments without MAX guard

[ unchecked_increment ] 1 finding(s) written to /tmp/cwe190_findings_uuDvVQ
========================================
 Findings JSON
========================================
{
  "detector": "unchecked_multiply",
  "severity": "warning",
  "classification": "smell",
  "rule": "integerOverflow",
  "file": "/Users/afiaasante/Security-Code-Smells/linux/net/core/rtnetlink.c",
  "line": 4861,
  "col": 50,
  "varname": "nlmsg_populate_fdb",
  "note": {
    "line": 4861,
    "col": 50,
    "message": "multiplication in nlmsg_populate_fdb() -- no upper-bound guard (INT_MAX / 2)"
  }
}
{
  "detector": "unchecked_add",
  "severity": "warning",
  "classification": "smell",
  "rule": "integerOverflow",
  "file": "/Users/afiaasante/Security-Code-Smells/linux/net/core/rtnetlink.c",
  "line": 1200,
  "col": 17,
  "varname": "rtnl_port_size",
  "note": {
    "line": 1200,
    "col": 17,
    "message": "addition in rtnl_port_size() -- no upper-bound guard before adding"
  }
}
{
  "detector": "unchecked_increment",
  "severity": "warning",
  "classification": "smell",
  "rule": "integerOverflow",
  "file": "/Users/afiaasante/Security-Code-Smells/linux/net/core/rtnetlink.c",
  "line": 301,
  "col": 42,
  "varname": "rtnl_nets_destroy",
  "note": {
    "line": 301,
    "col": 42,
    "message": "increment (++) in rtnl_nets_destroy() -- no upper-bound guard (INT_MAX check)"
  }
}

========================================
 Summary
 Total findings : 3
 Errors         : 0
 Warnings       : 3

 Breakdown by detector:
   unchecked_add             1
   unchecked_increment       1
   unchecked_multiply        1
========================================
