========================================
 CWE-190 Integer Overflow Risk Detector
 Source  : /Users/afiaasante/Security-Code-Smells/linux/net/tipc/subscr.c
 Report  : /Users/afiaasante/Security-Code-Smells/results/net_scan/SCS006/tipc__subscr.c/subscr_report_20260417_174604.txt
 Findings: /Users/afiaasante/Security-Code-Smells/results/net_scan/SCS006/tipc__subscr.c/subscr_findings_20260417_174604.json
 Date    : Fri Apr 17 17:46:04 EDT 2026
========================================

=== Stage 1: srcml ===

real	0m0.020s
user	0m0.014s
sys	0m0.004s

=== Stage 2: srcslice ===
Writing to :: /Users/afiaasante/Security-Code-Smells/linux/net/tipc/subscr.c.json
Output Saved to :: /Users/afiaasante/Security-Code-Smells/linux/net/tipc/subscr.c.json

real	0m0.185s
user	0m0.040s
sys	0m0.004s

=== Stage 3: srcattributor ===

real	0m0.088s
user	0m0.079s
sys	0m0.006s

=== Detector 1: unchecked_multiply ===
    input  : /Users/afiaasante/Security-Code-Smells/linux/net/tipc/subscr.c.xml
    output : /tmp/cwe190_findings_6ap2w3

    query  : FIND $T $FUNC($PARAMS) {} CONTAINS $TYPE $RESULT = $A * $B
    note   : destructor/constructor blocks covered by XPath fallback


real	0m0.016s
user	0m0.010s
sys	0m0.004s


--- Stage 2: XPath destructor/constructor fallback ---
    no unguarded destructor/constructor multiply found

[ unchecked_multiply ] 0 finding(s) written to /tmp/cwe190_findings_6ap2w3
=== Detector 2: unchecked_add ===
    input  : /Users/afiaasante/Security-Code-Smells/linux/net/tipc/subscr.c.xml
    output : /tmp/cwe190_findings_6ap2w3

    query  : FIND $T $FUNC($PARAMS) {} CONTAINS $TYPE $RESULT = $A + $B
    note   : destructor/constructor blocks covered by XPath fallback


real	0m0.019s
user	0m0.010s
sys	0m0.004s


--- Stage 2: XPath destructor/constructor fallback ---
    no unguarded destructor/constructor addition found

[ unchecked_add ] 0 finding(s) written to /tmp/cwe190_findings_6ap2w3
=== Detector 3: unchecked_increment ===
    input  : /Users/afiaasante/Security-Code-Smells/linux/net/tipc/subscr.c.xml
    output : /tmp/cwe190_findings_6ap2w3

    strategy : XPath on srcML XML -- ancestor-scoped guard check

[ unchecked_increment ] No smell detected.
========================================
 Findings JSON
========================================

========================================
 Summary
 Total findings : 0
 Errors         : 0
 Warnings       : 0
========================================
