========================================
 CWE-195 Signed-to-Unsigned Conversion Detector
 Source  : /Users/afiaasante/Security-Code-Smells/linux/net/ieee802154/6lowpan/core.c
 Report  : /Users/afiaasante/Security-Code-Smells/results/net_scan/SCS007/ieee802154__6lowpan__core.c/core_report_20260417_175711.txt
 Findings: /Users/afiaasante/Security-Code-Smells/results/net_scan/SCS007/ieee802154__6lowpan__core.c/core_findings_20260417_175711.json
 Date    : Fri Apr 17 17:57:11 EDT 2026
========================================

=== Stage 1: srcml ===

real	0m0.030s
user	0m0.018s
sys	0m0.005s

=== Stage 2: srcslice ===
Writing to :: /Users/afiaasante/Security-Code-Smells/linux/net/ieee802154/6lowpan/core.c.json
Output Saved to :: /Users/afiaasante/Security-Code-Smells/linux/net/ieee802154/6lowpan/core.c.json

real	0m0.197s
user	0m0.045s
sys	0m0.005s

=== Stage 3: srcattributor ===

real	0m0.102s
user	0m0.089s
sys	0m0.005s

=== Detector 1: signed_malloc ===
    input  : /Users/afiaasante/Security-Code-Smells/linux/net/ieee802154/6lowpan/core.c.xml
    output : /tmp/cwe195_findings_Hp3VEn

    query  : FIND $T $FUNC($PARAMS) {} CONTAINS malloc($A)
    note   : destructor/constructor blocks covered by XPath fallback


real	0m0.017s
user	0m0.010s
sys	0m0.004s


--- Stage 2: XPath destructor/constructor fallback ---
    no unguarded destructor/constructor malloc found

[ signed_malloc ] 0 finding(s) written to /tmp/cwe195_findings_Hp3VEn
=== Detector 2: signed_memcpy ===
    input  : /Users/afiaasante/Security-Code-Smells/linux/net/ieee802154/6lowpan/core.c.xml
    output : /tmp/cwe195_findings_Hp3VEn

    query  : FIND $T $FUNC($PARAMS) {} CONTAINS memcpy($A, $B, $C)

real	0m0.020s
user	0m0.010s
sys	0m0.005s

    query  : FIND $T $FUNC($PARAMS) {} CONTAINS memmove($A, $B, $C)

real	0m0.019s
user	0m0.011s
sys	0m0.005s


--- Stage 2: XPath destructor/constructor fallback ---
    no unguarded destructor/constructor memcpy/memmove found

[ signed_memcpy ] 0 finding(s) written to /tmp/cwe195_findings_Hp3VEn
=== Detector 3: signed_strncpy ===
    input  : /Users/afiaasante/Security-Code-Smells/linux/net/ieee802154/6lowpan/core.c.xml
    output : /tmp/cwe195_findings_Hp3VEn

    query  : FIND $T $FUNC($PARAMS) {} CONTAINS strncpy($A, $B, $C)
    note   : destructor/constructor blocks covered by XPath fallback


real	0m0.024s
user	0m0.010s
sys	0m0.004s


--- Stage 2: XPath destructor/constructor fallback ---
    no unguarded destructor/constructor strncpy found

[ signed_strncpy ] 0 finding(s) written to /tmp/cwe195_findings_Hp3VEn
========================================
 Findings JSON
========================================

========================================
 Summary
 Total findings : 0
 Errors         : 0
 Warnings       : 0
========================================
