========================================
 CWE-195 Signed-to-Unsigned Conversion Detector
 Source  : /Users/afiaasante/Security-Code-Smells/linux/net/core/filter.c
 Report  : /Users/afiaasante/Security-Code-Smells/results/net_scan/SCS007/core__filter.c/filter_report_20260417_175441.txt
 Findings: /Users/afiaasante/Security-Code-Smells/results/net_scan/SCS007/core__filter.c/filter_findings_20260417_175441.json
 Date    : Fri Apr 17 17:54:41 EDT 2026
========================================

=== Stage 1: srcml ===

real	0m0.860s
user	0m0.668s
sys	0m0.021s

=== Stage 2: srcslice ===
Writing to :: /Users/afiaasante/Security-Code-Smells/linux/net/core/filter.c.json
Output Saved to :: /Users/afiaasante/Security-Code-Smells/linux/net/core/filter.c.json

real	0m1.367s
user	0m1.150s
sys	0m0.022s

=== Stage 3: srcattributor ===

real	3m34.160s
user	3m17.511s
sys	0m1.899s

=== Detector 1: signed_malloc ===
    input  : /Users/afiaasante/Security-Code-Smells/linux/net/core/filter.c.xml
    output : /tmp/cwe195_findings_eMoYlw

    query  : FIND $T $FUNC($PARAMS) {} CONTAINS malloc($A)
    note   : destructor/constructor blocks covered by XPath fallback


real	0m0.204s
user	0m0.176s
sys	0m0.018s


--- Stage 2: XPath destructor/constructor fallback ---
    no unguarded destructor/constructor malloc found

[ signed_malloc ] 0 finding(s) written to /tmp/cwe195_findings_eMoYlw
=== Detector 2: signed_memcpy ===
    input  : /Users/afiaasante/Security-Code-Smells/linux/net/core/filter.c.xml
    output : /tmp/cwe195_findings_eMoYlw

    query  : FIND $T $FUNC($PARAMS) {} CONTAINS memcpy($A, $B, $C)

real	0m0.214s
user	0m0.187s
sys	0m0.019s

--- Stage 1 (memcpy): checking srcQL result for positivity guard in <condition> ---
    guarded -- > operator found in condition, no finding
    query  : FIND $T $FUNC($PARAMS) {} CONTAINS memmove($A, $B, $C)

real	0m0.208s
user	0m0.180s
sys	0m0.017s

--- Stage 1 (memmove): checking srcQL result for positivity guard in <condition> ---
    guarded -- > operator found in condition, no finding

--- Stage 2: XPath destructor/constructor fallback ---
    no unguarded destructor/constructor memcpy/memmove found

[ signed_memcpy ] 0 finding(s) written to /tmp/cwe195_findings_eMoYlw
=== Detector 3: signed_strncpy ===
    input  : /Users/afiaasante/Security-Code-Smells/linux/net/core/filter.c.xml
    output : /tmp/cwe195_findings_eMoYlw

    query  : FIND $T $FUNC($PARAMS) {} CONTAINS strncpy($A, $B, $C)
    note   : destructor/constructor blocks covered by XPath fallback


real	0m0.212s
user	0m0.184s
sys	0m0.019s


--- Stage 2: XPath destructor/constructor fallback ---
    no unguarded destructor/constructor strncpy found

[ signed_strncpy ] 0 finding(s) written to /tmp/cwe195_findings_eMoYlw
========================================
 Findings JSON
========================================

========================================
 Summary
 Total findings : 0
 Errors         : 0
 Warnings       : 0
========================================
