========================================
 CWE-190 Integer Overflow Risk Detector
 Source  : /Users/afiaasante/Security-Code-Smells/linux/net/netfilter/xt_set.c
 Report  : /Users/afiaasante/Security-Code-Smells/results/net_scan/SCS006/netfilter__xt_set.c/xt_set_report_20260417_174306.txt
 Findings: /Users/afiaasante/Security-Code-Smells/results/net_scan/SCS006/netfilter__xt_set.c/xt_set_findings_20260417_174306.json
 Date    : Fri Apr 17 17:43:06 EDT 2026
========================================

=== Stage 1: srcml ===

real	0m0.045s
user	0m0.037s
sys	0m0.004s

=== Stage 2: srcslice ===
Writing to :: /Users/afiaasante/Security-Code-Smells/linux/net/netfilter/xt_set.c.json
Output Saved to :: /Users/afiaasante/Security-Code-Smells/linux/net/netfilter/xt_set.c.json

real	0m0.244s
user	0m0.087s
sys	0m0.004s

=== Stage 3: srcattributor ===

real	0m0.392s
user	0m0.369s
sys	0m0.008s

=== Detector 1: unchecked_multiply ===
    input  : /Users/afiaasante/Security-Code-Smells/linux/net/netfilter/xt_set.c.xml
    output : /tmp/cwe190_findings_AYPjeX

    query  : FIND $T $FUNC($PARAMS) {} CONTAINS $TYPE $RESULT = $A * $B
    note   : destructor/constructor blocks covered by XPath fallback


real	0m0.036s
user	0m0.015s
sys	0m0.005s


--- Stage 2: XPath destructor/constructor fallback ---
    no unguarded destructor/constructor multiply found

[ unchecked_multiply ] 0 finding(s) written to /tmp/cwe190_findings_AYPjeX
=== Detector 2: unchecked_add ===
    input  : /Users/afiaasante/Security-Code-Smells/linux/net/netfilter/xt_set.c.xml
    output : /tmp/cwe190_findings_AYPjeX

    query  : FIND $T $FUNC($PARAMS) {} CONTAINS $TYPE $RESULT = $A + $B
    note   : destructor/constructor blocks covered by XPath fallback


real	0m0.021s
user	0m0.015s
sys	0m0.005s


--- Stage 2: XPath destructor/constructor fallback ---
    no unguarded destructor/constructor addition found

[ unchecked_add ] 0 finding(s) written to /tmp/cwe190_findings_AYPjeX
=== Detector 3: unchecked_increment ===
    input  : /Users/afiaasante/Security-Code-Smells/linux/net/netfilter/xt_set.c.xml
    output : /tmp/cwe190_findings_AYPjeX

    strategy : XPath on srcML XML -- ancestor-scoped guard check

--- extracting finding via XPath ---
    function : compat_flags
    position : 75:65

    no taint source -- warning/smell
    finding: /Users/afiaasante/Security-Code-Smells/linux/net/netfilter/xt_set.c:75:65 -- compat_flags() increments without MAX guard

[ unchecked_increment ] 1 finding(s) written to /tmp/cwe190_findings_AYPjeX
========================================
 Findings JSON
========================================
{
  "detector": "unchecked_increment",
  "severity": "warning",
  "classification": "smell",
  "rule": "integerOverflow",
  "file": "/Users/afiaasante/Security-Code-Smells/linux/net/netfilter/xt_set.c",
  "line": 75,
  "col": 65,
  "varname": "compat_flags",
  "note": {
    "line": 75,
    "col": 65,
    "message": "increment (++) in compat_flags() -- no upper-bound guard (INT_MAX check)"
  }
}

========================================
 Summary
 Total findings : 1
 Errors         : 0
 Warnings       : 1

 Breakdown by detector:
   unchecked_increment       1
========================================
