========================================
 CWE-195 Signed-to-Unsigned Conversion Detector
 Source  : /Users/afiaasante/Security-Code-Smells/linux/net/core/neighbour.c
 Report  : /Users/afiaasante/Security-Code-Smells/results/net_scan/SCS007/core__neighbour.c/neighbour_report_20260417_175454.txt
 Findings: /Users/afiaasante/Security-Code-Smells/results/net_scan/SCS007/core__neighbour.c/neighbour_findings_20260417_175454.json
 Date    : Fri Apr 17 17:54:54 EDT 2026
========================================

=== Stage 1: srcml ===

real	0m0.278s
user	0m0.260s
sys	0m0.008s

=== Stage 2: srcslice ===
Writing to :: /Users/afiaasante/Security-Code-Smells/linux/net/core/neighbour.c.json
Output Saved to :: /Users/afiaasante/Security-Code-Smells/linux/net/core/neighbour.c.json

real	0m0.677s
user	0m0.499s
sys	0m0.012s

=== Stage 3: srcattributor ===

real	0m36.363s
user	0m34.182s
sys	0m0.236s

=== Detector 1: signed_malloc ===
    input  : /Users/afiaasante/Security-Code-Smells/linux/net/core/neighbour.c.xml
    output : /tmp/cwe195_findings_TUowI4

    query  : FIND $T $FUNC($PARAMS) {} CONTAINS malloc($A)
    note   : destructor/constructor blocks covered by XPath fallback


real	0m0.093s
user	0m0.074s
sys	0m0.012s


--- Stage 2: XPath destructor/constructor fallback ---
    no unguarded destructor/constructor malloc found

[ signed_malloc ] 0 finding(s) written to /tmp/cwe195_findings_TUowI4
=== Detector 2: signed_memcpy ===
    input  : /Users/afiaasante/Security-Code-Smells/linux/net/core/neighbour.c.xml
    output : /tmp/cwe195_findings_TUowI4

    query  : FIND $T $FUNC($PARAMS) {} CONTAINS memcpy($A, $B, $C)

real	0m0.086s
user	0m0.073s
sys	0m0.010s

--- Stage 1 (memcpy): checking srcQL result for positivity guard in <condition> ---
    guarded -- > operator found in condition, no finding
    query  : FIND $T $FUNC($PARAMS) {} CONTAINS memmove($A, $B, $C)

real	0m0.086s
user	0m0.073s
sys	0m0.009s


--- Stage 2: XPath destructor/constructor fallback ---
    no unguarded destructor/constructor memcpy/memmove found

[ signed_memcpy ] 0 finding(s) written to /tmp/cwe195_findings_TUowI4
=== Detector 3: signed_strncpy ===
    input  : /Users/afiaasante/Security-Code-Smells/linux/net/core/neighbour.c.xml
    output : /tmp/cwe195_findings_TUowI4

    query  : FIND $T $FUNC($PARAMS) {} CONTAINS strncpy($A, $B, $C)
    note   : destructor/constructor blocks covered by XPath fallback


real	0m0.084s
user	0m0.072s
sys	0m0.009s


--- Stage 2: XPath destructor/constructor fallback ---
    no unguarded destructor/constructor strncpy found

[ signed_strncpy ] 0 finding(s) written to /tmp/cwe195_findings_TUowI4
========================================
 Findings JSON
========================================

========================================
 Summary
 Total findings : 0
 Errors         : 0
 Warnings       : 0
========================================
