========================================
 CWE-195 Signed-to-Unsigned Conversion Detector
 Source  : /Users/afiaasante/Security-Code-Smells/linux/net/ceph/crush/crush.c
 Report  : /Users/afiaasante/Security-Code-Smells/results/net_scan/SCS007/ceph__crush__crush.c/crush_report_20260417_175405.txt
 Findings: /Users/afiaasante/Security-Code-Smells/results/net_scan/SCS007/ceph__crush__crush.c/crush_findings_20260417_175405.json
 Date    : Fri Apr 17 17:54:05 EDT 2026
========================================

=== Stage 1: srcml ===

real	0m0.030s
user	0m0.015s
sys	0m0.006s

=== Stage 2: srcslice ===
Writing to :: /Users/afiaasante/Security-Code-Smells/linux/net/ceph/crush/crush.c.json
Output Saved to :: /Users/afiaasante/Security-Code-Smells/linux/net/ceph/crush/crush.c.json

real	0m0.198s
user	0m0.037s
sys	0m0.004s

=== Stage 3: srcattributor ===

real	0m0.068s
user	0m0.054s
sys	0m0.005s

=== Detector 1: signed_malloc ===
    input  : /Users/afiaasante/Security-Code-Smells/linux/net/ceph/crush/crush.c.xml
    output : /tmp/cwe195_findings_6dQ7mr

    query  : FIND $T $FUNC($PARAMS) {} CONTAINS malloc($A)
    note   : destructor/constructor blocks covered by XPath fallback


real	0m0.017s
user	0m0.009s
sys	0m0.005s


--- Stage 2: XPath destructor/constructor fallback ---
    no unguarded destructor/constructor malloc found

[ signed_malloc ] 0 finding(s) written to /tmp/cwe195_findings_6dQ7mr
=== Detector 2: signed_memcpy ===
    input  : /Users/afiaasante/Security-Code-Smells/linux/net/ceph/crush/crush.c.xml
    output : /tmp/cwe195_findings_6dQ7mr

    query  : FIND $T $FUNC($PARAMS) {} CONTAINS memcpy($A, $B, $C)

real	0m0.015s
user	0m0.009s
sys	0m0.004s

    query  : FIND $T $FUNC($PARAMS) {} CONTAINS memmove($A, $B, $C)

real	0m0.017s
user	0m0.009s
sys	0m0.005s


--- Stage 2: XPath destructor/constructor fallback ---
    no unguarded destructor/constructor memcpy/memmove found

[ signed_memcpy ] 0 finding(s) written to /tmp/cwe195_findings_6dQ7mr
=== Detector 3: signed_strncpy ===
    input  : /Users/afiaasante/Security-Code-Smells/linux/net/ceph/crush/crush.c.xml
    output : /tmp/cwe195_findings_6dQ7mr

    query  : FIND $T $FUNC($PARAMS) {} CONTAINS strncpy($A, $B, $C)
    note   : destructor/constructor blocks covered by XPath fallback


real	0m0.017s
user	0m0.009s
sys	0m0.005s


--- Stage 2: XPath destructor/constructor fallback ---
    no unguarded destructor/constructor strncpy found

[ signed_strncpy ] 0 finding(s) written to /tmp/cwe195_findings_6dQ7mr
========================================
 Findings JSON
========================================

========================================
 Summary
 Total findings : 0
 Errors         : 0
 Warnings       : 0
========================================
