========================================
 CWE-190 Integer Overflow Risk Detector
 Source  : /Users/afiaasante/Security-Code-Smells/linux/net/xdp/xskmap.c
 Report  : /Users/afiaasante/Security-Code-Smells/results/net_scan/SCS006/xdp__xskmap.c/xskmap_report_20260417_174704.txt
 Findings: /Users/afiaasante/Security-Code-Smells/results/net_scan/SCS006/xdp__xskmap.c/xskmap_findings_20260417_174704.json
 Date    : Fri Apr 17 17:47:04 EDT 2026
========================================

=== Stage 1: srcml ===

real	0m0.033s
user	0m0.024s
sys	0m0.006s

=== Stage 2: srcslice ===
Writing to :: /Users/afiaasante/Security-Code-Smells/linux/net/xdp/xskmap.c.json
Output Saved to :: /Users/afiaasante/Security-Code-Smells/linux/net/xdp/xskmap.c.json

real	0m0.190s
user	0m0.056s
sys	0m0.004s

=== Stage 3: srcattributor ===

real	0m0.260s
user	0m0.222s
sys	0m0.007s

=== Detector 1: unchecked_multiply ===
    input  : /Users/afiaasante/Security-Code-Smells/linux/net/xdp/xskmap.c.xml
    output : /tmp/cwe190_findings_kheKQf

    query  : FIND $T $FUNC($PARAMS) {} CONTAINS $TYPE $RESULT = $A * $B
    note   : destructor/constructor blocks covered by XPath fallback


real	0m0.015s
user	0m0.011s
sys	0m0.004s

--- Stage 1: checking srcQL result for MAX guard in <condition> ---
    no taint source -- warning/smell
    finding: /Users/afiaasante/Security-Code-Smells/linux/net/xdp/xskmap.c:167:17 -- xsk_map_update_elem() multiplies without MAX guard

--- Stage 2: XPath destructor/constructor fallback ---
    no unguarded destructor/constructor multiply found

[ unchecked_multiply ] 1 finding(s) written to /tmp/cwe190_findings_kheKQf
=== Detector 2: unchecked_add ===
    input  : /Users/afiaasante/Security-Code-Smells/linux/net/xdp/xskmap.c.xml
    output : /tmp/cwe190_findings_kheKQf

    query  : FIND $T $FUNC($PARAMS) {} CONTAINS $TYPE $RESULT = $A + $B
    note   : destructor/constructor blocks covered by XPath fallback


real	0m0.019s
user	0m0.012s
sys	0m0.005s


--- Stage 2: XPath destructor/constructor fallback ---
    no unguarded destructor/constructor addition found

[ unchecked_add ] 0 finding(s) written to /tmp/cwe190_findings_kheKQf
=== Detector 3: unchecked_increment ===
    input  : /Users/afiaasante/Security-Code-Smells/linux/net/xdp/xskmap.c.xml
    output : /tmp/cwe190_findings_kheKQf

    strategy : XPath on srcML XML -- ancestor-scoped guard check

--- extracting finding via XPath ---
    function : xsk_map_gen_lookup
    position : 126:14

    no taint source -- warning/smell
    finding: /Users/afiaasante/Security-Code-Smells/linux/net/xdp/xskmap.c:126:14 -- xsk_map_gen_lookup() increments without MAX guard

[ unchecked_increment ] 1 finding(s) written to /tmp/cwe190_findings_kheKQf
========================================
 Findings JSON
========================================
{
  "detector": "unchecked_multiply",
  "severity": "warning",
  "classification": "smell",
  "rule": "integerOverflow",
  "file": "/Users/afiaasante/Security-Code-Smells/linux/net/xdp/xskmap.c",
  "line": 167,
  "col": 17,
  "varname": "xsk_map_update_elem",
  "note": {
    "line": 167,
    "col": 17,
    "message": "multiplication in xsk_map_update_elem() -- no upper-bound guard (INT_MAX / 2)"
  }
}
{
  "detector": "unchecked_increment",
  "severity": "warning",
  "classification": "smell",
  "rule": "integerOverflow",
  "file": "/Users/afiaasante/Security-Code-Smells/linux/net/xdp/xskmap.c",
  "line": 126,
  "col": 14,
  "varname": "xsk_map_gen_lookup",
  "note": {
    "line": 126,
    "col": 14,
    "message": "increment (++) in xsk_map_gen_lookup() -- no upper-bound guard (INT_MAX check)"
  }
}

========================================
 Summary
 Total findings : 2
 Errors         : 0
 Warnings       : 2

 Breakdown by detector:
   unchecked_increment       1
   unchecked_multiply        1
========================================
