========================================
 CWE-190 Integer Overflow Risk Detector
 Source  : /Users/afiaasante/Security-Code-Smells/linux/net/smc/smc_ism.c
 Report  : /Users/afiaasante/Security-Code-Smells/results/net_scan/SCS006/smc__smc_ism.c/smc_ism_report_20260417_174508.txt
 Findings: /Users/afiaasante/Security-Code-Smells/results/net_scan/SCS006/smc__smc_ism.c/smc_ism_findings_20260417_174508.json
 Date    : Fri Apr 17 17:45:08 EDT 2026
========================================

=== Stage 1: srcml ===

real	0m0.044s
user	0m0.037s
sys	0m0.005s

=== Stage 2: srcslice ===
Writing to :: /Users/afiaasante/Security-Code-Smells/linux/net/smc/smc_ism.c.json
Output Saved to :: /Users/afiaasante/Security-Code-Smells/linux/net/smc/smc_ism.c.json

real	0m0.185s
user	0m0.085s
sys	0m0.004s

=== Stage 3: srcattributor ===

real	0m0.838s
user	0m0.818s
sys	0m0.009s

=== Detector 1: unchecked_multiply ===
    input  : /Users/afiaasante/Security-Code-Smells/linux/net/smc/smc_ism.c.xml
    output : /tmp/cwe190_findings_zAM2Rh

    query  : FIND $T $FUNC($PARAMS) {} CONTAINS $TYPE $RESULT = $A * $B
    note   : destructor/constructor blocks covered by XPath fallback


real	0m0.023s
user	0m0.016s
sys	0m0.004s

--- Stage 1: checking srcQL result for MAX guard in <condition> ---
    no taint source -- warning/smell
    finding: /Users/afiaasante/Security-Code-Smells/linux/net/smc/smc_ism.c:52:38 -- smc_ism_create_system_eid() multiplies without MAX guard

--- Stage 2: XPath destructor/constructor fallback ---
    no unguarded destructor/constructor multiply found

[ unchecked_multiply ] 1 finding(s) written to /tmp/cwe190_findings_zAM2Rh
=== Detector 2: unchecked_add ===
    input  : /Users/afiaasante/Security-Code-Smells/linux/net/smc/smc_ism.c.xml
    output : /tmp/cwe190_findings_zAM2Rh

    query  : FIND $T $FUNC($PARAMS) {} CONTAINS $TYPE $RESULT = $A + $B
    note   : destructor/constructor blocks covered by XPath fallback


real	0m0.022s
user	0m0.016s
sys	0m0.004s


--- Stage 2: XPath destructor/constructor fallback ---
    no unguarded destructor/constructor addition found

[ unchecked_add ] 0 finding(s) written to /tmp/cwe190_findings_zAM2Rh
=== Detector 3: unchecked_increment ===
    input  : /Users/afiaasante/Security-Code-Smells/linux/net/smc/smc_ism.c.xml
    output : /tmp/cwe190_findings_zAM2Rh

    strategy : XPath on srcML XML -- ancestor-scoped guard check

--- extracting finding via XPath ---
    function : smc_nl_prep_smcd_dev
    position : 383:20

    no taint source -- warning/smell
    finding: /Users/afiaasante/Security-Code-Smells/linux/net/smc/smc_ism.c:383:20 -- smc_nl_prep_smcd_dev() increments without MAX guard

[ unchecked_increment ] 1 finding(s) written to /tmp/cwe190_findings_zAM2Rh
========================================
 Findings JSON
========================================
{
  "detector": "unchecked_multiply",
  "severity": "warning",
  "classification": "smell",
  "rule": "integerOverflow",
  "file": "/Users/afiaasante/Security-Code-Smells/linux/net/smc/smc_ism.c",
  "line": 52,
  "col": 38,
  "varname": "smc_ism_create_system_eid",
  "note": {
    "line": 52,
    "col": 38,
    "message": "multiplication in smc_ism_create_system_eid() -- no upper-bound guard (INT_MAX / 2)"
  }
}
{
  "detector": "unchecked_increment",
  "severity": "warning",
  "classification": "smell",
  "rule": "integerOverflow",
  "file": "/Users/afiaasante/Security-Code-Smells/linux/net/smc/smc_ism.c",
  "line": 383,
  "col": 20,
  "varname": "smc_nl_prep_smcd_dev",
  "note": {
    "line": 383,
    "col": 20,
    "message": "increment (++) in smc_nl_prep_smcd_dev() -- no upper-bound guard (INT_MAX check)"
  }
}

========================================
 Summary
 Total findings : 2
 Errors         : 0
 Warnings       : 2

 Breakdown by detector:
   unchecked_increment       1
   unchecked_multiply        1
========================================
