========================================
 CWE-195 Signed-to-Unsigned Conversion Detector
 Source  : /Users/afiaasante/Security-Code-Smells/linux/net/tipc/msg.c
 Report  : /Users/afiaasante/Security-Code-Smells/results/net_scan/SCS007/tipc__msg.c/msg_report_20260417_180704.txt
 Findings: /Users/afiaasante/Security-Code-Smells/results/net_scan/SCS007/tipc__msg.c/msg_findings_20260417_180704.json
 Date    : Fri Apr 17 18:07:04 EDT 2026
========================================

=== Stage 1: srcml ===

real	0m0.066s
user	0m0.056s
sys	0m0.005s

=== Stage 2: srcslice ===
Writing to :: /Users/afiaasante/Security-Code-Smells/linux/net/tipc/msg.c.json
Output Saved to :: /Users/afiaasante/Security-Code-Smells/linux/net/tipc/msg.c.json

real	0m0.256s
user	0m0.112s
sys	0m0.005s

=== Stage 3: srcattributor ===

real	0m1.711s
user	0m1.594s
sys	0m0.020s

=== Detector 1: signed_malloc ===
    input  : /Users/afiaasante/Security-Code-Smells/linux/net/tipc/msg.c.xml
    output : /tmp/cwe195_findings_VPTCW8

    query  : FIND $T $FUNC($PARAMS) {} CONTAINS malloc($A)
    note   : destructor/constructor blocks covered by XPath fallback


real	0m0.030s
user	0m0.020s
sys	0m0.005s


--- Stage 2: XPath destructor/constructor fallback ---
    no unguarded destructor/constructor malloc found

[ signed_malloc ] 0 finding(s) written to /tmp/cwe195_findings_VPTCW8
=== Detector 2: signed_memcpy ===
    input  : /Users/afiaasante/Security-Code-Smells/linux/net/tipc/msg.c.xml
    output : /tmp/cwe195_findings_VPTCW8

    query  : FIND $T $FUNC($PARAMS) {} CONTAINS memcpy($A, $B, $C)

real	0m0.031s
user	0m0.021s
sys	0m0.005s

--- Stage 1 (memcpy): checking srcQL result for positivity guard in <condition> ---
    no taint source -- warning/smell
    finding: /Users/afiaasante/Security-Code-Smells/linux/net/tipc/msg.c:654:9 -- tipc_msg_reverse() memcpy without positivity guard
    query  : FIND $T $FUNC($PARAMS) {} CONTAINS memmove($A, $B, $C)

real	0m0.037s
user	0m0.021s
sys	0m0.006s


--- Stage 2: XPath destructor/constructor fallback ---

[ signed_memcpy ] 1 finding(s) written to /tmp/cwe195_findings_VPTCW8
=== Detector 3: signed_strncpy ===
    input  : /Users/afiaasante/Security-Code-Smells/linux/net/tipc/msg.c.xml
    output : /tmp/cwe195_findings_VPTCW8

    query  : FIND $T $FUNC($PARAMS) {} CONTAINS strncpy($A, $B, $C)
    note   : destructor/constructor blocks covered by XPath fallback


real	0m0.028s
user	0m0.019s
sys	0m0.006s


--- Stage 2: XPath destructor/constructor fallback ---
    no unguarded destructor/constructor strncpy found

[ signed_strncpy ] 0 finding(s) written to /tmp/cwe195_findings_VPTCW8
========================================
 Findings JSON
========================================
{
  "detector": "signed_memcpy",
  "severity": "warning",
  "classification": "smell",
  "rule": "signedUnsignedConversion",
  "file": "/Users/afiaasante/Security-Code-Smells/linux/net/tipc/msg.c",
  "line": 654,
  "col": 9,
  "varname": "tipc_msg_reverse",
  "note": {
    "line": 654,
    "col": 9,
    "message": "memcpy() in tipc_msg_reverse() -- signed int passed as byte count with no positivity guard (data > 0)"
  }
}

========================================
 Summary
 Total findings : 1
 Errors         : 0
 Warnings       : 1

 Breakdown by detector:
   signed_memcpy             1
========================================
