========================================
 CWE-190 Integer Overflow Risk Detector
 Source  : /Users/afiaasante/Security-Code-Smells/linux/net/netfilter/nfnetlink_queue.c
 Report  : /Users/afiaasante/Security-Code-Smells/results/net_scan/SCS006/netfilter__nfnetlink_queue.c/nfnetlink_queue_report_20260417_174245.txt
 Findings: /Users/afiaasante/Security-Code-Smells/results/net_scan/SCS006/netfilter__nfnetlink_queue.c/nfnetlink_queue_findings_20260417_174245.json
 Date    : Fri Apr 17 17:42:45 EDT 2026
========================================

=== Stage 1: srcml ===

real	0m0.095s
user	0m0.088s
sys	0m0.005s

=== Stage 2: srcslice ===
Writing to :: /Users/afiaasante/Security-Code-Smells/linux/net/netfilter/nfnetlink_queue.c.json
Output Saved to :: /Users/afiaasante/Security-Code-Smells/linux/net/netfilter/nfnetlink_queue.c.json

real	0m0.308s
user	0m0.196s
sys	0m0.007s

=== Stage 3: srcattributor ===

real	0m5.494s
user	0m5.253s
sys	0m0.046s

=== Detector 1: unchecked_multiply ===
    input  : /Users/afiaasante/Security-Code-Smells/linux/net/netfilter/nfnetlink_queue.c.xml
    output : /tmp/cwe190_findings_VZbcuO

    query  : FIND $T $FUNC($PARAMS) {} CONTAINS $TYPE $RESULT = $A * $B
    note   : destructor/constructor blocks covered by XPath fallback


real	0m0.037s
user	0m0.030s
sys	0m0.005s

--- Stage 1: checking srcQL result for MAX guard in <condition> ---
    no taint source -- warning/smell
    finding: /Users/afiaasante/Security-Code-Smells/linux/net/netfilter/nfnetlink_queue.c:407:36 -- nf_ct_drop_unconfirmed() multiplies without MAX guard

--- Stage 2: XPath destructor/constructor fallback ---
    no unguarded destructor/constructor multiply found

[ unchecked_multiply ] 1 finding(s) written to /tmp/cwe190_findings_VZbcuO
=== Detector 2: unchecked_add ===
    input  : /Users/afiaasante/Security-Code-Smells/linux/net/netfilter/nfnetlink_queue.c.xml
    output : /tmp/cwe190_findings_VZbcuO

    query  : FIND $T $FUNC($PARAMS) {} CONTAINS $TYPE $RESULT = $A + $B
    note   : destructor/constructor blocks covered by XPath fallback


real	0m0.041s
user	0m0.032s
sys	0m0.007s


--- Stage 2: XPath destructor/constructor fallback ---
    no unguarded destructor/constructor addition found

[ unchecked_add ] 0 finding(s) written to /tmp/cwe190_findings_VZbcuO
=== Detector 3: unchecked_increment ===
    input  : /Users/afiaasante/Security-Code-Smells/linux/net/netfilter/nfnetlink_queue.c.xml
    output : /tmp/cwe190_findings_VZbcuO

    strategy : XPath on srcML XML -- ancestor-scoped guard check

--- extracting finding via XPath ---
    function : __enqueue_entry
    position : 228:27

    no taint source -- warning/smell
    finding: /Users/afiaasante/Security-Code-Smells/linux/net/netfilter/nfnetlink_queue.c:228:27 -- __enqueue_entry() increments without MAX guard

[ unchecked_increment ] 1 finding(s) written to /tmp/cwe190_findings_VZbcuO
========================================
 Findings JSON
========================================
{
  "detector": "unchecked_multiply",
  "severity": "warning",
  "classification": "smell",
  "rule": "integerOverflow",
  "file": "/Users/afiaasante/Security-Code-Smells/linux/net/netfilter/nfnetlink_queue.c",
  "line": 407,
  "col": 36,
  "varname": "nf_ct_drop_unconfirmed",
  "note": {
    "line": 407,
    "col": 36,
    "message": "multiplication in nf_ct_drop_unconfirmed() -- no upper-bound guard (INT_MAX / 2)"
  }
}
{
  "detector": "unchecked_increment",
  "severity": "warning",
  "classification": "smell",
  "rule": "integerOverflow",
  "file": "/Users/afiaasante/Security-Code-Smells/linux/net/netfilter/nfnetlink_queue.c",
  "line": 228,
  "col": 27,
  "varname": "__enqueue_entry",
  "note": {
    "line": 228,
    "col": 27,
    "message": "increment (++) in __enqueue_entry() -- no upper-bound guard (INT_MAX check)"
  }
}

========================================
 Summary
 Total findings : 2
 Errors         : 0
 Warnings       : 2

 Breakdown by detector:
   unchecked_increment       1
   unchecked_multiply        1
========================================
