========================================
 CWE-190 Integer Overflow Risk Detector
 Source  : /Users/afiaasante/Security-Code-Smells/linux/net/sunrpc/auth_gss/gss_krb5_crypto.c
 Report  : /Users/afiaasante/Security-Code-Smells/results/net_scan/SCS006/sunrpc__auth_gss__gss_krb5_crypto.c/gss_krb5_crypto_report_20260417_174521.txt
 Findings: /Users/afiaasante/Security-Code-Smells/results/net_scan/SCS006/sunrpc__auth_gss__gss_krb5_crypto.c/gss_krb5_crypto_findings_20260417_174521.json
 Date    : Fri Apr 17 17:45:21 EDT 2026
========================================

=== Stage 1: srcml ===

real	0m0.058s
user	0m0.050s
sys	0m0.005s

=== Stage 2: srcslice ===
Writing to :: /Users/afiaasante/Security-Code-Smells/linux/net/sunrpc/auth_gss/gss_krb5_crypto.c.json
Output Saved to :: /Users/afiaasante/Security-Code-Smells/linux/net/sunrpc/auth_gss/gss_krb5_crypto.c.json

real	0m0.251s
user	0m0.101s
sys	0m0.005s

=== Stage 3: srcattributor ===

real	0m1.535s
user	0m1.477s
sys	0m0.017s

=== Detector 1: unchecked_multiply ===
    input  : /Users/afiaasante/Security-Code-Smells/linux/net/sunrpc/auth_gss/gss_krb5_crypto.c.xml
    output : /tmp/cwe190_findings_XCYOTK

    query  : FIND $T $FUNC($PARAMS) {} CONTAINS $TYPE $RESULT = $A * $B
    note   : destructor/constructor blocks covered by XPath fallback


real	0m0.023s
user	0m0.017s
sys	0m0.005s


--- Stage 2: XPath destructor/constructor fallback ---
    no unguarded destructor/constructor multiply found

[ unchecked_multiply ] 0 finding(s) written to /tmp/cwe190_findings_XCYOTK
=== Detector 2: unchecked_add ===
    input  : /Users/afiaasante/Security-Code-Smells/linux/net/sunrpc/auth_gss/gss_krb5_crypto.c.xml
    output : /tmp/cwe190_findings_XCYOTK

    query  : FIND $T $FUNC($PARAMS) {} CONTAINS $TYPE $RESULT = $A + $B
    note   : destructor/constructor blocks covered by XPath fallback


real	0m0.023s
user	0m0.017s
sys	0m0.005s

--- Stage 1: checking srcQL result for MAX guard in <condition> ---
    no taint source -- warning/smell
    finding: /Users/afiaasante/Security-Code-Smells/linux/net/sunrpc/auth_gss/gss_krb5_crypto.c:244:37 -- encryptor() adds without MAX guard

--- Stage 2: XPath destructor/constructor fallback ---
    no unguarded destructor/constructor addition found

[ unchecked_add ] 1 finding(s) written to /tmp/cwe190_findings_XCYOTK
=== Detector 3: unchecked_increment ===
    input  : /Users/afiaasante/Security-Code-Smells/linux/net/sunrpc/auth_gss/gss_krb5_crypto.c.xml
    output : /tmp/cwe190_findings_XCYOTK

    strategy : XPath on srcML XML -- ancestor-scoped guard check

--- extracting finding via XPath ---
    function : encryptor
    position : 264:21

    no taint source -- warning/smell
    finding: /Users/afiaasante/Security-Code-Smells/linux/net/sunrpc/auth_gss/gss_krb5_crypto.c:264:21 -- encryptor() increments without MAX guard

[ unchecked_increment ] 1 finding(s) written to /tmp/cwe190_findings_XCYOTK
========================================
 Findings JSON
========================================
{
  "detector": "unchecked_add",
  "severity": "warning",
  "classification": "smell",
  "rule": "integerOverflow",
  "file": "/Users/afiaasante/Security-Code-Smells/linux/net/sunrpc/auth_gss/gss_krb5_crypto.c",
  "line": 244,
  "col": 37,
  "varname": "encryptor",
  "note": {
    "line": 244,
    "col": 37,
    "message": "addition in encryptor() -- no upper-bound guard before adding"
  }
}
{
  "detector": "unchecked_increment",
  "severity": "warning",
  "classification": "smell",
  "rule": "integerOverflow",
  "file": "/Users/afiaasante/Security-Code-Smells/linux/net/sunrpc/auth_gss/gss_krb5_crypto.c",
  "line": 264,
  "col": 21,
  "varname": "encryptor",
  "note": {
    "line": 264,
    "col": 21,
    "message": "increment (++) in encryptor() -- no upper-bound guard (INT_MAX check)"
  }
}

========================================
 Summary
 Total findings : 2
 Errors         : 0
 Warnings       : 2

 Breakdown by detector:
   unchecked_add             1
   unchecked_increment       1
========================================
