========================================
 CWE-190 Integer Overflow Risk Detector
 Source  : /Users/afiaasante/Security-Code-Smells/linux/net/ceph/striper.c
 Report  : /Users/afiaasante/Security-Code-Smells/results/net_scan/SCS006/ceph__striper.c/striper_report_20260417_173637.txt
 Findings: /Users/afiaasante/Security-Code-Smells/results/net_scan/SCS006/ceph__striper.c/striper_findings_20260417_173637.json
 Date    : Fri Apr 17 17:36:37 EDT 2026
========================================

=== Stage 1: srcml ===

real	0m0.016s
user	0m0.012s
sys	0m0.003s

=== Stage 2: srcslice ===
HERE: /Users/afiaasante/Security-Code-Smells/tools/srcslice/srcDispatch/src/policy_classes/DeclPolicy.hpp operator() 273
Writing to :: /Users/afiaasante/Security-Code-Smells/linux/net/ceph/striper.c.json
Output Saved to :: /Users/afiaasante/Security-Code-Smells/linux/net/ceph/striper.c.json

real	0m0.183s
user	0m0.032s
sys	0m0.003s

=== Stage 3: srcattributor ===

real	0m0.088s
user	0m0.083s
sys	0m0.004s

=== Detector 1: unchecked_multiply ===
    input  : /Users/afiaasante/Security-Code-Smells/linux/net/ceph/striper.c.xml
    output : /tmp/cwe190_findings_jB43DG

    query  : FIND $T $FUNC($PARAMS) {} CONTAINS $TYPE $RESULT = $A * $B
    note   : destructor/constructor blocks covered by XPath fallback


real	0m0.011s
user	0m0.007s
sys	0m0.003s

--- Stage 1: checking srcQL result for MAX guard in <condition> ---
    no taint source -- warning/smell
    finding: /Users/afiaasante/Security-Code-Smells/linux/net/ceph/striper.c:265:43 -- ceph_get_num_objects() multiplies without MAX guard

--- Stage 2: XPath destructor/constructor fallback ---
    no unguarded destructor/constructor multiply found

[ unchecked_multiply ] 1 finding(s) written to /tmp/cwe190_findings_jB43DG
=== Detector 2: unchecked_add ===
    input  : /Users/afiaasante/Security-Code-Smells/linux/net/ceph/striper.c.xml
    output : /tmp/cwe190_findings_jB43DG

    query  : FIND $T $FUNC($PARAMS) {} CONTAINS $TYPE $RESULT = $A + $B
    note   : destructor/constructor blocks covered by XPath fallback


real	0m0.012s
user	0m0.007s
sys	0m0.003s


--- Stage 2: XPath destructor/constructor fallback ---
    no unguarded destructor/constructor addition found

[ unchecked_add ] 0 finding(s) written to /tmp/cwe190_findings_jB43DG
=== Detector 3: unchecked_increment ===
    input  : /Users/afiaasante/Security-Code-Smells/linux/net/ceph/striper.c.xml
    output : /tmp/cwe190_findings_jB43DG

    strategy : XPath on srcML XML -- ancestor-scoped guard check

--- extracting finding via XPath ---
    function : ceph_extent_to_file
    position : 255:18

    no taint source -- warning/smell
    finding: /Users/afiaasante/Security-Code-Smells/linux/net/ceph/striper.c:255:18 -- ceph_extent_to_file() increments without MAX guard

[ unchecked_increment ] 1 finding(s) written to /tmp/cwe190_findings_jB43DG
========================================
 Findings JSON
========================================
{
  "detector": "unchecked_multiply",
  "severity": "warning",
  "classification": "smell",
  "rule": "integerOverflow",
  "file": "/Users/afiaasante/Security-Code-Smells/linux/net/ceph/striper.c",
  "line": 265,
  "col": 43,
  "varname": "ceph_get_num_objects",
  "note": {
    "line": 265,
    "col": 43,
    "message": "multiplication in ceph_get_num_objects() -- no upper-bound guard (INT_MAX / 2)"
  }
}
{
  "detector": "unchecked_increment",
  "severity": "warning",
  "classification": "smell",
  "rule": "integerOverflow",
  "file": "/Users/afiaasante/Security-Code-Smells/linux/net/ceph/striper.c",
  "line": 255,
  "col": 18,
  "varname": "ceph_extent_to_file",
  "note": {
    "line": 255,
    "col": 18,
    "message": "increment (++) in ceph_extent_to_file() -- no upper-bound guard (INT_MAX check)"
  }
}

========================================
 Summary
 Total findings : 2
 Errors         : 0
 Warnings       : 2

 Breakdown by detector:
   unchecked_increment       1
   unchecked_multiply        1
========================================
