========================================
 CWE-190 Integer Overflow Risk Detector
 Source  : /Users/afiaasante/Security-Code-Smells/linux/net/sched/em_canid.c
 Report  : /Users/afiaasante/Security-Code-Smells/results/net_scan/SCS006/sched__em_canid.c/em_canid_report_20260417_174415.txt
 Findings: /Users/afiaasante/Security-Code-Smells/results/net_scan/SCS006/sched__em_canid.c/em_canid_findings_20260417_174415.json
 Date    : Fri Apr 17 17:44:15 EDT 2026
========================================

=== Stage 1: srcml ===

real	0m0.021s
user	0m0.015s
sys	0m0.004s

=== Stage 2: srcslice ===
Writing to :: /Users/afiaasante/Security-Code-Smells/linux/net/sched/em_canid.c.json
Output Saved to :: /Users/afiaasante/Security-Code-Smells/linux/net/sched/em_canid.c.json

real	0m0.192s
user	0m0.039s
sys	0m0.004s

=== Stage 3: srcattributor ===

real	0m0.081s
user	0m0.072s
sys	0m0.005s

=== Detector 1: unchecked_multiply ===
    input  : /Users/afiaasante/Security-Code-Smells/linux/net/sched/em_canid.c.xml
    output : /tmp/cwe190_findings_lcsSHo

    query  : FIND $T $FUNC($PARAMS) {} CONTAINS $TYPE $RESULT = $A * $B
    note   : destructor/constructor blocks covered by XPath fallback


real	0m0.014s
user	0m0.009s
sys	0m0.004s

--- Stage 1: checking srcQL result for MAX guard in <condition> ---
    no taint source -- warning/smell
    finding: /Users/afiaasante/Security-Code-Smells/linux/net/sched/em_canid.c:48:50 -- em_canid_get_id() multiplies without MAX guard

--- Stage 2: XPath destructor/constructor fallback ---
    no unguarded destructor/constructor multiply found

[ unchecked_multiply ] 1 finding(s) written to /tmp/cwe190_findings_lcsSHo
=== Detector 2: unchecked_add ===
    input  : /Users/afiaasante/Security-Code-Smells/linux/net/sched/em_canid.c.xml
    output : /tmp/cwe190_findings_lcsSHo

    query  : FIND $T $FUNC($PARAMS) {} CONTAINS $TYPE $RESULT = $A + $B
    note   : destructor/constructor blocks covered by XPath fallback


real	0m0.014s
user	0m0.009s
sys	0m0.004s


--- Stage 2: XPath destructor/constructor fallback ---
    no unguarded destructor/constructor addition found

[ unchecked_add ] 0 finding(s) written to /tmp/cwe190_findings_lcsSHo
=== Detector 3: unchecked_increment ===
    input  : /Users/afiaasante/Security-Code-Smells/linux/net/sched/em_canid.c.xml
    output : /tmp/cwe190_findings_lcsSHo

    strategy : XPath on srcML XML -- ancestor-scoped guard check

--- extracting finding via XPath ---
    function : em_canid_sff_match_add
    position : 82:50

    no taint source -- warning/smell
    finding: /Users/afiaasante/Security-Code-Smells/linux/net/sched/em_canid.c:82:50 -- em_canid_sff_match_add() increments without MAX guard

[ unchecked_increment ] 1 finding(s) written to /tmp/cwe190_findings_lcsSHo
========================================
 Findings JSON
========================================
{
  "detector": "unchecked_multiply",
  "severity": "warning",
  "classification": "smell",
  "rule": "integerOverflow",
  "file": "/Users/afiaasante/Security-Code-Smells/linux/net/sched/em_canid.c",
  "line": 48,
  "col": 50,
  "varname": "em_canid_get_id",
  "note": {
    "line": 48,
    "col": 50,
    "message": "multiplication in em_canid_get_id() -- no upper-bound guard (INT_MAX / 2)"
  }
}
{
  "detector": "unchecked_increment",
  "severity": "warning",
  "classification": "smell",
  "rule": "integerOverflow",
  "file": "/Users/afiaasante/Security-Code-Smells/linux/net/sched/em_canid.c",
  "line": 82,
  "col": 50,
  "varname": "em_canid_sff_match_add",
  "note": {
    "line": 82,
    "col": 50,
    "message": "increment (++) in em_canid_sff_match_add() -- no upper-bound guard (INT_MAX check)"
  }
}

========================================
 Summary
 Total findings : 2
 Errors         : 0
 Warnings       : 2

 Breakdown by detector:
   unchecked_increment       1
   unchecked_multiply        1
========================================
