========================================
 CWE-195 Signed-to-Unsigned Conversion Detector
 Source  : /Users/afiaasante/Security-Code-Smells/linux/net/sched/cls_flow.c
 Report  : /Users/afiaasante/Security-Code-Smells/results/net_scan/SCS007/sched__cls_flow.c/cls_flow_report_20260417_180453.txt
 Findings: /Users/afiaasante/Security-Code-Smells/results/net_scan/SCS007/sched__cls_flow.c/cls_flow_findings_20260417_180453.json
 Date    : Fri Apr 17 18:04:53 EDT 2026
========================================

=== Stage 1: srcml ===

real	0m0.057s
user	0m0.048s
sys	0m0.005s

=== Stage 2: srcslice ===
Writing to :: /Users/afiaasante/Security-Code-Smells/linux/net/sched/cls_flow.c.json
Output Saved to :: /Users/afiaasante/Security-Code-Smells/linux/net/sched/cls_flow.c.json

real	0m0.246s
user	0m0.109s
sys	0m0.006s

=== Stage 3: srcattributor ===

real	0m1.098s
user	0m1.010s
sys	0m0.015s

=== Detector 1: signed_malloc ===
    input  : /Users/afiaasante/Security-Code-Smells/linux/net/sched/cls_flow.c.xml
    output : /tmp/cwe195_findings_Lqjg3G

    query  : FIND $T $FUNC($PARAMS) {} CONTAINS malloc($A)
    note   : destructor/constructor blocks covered by XPath fallback


real	0m0.028s
user	0m0.019s
sys	0m0.006s


--- Stage 2: XPath destructor/constructor fallback ---
    no unguarded destructor/constructor malloc found

[ signed_malloc ] 0 finding(s) written to /tmp/cwe195_findings_Lqjg3G
=== Detector 2: signed_memcpy ===
    input  : /Users/afiaasante/Security-Code-Smells/linux/net/sched/cls_flow.c.xml
    output : /tmp/cwe195_findings_Lqjg3G

    query  : FIND $T $FUNC($PARAMS) {} CONTAINS memcpy($A, $B, $C)

real	0m0.034s
user	0m0.019s
sys	0m0.005s

    query  : FIND $T $FUNC($PARAMS) {} CONTAINS memmove($A, $B, $C)

real	0m0.027s
user	0m0.019s
sys	0m0.005s


--- Stage 2: XPath destructor/constructor fallback ---
    no unguarded destructor/constructor memcpy/memmove found

[ signed_memcpy ] 0 finding(s) written to /tmp/cwe195_findings_Lqjg3G
=== Detector 3: signed_strncpy ===
    input  : /Users/afiaasante/Security-Code-Smells/linux/net/sched/cls_flow.c.xml
    output : /tmp/cwe195_findings_Lqjg3G

    query  : FIND $T $FUNC($PARAMS) {} CONTAINS strncpy($A, $B, $C)
    note   : destructor/constructor blocks covered by XPath fallback


real	0m0.034s
user	0m0.019s
sys	0m0.006s


--- Stage 2: XPath destructor/constructor fallback ---
    no unguarded destructor/constructor strncpy found

[ signed_strncpy ] 0 finding(s) written to /tmp/cwe195_findings_Lqjg3G
========================================
 Findings JSON
========================================

========================================
 Summary
 Total findings : 0
 Errors         : 0
 Warnings       : 0
========================================
