========================================
 CWE-195 Signed-to-Unsigned Conversion Detector
 Source  : /Users/afiaasante/Security-Code-Smells/linux/net/vmw_vsock/af_vsock.c
 Report  : /Users/afiaasante/Security-Code-Smells/results/net_scan/SCS007/vmw_vsock__af_vsock.c/af_vsock_report_20260417_180732.txt
 Findings: /Users/afiaasante/Security-Code-Smells/results/net_scan/SCS007/vmw_vsock__af_vsock.c/af_vsock_findings_20260417_180732.json
 Date    : Fri Apr 17 18:07:32 EDT 2026
========================================

=== Stage 1: srcml ===

real	0m0.192s
user	0m0.160s
sys	0m0.008s

=== Stage 2: srcslice ===
Writing to :: /Users/afiaasante/Security-Code-Smells/linux/net/vmw_vsock/af_vsock.c.json
Output Saved to :: /Users/afiaasante/Security-Code-Smells/linux/net/vmw_vsock/af_vsock.c.json

real	0m0.436s
user	0m0.297s
sys	0m0.010s

=== Stage 3: srcattributor ===

real	0m13.370s
user	0m12.447s
sys	0m0.125s

=== Detector 1: signed_malloc ===
    input  : /Users/afiaasante/Security-Code-Smells/linux/net/vmw_vsock/af_vsock.c.xml
    output : /tmp/cwe195_findings_JTScW9

    query  : FIND $T $FUNC($PARAMS) {} CONTAINS malloc($A)
    note   : destructor/constructor blocks covered by XPath fallback


real	0m0.056s
user	0m0.043s
sys	0m0.007s


--- Stage 2: XPath destructor/constructor fallback ---
    no unguarded destructor/constructor malloc found

[ signed_malloc ] 0 finding(s) written to /tmp/cwe195_findings_JTScW9
=== Detector 2: signed_memcpy ===
    input  : /Users/afiaasante/Security-Code-Smells/linux/net/vmw_vsock/af_vsock.c.xml
    output : /tmp/cwe195_findings_JTScW9

    query  : FIND $T $FUNC($PARAMS) {} CONTAINS memcpy($A, $B, $C)

real	0m0.060s
user	0m0.046s
sys	0m0.006s

--- Stage 1 (memcpy): checking srcQL result for positivity guard in <condition> ---
    no taint source -- warning/smell
    finding: /Users/afiaasante/Security-Code-Smells/linux/net/vmw_vsock/af_vsock.c:1138:9 -- vsock_getname() memcpy without positivity guard
    query  : FIND $T $FUNC($PARAMS) {} CONTAINS memmove($A, $B, $C)

real	0m0.058s
user	0m0.046s
sys	0m0.008s


--- Stage 2: XPath destructor/constructor fallback ---

[ signed_memcpy ] 1 finding(s) written to /tmp/cwe195_findings_JTScW9
=== Detector 3: signed_strncpy ===
    input  : /Users/afiaasante/Security-Code-Smells/linux/net/vmw_vsock/af_vsock.c.xml
    output : /tmp/cwe195_findings_JTScW9

    query  : FIND $T $FUNC($PARAMS) {} CONTAINS strncpy($A, $B, $C)
    note   : destructor/constructor blocks covered by XPath fallback


real	0m0.125s
user	0m0.049s
sys	0m0.010s


--- Stage 2: XPath destructor/constructor fallback ---
    no unguarded destructor/constructor strncpy found

[ signed_strncpy ] 0 finding(s) written to /tmp/cwe195_findings_JTScW9
========================================
 Findings JSON
========================================
{
  "detector": "signed_memcpy",
  "severity": "warning",
  "classification": "smell",
  "rule": "signedUnsignedConversion",
  "file": "/Users/afiaasante/Security-Code-Smells/linux/net/vmw_vsock/af_vsock.c",
  "line": 1138,
  "col": 9,
  "varname": "vsock_getname",
  "note": {
    "line": 1138,
    "col": 9,
    "message": "memcpy() in vsock_getname() -- signed int passed as byte count with no positivity guard (data > 0)"
  }
}

========================================
 Summary
 Total findings : 1
 Errors         : 0
 Warnings       : 1

 Breakdown by detector:
   signed_memcpy             1
========================================
