========================================
 CWE-190 Integer Overflow Risk Detector
 Source  : /Users/afiaasante/Security-Code-Smells/linux/net/bridge/br_netlink.c
 Report  : /Users/afiaasante/Security-Code-Smells/results/net_scan/SCS006/bridge__br_netlink.c/br_netlink_report_20260417_173554.txt
 Findings: /Users/afiaasante/Security-Code-Smells/results/net_scan/SCS006/bridge__br_netlink.c/br_netlink_findings_20260417_173554.json
 Date    : Fri Apr 17 17:35:54 EDT 2026
========================================

=== Stage 1: srcml ===

real	0m0.080s
user	0m0.074s
sys	0m0.004s

=== Stage 2: srcslice ===
Writing to :: /Users/afiaasante/Security-Code-Smells/linux/net/bridge/br_netlink.c.json
Output Saved to :: /Users/afiaasante/Security-Code-Smells/linux/net/bridge/br_netlink.c.json

real	0m0.254s
user	0m0.143s
sys	0m0.006s

=== Stage 3: srcattributor ===

real	0m4.952s
user	0m3.945s
sys	0m0.064s

=== Detector 1: unchecked_multiply ===
    input  : /Users/afiaasante/Security-Code-Smells/linux/net/bridge/br_netlink.c.xml
    output : /tmp/cwe190_findings_l9pWxO

    query  : FIND $T $FUNC($PARAMS) {} CONTAINS $TYPE $RESULT = $A * $B
    note   : destructor/constructor blocks covered by XPath fallback


real	0m0.040s
user	0m0.028s
sys	0m0.006s

--- Stage 1: checking srcQL result for MAX guard in <condition> ---
    no taint source -- warning/smell
    finding: /Users/afiaasante/Security-Code-Smells/linux/net/bridge/br_netlink.c:1088:52 -- br_setlink() multiplies without MAX guard

--- Stage 2: XPath destructor/constructor fallback ---
    no unguarded destructor/constructor multiply found

[ unchecked_multiply ] 1 finding(s) written to /tmp/cwe190_findings_l9pWxO
=== Detector 2: unchecked_add ===
    input  : /Users/afiaasante/Security-Code-Smells/linux/net/bridge/br_netlink.c.xml
    output : /tmp/cwe190_findings_l9pWxO

    query  : FIND $T $FUNC($PARAMS) {} CONTAINS $TYPE $RESULT = $A + $B
    note   : destructor/constructor blocks covered by XPath fallback


real	0m0.050s
user	0m0.027s
sys	0m0.007s


--- Stage 2: XPath destructor/constructor fallback ---
    no unguarded destructor/constructor addition found

[ unchecked_add ] 0 finding(s) written to /tmp/cwe190_findings_l9pWxO
=== Detector 3: unchecked_increment ===
    input  : /Users/afiaasante/Security-Code-Smells/linux/net/bridge/br_netlink.c.xml
    output : /tmp/cwe190_findings_l9pWxO

    strategy : XPath on srcML XML -- ancestor-scoped guard check

--- extracting finding via XPath ---
    function : br_process_vlan_info
    position : 764:69

    no taint source -- warning/smell
    finding: /Users/afiaasante/Security-Code-Smells/linux/net/bridge/br_netlink.c:764:69 -- br_process_vlan_info() increments without MAX guard

[ unchecked_increment ] 1 finding(s) written to /tmp/cwe190_findings_l9pWxO
========================================
 Findings JSON
========================================
{
  "detector": "unchecked_multiply",
  "severity": "warning",
  "classification": "smell",
  "rule": "integerOverflow",
  "file": "/Users/afiaasante/Security-Code-Smells/linux/net/bridge/br_netlink.c",
  "line": 1088,
  "col": 52,
  "varname": "br_setlink",
  "note": {
    "line": 1088,
    "col": 52,
    "message": "multiplication in br_setlink() -- no upper-bound guard (INT_MAX / 2)"
  }
}
{
  "detector": "unchecked_increment",
  "severity": "warning",
  "classification": "smell",
  "rule": "integerOverflow",
  "file": "/Users/afiaasante/Security-Code-Smells/linux/net/bridge/br_netlink.c",
  "line": 764,
  "col": 69,
  "varname": "br_process_vlan_info",
  "note": {
    "line": 764,
    "col": 69,
    "message": "increment (++) in br_process_vlan_info() -- no upper-bound guard (INT_MAX check)"
  }
}

========================================
 Summary
 Total findings : 2
 Errors         : 0
 Warnings       : 2

 Breakdown by detector:
   unchecked_increment       1
   unchecked_multiply        1
========================================
