========================================
 CWE-195 Signed-to-Unsigned Conversion Detector
 Source  : /Users/afiaasante/Security-Code-Smells/linux/net/mac80211/mesh_pathtbl.c
 Report  : /Users/afiaasante/Security-Code-Smells/results/net_scan/SCS007/mac80211__mesh_pathtbl.c/mesh_pathtbl_report_20260417_180045.txt
 Findings: /Users/afiaasante/Security-Code-Smells/results/net_scan/SCS007/mac80211__mesh_pathtbl.c/mesh_pathtbl_findings_20260417_180045.json
 Date    : Fri Apr 17 18:00:45 EDT 2026
========================================

=== Stage 1: srcml ===

real	0m0.075s
user	0m0.067s
sys	0m0.005s

=== Stage 2: srcslice ===
Writing to :: /Users/afiaasante/Security-Code-Smells/linux/net/mac80211/mesh_pathtbl.c.json
Output Saved to :: /Users/afiaasante/Security-Code-Smells/linux/net/mac80211/mesh_pathtbl.c.json

real	0m0.249s
user	0m0.140s
sys	0m0.006s

=== Stage 3: srcattributor ===

real	0m2.394s
user	0m2.297s
sys	0m0.019s

=== Detector 1: signed_malloc ===
    input  : /Users/afiaasante/Security-Code-Smells/linux/net/mac80211/mesh_pathtbl.c.xml
    output : /tmp/cwe195_findings_wNryFi

    query  : FIND $T $FUNC($PARAMS) {} CONTAINS malloc($A)
    note   : destructor/constructor blocks covered by XPath fallback


real	0m0.034s
user	0m0.023s
sys	0m0.005s


--- Stage 2: XPath destructor/constructor fallback ---
    no unguarded destructor/constructor malloc found

[ signed_malloc ] 0 finding(s) written to /tmp/cwe195_findings_wNryFi
=== Detector 2: signed_memcpy ===
    input  : /Users/afiaasante/Security-Code-Smells/linux/net/mac80211/mesh_pathtbl.c.xml
    output : /tmp/cwe195_findings_wNryFi

    query  : FIND $T $FUNC($PARAMS) {} CONTAINS memcpy($A, $B, $C)

real	0m0.033s
user	0m0.025s
sys	0m0.005s

--- Stage 1 (memcpy): checking srcQL result for positivity guard in <condition> ---
    no taint source -- warning/smell
    finding: /Users/afiaasante/Security-Code-Smells/linux/net/mac80211/mesh_pathtbl.c:126:17 -- mesh_path_assign_nexthop() memcpy without positivity guard
    query  : FIND $T $FUNC($PARAMS) {} CONTAINS memmove($A, $B, $C)

real	0m0.032s
user	0m0.024s
sys	0m0.005s

--- Stage 1 (memmove): checking srcQL result for positivity guard in <condition> ---
    no taint source -- warning/smell
    finding: /Users/afiaasante/Security-Code-Smells/linux/net/mac80211/mesh_pathtbl.c:152:17 -- prepare_for_gate() memmove without positivity guard

--- Stage 2: XPath destructor/constructor fallback ---

[ signed_memcpy ] 2 finding(s) written to /tmp/cwe195_findings_wNryFi
=== Detector 3: signed_strncpy ===
    input  : /Users/afiaasante/Security-Code-Smells/linux/net/mac80211/mesh_pathtbl.c.xml
    output : /tmp/cwe195_findings_wNryFi

    query  : FIND $T $FUNC($PARAMS) {} CONTAINS strncpy($A, $B, $C)
    note   : destructor/constructor blocks covered by XPath fallback


real	0m0.032s
user	0m0.024s
sys	0m0.005s


--- Stage 2: XPath destructor/constructor fallback ---
    no unguarded destructor/constructor strncpy found

[ signed_strncpy ] 0 finding(s) written to /tmp/cwe195_findings_wNryFi
========================================
 Findings JSON
========================================
{
  "detector": "signed_memcpy",
  "severity": "warning",
  "classification": "smell",
  "rule": "signedUnsignedConversion",
  "file": "/Users/afiaasante/Security-Code-Smells/linux/net/mac80211/mesh_pathtbl.c",
  "line": 126,
  "col": 17,
  "varname": "mesh_path_assign_nexthop",
  "note": {
    "line": 126,
    "col": 17,
    "message": "memcpy() in mesh_path_assign_nexthop() -- signed int passed as byte count with no positivity guard (data > 0)"
  }
}
{
  "detector": "signed_memcpy",
  "severity": "warning",
  "classification": "smell",
  "rule": "signedUnsignedConversion",
  "file": "/Users/afiaasante/Security-Code-Smells/linux/net/mac80211/mesh_pathtbl.c",
  "line": 152,
  "col": 17,
  "varname": "prepare_for_gate",
  "note": {
    "line": 152,
    "col": 17,
    "message": "memmove() in prepare_for_gate() -- signed int passed as byte count with no positivity guard (data > 0)"
  }
}

========================================
 Summary
 Total findings : 2
 Errors         : 0
 Warnings       : 2

 Breakdown by detector:
   signed_memcpy             2
========================================
