========================================
 CWE-190 Integer Overflow Risk Detector
 Source  : /Users/afiaasante/Security-Code-Smells/linux/net/sunrpc/clnt.c
 Report  : /Users/afiaasante/Security-Code-Smells/results/net_scan/SCS006/sunrpc__clnt.c/clnt_report_20260417_174530.txt
 Findings: /Users/afiaasante/Security-Code-Smells/results/net_scan/SCS006/sunrpc__clnt.c/clnt_findings_20260417_174530.json
 Date    : Fri Apr 17 17:45:30 EDT 2026
========================================

=== Stage 1: srcml ===

real	0m0.175s
user	0m0.159s
sys	0m0.009s

=== Stage 2: srcslice ===
Writing to :: /Users/afiaasante/Security-Code-Smells/linux/net/sunrpc/clnt.c.json
Output Saved to :: /Users/afiaasante/Security-Code-Smells/linux/net/sunrpc/clnt.c.json

real	0m0.432s
user	0m0.313s
sys	0m0.013s

=== Stage 3: srcattributor ===

real	0m20.770s
user	0m20.213s
sys	0m0.151s

=== Detector 1: unchecked_multiply ===
    input  : /Users/afiaasante/Security-Code-Smells/linux/net/sunrpc/clnt.c.xml
    output : /tmp/cwe190_findings_KadDRA

    query  : FIND $T $FUNC($PARAMS) {} CONTAINS $TYPE $RESULT = $A * $B
    note   : destructor/constructor blocks covered by XPath fallback


real	0m0.063s
user	0m0.052s
sys	0m0.007s

--- Stage 1: checking srcQL result for MAX guard in <condition> ---
    no taint source -- warning/smell
    finding: /Users/afiaasante/Security-Code-Smells/linux/net/sunrpc/clnt.c:558:53 -- rpc_create() multiplies without MAX guard

--- Stage 2: XPath destructor/constructor fallback ---
    no unguarded destructor/constructor multiply found

[ unchecked_multiply ] 1 finding(s) written to /tmp/cwe190_findings_KadDRA
=== Detector 2: unchecked_add ===
    input  : /Users/afiaasante/Security-Code-Smells/linux/net/sunrpc/clnt.c.xml
    output : /tmp/cwe190_findings_KadDRA

    query  : FIND $T $FUNC($PARAMS) {} CONTAINS $TYPE $RESULT = $A + $B
    note   : destructor/constructor blocks covered by XPath fallback


real	0m0.057s
user	0m0.047s
sys	0m0.006s


--- Stage 2: XPath destructor/constructor fallback ---
    no unguarded destructor/constructor addition found

[ unchecked_add ] 0 finding(s) written to /tmp/cwe190_findings_KadDRA
=== Detector 3: unchecked_increment ===
    input  : /Users/afiaasante/Security-Code-Smells/linux/net/sunrpc/clnt.c.xml
    output : /tmp/cwe190_findings_KadDRA

    strategy : XPath on srcML XML -- ancestor-scoped guard check

--- extracting finding via XPath ---
    function : rpc_setup_pipedir_sb
    position : 130:76

    no taint source -- warning/smell
    finding: /Users/afiaasante/Security-Code-Smells/linux/net/sunrpc/clnt.c:130:76 -- rpc_setup_pipedir_sb() increments without MAX guard

[ unchecked_increment ] 1 finding(s) written to /tmp/cwe190_findings_KadDRA
========================================
 Findings JSON
========================================
{
  "detector": "unchecked_multiply",
  "severity": "warning",
  "classification": "smell",
  "rule": "integerOverflow",
  "file": "/Users/afiaasante/Security-Code-Smells/linux/net/sunrpc/clnt.c",
  "line": 558,
  "col": 53,
  "varname": "rpc_create",
  "note": {
    "line": 558,
    "col": 53,
    "message": "multiplication in rpc_create() -- no upper-bound guard (INT_MAX / 2)"
  }
}
{
  "detector": "unchecked_increment",
  "severity": "warning",
  "classification": "smell",
  "rule": "integerOverflow",
  "file": "/Users/afiaasante/Security-Code-Smells/linux/net/sunrpc/clnt.c",
  "line": 130,
  "col": 76,
  "varname": "rpc_setup_pipedir_sb",
  "note": {
    "line": 130,
    "col": 76,
    "message": "increment (++) in rpc_setup_pipedir_sb() -- no upper-bound guard (INT_MAX check)"
  }
}

========================================
 Summary
 Total findings : 2
 Errors         : 0
 Warnings       : 2

 Breakdown by detector:
   unchecked_increment       1
   unchecked_multiply        1
========================================
