========================================
 CWE-190 Integer Overflow Risk Detector
 Source  : /Users/afiaasante/Security-Code-Smells/linux/net/llc/llc_c_st.c
 Report  : /Users/afiaasante/Security-Code-Smells/results/net_scan/SCS006/llc__llc_c_st.c/llc_c_st_report_20260417_174037.txt
 Findings: /Users/afiaasante/Security-Code-Smells/results/net_scan/SCS006/llc__llc_c_st.c/llc_c_st_findings_20260417_174037.json
 Date    : Fri Apr 17 17:40:37 EDT 2026
========================================

=== Stage 1: srcml ===

real	0m0.158s
user	0m0.146s
sys	0m0.006s

=== Stage 2: srcslice ===
Writing to :: /Users/afiaasante/Security-Code-Smells/linux/net/llc/llc_c_st.c.json
Output Saved to :: /Users/afiaasante/Security-Code-Smells/linux/net/llc/llc_c_st.c.json

real	0m0.431s
user	0m0.329s
sys	0m0.010s

=== Stage 3: srcattributor ===

real	0m9.742s
user	0m7.688s
sys	0m0.134s

=== Detector 1: unchecked_multiply ===
    input  : /Users/afiaasante/Security-Code-Smells/linux/net/llc/llc_c_st.c.xml
    output : /tmp/cwe190_findings_cbPQfb

    query  : FIND $T $FUNC($PARAMS) {} CONTAINS $TYPE $RESULT = $A * $B
    note   : destructor/constructor blocks covered by XPath fallback


real	0m0.052s
user	0m0.042s
sys	0m0.007s


--- Stage 2: XPath destructor/constructor fallback ---
    no unguarded destructor/constructor multiply found

[ unchecked_multiply ] 0 finding(s) written to /tmp/cwe190_findings_cbPQfb
=== Detector 2: unchecked_add ===
    input  : /Users/afiaasante/Security-Code-Smells/linux/net/llc/llc_c_st.c.xml
    output : /tmp/cwe190_findings_cbPQfb

    query  : FIND $T $FUNC($PARAMS) {} CONTAINS $TYPE $RESULT = $A + $B
    note   : destructor/constructor blocks covered by XPath fallback


real	0m0.055s
user	0m0.045s
sys	0m0.007s


--- Stage 2: XPath destructor/constructor fallback ---
    no unguarded destructor/constructor addition found

[ unchecked_add ] 0 finding(s) written to /tmp/cwe190_findings_cbPQfb
=== Detector 3: unchecked_increment ===
    input  : /Users/afiaasante/Security-Code-Smells/linux/net/llc/llc_c_st.c.xml
    output : /tmp/cwe190_findings_cbPQfb

    strategy : XPath on srcML XML -- ancestor-scoped guard check

[ unchecked_increment ] No smell detected.
========================================
 Findings JSON
========================================

========================================
 Summary
 Total findings : 0
 Errors         : 0
 Warnings       : 0
========================================
