========================================
 CWE-190 Integer Overflow Risk Detector
 Source  : /Users/afiaasante/Security-Code-Smells/linux/net/ipv4/inetpeer.c
 Report  : /Users/afiaasante/Security-Code-Smells/results/net_scan/SCS006/ipv4__inetpeer.c/inetpeer_report_20260417_173841.txt
 Findings: /Users/afiaasante/Security-Code-Smells/results/net_scan/SCS006/ipv4__inetpeer.c/inetpeer_findings_20260417_173841.json
 Date    : Fri Apr 17 17:38:41 EDT 2026
========================================

=== Stage 1: srcml ===

real	0m0.019s
user	0m0.014s
sys	0m0.004s

=== Stage 2: srcslice ===
Writing to :: /Users/afiaasante/Security-Code-Smells/linux/net/ipv4/inetpeer.c.json
Output Saved to :: /Users/afiaasante/Security-Code-Smells/linux/net/ipv4/inetpeer.c.json

real	0m0.186s
user	0m0.040s
sys	0m0.003s

=== Stage 3: srcattributor ===

real	0m0.149s
user	0m0.141s
sys	0m0.005s

=== Detector 1: unchecked_multiply ===
    input  : /Users/afiaasante/Security-Code-Smells/linux/net/ipv4/inetpeer.c.xml
    output : /tmp/cwe190_findings_u0y501

    query  : FIND $T $FUNC($PARAMS) {} CONTAINS $TYPE $RESULT = $A * $B
    note   : destructor/constructor blocks covered by XPath fallback


real	0m0.015s
user	0m0.010s
sys	0m0.004s


--- Stage 2: XPath destructor/constructor fallback ---
    no unguarded destructor/constructor multiply found

[ unchecked_multiply ] 0 finding(s) written to /tmp/cwe190_findings_u0y501
=== Detector 2: unchecked_add ===
    input  : /Users/afiaasante/Security-Code-Smells/linux/net/ipv4/inetpeer.c.xml
    output : /tmp/cwe190_findings_u0y501

    query  : FIND $T $FUNC($PARAMS) {} CONTAINS $TYPE $RESULT = $A + $B
    note   : destructor/constructor blocks covered by XPath fallback


real	0m0.015s
user	0m0.009s
sys	0m0.004s


--- Stage 2: XPath destructor/constructor fallback ---
    no unguarded destructor/constructor addition found

[ unchecked_add ] 0 finding(s) written to /tmp/cwe190_findings_u0y501
=== Detector 3: unchecked_increment ===
    input  : /Users/afiaasante/Security-Code-Smells/linux/net/ipv4/inetpeer.c.xml
    output : /tmp/cwe190_findings_u0y501

    strategy : XPath on srcML XML -- ancestor-scoped guard check

--- extracting finding via XPath ---
    function : lookup
    position : 119:51

    no taint source -- warning/smell
    finding: /Users/afiaasante/Security-Code-Smells/linux/net/ipv4/inetpeer.c:119:51 -- lookup() increments without MAX guard

[ unchecked_increment ] 1 finding(s) written to /tmp/cwe190_findings_u0y501
========================================
 Findings JSON
========================================
{
  "detector": "unchecked_increment",
  "severity": "warning",
  "classification": "smell",
  "rule": "integerOverflow",
  "file": "/Users/afiaasante/Security-Code-Smells/linux/net/ipv4/inetpeer.c",
  "line": 119,
  "col": 51,
  "varname": "lookup",
  "note": {
    "line": 119,
    "col": 51,
    "message": "increment (++) in lookup() -- no upper-bound guard (INT_MAX check)"
  }
}

========================================
 Summary
 Total findings : 1
 Errors         : 0
 Warnings       : 1

 Breakdown by detector:
   unchecked_increment       1
========================================
