========================================
 CWE-190 Integer Overflow Risk Detector
 Source  : /Users/afiaasante/Security-Code-Smells/linux/net/tipc/netlink_compat.c
 Report  : /Users/afiaasante/Security-Code-Smells/results/net_scan/SCS006/tipc__netlink_compat.c/netlink_compat_report_20260417_174559.txt
 Findings: /Users/afiaasante/Security-Code-Smells/results/net_scan/SCS006/tipc__netlink_compat.c/netlink_compat_findings_20260417_174559.json
 Date    : Fri Apr 17 17:45:59 EDT 2026
========================================

=== Stage 1: srcml ===

real	0m0.077s
user	0m0.068s
sys	0m0.006s

=== Stage 2: srcslice ===
Writing to :: /Users/afiaasante/Security-Code-Smells/linux/net/tipc/netlink_compat.c.json
Output Saved to :: /Users/afiaasante/Security-Code-Smells/linux/net/tipc/netlink_compat.c.json

real	0m0.307s
user	0m0.159s
sys	0m0.007s

=== Stage 3: srcattributor ===

real	0m3.316s
user	0m3.159s
sys	0m0.030s

=== Detector 1: unchecked_multiply ===
    input  : /Users/afiaasante/Security-Code-Smells/linux/net/tipc/netlink_compat.c.xml
    output : /tmp/cwe190_findings_F1JiRw

    query  : FIND $T $FUNC($PARAMS) {} CONTAINS $TYPE $RESULT = $A * $B
    note   : destructor/constructor blocks covered by XPath fallback


real	0m0.033s
user	0m0.025s
sys	0m0.006s

--- Stage 1: checking srcQL result for MAX guard in <condition> ---
    no taint source -- warning/smell
    finding: /Users/afiaasante/Security-Code-Smells/linux/net/tipc/netlink_compat.c:99:49 -- tipc_add_tlv() multiplies without MAX guard

--- Stage 2: XPath destructor/constructor fallback ---
    no unguarded destructor/constructor multiply found

[ unchecked_multiply ] 1 finding(s) written to /tmp/cwe190_findings_F1JiRw
=== Detector 2: unchecked_add ===
    input  : /Users/afiaasante/Security-Code-Smells/linux/net/tipc/netlink_compat.c.xml
    output : /tmp/cwe190_findings_F1JiRw

    query  : FIND $T $FUNC($PARAMS) {} CONTAINS $TYPE $RESULT = $A + $B
    note   : destructor/constructor blocks covered by XPath fallback


real	0m0.033s
user	0m0.025s
sys	0m0.005s

--- Stage 1: checking srcQL result for MAX guard in <condition> ---
    no taint source -- warning/smell
    finding: /Users/afiaasante/Security-Code-Smells/linux/net/tipc/netlink_compat.c:168:35 -- tipc_get_err_tlv() adds without MAX guard

--- Stage 2: XPath destructor/constructor fallback ---
    no unguarded destructor/constructor addition found

[ unchecked_add ] 1 finding(s) written to /tmp/cwe190_findings_F1JiRw
=== Detector 3: unchecked_increment ===
    input  : /Users/afiaasante/Security-Code-Smells/linux/net/tipc/netlink_compat.c.xml
    output : /tmp/cwe190_findings_F1JiRw

    strategy : XPath on srcML XML -- ancestor-scoped guard check

--- extracting finding via XPath ---
    function : tipc_nl_compat_name_table_dump_header
    position : 884:33

    no taint source -- warning/smell
    finding: /Users/afiaasante/Security-Code-Smells/linux/net/tipc/netlink_compat.c:884:33 -- tipc_nl_compat_name_table_dump_header() increments without MAX guard

[ unchecked_increment ] 1 finding(s) written to /tmp/cwe190_findings_F1JiRw
========================================
 Findings JSON
========================================
{
  "detector": "unchecked_multiply",
  "severity": "warning",
  "classification": "smell",
  "rule": "integerOverflow",
  "file": "/Users/afiaasante/Security-Code-Smells/linux/net/tipc/netlink_compat.c",
  "line": 99,
  "col": 49,
  "varname": "tipc_add_tlv",
  "note": {
    "line": 99,
    "col": 49,
    "message": "multiplication in tipc_add_tlv() -- no upper-bound guard (INT_MAX / 2)"
  }
}
{
  "detector": "unchecked_add",
  "severity": "warning",
  "classification": "smell",
  "rule": "integerOverflow",
  "file": "/Users/afiaasante/Security-Code-Smells/linux/net/tipc/netlink_compat.c",
  "line": 168,
  "col": 35,
  "varname": "tipc_get_err_tlv",
  "note": {
    "line": 168,
    "col": 35,
    "message": "addition in tipc_get_err_tlv() -- no upper-bound guard before adding"
  }
}
{
  "detector": "unchecked_increment",
  "severity": "warning",
  "classification": "smell",
  "rule": "integerOverflow",
  "file": "/Users/afiaasante/Security-Code-Smells/linux/net/tipc/netlink_compat.c",
  "line": 884,
  "col": 33,
  "varname": "tipc_nl_compat_name_table_dump_header",
  "note": {
    "line": 884,
    "col": 33,
    "message": "increment (++) in tipc_nl_compat_name_table_dump_header() -- no upper-bound guard (INT_MAX check)"
  }
}

========================================
 Summary
 Total findings : 3
 Errors         : 0
 Warnings       : 3

 Breakdown by detector:
   unchecked_add             1
   unchecked_increment       1
   unchecked_multiply        1
========================================
