========================================
 CWE-190 Integer Overflow Risk Detector
 Source  : /Users/afiaasante/Security-Code-Smells/linux/net/llc/llc_c_ac.c
 Report  : /Users/afiaasante/Security-Code-Smells/results/net_scan/SCS006/llc__llc_c_ac.c/llc_c_ac_report_20260417_174036.txt
 Findings: /Users/afiaasante/Security-Code-Smells/results/net_scan/SCS006/llc__llc_c_ac.c/llc_c_ac_findings_20260417_174036.json
 Date    : Fri Apr 17 17:40:36 EDT 2026
========================================

=== Stage 1: srcml ===

real	0m0.091s
user	0m0.077s
sys	0m0.006s

=== Stage 2: srcslice ===
Writing to :: /Users/afiaasante/Security-Code-Smells/linux/net/llc/llc_c_ac.c.json
Output Saved to :: /Users/afiaasante/Security-Code-Smells/linux/net/llc/llc_c_ac.c.json

real	0m0.296s
user	0m0.172s
sys	0m0.008s

=== Stage 3: srcattributor ===

real	0m3.978s
user	0m3.772s
sys	0m0.037s

=== Detector 1: unchecked_multiply ===
    input  : /Users/afiaasante/Security-Code-Smells/linux/net/llc/llc_c_ac.c.xml
    output : /tmp/cwe190_findings_QkX3Up

    query  : FIND $T $FUNC($PARAMS) {} CONTAINS $TYPE $RESULT = $A * $B
    note   : destructor/constructor blocks covered by XPath fallback


real	0m0.037s
user	0m0.027s
sys	0m0.005s

--- Stage 1: checking srcQL result for MAX guard in <condition> ---
    no taint source -- warning/smell
    finding: /Users/afiaasante/Security-Code-Smells/linux/net/llc/llc_c_ac.c:316:61 -- llc_conn_ac_resend_frmr_rsp_f_set_0() multiplies without MAX guard

--- Stage 2: XPath destructor/constructor fallback ---
    no unguarded destructor/constructor multiply found

[ unchecked_multiply ] 1 finding(s) written to /tmp/cwe190_findings_QkX3Up
=== Detector 2: unchecked_add ===
    input  : /Users/afiaasante/Security-Code-Smells/linux/net/llc/llc_c_ac.c.xml
    output : /tmp/cwe190_findings_QkX3Up

    query  : FIND $T $FUNC($PARAMS) {} CONTAINS $TYPE $RESULT = $A + $B
    note   : destructor/constructor blocks covered by XPath fallback


real	0m0.037s
user	0m0.027s
sys	0m0.006s


--- Stage 2: XPath destructor/constructor fallback ---
    no unguarded destructor/constructor addition found

[ unchecked_add ] 0 finding(s) written to /tmp/cwe190_findings_QkX3Up
=== Detector 3: unchecked_increment ===
    input  : /Users/afiaasante/Security-Code-Smells/linux/net/llc/llc_c_ac.c.xml
    output : /tmp/cwe190_findings_QkX3Up

    strategy : XPath on srcML XML -- ancestor-scoped guard check

--- extracting finding via XPath ---
    function : llc_conn_ac_inc_npta_value
    position : 1007:17

    no taint source -- warning/smell
    finding: /Users/afiaasante/Security-Code-Smells/linux/net/llc/llc_c_ac.c:1007:17 -- llc_conn_ac_inc_npta_value() increments without MAX guard

[ unchecked_increment ] 1 finding(s) written to /tmp/cwe190_findings_QkX3Up
========================================
 Findings JSON
========================================
{
  "detector": "unchecked_multiply",
  "severity": "warning",
  "classification": "smell",
  "rule": "integerOverflow",
  "file": "/Users/afiaasante/Security-Code-Smells/linux/net/llc/llc_c_ac.c",
  "line": 316,
  "col": 61,
  "varname": "llc_conn_ac_resend_frmr_rsp_f_set_0",
  "note": {
    "line": 316,
    "col": 61,
    "message": "multiplication in llc_conn_ac_resend_frmr_rsp_f_set_0() -- no upper-bound guard (INT_MAX / 2)"
  }
}
{
  "detector": "unchecked_increment",
  "severity": "warning",
  "classification": "smell",
  "rule": "integerOverflow",
  "file": "/Users/afiaasante/Security-Code-Smells/linux/net/llc/llc_c_ac.c",
  "line": 1007,
  "col": 17,
  "varname": "llc_conn_ac_inc_npta_value",
  "note": {
    "line": 1007,
    "col": 17,
    "message": "increment (++) in llc_conn_ac_inc_npta_value() -- no upper-bound guard (INT_MAX check)"
  }
}

========================================
 Summary
 Total findings : 2
 Errors         : 0
 Warnings       : 2

 Breakdown by detector:
   unchecked_increment       1
   unchecked_multiply        1
========================================
