========================================
 CWE-190 Integer Overflow Risk Detector
 Source  : /Users/afiaasante/Security-Code-Smells/linux/net/atm/mpoa_proc.c
 Report  : /Users/afiaasante/Security-Code-Smells/results/net_scan/SCS006/atm__mpoa_proc.c/mpoa_proc_report_20260417_173514.txt
 Findings: /Users/afiaasante/Security-Code-Smells/results/net_scan/SCS006/atm__mpoa_proc.c/mpoa_proc_findings_20260417_173514.json
 Date    : Fri Apr 17 17:35:14 EDT 2026
========================================

=== Stage 1: srcml ===

real	0m0.020s
user	0m0.012s
sys	0m0.003s

=== Stage 2: srcslice ===
Writing to :: /Users/afiaasante/Security-Code-Smells/linux/net/atm/mpoa_proc.c.json
Output Saved to :: /Users/afiaasante/Security-Code-Smells/linux/net/atm/mpoa_proc.c.json

real	0m0.174s
user	0m0.031s
sys	0m0.003s

=== Stage 3: srcattributor ===

real	0m0.092s
user	0m0.088s
sys	0m0.003s

=== Detector 1: unchecked_multiply ===
    input  : /Users/afiaasante/Security-Code-Smells/linux/net/atm/mpoa_proc.c.xml
    output : /tmp/cwe190_findings_sWDNzD

    query  : FIND $T $FUNC($PARAMS) {} CONTAINS $TYPE $RESULT = $A * $B
    note   : destructor/constructor blocks covered by XPath fallback


real	0m0.011s
user	0m0.006s
sys	0m0.003s


--- Stage 2: XPath destructor/constructor fallback ---
    no unguarded destructor/constructor multiply found

[ unchecked_multiply ] 0 finding(s) written to /tmp/cwe190_findings_sWDNzD
=== Detector 2: unchecked_add ===
    input  : /Users/afiaasante/Security-Code-Smells/linux/net/atm/mpoa_proc.c.xml
    output : /tmp/cwe190_findings_sWDNzD

    query  : FIND $T $FUNC($PARAMS) {} CONTAINS $TYPE $RESULT = $A + $B
    note   : destructor/constructor blocks covered by XPath fallback


real	0m0.013s
user	0m0.008s
sys	0m0.003s


--- Stage 2: XPath destructor/constructor fallback ---
    no unguarded destructor/constructor addition found

[ unchecked_add ] 0 finding(s) written to /tmp/cwe190_findings_sWDNzD
=== Detector 3: unchecked_increment ===
    input  : /Users/afiaasante/Security-Code-Smells/linux/net/atm/mpoa_proc.c.xml
    output : /tmp/cwe190_findings_sWDNzD

    strategy : XPath on srcML XML -- ancestor-scoped guard check

--- extracting finding via XPath ---
    function : mpc_next
    position : 120:15

    no taint source -- warning/smell
    finding: /Users/afiaasante/Security-Code-Smells/linux/net/atm/mpoa_proc.c:120:15 -- mpc_next() increments without MAX guard

[ unchecked_increment ] 1 finding(s) written to /tmp/cwe190_findings_sWDNzD
========================================
 Findings JSON
========================================
{
  "detector": "unchecked_increment",
  "severity": "warning",
  "classification": "smell",
  "rule": "integerOverflow",
  "file": "/Users/afiaasante/Security-Code-Smells/linux/net/atm/mpoa_proc.c",
  "line": 120,
  "col": 15,
  "varname": "mpc_next",
  "note": {
    "line": 120,
    "col": 15,
    "message": "increment (++) in mpc_next() -- no upper-bound guard (INT_MAX check)"
  }
}

========================================
 Summary
 Total findings : 1
 Errors         : 0
 Warnings       : 1

 Breakdown by detector:
   unchecked_increment       1
========================================
