========================================
 CWE-195 Signed-to-Unsigned Conversion Detector
 Source  : /Users/afiaasante/Security-Code-Smells/linux/net/netfilter/nft_connlimit.c
 Report  : /Users/afiaasante/Security-Code-Smells/results/net_scan/SCS007/netfilter__nft_connlimit.c/nft_connlimit_report_20260417_180305.txt
 Findings: /Users/afiaasante/Security-Code-Smells/results/net_scan/SCS007/netfilter__nft_connlimit.c/nft_connlimit_findings_20260417_180305.json
 Date    : Fri Apr 17 18:03:05 EDT 2026
========================================

=== Stage 1: srcml ===

real	0m0.038s
user	0m0.025s
sys	0m0.005s

=== Stage 2: srcslice ===
Writing to :: /Users/afiaasante/Security-Code-Smells/linux/net/netfilter/nft_connlimit.c.json
Output Saved to :: /Users/afiaasante/Security-Code-Smells/linux/net/netfilter/nft_connlimit.c.json

real	0m0.202s
user	0m0.056s
sys	0m0.005s

=== Stage 3: srcattributor ===

real	0m0.181s
user	0m0.162s
sys	0m0.006s

=== Detector 1: signed_malloc ===
    input  : /Users/afiaasante/Security-Code-Smells/linux/net/netfilter/nft_connlimit.c.xml
    output : /tmp/cwe195_findings_OzGhDe

    query  : FIND $T $FUNC($PARAMS) {} CONTAINS malloc($A)
    note   : destructor/constructor blocks covered by XPath fallback


real	0m0.033s
user	0m0.012s
sys	0m0.005s


--- Stage 2: XPath destructor/constructor fallback ---
    no unguarded destructor/constructor malloc found

[ signed_malloc ] 0 finding(s) written to /tmp/cwe195_findings_OzGhDe
=== Detector 2: signed_memcpy ===
    input  : /Users/afiaasante/Security-Code-Smells/linux/net/netfilter/nft_connlimit.c.xml
    output : /tmp/cwe195_findings_OzGhDe

    query  : FIND $T $FUNC($PARAMS) {} CONTAINS memcpy($A, $B, $C)

real	0m0.024s
user	0m0.012s
sys	0m0.006s

    query  : FIND $T $FUNC($PARAMS) {} CONTAINS memmove($A, $B, $C)

real	0m0.041s
user	0m0.013s
sys	0m0.006s


--- Stage 2: XPath destructor/constructor fallback ---
    no unguarded destructor/constructor memcpy/memmove found

[ signed_memcpy ] 0 finding(s) written to /tmp/cwe195_findings_OzGhDe
=== Detector 3: signed_strncpy ===
    input  : /Users/afiaasante/Security-Code-Smells/linux/net/netfilter/nft_connlimit.c.xml
    output : /tmp/cwe195_findings_OzGhDe

    query  : FIND $T $FUNC($PARAMS) {} CONTAINS strncpy($A, $B, $C)
    note   : destructor/constructor blocks covered by XPath fallback


real	0m0.020s
user	0m0.013s
sys	0m0.006s


--- Stage 2: XPath destructor/constructor fallback ---
    no unguarded destructor/constructor strncpy found

[ signed_strncpy ] 0 finding(s) written to /tmp/cwe195_findings_OzGhDe
========================================
 Findings JSON
========================================

========================================
 Summary
 Total findings : 0
 Errors         : 0
 Warnings       : 0
========================================
