========================================
 CWE-190 Integer Overflow Risk Detector
 Source  : /Users/afiaasante/Security-Code-Smells/linux/net/sunrpc/xprtrdma/rpc_rdma.c
 Report  : /Users/afiaasante/Security-Code-Smells/results/net_scan/SCS006/sunrpc__xprtrdma__rpc_rdma.c/rpc_rdma_report_20260417_174544.txt
 Findings: /Users/afiaasante/Security-Code-Smells/results/net_scan/SCS006/sunrpc__xprtrdma__rpc_rdma.c/rpc_rdma_findings_20260417_174544.json
 Date    : Fri Apr 17 17:45:44 EDT 2026
========================================

=== Stage 1: srcml ===

real	0m0.082s
user	0m0.073s
sys	0m0.005s

=== Stage 2: srcslice ===
Writing to :: /Users/afiaasante/Security-Code-Smells/linux/net/sunrpc/xprtrdma/rpc_rdma.c.json
Output Saved to :: /Users/afiaasante/Security-Code-Smells/linux/net/sunrpc/xprtrdma/rpc_rdma.c.json

real	0m0.257s
user	0m0.154s
sys	0m0.006s

=== Stage 3: srcattributor ===

real	0m4.314s
user	0m4.216s
sys	0m0.037s

=== Detector 1: unchecked_multiply ===
    input  : /Users/afiaasante/Security-Code-Smells/linux/net/sunrpc/xprtrdma/rpc_rdma.c.xml
    output : /tmp/cwe190_findings_CDc3o2

    query  : FIND $T $FUNC($PARAMS) {} CONTAINS $TYPE $RESULT = $A * $B
    note   : destructor/constructor blocks covered by XPath fallback


real	0m0.035s
user	0m0.025s
sys	0m0.005s


--- Stage 2: XPath destructor/constructor fallback ---
    no unguarded destructor/constructor multiply found

[ unchecked_multiply ] 0 finding(s) written to /tmp/cwe190_findings_CDc3o2
=== Detector 2: unchecked_add ===
    input  : /Users/afiaasante/Security-Code-Smells/linux/net/sunrpc/xprtrdma/rpc_rdma.c.xml
    output : /tmp/cwe190_findings_CDc3o2

    query  : FIND $T $FUNC($PARAMS) {} CONTAINS $TYPE $RESULT = $A + $B
    note   : destructor/constructor blocks covered by XPath fallback


real	0m0.032s
user	0m0.025s
sys	0m0.005s


--- Stage 2: XPath destructor/constructor fallback ---
    no unguarded destructor/constructor addition found

[ unchecked_add ] 0 finding(s) written to /tmp/cwe190_findings_CDc3o2
=== Detector 3: unchecked_increment ===
    input  : /Users/afiaasante/Security-Code-Smells/linux/net/sunrpc/xprtrdma/rpc_rdma.c.xml
    output : /tmp/cwe190_findings_CDc3o2

    strategy : XPath on srcML XML -- ancestor-scoped guard check

--- extracting finding via XPath ---
    function : rpcrdma_args_inline
    position : 144:29

    no taint source -- warning/smell
    finding: /Users/afiaasante/Security-Code-Smells/linux/net/sunrpc/xprtrdma/rpc_rdma.c:144:29 -- rpcrdma_args_inline() increments without MAX guard

[ unchecked_increment ] 1 finding(s) written to /tmp/cwe190_findings_CDc3o2
========================================
 Findings JSON
========================================
{
  "detector": "unchecked_increment",
  "severity": "warning",
  "classification": "smell",
  "rule": "integerOverflow",
  "file": "/Users/afiaasante/Security-Code-Smells/linux/net/sunrpc/xprtrdma/rpc_rdma.c",
  "line": 144,
  "col": 29,
  "varname": "rpcrdma_args_inline",
  "note": {
    "line": 144,
    "col": 29,
    "message": "increment (++) in rpcrdma_args_inline() -- no upper-bound guard (INT_MAX check)"
  }
}

========================================
 Summary
 Total findings : 1
 Errors         : 0
 Warnings       : 1

 Breakdown by detector:
   unchecked_increment       1
========================================
