========================================
 CWE-190 Integer Overflow Risk Detector
 Source  : /Users/afiaasante/Security-Code-Smells/linux/net/rds/info.c
 Report  : /Users/afiaasante/Security-Code-Smells/results/net_scan/SCS006/rds__info.c/info_report_20260417_174343.txt
 Findings: /Users/afiaasante/Security-Code-Smells/results/net_scan/SCS006/rds__info.c/info_findings_20260417_174343.json
 Date    : Fri Apr 17 17:43:43 EDT 2026
========================================

=== Stage 1: srcml ===

real	0m0.022s
user	0m0.017s
sys	0m0.004s

=== Stage 2: srcslice ===
Writing to :: /Users/afiaasante/Security-Code-Smells/linux/net/rds/info.c.json
Output Saved to :: /Users/afiaasante/Security-Code-Smells/linux/net/rds/info.c.json

real	0m0.192s
user	0m0.035s
sys	0m0.004s

=== Stage 3: srcattributor ===

real	0m0.072s
user	0m0.067s
sys	0m0.004s

=== Detector 1: unchecked_multiply ===
    input  : /Users/afiaasante/Security-Code-Smells/linux/net/rds/info.c.xml
    output : /tmp/cwe190_findings_jx5JQL

    query  : FIND $T $FUNC($PARAMS) {} CONTAINS $TYPE $RESULT = $A * $B
    note   : destructor/constructor blocks covered by XPath fallback


real	0m0.014s
user	0m0.008s
sys	0m0.004s


--- Stage 2: XPath destructor/constructor fallback ---
    no unguarded destructor/constructor multiply found

[ unchecked_multiply ] 0 finding(s) written to /tmp/cwe190_findings_jx5JQL
=== Detector 2: unchecked_add ===
    input  : /Users/afiaasante/Security-Code-Smells/linux/net/rds/info.c.xml
    output : /tmp/cwe190_findings_jx5JQL

    query  : FIND $T $FUNC($PARAMS) {} CONTAINS $TYPE $RESULT = $A + $B
    note   : destructor/constructor blocks covered by XPath fallback


real	0m0.014s
user	0m0.009s
sys	0m0.005s


--- Stage 2: XPath destructor/constructor fallback ---
    no unguarded destructor/constructor addition found

[ unchecked_add ] 0 finding(s) written to /tmp/cwe190_findings_jx5JQL
=== Detector 3: unchecked_increment ===
    input  : /Users/afiaasante/Security-Code-Smells/linux/net/rds/info.c.xml
    output : /tmp/cwe190_findings_jx5JQL

    strategy : XPath on srcML XML -- ancestor-scoped guard check

--- extracting finding via XPath ---
    function : rds_info_copy
    position : 140:36

    no taint source -- warning/smell
    finding: /Users/afiaasante/Security-Code-Smells/linux/net/rds/info.c:140:36 -- rds_info_copy() increments without MAX guard

[ unchecked_increment ] 1 finding(s) written to /tmp/cwe190_findings_jx5JQL
========================================
 Findings JSON
========================================
{
  "detector": "unchecked_increment",
  "severity": "warning",
  "classification": "smell",
  "rule": "integerOverflow",
  "file": "/Users/afiaasante/Security-Code-Smells/linux/net/rds/info.c",
  "line": 140,
  "col": 36,
  "varname": "rds_info_copy",
  "note": {
    "line": 140,
    "col": 36,
    "message": "increment (++) in rds_info_copy() -- no upper-bound guard (INT_MAX check)"
  }
}

========================================
 Summary
 Total findings : 1
 Errors         : 0
 Warnings       : 1

 Breakdown by detector:
   unchecked_increment       1
========================================
