========================================
 CWE-190 Integer Overflow Risk Detector
 Source  : /Users/afiaasante/Security-Code-Smells/linux/net/sched/cls_flow.c
 Report  : /Users/afiaasante/Security-Code-Smells/results/net_scan/SCS006/sched__cls_flow.c/cls_flow_report_20260417_174412.txt
 Findings: /Users/afiaasante/Security-Code-Smells/results/net_scan/SCS006/sched__cls_flow.c/cls_flow_findings_20260417_174412.json
 Date    : Fri Apr 17 17:44:12 EDT 2026
========================================

=== Stage 1: srcml ===

real	0m0.048s
user	0m0.041s
sys	0m0.005s

=== Stage 2: srcslice ===
Writing to :: /Users/afiaasante/Security-Code-Smells/linux/net/sched/cls_flow.c.json
Output Saved to :: /Users/afiaasante/Security-Code-Smells/linux/net/sched/cls_flow.c.json

real	0m0.243s
user	0m0.094s
sys	0m0.005s

=== Stage 3: srcattributor ===

real	0m0.943s
user	0m0.873s
sys	0m0.012s

=== Detector 1: unchecked_multiply ===
    input  : /Users/afiaasante/Security-Code-Smells/linux/net/sched/cls_flow.c.xml
    output : /tmp/cwe190_findings_gfRCMy

    query  : FIND $T $FUNC($PARAMS) {} CONTAINS $TYPE $RESULT = $A * $B
    note   : destructor/constructor blocks covered by XPath fallback


real	0m0.025s
user	0m0.017s
sys	0m0.007s


--- Stage 2: XPath destructor/constructor fallback ---
    no unguarded destructor/constructor multiply found

[ unchecked_multiply ] 0 finding(s) written to /tmp/cwe190_findings_gfRCMy
=== Detector 2: unchecked_add ===
    input  : /Users/afiaasante/Security-Code-Smells/linux/net/sched/cls_flow.c.xml
    output : /tmp/cwe190_findings_gfRCMy

    query  : FIND $T $FUNC($PARAMS) {} CONTAINS $TYPE $RESULT = $A + $B
    note   : destructor/constructor blocks covered by XPath fallback


real	0m0.023s
user	0m0.017s
sys	0m0.004s


--- Stage 2: XPath destructor/constructor fallback ---
    no unguarded destructor/constructor addition found

[ unchecked_add ] 0 finding(s) written to /tmp/cwe190_findings_gfRCMy
=== Detector 3: unchecked_increment ===
    input  : /Users/afiaasante/Security-Code-Smells/linux/net/sched/cls_flow.c.xml
    output : /tmp/cwe190_findings_gfRCMy

    strategy : XPath on srcML XML -- ancestor-scoped guard check

--- extracting finding via XPath ---
    function : flow_classify
    position : 318:44

    no taint source -- warning/smell
    finding: /Users/afiaasante/Security-Code-Smells/linux/net/sched/cls_flow.c:318:44 -- flow_classify() increments without MAX guard

[ unchecked_increment ] 1 finding(s) written to /tmp/cwe190_findings_gfRCMy
========================================
 Findings JSON
========================================
{
  "detector": "unchecked_increment",
  "severity": "warning",
  "classification": "smell",
  "rule": "integerOverflow",
  "file": "/Users/afiaasante/Security-Code-Smells/linux/net/sched/cls_flow.c",
  "line": 318,
  "col": 44,
  "varname": "flow_classify",
  "note": {
    "line": 318,
    "col": 44,
    "message": "increment (++) in flow_classify() -- no upper-bound guard (INT_MAX check)"
  }
}

========================================
 Summary
 Total findings : 1
 Errors         : 0
 Warnings       : 1

 Breakdown by detector:
   unchecked_increment       1
========================================
