========================================
 CWE-195 Signed-to-Unsigned Conversion Detector
 Source  : /Users/afiaasante/Security-Code-Smells/linux/net/mac80211/rc80211_minstrel_ht.c
 Report  : /Users/afiaasante/Security-Code-Smells/results/net_scan/SCS007/mac80211__rc80211_minstrel_ht.c/rc80211_minstrel_ht_report_20260417_180051.txt
 Findings: /Users/afiaasante/Security-Code-Smells/results/net_scan/SCS007/mac80211__rc80211_minstrel_ht.c/rc80211_minstrel_ht_findings_20260417_180051.json
 Date    : Fri Apr 17 18:00:51 EDT 2026
========================================

=== Stage 1: srcml ===

real	0m0.170s
user	0m0.127s
sys	0m0.007s

=== Stage 2: srcslice ===
Writing to :: /Users/afiaasante/Security-Code-Smells/linux/net/mac80211/rc80211_minstrel_ht.c.json
Output Saved to :: /Users/afiaasante/Security-Code-Smells/linux/net/mac80211/rc80211_minstrel_ht.c.json

real	0m0.381s
user	0m0.250s
sys	0m0.009s

=== Stage 3: srcattributor ===

real	0m10.579s
user	0m9.614s
sys	0m0.110s

=== Detector 1: signed_malloc ===
    input  : /Users/afiaasante/Security-Code-Smells/linux/net/mac80211/rc80211_minstrel_ht.c.xml
    output : /tmp/cwe195_findings_Dxi2EM

    query  : FIND $T $FUNC($PARAMS) {} CONTAINS malloc($A)
    note   : destructor/constructor blocks covered by XPath fallback


real	0m0.051s
user	0m0.039s
sys	0m0.007s


--- Stage 2: XPath destructor/constructor fallback ---
    no unguarded destructor/constructor malloc found

[ signed_malloc ] 0 finding(s) written to /tmp/cwe195_findings_Dxi2EM
=== Detector 2: signed_memcpy ===
    input  : /Users/afiaasante/Security-Code-Smells/linux/net/mac80211/rc80211_minstrel_ht.c.xml
    output : /tmp/cwe195_findings_Dxi2EM

    query  : FIND $T $FUNC($PARAMS) {} CONTAINS memcpy($A, $B, $C)

real	0m0.063s
user	0m0.040s
sys	0m0.007s

--- Stage 1 (memcpy): checking srcQL result for positivity guard in <condition> ---
    guarded -- > operator found in condition, no finding
    query  : FIND $T $FUNC($PARAMS) {} CONTAINS memmove($A, $B, $C)

real	0m0.054s
user	0m0.040s
sys	0m0.007s

--- Stage 1 (memmove): checking srcQL result for positivity guard in <condition> ---
    guarded -- > operator found in condition, no finding

--- Stage 2: XPath destructor/constructor fallback ---
    no unguarded destructor/constructor memcpy/memmove found

[ signed_memcpy ] 0 finding(s) written to /tmp/cwe195_findings_Dxi2EM
=== Detector 3: signed_strncpy ===
    input  : /Users/afiaasante/Security-Code-Smells/linux/net/mac80211/rc80211_minstrel_ht.c.xml
    output : /tmp/cwe195_findings_Dxi2EM

    query  : FIND $T $FUNC($PARAMS) {} CONTAINS strncpy($A, $B, $C)
    note   : destructor/constructor blocks covered by XPath fallback


real	0m0.049s
user	0m0.038s
sys	0m0.006s


--- Stage 2: XPath destructor/constructor fallback ---
    no unguarded destructor/constructor strncpy found

[ signed_strncpy ] 0 finding(s) written to /tmp/cwe195_findings_Dxi2EM
========================================
 Findings JSON
========================================

========================================
 Summary
 Total findings : 0
 Errors         : 0
 Warnings       : 0
========================================
