========================================
 CWE-190 Integer Overflow Risk Detector
 Source  : /Users/afiaasante/Security-Code-Smells/linux/net/mctp/route.c
 Report  : /Users/afiaasante/Security-Code-Smells/results/net_scan/SCS006/mctp__route.c/route_report_20260417_174135.txt
 Findings: /Users/afiaasante/Security-Code-Smells/results/net_scan/SCS006/mctp__route.c/route_findings_20260417_174135.json
 Date    : Fri Apr 17 17:41:35 EDT 2026
========================================

=== Stage 1: srcml ===

real	0m0.102s
user	0m0.088s
sys	0m0.005s

=== Stage 2: srcslice ===
Writing to :: /Users/afiaasante/Security-Code-Smells/linux/net/mctp/route.c.json
Output Saved to :: /Users/afiaasante/Security-Code-Smells/linux/net/mctp/route.c.json

real	0m0.311s
user	0m0.171s
sys	0m0.007s

=== Stage 3: srcattributor ===

real	0m5.284s
user	0m5.081s
sys	0m0.052s

=== Detector 1: unchecked_multiply ===
    input  : /Users/afiaasante/Security-Code-Smells/linux/net/mctp/route.c.xml
    output : /tmp/cwe190_findings_UElRQx

    query  : FIND $T $FUNC($PARAMS) {} CONTAINS $TYPE $RESULT = $A * $B
    note   : destructor/constructor blocks covered by XPath fallback


real	0m0.035s
user	0m0.027s
sys	0m0.006s


--- Stage 2: XPath destructor/constructor fallback ---
    no unguarded destructor/constructor multiply found

[ unchecked_multiply ] 0 finding(s) written to /tmp/cwe190_findings_UElRQx
=== Detector 2: unchecked_add ===
    input  : /Users/afiaasante/Security-Code-Smells/linux/net/mctp/route.c.xml
    output : /tmp/cwe190_findings_UElRQx

    query  : FIND $T $FUNC($PARAMS) {} CONTAINS $TYPE $RESULT = $A + $B
    note   : destructor/constructor blocks covered by XPath fallback


real	0m0.034s
user	0m0.027s
sys	0m0.006s


--- Stage 2: XPath destructor/constructor fallback ---
    no unguarded destructor/constructor addition found

[ unchecked_add ] 0 finding(s) written to /tmp/cwe190_findings_UElRQx
=== Detector 3: unchecked_increment ===
    input  : /Users/afiaasante/Security-Code-Smells/linux/net/mctp/route.c.xml
    output : /tmp/cwe190_findings_UElRQx

    strategy : XPath on srcML XML -- ancestor-scoped guard check

--- extracting finding via XPath ---
    function : mctp_route_lookup
    position : 965:49

    no taint source -- warning/smell
    finding: /Users/afiaasante/Security-Code-Smells/linux/net/mctp/route.c:965:49 -- mctp_route_lookup() increments without MAX guard

[ unchecked_increment ] 1 finding(s) written to /tmp/cwe190_findings_UElRQx
========================================
 Findings JSON
========================================
{
  "detector": "unchecked_increment",
  "severity": "warning",
  "classification": "smell",
  "rule": "integerOverflow",
  "file": "/Users/afiaasante/Security-Code-Smells/linux/net/mctp/route.c",
  "line": 965,
  "col": 49,
  "varname": "mctp_route_lookup",
  "note": {
    "line": 965,
    "col": 49,
    "message": "increment (++) in mctp_route_lookup() -- no upper-bound guard (INT_MAX check)"
  }
}

========================================
 Summary
 Total findings : 1
 Errors         : 0
 Warnings       : 1

 Breakdown by detector:
   unchecked_increment       1
========================================
