========================================
 CWE-195 Signed-to-Unsigned Conversion Detector
 Source  : /Users/afiaasante/Security-Code-Smells/linux/net/netfilter/nf_flow_table_path.c
 Report  : /Users/afiaasante/Security-Code-Smells/results/net_scan/SCS007/netfilter__nf_flow_table_path.c/nf_flow_table_path_report_20260417_180249.txt
 Findings: /Users/afiaasante/Security-Code-Smells/results/net_scan/SCS007/netfilter__nf_flow_table_path.c/nf_flow_table_path_findings_20260417_180249.json
 Date    : Fri Apr 17 18:02:49 EDT 2026
========================================

=== Stage 1: srcml ===

real	0m0.036s
user	0m0.029s
sys	0m0.005s

=== Stage 2: srcslice ===
Writing to :: /Users/afiaasante/Security-Code-Smells/linux/net/netfilter/nf_flow_table_path.c.json
Output Saved to :: /Users/afiaasante/Security-Code-Smells/linux/net/netfilter/nf_flow_table_path.c.json

real	0m0.198s
user	0m0.075s
sys	0m0.005s

=== Stage 3: srcattributor ===

real	0m0.451s
user	0m0.418s
sys	0m0.008s

=== Detector 1: signed_malloc ===
    input  : /Users/afiaasante/Security-Code-Smells/linux/net/netfilter/nf_flow_table_path.c.xml
    output : /tmp/cwe195_findings_Pgay7d

    query  : FIND $T $FUNC($PARAMS) {} CONTAINS malloc($A)
    note   : destructor/constructor blocks covered by XPath fallback


real	0m0.021s
user	0m0.013s
sys	0m0.004s


--- Stage 2: XPath destructor/constructor fallback ---
    no unguarded destructor/constructor malloc found

[ signed_malloc ] 0 finding(s) written to /tmp/cwe195_findings_Pgay7d
=== Detector 2: signed_memcpy ===
    input  : /Users/afiaasante/Security-Code-Smells/linux/net/netfilter/nf_flow_table_path.c.xml
    output : /tmp/cwe195_findings_Pgay7d

    query  : FIND $T $FUNC($PARAMS) {} CONTAINS memcpy($A, $B, $C)

real	0m0.022s
user	0m0.014s
sys	0m0.004s

--- Stage 1 (memcpy): checking srcQL result for positivity guard in <condition> ---
    no taint source -- warning/smell
    finding: /Users/afiaasante/Security-Code-Smells/linux/net/netfilter/nf_flow_table_path.c:99:9 -- nft_dev_path_info() memcpy without positivity guard
    query  : FIND $T $FUNC($PARAMS) {} CONTAINS memmove($A, $B, $C)

real	0m0.022s
user	0m0.014s
sys	0m0.005s


--- Stage 2: XPath destructor/constructor fallback ---

[ signed_memcpy ] 1 finding(s) written to /tmp/cwe195_findings_Pgay7d
=== Detector 3: signed_strncpy ===
    input  : /Users/afiaasante/Security-Code-Smells/linux/net/netfilter/nf_flow_table_path.c.xml
    output : /tmp/cwe195_findings_Pgay7d

    query  : FIND $T $FUNC($PARAMS) {} CONTAINS strncpy($A, $B, $C)
    note   : destructor/constructor blocks covered by XPath fallback


real	0m0.020s
user	0m0.013s
sys	0m0.005s


--- Stage 2: XPath destructor/constructor fallback ---
    no unguarded destructor/constructor strncpy found

[ signed_strncpy ] 0 finding(s) written to /tmp/cwe195_findings_Pgay7d
========================================
 Findings JSON
========================================
{
  "detector": "signed_memcpy",
  "severity": "warning",
  "classification": "smell",
  "rule": "signedUnsignedConversion",
  "file": "/Users/afiaasante/Security-Code-Smells/linux/net/netfilter/nf_flow_table_path.c",
  "line": 99,
  "col": 9,
  "varname": "nft_dev_path_info",
  "note": {
    "line": 99,
    "col": 9,
    "message": "memcpy() in nft_dev_path_info() -- signed int passed as byte count with no positivity guard (data > 0)"
  }
}

========================================
 Summary
 Total findings : 1
 Errors         : 0
 Warnings       : 1

 Breakdown by detector:
   signed_memcpy             1
========================================
