========================================
 CWE-195 Signed-to-Unsigned Conversion Detector
 Source  : /Users/afiaasante/Security-Code-Smells/linux/net/netlink/genetlink.c
 Report  : /Users/afiaasante/Security-Code-Smells/results/net_scan/SCS007/netlink__genetlink.c/genetlink_report_20260417_180331.txt
 Findings: /Users/afiaasante/Security-Code-Smells/results/net_scan/SCS007/netlink__genetlink.c/genetlink_findings_20260417_180331.json
 Date    : Fri Apr 17 18:03:31 EDT 2026
========================================

=== Stage 1: srcml ===

real	0m0.134s
user	0m0.120s
sys	0m0.006s

=== Stage 2: srcslice ===
Writing to :: /Users/afiaasante/Security-Code-Smells/linux/net/netlink/genetlink.c.json
Output Saved to :: /Users/afiaasante/Security-Code-Smells/linux/net/netlink/genetlink.c.json

real	0m0.374s
user	0m0.245s
sys	0m0.008s

=== Stage 3: srcattributor ===

real	0m9.141s
user	0m8.258s
sys	0m0.099s

=== Detector 1: signed_malloc ===
    input  : /Users/afiaasante/Security-Code-Smells/linux/net/netlink/genetlink.c.xml
    output : /tmp/cwe195_findings_NxsLAG

    query  : FIND $T $FUNC($PARAMS) {} CONTAINS malloc($A)
    note   : destructor/constructor blocks covered by XPath fallback


real	0m0.047s
user	0m0.036s
sys	0m0.006s


--- Stage 2: XPath destructor/constructor fallback ---
    no unguarded destructor/constructor malloc found

[ signed_malloc ] 0 finding(s) written to /tmp/cwe195_findings_NxsLAG
=== Detector 2: signed_memcpy ===
    input  : /Users/afiaasante/Security-Code-Smells/linux/net/netlink/genetlink.c.xml
    output : /tmp/cwe195_findings_NxsLAG

    query  : FIND $T $FUNC($PARAMS) {} CONTAINS memcpy($A, $B, $C)

real	0m0.067s
user	0m0.039s
sys	0m0.006s

    query  : FIND $T $FUNC($PARAMS) {} CONTAINS memmove($A, $B, $C)

real	0m0.054s
user	0m0.038s
sys	0m0.007s


--- Stage 2: XPath destructor/constructor fallback ---
    no unguarded destructor/constructor memcpy/memmove found

[ signed_memcpy ] 0 finding(s) written to /tmp/cwe195_findings_NxsLAG
=== Detector 3: signed_strncpy ===
    input  : /Users/afiaasante/Security-Code-Smells/linux/net/netlink/genetlink.c.xml
    output : /tmp/cwe195_findings_NxsLAG

    query  : FIND $T $FUNC($PARAMS) {} CONTAINS strncpy($A, $B, $C)
    note   : destructor/constructor blocks covered by XPath fallback


real	0m0.055s
user	0m0.040s
sys	0m0.008s


--- Stage 2: XPath destructor/constructor fallback ---
    no unguarded destructor/constructor strncpy found

[ signed_strncpy ] 0 finding(s) written to /tmp/cwe195_findings_NxsLAG
========================================
 Findings JSON
========================================

========================================
 Summary
 Total findings : 0
 Errors         : 0
 Warnings       : 0
========================================
