========================================
 CWE-190 Integer Overflow Risk Detector
 Source  : /Users/afiaasante/Security-Code-Smells/linux/net/sctp/associola.c
 Report  : /Users/afiaasante/Security-Code-Smells/results/net_scan/SCS006/sctp__associola.c/associola_report_20260417_174446.txt
 Findings: /Users/afiaasante/Security-Code-Smells/results/net_scan/SCS006/sctp__associola.c/associola_findings_20260417_174446.json
 Date    : Fri Apr 17 17:44:46 EDT 2026
========================================

=== Stage 1: srcml ===

real	0m0.080s
user	0m0.071s
sys	0m0.005s

=== Stage 2: srcslice ===
Writing to :: /Users/afiaasante/Security-Code-Smells/linux/net/sctp/associola.c.json
Output Saved to :: /Users/afiaasante/Security-Code-Smells/linux/net/sctp/associola.c.json

real	0m0.308s
user	0m0.148s
sys	0m0.005s

=== Stage 3: srcattributor ===

real	0m2.496s
user	0m2.440s
sys	0m0.023s

=== Detector 1: unchecked_multiply ===
    input  : /Users/afiaasante/Security-Code-Smells/linux/net/sctp/associola.c.xml
    output : /tmp/cwe190_findings_OFA8B3

    query  : FIND $T $FUNC($PARAMS) {} CONTAINS $TYPE $RESULT = $A * $B
    note   : destructor/constructor blocks covered by XPath fallback


real	0m0.032s
user	0m0.025s
sys	0m0.005s

--- Stage 1: checking srcQL result for MAX guard in <condition> ---
    no taint source -- warning/smell
    finding: /Users/afiaasante/Security-Code-Smells/linux/net/sctp/associola.c:1582:69 -- sctp_assoc_set_bind_addr_from_cookie() multiplies without MAX guard

--- Stage 2: XPath destructor/constructor fallback ---
    no unguarded destructor/constructor multiply found

[ unchecked_multiply ] 1 finding(s) written to /tmp/cwe190_findings_OFA8B3
=== Detector 2: unchecked_add ===
    input  : /Users/afiaasante/Security-Code-Smells/linux/net/sctp/associola.c.xml
    output : /tmp/cwe190_findings_OFA8B3

    query  : FIND $T $FUNC($PARAMS) {} CONTAINS $TYPE $RESULT = $A + $B
    note   : destructor/constructor blocks covered by XPath fallback


real	0m0.030s
user	0m0.023s
sys	0m0.005s

--- Stage 1: checking srcQL result for MAX guard in <condition> ---
    no taint source -- warning/smell
    finding: /Users/afiaasante/Security-Code-Smells/linux/net/sctp/associola.c:1582:79 -- sctp_assoc_set_bind_addr_from_cookie() adds without MAX guard

--- Stage 2: XPath destructor/constructor fallback ---
    no unguarded destructor/constructor addition found

[ unchecked_add ] 1 finding(s) written to /tmp/cwe190_findings_OFA8B3
=== Detector 3: unchecked_increment ===
    input  : /Users/afiaasante/Security-Code-Smells/linux/net/sctp/associola.c.xml
    output : /tmp/cwe190_findings_OFA8B3

    strategy : XPath on srcML XML -- ancestor-scoped guard check

--- extracting finding via XPath ---
    function : sctp_association_init
    position : 144:71

    no taint source -- warning/smell
    finding: /Users/afiaasante/Security-Code-Smells/linux/net/sctp/associola.c:144:71 -- sctp_association_init() increments without MAX guard

[ unchecked_increment ] 1 finding(s) written to /tmp/cwe190_findings_OFA8B3
========================================
 Findings JSON
========================================
{
  "detector": "unchecked_multiply",
  "severity": "warning",
  "classification": "smell",
  "rule": "integerOverflow",
  "file": "/Users/afiaasante/Security-Code-Smells/linux/net/sctp/associola.c",
  "line": 1582,
  "col": 69,
  "varname": "sctp_assoc_set_bind_addr_from_cookie",
  "note": {
    "line": 1582,
    "col": 69,
    "message": "multiplication in sctp_assoc_set_bind_addr_from_cookie() -- no upper-bound guard (INT_MAX / 2)"
  }
}
{
  "detector": "unchecked_add",
  "severity": "warning",
  "classification": "smell",
  "rule": "integerOverflow",
  "file": "/Users/afiaasante/Security-Code-Smells/linux/net/sctp/associola.c",
  "line": 1582,
  "col": 79,
  "varname": "sctp_assoc_set_bind_addr_from_cookie",
  "note": {
    "line": 1582,
    "col": 79,
    "message": "addition in sctp_assoc_set_bind_addr_from_cookie() -- no upper-bound guard before adding"
  }
}
{
  "detector": "unchecked_increment",
  "severity": "warning",
  "classification": "smell",
  "rule": "integerOverflow",
  "file": "/Users/afiaasante/Security-Code-Smells/linux/net/sctp/associola.c",
  "line": 144,
  "col": 71,
  "varname": "sctp_association_init",
  "note": {
    "line": 144,
    "col": 71,
    "message": "increment (++) in sctp_association_init() -- no upper-bound guard (INT_MAX check)"
  }
}

========================================
 Summary
 Total findings : 3
 Errors         : 0
 Warnings       : 3

 Breakdown by detector:
   unchecked_add             1
   unchecked_increment       1
   unchecked_multiply        1
========================================
