========================================
 CWE-190 Integer Overflow Risk Detector
 Source  : /Users/afiaasante/Security-Code-Smells/linux/net/batman-adv/originator.c
 Report  : /Users/afiaasante/Security-Code-Smells/results/net_scan/SCS006/batman-adv__originator.c/originator_report_20260417_173519.txt
 Findings: /Users/afiaasante/Security-Code-Smells/results/net_scan/SCS006/batman-adv__originator.c/originator_findings_20260417_173519.json
 Date    : Fri Apr 17 17:35:19 EDT 2026
========================================

=== Stage 1: srcml ===

real	0m0.047s
user	0m0.036s
sys	0m0.003s

=== Stage 2: srcslice ===
Writing to :: /Users/afiaasante/Security-Code-Smells/linux/net/batman-adv/originator.c.json
Output Saved to :: /Users/afiaasante/Security-Code-Smells/linux/net/batman-adv/originator.c.json

real	0m0.178s
user	0m0.063s
sys	0m0.003s

=== Stage 3: srcattributor ===

real	0m0.748s
user	0m0.712s
sys	0m0.009s

=== Detector 1: unchecked_multiply ===
    input  : /Users/afiaasante/Security-Code-Smells/linux/net/batman-adv/originator.c.xml
    output : /tmp/cwe190_findings_OmwKXC

    query  : FIND $T $FUNC($PARAMS) {} CONTAINS $TYPE $RESULT = $A * $B
    note   : destructor/constructor blocks covered by XPath fallback


real	0m0.021s
user	0m0.015s
sys	0m0.004s


--- Stage 2: XPath destructor/constructor fallback ---
    no unguarded destructor/constructor multiply found

[ unchecked_multiply ] 0 finding(s) written to /tmp/cwe190_findings_OmwKXC
=== Detector 2: unchecked_add ===
    input  : /Users/afiaasante/Security-Code-Smells/linux/net/batman-adv/originator.c.xml
    output : /tmp/cwe190_findings_OmwKXC

    query  : FIND $T $FUNC($PARAMS) {} CONTAINS $TYPE $RESULT = $A + $B
    note   : destructor/constructor blocks covered by XPath fallback


real	0m0.014s
user	0m0.010s
sys	0m0.003s


--- Stage 2: XPath destructor/constructor fallback ---
    no unguarded destructor/constructor addition found

[ unchecked_add ] 0 finding(s) written to /tmp/cwe190_findings_OmwKXC
=== Detector 3: unchecked_increment ===
    input  : /Users/afiaasante/Security-Code-Smells/linux/net/batman-adv/originator.c.xml
    output : /tmp/cwe190_findings_OmwKXC

    strategy : XPath on srcML XML -- ancestor-scoped guard check

--- extracting finding via XPath ---
    function : batadv_originator_free
    position : 913:38

    no taint source -- warning/smell
    finding: /Users/afiaasante/Security-Code-Smells/linux/net/batman-adv/originator.c:913:38 -- batadv_originator_free() increments without MAX guard

[ unchecked_increment ] 1 finding(s) written to /tmp/cwe190_findings_OmwKXC
========================================
 Findings JSON
========================================
{
  "detector": "unchecked_increment",
  "severity": "warning",
  "classification": "smell",
  "rule": "integerOverflow",
  "file": "/Users/afiaasante/Security-Code-Smells/linux/net/batman-adv/originator.c",
  "line": 913,
  "col": 38,
  "varname": "batadv_originator_free",
  "note": {
    "line": 913,
    "col": 38,
    "message": "increment (++) in batadv_originator_free() -- no upper-bound guard (INT_MAX check)"
  }
}

========================================
 Summary
 Total findings : 1
 Errors         : 0
 Warnings       : 1

 Breakdown by detector:
   unchecked_increment       1
========================================
