========================================
 CWE-190 Integer Overflow Risk Detector
 Source  : /Users/afiaasante/Security-Code-Smells/linux/net/nfc/hci/core.c
 Report  : /Users/afiaasante/Security-Code-Smells/results/net_scan/SCS006/nfc__hci__core.c/core_report_20260417_174315.txt
 Findings: /Users/afiaasante/Security-Code-Smells/results/net_scan/SCS006/nfc__hci__core.c/core_findings_20260417_174315.json
 Date    : Fri Apr 17 17:43:15 EDT 2026
========================================

=== Stage 1: srcml ===

real	0m0.065s
user	0m0.059s
sys	0m0.005s

=== Stage 2: srcslice ===
Writing to :: /Users/afiaasante/Security-Code-Smells/linux/net/nfc/hci/core.c.json
Output Saved to :: /Users/afiaasante/Security-Code-Smells/linux/net/nfc/hci/core.c.json

real	0m0.246s
user	0m0.128s
sys	0m0.006s

=== Stage 3: srcattributor ===

real	0m1.956s
user	0m1.868s
sys	0m0.018s

=== Detector 1: unchecked_multiply ===
    input  : /Users/afiaasante/Security-Code-Smells/linux/net/nfc/hci/core.c.xml
    output : /tmp/cwe190_findings_98cZte

    query  : FIND $T $FUNC($PARAMS) {} CONTAINS $TYPE $RESULT = $A * $B
    note   : destructor/constructor blocks covered by XPath fallback


real	0m0.028s
user	0m0.021s
sys	0m0.006s


--- Stage 2: XPath destructor/constructor fallback ---
    no unguarded destructor/constructor multiply found

[ unchecked_multiply ] 0 finding(s) written to /tmp/cwe190_findings_98cZte
=== Detector 2: unchecked_add ===
    input  : /Users/afiaasante/Security-Code-Smells/linux/net/nfc/hci/core.c.xml
    output : /tmp/cwe190_findings_98cZte

    query  : FIND $T $FUNC($PARAMS) {} CONTAINS $TYPE $RESULT = $A + $B
    note   : destructor/constructor blocks covered by XPath fallback


real	0m0.028s
user	0m0.021s
sys	0m0.005s


--- Stage 2: XPath destructor/constructor fallback ---
    no unguarded destructor/constructor addition found

[ unchecked_add ] 0 finding(s) written to /tmp/cwe190_findings_98cZte
=== Detector 3: unchecked_increment ===
    input  : /Users/afiaasante/Security-Code-Smells/linux/net/nfc/hci/core.c.xml
    output : /tmp/cwe190_findings_98cZte

    strategy : XPath on srcML XML -- ancestor-scoped guard check

--- extracting finding via XPath ---
    function : nfc_hci_reset_pipes
    position : 41:45

    no taint source -- warning/smell
    finding: /Users/afiaasante/Security-Code-Smells/linux/net/nfc/hci/core.c:41:45 -- nfc_hci_reset_pipes() increments without MAX guard

[ unchecked_increment ] 1 finding(s) written to /tmp/cwe190_findings_98cZte
========================================
 Findings JSON
========================================
{
  "detector": "unchecked_increment",
  "severity": "warning",
  "classification": "smell",
  "rule": "integerOverflow",
  "file": "/Users/afiaasante/Security-Code-Smells/linux/net/nfc/hci/core.c",
  "line": 41,
  "col": 45,
  "varname": "nfc_hci_reset_pipes",
  "note": {
    "line": 41,
    "col": 45,
    "message": "increment (++) in nfc_hci_reset_pipes() -- no upper-bound guard (INT_MAX check)"
  }
}

========================================
 Summary
 Total findings : 1
 Errors         : 0
 Warnings       : 1

 Breakdown by detector:
   unchecked_increment       1
========================================
