========================================
 CWE-190 Integer Overflow Risk Detector
 Source  : /Users/afiaasante/Security-Code-Smells/linux/net/bluetooth/rfcomm/core.c
 Report  : /Users/afiaasante/Security-Code-Smells/results/net_scan/SCS006/bluetooth__rfcomm__core.c/core_report_20260417_173535.txt
 Findings: /Users/afiaasante/Security-Code-Smells/results/net_scan/SCS006/bluetooth__rfcomm__core.c/core_findings_20260417_173535.json
 Date    : Fri Apr 17 17:35:35 EDT 2026
========================================

=== Stage 1: srcml ===

real	0m0.087s
user	0m0.078s
sys	0m0.006s

=== Stage 2: srcslice ===
Writing to :: /Users/afiaasante/Security-Code-Smells/linux/net/bluetooth/rfcomm/core.c.json
Output Saved to :: /Users/afiaasante/Security-Code-Smells/linux/net/bluetooth/rfcomm/core.c.json

real	0m0.296s
user	0m0.180s
sys	0m0.006s

=== Stage 3: srcattributor ===

real	0m6.861s
user	0m6.162s
sys	0m0.082s

=== Detector 1: unchecked_multiply ===
    input  : /Users/afiaasante/Security-Code-Smells/linux/net/bluetooth/rfcomm/core.c.xml
    output : /tmp/cwe190_findings_84NqaL

    query  : FIND $T $FUNC($PARAMS) {} CONTAINS $TYPE $RESULT = $A * $B
    note   : destructor/constructor blocks covered by XPath fallback


real	0m0.035s
user	0m0.029s
sys	0m0.004s

--- Stage 1: checking srcQL result for MAX guard in <condition> ---
    no taint source -- warning/smell
    finding: /Users/afiaasante/Security-Code-Smells/linux/net/bluetooth/rfcomm/core.c:1434:38 -- rfcomm_recv_pn() multiplies without MAX guard

--- Stage 2: XPath destructor/constructor fallback ---
    no unguarded destructor/constructor multiply found

[ unchecked_multiply ] 1 finding(s) written to /tmp/cwe190_findings_84NqaL
=== Detector 2: unchecked_add ===
    input  : /Users/afiaasante/Security-Code-Smells/linux/net/bluetooth/rfcomm/core.c.xml
    output : /tmp/cwe190_findings_84NqaL

    query  : FIND $T $FUNC($PARAMS) {} CONTAINS $TYPE $RESULT = $A + $B
    note   : destructor/constructor blocks covered by XPath fallback


real	0m0.038s
user	0m0.031s
sys	0m0.004s


--- Stage 2: XPath destructor/constructor fallback ---
    no unguarded destructor/constructor addition found

[ unchecked_add ] 0 finding(s) written to /tmp/cwe190_findings_84NqaL
=== Detector 3: unchecked_increment ===
    input  : /Users/afiaasante/Security-Code-Smells/linux/net/bluetooth/rfcomm/core.c.xml
    output : /tmp/cwe190_findings_84NqaL

    strategy : XPath on srcML XML -- ancestor-scoped guard check

--- extracting finding via XPath ---
    function : rfcomm_send_nsc
    position : 947:41

    no taint source -- warning/smell
    finding: /Users/afiaasante/Security-Code-Smells/linux/net/bluetooth/rfcomm/core.c:947:41 -- rfcomm_send_nsc() increments without MAX guard

[ unchecked_increment ] 1 finding(s) written to /tmp/cwe190_findings_84NqaL
========================================
 Findings JSON
========================================
{
  "detector": "unchecked_multiply",
  "severity": "warning",
  "classification": "smell",
  "rule": "integerOverflow",
  "file": "/Users/afiaasante/Security-Code-Smells/linux/net/bluetooth/rfcomm/core.c",
  "line": 1434,
  "col": 38,
  "varname": "rfcomm_recv_pn",
  "note": {
    "line": 1434,
    "col": 38,
    "message": "multiplication in rfcomm_recv_pn() -- no upper-bound guard (INT_MAX / 2)"
  }
}
{
  "detector": "unchecked_increment",
  "severity": "warning",
  "classification": "smell",
  "rule": "integerOverflow",
  "file": "/Users/afiaasante/Security-Code-Smells/linux/net/bluetooth/rfcomm/core.c",
  "line": 947,
  "col": 41,
  "varname": "rfcomm_send_nsc",
  "note": {
    "line": 947,
    "col": 41,
    "message": "increment (++) in rfcomm_send_nsc() -- no upper-bound guard (INT_MAX check)"
  }
}

========================================
 Summary
 Total findings : 2
 Errors         : 0
 Warnings       : 2

 Breakdown by detector:
   unchecked_increment       1
   unchecked_multiply        1
========================================
