========================================
 CWE-195 Signed-to-Unsigned Conversion Detector
 Source  : /Users/afiaasante/Security-Code-Smells/linux/net/ipv4/tcp_input.c
 Report  : /Users/afiaasante/Security-Code-Smells/results/net_scan/SCS007/ipv4__tcp_input.c/tcp_input_report_20260417_175824.txt
 Findings: /Users/afiaasante/Security-Code-Smells/results/net_scan/SCS007/ipv4__tcp_input.c/tcp_input_findings_20260417_175824.json
 Date    : Fri Apr 17 17:58:24 EDT 2026
========================================

=== Stage 1: srcml ===

real	0m0.467s
user	0m0.432s
sys	0m0.012s

=== Stage 2: srcslice ===
Writing to :: /Users/afiaasante/Security-Code-Smells/linux/net/ipv4/tcp_input.c.json
Output Saved to :: /Users/afiaasante/Security-Code-Smells/linux/net/ipv4/tcp_input.c.json

real	0m1.091s
user	0m0.918s
sys	0m0.022s

=== Stage 3: srcattributor ===

real	2m12.643s
user	2m1.118s
sys	0m1.385s

=== Detector 1: signed_malloc ===
    input  : /Users/afiaasante/Security-Code-Smells/linux/net/ipv4/tcp_input.c.xml
    output : /tmp/cwe195_findings_yfoKjd

    query  : FIND $T $FUNC($PARAMS) {} CONTAINS malloc($A)
    note   : destructor/constructor blocks covered by XPath fallback


real	0m0.142s
user	0m0.122s
sys	0m0.013s


--- Stage 2: XPath destructor/constructor fallback ---
    no unguarded destructor/constructor malloc found

[ signed_malloc ] 0 finding(s) written to /tmp/cwe195_findings_yfoKjd
=== Detector 2: signed_memcpy ===
    input  : /Users/afiaasante/Security-Code-Smells/linux/net/ipv4/tcp_input.c.xml
    output : /tmp/cwe195_findings_yfoKjd

    query  : FIND $T $FUNC($PARAMS) {} CONTAINS memcpy($A, $B, $C)

real	0m0.145s
user	0m0.124s
sys	0m0.012s

--- Stage 1 (memcpy): checking srcQL result for positivity guard in <condition> ---
    guarded -- > operator found in condition, no finding
    query  : FIND $T $FUNC($PARAMS) {} CONTAINS memmove($A, $B, $C)

real	0m0.145s
user	0m0.119s
sys	0m0.013s


--- Stage 2: XPath destructor/constructor fallback ---
    no unguarded destructor/constructor memcpy/memmove found

[ signed_memcpy ] 0 finding(s) written to /tmp/cwe195_findings_yfoKjd
=== Detector 3: signed_strncpy ===
    input  : /Users/afiaasante/Security-Code-Smells/linux/net/ipv4/tcp_input.c.xml
    output : /tmp/cwe195_findings_yfoKjd

    query  : FIND $T $FUNC($PARAMS) {} CONTAINS strncpy($A, $B, $C)
    note   : destructor/constructor blocks covered by XPath fallback


real	0m0.150s
user	0m0.122s
sys	0m0.012s


--- Stage 2: XPath destructor/constructor fallback ---
    no unguarded destructor/constructor strncpy found

[ signed_strncpy ] 0 finding(s) written to /tmp/cwe195_findings_yfoKjd
========================================
 Findings JSON
========================================

========================================
 Summary
 Total findings : 0
 Errors         : 0
 Warnings       : 0
========================================
