========================================
 CWE-195 Signed-to-Unsigned Conversion Detector
 Source  : /Users/afiaasante/Security-Code-Smells/linux/net/rds/recv.c
 Report  : /Users/afiaasante/Security-Code-Smells/results/net_scan/SCS007/rds__recv.c/recv_report_20260417_180419.txt
 Findings: /Users/afiaasante/Security-Code-Smells/results/net_scan/SCS007/rds__recv.c/recv_findings_20260417_180419.json
 Date    : Fri Apr 17 18:04:19 EDT 2026
========================================

=== Stage 1: srcml ===

real	0m0.065s
user	0m0.055s
sys	0m0.006s

=== Stage 2: srcslice ===
Writing to :: /Users/afiaasante/Security-Code-Smells/linux/net/rds/recv.c.json
Output Saved to :: /Users/afiaasante/Security-Code-Smells/linux/net/rds/recv.c.json

real	0m0.264s
user	0m0.123s
sys	0m0.007s

=== Stage 3: srcattributor ===

real	0m1.591s
user	0m1.428s
sys	0m0.022s

=== Detector 1: signed_malloc ===
    input  : /Users/afiaasante/Security-Code-Smells/linux/net/rds/recv.c.xml
    output : /tmp/cwe195_findings_nJMuwm

    query  : FIND $T $FUNC($PARAMS) {} CONTAINS malloc($A)
    note   : destructor/constructor blocks covered by XPath fallback


real	0m0.040s
user	0m0.022s
sys	0m0.007s


--- Stage 2: XPath destructor/constructor fallback ---
    no unguarded destructor/constructor malloc found

[ signed_malloc ] 0 finding(s) written to /tmp/cwe195_findings_nJMuwm
=== Detector 2: signed_memcpy ===
    input  : /Users/afiaasante/Security-Code-Smells/linux/net/rds/recv.c.xml
    output : /tmp/cwe195_findings_nJMuwm

    query  : FIND $T $FUNC($PARAMS) {} CONTAINS memcpy($A, $B, $C)

real	0m0.044s
user	0m0.021s
sys	0m0.006s

    query  : FIND $T $FUNC($PARAMS) {} CONTAINS memmove($A, $B, $C)

real	0m0.034s
user	0m0.020s
sys	0m0.006s


--- Stage 2: XPath destructor/constructor fallback ---
    no unguarded destructor/constructor memcpy/memmove found

[ signed_memcpy ] 0 finding(s) written to /tmp/cwe195_findings_nJMuwm
=== Detector 3: signed_strncpy ===
    input  : /Users/afiaasante/Security-Code-Smells/linux/net/rds/recv.c.xml
    output : /tmp/cwe195_findings_nJMuwm

    query  : FIND $T $FUNC($PARAMS) {} CONTAINS strncpy($A, $B, $C)
    note   : destructor/constructor blocks covered by XPath fallback


real	0m0.032s
user	0m0.020s
sys	0m0.006s


--- Stage 2: XPath destructor/constructor fallback ---
    no unguarded destructor/constructor strncpy found

[ signed_strncpy ] 0 finding(s) written to /tmp/cwe195_findings_nJMuwm
========================================
 Findings JSON
========================================

========================================
 Summary
 Total findings : 0
 Errors         : 0
 Warnings       : 0
========================================
