========================================
 CWE-190 Integer Overflow Risk Detector
 Source  : /Users/afiaasante/Security-Code-Smells/linux/net/sunrpc/svcsock.c
 Report  : /Users/afiaasante/Security-Code-Smells/results/net_scan/SCS006/sunrpc__svcsock.c/svcsock_report_20260417_174538.txt
 Findings: /Users/afiaasante/Security-Code-Smells/results/net_scan/SCS006/sunrpc__svcsock.c/svcsock_findings_20260417_174538.json
 Date    : Fri Apr 17 17:45:38 EDT 2026
========================================

=== Stage 1: srcml ===

real	0m0.089s
user	0m0.082s
sys	0m0.005s

=== Stage 2: srcslice ===
Writing to :: /Users/afiaasante/Security-Code-Smells/linux/net/sunrpc/svcsock.c.json
Output Saved to :: /Users/afiaasante/Security-Code-Smells/linux/net/sunrpc/svcsock.c.json

real	0m0.310s
user	0m0.174s
sys	0m0.006s

=== Stage 3: srcattributor ===

real	0m4.516s
user	0m4.359s
sys	0m0.038s

=== Detector 1: unchecked_multiply ===
    input  : /Users/afiaasante/Security-Code-Smells/linux/net/sunrpc/svcsock.c.xml
    output : /tmp/cwe190_findings_xcq0rx

    query  : FIND $T $FUNC($PARAMS) {} CONTAINS $TYPE $RESULT = $A * $B
    note   : destructor/constructor blocks covered by XPath fallback


real	0m0.036s
user	0m0.029s
sys	0m0.005s

--- Stage 1: checking srcQL result for MAX guard in <condition> ---
    no taint source -- warning/smell
    finding: /Users/afiaasante/Security-Code-Smells/linux/net/sunrpc/svcsock.c:405:50 -- svc_data_ready() multiplies without MAX guard

--- Stage 2: XPath destructor/constructor fallback ---
    no unguarded destructor/constructor multiply found

[ unchecked_multiply ] 1 finding(s) written to /tmp/cwe190_findings_xcq0rx
=== Detector 2: unchecked_add ===
    input  : /Users/afiaasante/Security-Code-Smells/linux/net/sunrpc/svcsock.c.xml
    output : /tmp/cwe190_findings_xcq0rx

    query  : FIND $T $FUNC($PARAMS) {} CONTAINS $TYPE $RESULT = $A + $B
    note   : destructor/constructor blocks covered by XPath fallback


real	0m0.034s
user	0m0.027s
sys	0m0.005s


--- Stage 2: XPath destructor/constructor fallback ---
    no unguarded destructor/constructor addition found

[ unchecked_add ] 0 finding(s) written to /tmp/cwe190_findings_xcq0rx
=== Detector 3: unchecked_increment ===
    input  : /Users/afiaasante/Security-Code-Smells/linux/net/sunrpc/svcsock.c.xml
    output : /tmp/cwe190_findings_xcq0rx

    strategy : XPath on srcML XML -- ancestor-scoped guard check

--- extracting finding via XPath ---
    function : svc_tcp_read_msg
    position : 352:41

    no taint source -- warning/smell
    finding: /Users/afiaasante/Security-Code-Smells/linux/net/sunrpc/svcsock.c:352:41 -- svc_tcp_read_msg() increments without MAX guard

[ unchecked_increment ] 1 finding(s) written to /tmp/cwe190_findings_xcq0rx
========================================
 Findings JSON
========================================
{
  "detector": "unchecked_multiply",
  "severity": "warning",
  "classification": "smell",
  "rule": "integerOverflow",
  "file": "/Users/afiaasante/Security-Code-Smells/linux/net/sunrpc/svcsock.c",
  "line": 405,
  "col": 50,
  "varname": "svc_data_ready",
  "note": {
    "line": 405,
    "col": 50,
    "message": "multiplication in svc_data_ready() -- no upper-bound guard (INT_MAX / 2)"
  }
}
{
  "detector": "unchecked_increment",
  "severity": "warning",
  "classification": "smell",
  "rule": "integerOverflow",
  "file": "/Users/afiaasante/Security-Code-Smells/linux/net/sunrpc/svcsock.c",
  "line": 352,
  "col": 41,
  "varname": "svc_tcp_read_msg",
  "note": {
    "line": 352,
    "col": 41,
    "message": "increment (++) in svc_tcp_read_msg() -- no upper-bound guard (INT_MAX check)"
  }
}

========================================
 Summary
 Total findings : 2
 Errors         : 0
 Warnings       : 2

 Breakdown by detector:
   unchecked_increment       1
   unchecked_multiply        1
========================================
