========================================
 CWE-190 Integer Overflow Risk Detector
 Source  : /Users/afiaasante/Security-Code-Smells/linux/net/bridge/br.c
 Report  : /Users/afiaasante/Security-Code-Smells/results/net_scan/SCS006/bridge__br.c/br_report_20260417_173543.txt
 Findings: /Users/afiaasante/Security-Code-Smells/results/net_scan/SCS006/bridge__br.c/br_findings_20260417_173543.json
 Date    : Fri Apr 17 17:35:43 EDT 2026
========================================

=== Stage 1: srcml ===

real	0m0.021s
user	0m0.015s
sys	0m0.003s

=== Stage 2: srcslice ===
Writing to :: /Users/afiaasante/Security-Code-Smells/linux/net/bridge/br.c.json
Output Saved to :: /Users/afiaasante/Security-Code-Smells/linux/net/bridge/br.c.json

real	0m0.187s
user	0m0.045s
sys	0m0.004s

=== Stage 3: srcattributor ===

real	0m0.234s
user	0m0.225s
sys	0m0.005s

=== Detector 1: unchecked_multiply ===
    input  : /Users/afiaasante/Security-Code-Smells/linux/net/bridge/br.c.xml
    output : /tmp/cwe190_findings_MKpNPv

    query  : FIND $T $FUNC($PARAMS) {} CONTAINS $TYPE $RESULT = $A * $B
    note   : destructor/constructor blocks covered by XPath fallback


real	0m0.019s
user	0m0.011s
sys	0m0.004s


--- Stage 2: XPath destructor/constructor fallback ---
    no unguarded destructor/constructor multiply found

[ unchecked_multiply ] 0 finding(s) written to /tmp/cwe190_findings_MKpNPv
=== Detector 2: unchecked_add ===
    input  : /Users/afiaasante/Security-Code-Smells/linux/net/bridge/br.c.xml
    output : /tmp/cwe190_findings_MKpNPv

    query  : FIND $T $FUNC($PARAMS) {} CONTAINS $TYPE $RESULT = $A + $B
    note   : destructor/constructor blocks covered by XPath fallback


real	0m0.014s
user	0m0.008s
sys	0m0.004s


--- Stage 2: XPath destructor/constructor fallback ---
    no unguarded destructor/constructor addition found

[ unchecked_add ] 0 finding(s) written to /tmp/cwe190_findings_MKpNPv
=== Detector 3: unchecked_increment ===
    input  : /Users/afiaasante/Security-Code-Smells/linux/net/bridge/br.c.xml
    output : /tmp/cwe190_findings_MKpNPv

    strategy : XPath on srcML XML -- ancestor-scoped guard check

--- extracting finding via XPath ---
    function : br_boolopt_multi_get
    position : 381:57

    no taint source -- warning/smell
    finding: /Users/afiaasante/Security-Code-Smells/linux/net/bridge/br.c:381:57 -- br_boolopt_multi_get() increments without MAX guard

[ unchecked_increment ] 1 finding(s) written to /tmp/cwe190_findings_MKpNPv
========================================
 Findings JSON
========================================
{
  "detector": "unchecked_increment",
  "severity": "warning",
  "classification": "smell",
  "rule": "integerOverflow",
  "file": "/Users/afiaasante/Security-Code-Smells/linux/net/bridge/br.c",
  "line": 381,
  "col": 57,
  "varname": "br_boolopt_multi_get",
  "note": {
    "line": 381,
    "col": 57,
    "message": "increment (++) in br_boolopt_multi_get() -- no upper-bound guard (INT_MAX check)"
  }
}

========================================
 Summary
 Total findings : 1
 Errors         : 0
 Warnings       : 1

 Breakdown by detector:
   unchecked_increment       1
========================================
