========================================
 CWE-195 Signed-to-Unsigned Conversion Detector
 Source  : /Users/afiaasante/Security-Code-Smells/linux/net/unix/garbage.c
 Report  : /Users/afiaasante/Security-Code-Smells/results/net_scan/SCS007/unix__garbage.c/garbage_report_20260417_180729.txt
 Findings: /Users/afiaasante/Security-Code-Smells/results/net_scan/SCS007/unix__garbage.c/garbage_findings_20260417_180729.json
 Date    : Fri Apr 17 18:07:29 EDT 2026
========================================

=== Stage 1: srcml ===

real	0m0.047s
user	0m0.036s
sys	0m0.005s

=== Stage 2: srcslice ===
Writing to :: /Users/afiaasante/Security-Code-Smells/linux/net/unix/garbage.c.json
Output Saved to :: /Users/afiaasante/Security-Code-Smells/linux/net/unix/garbage.c.json

real	0m0.259s
user	0m0.081s
sys	0m0.006s

=== Stage 3: srcattributor ===

real	0m0.600s
user	0m0.445s
sys	0m0.012s

=== Detector 1: signed_malloc ===
    input  : /Users/afiaasante/Security-Code-Smells/linux/net/unix/garbage.c.xml
    output : /tmp/cwe195_findings_HYyNFa

    query  : FIND $T $FUNC($PARAMS) {} CONTAINS malloc($A)
    note   : destructor/constructor blocks covered by XPath fallback


real	0m0.050s
user	0m0.016s
sys	0m0.007s


--- Stage 2: XPath destructor/constructor fallback ---
    no unguarded destructor/constructor malloc found

[ signed_malloc ] 0 finding(s) written to /tmp/cwe195_findings_HYyNFa
=== Detector 2: signed_memcpy ===
    input  : /Users/afiaasante/Security-Code-Smells/linux/net/unix/garbage.c.xml
    output : /tmp/cwe195_findings_HYyNFa

    query  : FIND $T $FUNC($PARAMS) {} CONTAINS memcpy($A, $B, $C)

real	0m0.024s
user	0m0.015s
sys	0m0.005s

    query  : FIND $T $FUNC($PARAMS) {} CONTAINS memmove($A, $B, $C)

real	0m0.022s
user	0m0.015s
sys	0m0.006s


--- Stage 2: XPath destructor/constructor fallback ---
    no unguarded destructor/constructor memcpy/memmove found

[ signed_memcpy ] 0 finding(s) written to /tmp/cwe195_findings_HYyNFa
=== Detector 3: signed_strncpy ===
    input  : /Users/afiaasante/Security-Code-Smells/linux/net/unix/garbage.c.xml
    output : /tmp/cwe195_findings_HYyNFa

    query  : FIND $T $FUNC($PARAMS) {} CONTAINS strncpy($A, $B, $C)
    note   : destructor/constructor blocks covered by XPath fallback


real	0m0.066s
user	0m0.015s
sys	0m0.006s


--- Stage 2: XPath destructor/constructor fallback ---
    no unguarded destructor/constructor strncpy found

[ signed_strncpy ] 0 finding(s) written to /tmp/cwe195_findings_HYyNFa
========================================
 Findings JSON
========================================

========================================
 Summary
 Total findings : 0
 Errors         : 0
 Warnings       : 0
========================================
