========================================
 CWE-190 Integer Overflow Risk Detector
 Source  : /Users/afiaasante/Security-Code-Smells/linux/net/bluetooth/lib.c
 Report  : /Users/afiaasante/Security-Code-Smells/results/net_scan/SCS006/bluetooth__lib.c/lib_report_20260417_173533.txt
 Findings: /Users/afiaasante/Security-Code-Smells/results/net_scan/SCS006/bluetooth__lib.c/lib_findings_20260417_173533.json
 Date    : Fri Apr 17 17:35:33 EDT 2026
========================================

=== Stage 1: srcml ===

real	0m0.012s
user	0m0.008s
sys	0m0.003s

=== Stage 2: srcslice ===
Writing to :: /Users/afiaasante/Security-Code-Smells/linux/net/bluetooth/lib.c.json
Output Saved to :: /Users/afiaasante/Security-Code-Smells/linux/net/bluetooth/lib.c.json

real	0m0.184s
user	0m0.026s
sys	0m0.003s

=== Stage 3: srcattributor ===

real	0m0.082s
user	0m0.077s
sys	0m0.004s

=== Detector 1: unchecked_multiply ===
    input  : /Users/afiaasante/Security-Code-Smells/linux/net/bluetooth/lib.c.xml
    output : /tmp/cwe190_findings_8cF5HF

    query  : FIND $T $FUNC($PARAMS) {} CONTAINS $TYPE $RESULT = $A * $B
    note   : destructor/constructor blocks covered by XPath fallback


real	0m0.012s
user	0m0.007s
sys	0m0.004s

--- Stage 1: checking srcQL result for MAX guard in <condition> ---
    no taint source -- warning/smell
    finding: /Users/afiaasante/Security-Code-Smells/linux/net/bluetooth/lib.c:44:55 -- baswap() multiplies without MAX guard

--- Stage 2: XPath destructor/constructor fallback ---
    no unguarded destructor/constructor multiply found

[ unchecked_multiply ] 1 finding(s) written to /tmp/cwe190_findings_8cF5HF
=== Detector 2: unchecked_add ===
    input  : /Users/afiaasante/Security-Code-Smells/linux/net/bluetooth/lib.c.xml
    output : /tmp/cwe190_findings_8cF5HF

    query  : FIND $T $FUNC($PARAMS) {} CONTAINS $TYPE $RESULT = $A + $B
    note   : destructor/constructor blocks covered by XPath fallback


real	0m0.013s
user	0m0.008s
sys	0m0.004s


--- Stage 2: XPath destructor/constructor fallback ---
    no unguarded destructor/constructor addition found

[ unchecked_add ] 0 finding(s) written to /tmp/cwe190_findings_8cF5HF
=== Detector 3: unchecked_increment ===
    input  : /Users/afiaasante/Security-Code-Smells/linux/net/bluetooth/lib.c.xml
    output : /tmp/cwe190_findings_8cF5HF

    strategy : XPath on srcML XML -- ancestor-scoped guard check

--- extracting finding via XPath ---
    function : baswap
    position : 48:29

    no taint source -- warning/smell
    finding: /Users/afiaasante/Security-Code-Smells/linux/net/bluetooth/lib.c:48:29 -- baswap() increments without MAX guard

[ unchecked_increment ] 1 finding(s) written to /tmp/cwe190_findings_8cF5HF
========================================
 Findings JSON
========================================
{
  "detector": "unchecked_multiply",
  "severity": "warning",
  "classification": "smell",
  "rule": "integerOverflow",
  "file": "/Users/afiaasante/Security-Code-Smells/linux/net/bluetooth/lib.c",
  "line": 44,
  "col": 55,
  "varname": "baswap",
  "note": {
    "line": 44,
    "col": 55,
    "message": "multiplication in baswap() -- no upper-bound guard (INT_MAX / 2)"
  }
}
{
  "detector": "unchecked_increment",
  "severity": "warning",
  "classification": "smell",
  "rule": "integerOverflow",
  "file": "/Users/afiaasante/Security-Code-Smells/linux/net/bluetooth/lib.c",
  "line": 48,
  "col": 29,
  "varname": "baswap",
  "note": {
    "line": 48,
    "col": 29,
    "message": "increment (++) in baswap() -- no upper-bound guard (INT_MAX check)"
  }
}

========================================
 Summary
 Total findings : 2
 Errors         : 0
 Warnings       : 2

 Breakdown by detector:
   unchecked_increment       1
   unchecked_multiply        1
========================================
