========================================
 CWE-190 Integer Overflow Risk Detector
 Source  : /Users/afiaasante/Security-Code-Smells/linux/net/rxrpc/rxgk_app.c
 Report  : /Users/afiaasante/Security-Code-Smells/results/net_scan/SCS006/rxrpc__rxgk_app.c/rxgk_app_report_20260417_174359.txt
 Findings: /Users/afiaasante/Security-Code-Smells/results/net_scan/SCS006/rxrpc__rxgk_app.c/rxgk_app_findings_20260417_174359.json
 Date    : Fri Apr 17 17:43:59 EDT 2026
========================================

=== Stage 1: srcml ===

real	0m0.024s
user	0m0.018s
sys	0m0.004s

=== Stage 2: srcslice ===
Writing to :: /Users/afiaasante/Security-Code-Smells/linux/net/rxrpc/rxgk_app.c.json
Output Saved to :: /Users/afiaasante/Security-Code-Smells/linux/net/rxrpc/rxgk_app.c.json

real	0m0.188s
user	0m0.047s
sys	0m0.004s

=== Stage 3: srcattributor ===

real	0m0.152s
user	0m0.143s
sys	0m0.005s

=== Detector 1: unchecked_multiply ===
    input  : /Users/afiaasante/Security-Code-Smells/linux/net/rxrpc/rxgk_app.c.xml
    output : /tmp/cwe190_findings_YDp8c8

    query  : FIND $T $FUNC($PARAMS) {} CONTAINS $TYPE $RESULT = $A * $B
    note   : destructor/constructor blocks covered by XPath fallback


real	0m0.015s
user	0m0.010s
sys	0m0.004s


--- Stage 2: XPath destructor/constructor fallback ---
    no unguarded destructor/constructor multiply found

[ unchecked_multiply ] 0 finding(s) written to /tmp/cwe190_findings_YDp8c8
=== Detector 2: unchecked_add ===
    input  : /Users/afiaasante/Security-Code-Smells/linux/net/rxrpc/rxgk_app.c.xml
    output : /tmp/cwe190_findings_YDp8c8

    query  : FIND $T $FUNC($PARAMS) {} CONTAINS $TYPE $RESULT = $A + $B
    note   : destructor/constructor blocks covered by XPath fallback


real	0m0.015s
user	0m0.010s
sys	0m0.004s


--- Stage 2: XPath destructor/constructor fallback ---
    no unguarded destructor/constructor addition found

[ unchecked_add ] 0 finding(s) written to /tmp/cwe190_findings_YDp8c8
=== Detector 3: unchecked_increment ===
    input  : /Users/afiaasante/Security-Code-Smells/linux/net/rxrpc/rxgk_app.c.xml
    output : /tmp/cwe190_findings_YDp8c8

    strategy : XPath on srcML XML -- ancestor-scoped guard check

--- extracting finding via XPath ---
    function : rxgk_yfs_decode_ticket
    position : 128:10

    no taint source -- warning/smell
    finding: /Users/afiaasante/Security-Code-Smells/linux/net/rxrpc/rxgk_app.c:128:10 -- rxgk_yfs_decode_ticket() increments without MAX guard

[ unchecked_increment ] 1 finding(s) written to /tmp/cwe190_findings_YDp8c8
========================================
 Findings JSON
========================================
{
  "detector": "unchecked_increment",
  "severity": "warning",
  "classification": "smell",
  "rule": "integerOverflow",
  "file": "/Users/afiaasante/Security-Code-Smells/linux/net/rxrpc/rxgk_app.c",
  "line": 128,
  "col": 10,
  "varname": "rxgk_yfs_decode_ticket",
  "note": {
    "line": 128,
    "col": 10,
    "message": "increment (++) in rxgk_yfs_decode_ticket() -- no upper-bound guard (INT_MAX check)"
  }
}

========================================
 Summary
 Total findings : 1
 Errors         : 0
 Warnings       : 1

 Breakdown by detector:
   unchecked_increment       1
========================================
