========================================
 CWE-190 Integer Overflow Risk Detector
 Source  : /Users/afiaasante/Security-Code-Smells/linux/net/core/flow_offload.c
 Report  : /Users/afiaasante/Security-Code-Smells/results/net_scan/SCS006/core__flow_offload.c/flow_offload_report_20260417_173649.txt
 Findings: /Users/afiaasante/Security-Code-Smells/results/net_scan/SCS006/core__flow_offload.c/flow_offload_findings_20260417_173649.json
 Date    : Fri Apr 17 17:36:49 EDT 2026
========================================

=== Stage 1: srcml ===

real	0m0.040s
user	0m0.032s
sys	0m0.004s

=== Stage 2: srcslice ===
Writing to :: /Users/afiaasante/Security-Code-Smells/linux/net/core/flow_offload.c.json
Output Saved to :: /Users/afiaasante/Security-Code-Smells/linux/net/core/flow_offload.c.json

real	0m0.181s
user	0m0.061s
sys	0m0.004s

=== Stage 3: srcattributor ===

real	0m0.431s
user	0m0.422s
sys	0m0.005s

=== Detector 1: unchecked_multiply ===
    input  : /Users/afiaasante/Security-Code-Smells/linux/net/core/flow_offload.c.xml
    output : /tmp/cwe190_findings_TTfwoh

    query  : FIND $T $FUNC($PARAMS) {} CONTAINS $TYPE $RESULT = $A * $B
    note   : destructor/constructor blocks covered by XPath fallback


real	0m0.019s
user	0m0.013s
sys	0m0.004s


--- Stage 2: XPath destructor/constructor fallback ---
    no unguarded destructor/constructor multiply found

[ unchecked_multiply ] 0 finding(s) written to /tmp/cwe190_findings_TTfwoh
=== Detector 2: unchecked_add ===
    input  : /Users/afiaasante/Security-Code-Smells/linux/net/core/flow_offload.c.xml
    output : /tmp/cwe190_findings_TTfwoh

    query  : FIND $T $FUNC($PARAMS) {} CONTAINS $TYPE $RESULT = $A + $B
    note   : destructor/constructor blocks covered by XPath fallback


real	0m0.022s
user	0m0.012s
sys	0m0.004s


--- Stage 2: XPath destructor/constructor fallback ---
    no unguarded destructor/constructor addition found

[ unchecked_add ] 0 finding(s) written to /tmp/cwe190_findings_TTfwoh
=== Detector 3: unchecked_increment ===
    input  : /Users/afiaasante/Security-Code-Smells/linux/net/core/flow_offload.c.xml
    output : /tmp/cwe190_findings_TTfwoh

    strategy : XPath on srcML XML -- ancestor-scoped guard check

--- extracting finding via XPath ---
    function : flow_rule_alloc
    position : 23:39

    no taint source -- warning/smell
    finding: /Users/afiaasante/Security-Code-Smells/linux/net/core/flow_offload.c:23:39 -- flow_rule_alloc() increments without MAX guard

[ unchecked_increment ] 1 finding(s) written to /tmp/cwe190_findings_TTfwoh
========================================
 Findings JSON
========================================
{
  "detector": "unchecked_increment",
  "severity": "warning",
  "classification": "smell",
  "rule": "integerOverflow",
  "file": "/Users/afiaasante/Security-Code-Smells/linux/net/core/flow_offload.c",
  "line": 23,
  "col": 39,
  "varname": "flow_rule_alloc",
  "note": {
    "line": 23,
    "col": 39,
    "message": "increment (++) in flow_rule_alloc() -- no upper-bound guard (INT_MAX check)"
  }
}

========================================
 Summary
 Total findings : 1
 Errors         : 0
 Warnings       : 1

 Breakdown by detector:
   unchecked_increment       1
========================================
