========================================
 CWE-190 Integer Overflow Risk Detector
 Source  : /Users/afiaasante/Security-Code-Smells/linux/net/sched/sch_dualpi2.c
 Report  : /Users/afiaasante/Security-Code-Smells/results/net_scan/SCS006/sched__sch_dualpi2.c/sch_dualpi2_report_20260417_174421.txt
 Findings: /Users/afiaasante/Security-Code-Smells/results/net_scan/SCS006/sched__sch_dualpi2.c/sch_dualpi2_findings_20260417_174421.json
 Date    : Fri Apr 17 17:44:21 EDT 2026
========================================

=== Stage 1: srcml ===

real	0m0.071s
user	0m0.063s
sys	0m0.005s

=== Stage 2: srcslice ===
Writing to :: /Users/afiaasante/Security-Code-Smells/linux/net/sched/sch_dualpi2.c.json
Output Saved to :: /Users/afiaasante/Security-Code-Smells/linux/net/sched/sch_dualpi2.c.json

real	0m0.254s
user	0m0.130s
sys	0m0.007s

=== Stage 3: srcattributor ===

real	0m2.285s
user	0m2.180s
sys	0m0.023s

=== Detector 1: unchecked_multiply ===
    input  : /Users/afiaasante/Security-Code-Smells/linux/net/sched/sch_dualpi2.c.xml
    output : /tmp/cwe190_findings_CJeBE5

    query  : FIND $T $FUNC($PARAMS) {} CONTAINS $TYPE $RESULT = $A * $B
    note   : destructor/constructor blocks covered by XPath fallback


real	0m0.032s
user	0m0.023s
sys	0m0.005s

--- Stage 1: checking srcQL result for MAX guard in <condition> ---
    no taint source -- warning/smell
    finding: /Users/afiaasante/Security-Code-Smells/linux/net/sched/sch_dualpi2.c:156:31 -- dualpi2_scale_alpha_beta() multiplies without MAX guard

--- Stage 2: XPath destructor/constructor fallback ---
    no unguarded destructor/constructor multiply found

[ unchecked_multiply ] 1 finding(s) written to /tmp/cwe190_findings_CJeBE5
=== Detector 2: unchecked_add ===
    input  : /Users/afiaasante/Security-Code-Smells/linux/net/sched/sch_dualpi2.c.xml
    output : /tmp/cwe190_findings_CJeBE5

    query  : FIND $T $FUNC($PARAMS) {} CONTAINS $TYPE $RESULT = $A + $B
    note   : destructor/constructor blocks covered by XPath fallback


real	0m0.030s
user	0m0.021s
sys	0m0.005s


--- Stage 2: XPath destructor/constructor fallback ---
    no unguarded destructor/constructor addition found

[ unchecked_add ] 0 finding(s) written to /tmp/cwe190_findings_CJeBE5
=== Detector 3: unchecked_increment ===
    input  : /Users/afiaasante/Security-Code-Smells/linux/net/sched/sch_dualpi2.c.xml
    output : /tmp/cwe190_findings_CJeBE5

    strategy : XPath on srcML XML -- ancestor-scoped guard check

--- extracting finding via XPath ---
    function : dualpi2_mark
    position : 193:28

    no taint source -- warning/smell
    finding: /Users/afiaasante/Security-Code-Smells/linux/net/sched/sch_dualpi2.c:193:28 -- dualpi2_mark() increments without MAX guard

[ unchecked_increment ] 1 finding(s) written to /tmp/cwe190_findings_CJeBE5
========================================
 Findings JSON
========================================
{
  "detector": "unchecked_multiply",
  "severity": "warning",
  "classification": "smell",
  "rule": "integerOverflow",
  "file": "/Users/afiaasante/Security-Code-Smells/linux/net/sched/sch_dualpi2.c",
  "line": 156,
  "col": 31,
  "varname": "dualpi2_scale_alpha_beta",
  "note": {
    "line": 156,
    "col": 31,
    "message": "multiplication in dualpi2_scale_alpha_beta() -- no upper-bound guard (INT_MAX / 2)"
  }
}
{
  "detector": "unchecked_increment",
  "severity": "warning",
  "classification": "smell",
  "rule": "integerOverflow",
  "file": "/Users/afiaasante/Security-Code-Smells/linux/net/sched/sch_dualpi2.c",
  "line": 193,
  "col": 28,
  "varname": "dualpi2_mark",
  "note": {
    "line": 193,
    "col": 28,
    "message": "increment (++) in dualpi2_mark() -- no upper-bound guard (INT_MAX check)"
  }
}

========================================
 Summary
 Total findings : 2
 Errors         : 0
 Warnings       : 2

 Breakdown by detector:
   unchecked_increment       1
   unchecked_multiply        1
========================================
