========================================
 CWE-195 Signed-to-Unsigned Conversion Detector
 Source  : /Users/afiaasante/Security-Code-Smells/linux/net/dsa/tag_ocelot_8021q.c
 Report  : /Users/afiaasante/Security-Code-Smells/results/net_scan/SCS007/dsa__tag_ocelot_8021q.c/tag_ocelot_8021q_report_20260417_175641.txt
 Findings: /Users/afiaasante/Security-Code-Smells/results/net_scan/SCS007/dsa__tag_ocelot_8021q.c/tag_ocelot_8021q_findings_20260417_175641.json
 Date    : Fri Apr 17 17:56:41 EDT 2026
========================================

=== Stage 1: srcml ===

real	0m0.020s
user	0m0.013s
sys	0m0.005s

=== Stage 2: srcslice ===
Writing to :: /Users/afiaasante/Security-Code-Smells/linux/net/dsa/tag_ocelot_8021q.c.json
Output Saved to :: /Users/afiaasante/Security-Code-Smells/linux/net/dsa/tag_ocelot_8021q.c.json

real	0m0.186s
user	0m0.037s
sys	0m0.004s

=== Stage 3: srcattributor ===

real	0m0.051s
user	0m0.042s
sys	0m0.005s

=== Detector 1: signed_malloc ===
    input  : /Users/afiaasante/Security-Code-Smells/linux/net/dsa/tag_ocelot_8021q.c.xml
    output : /tmp/cwe195_findings_ToMphf

    query  : FIND $T $FUNC($PARAMS) {} CONTAINS malloc($A)
    note   : destructor/constructor blocks covered by XPath fallback


real	0m0.015s
user	0m0.009s
sys	0m0.005s


--- Stage 2: XPath destructor/constructor fallback ---
    no unguarded destructor/constructor malloc found

[ signed_malloc ] 0 finding(s) written to /tmp/cwe195_findings_ToMphf
=== Detector 2: signed_memcpy ===
    input  : /Users/afiaasante/Security-Code-Smells/linux/net/dsa/tag_ocelot_8021q.c.xml
    output : /tmp/cwe195_findings_ToMphf

    query  : FIND $T $FUNC($PARAMS) {} CONTAINS memcpy($A, $B, $C)

real	0m0.015s
user	0m0.009s
sys	0m0.005s

    query  : FIND $T $FUNC($PARAMS) {} CONTAINS memmove($A, $B, $C)

real	0m0.015s
user	0m0.009s
sys	0m0.004s


--- Stage 2: XPath destructor/constructor fallback ---
    no unguarded destructor/constructor memcpy/memmove found

[ signed_memcpy ] 0 finding(s) written to /tmp/cwe195_findings_ToMphf
=== Detector 3: signed_strncpy ===
    input  : /Users/afiaasante/Security-Code-Smells/linux/net/dsa/tag_ocelot_8021q.c.xml
    output : /tmp/cwe195_findings_ToMphf

    query  : FIND $T $FUNC($PARAMS) {} CONTAINS strncpy($A, $B, $C)
    note   : destructor/constructor blocks covered by XPath fallback


real	0m0.016s
user	0m0.009s
sys	0m0.005s


--- Stage 2: XPath destructor/constructor fallback ---
    no unguarded destructor/constructor strncpy found

[ signed_strncpy ] 0 finding(s) written to /tmp/cwe195_findings_ToMphf
========================================
 Findings JSON
========================================

========================================
 Summary
 Total findings : 0
 Errors         : 0
 Warnings       : 0
========================================
