========================================
 CWE-195 Signed-to-Unsigned Conversion Detector
 Source  : /Users/afiaasante/Security-Code-Smells/linux/net/ipv4/netfilter/ip_tables.c
 Report  : /Users/afiaasante/Security-Code-Smells/results/net_scan/SCS007/ipv4__netfilter__ip_tables.c/ip_tables_report_20260417_175757.txt
 Findings: /Users/afiaasante/Security-Code-Smells/results/net_scan/SCS007/ipv4__netfilter__ip_tables.c/ip_tables_findings_20260417_175757.json
 Date    : Fri Apr 17 17:57:57 EDT 2026
========================================

=== Stage 1: srcml ===

real	0m0.176s
user	0m0.133s
sys	0m0.008s

=== Stage 2: srcslice ===
Writing to :: /Users/afiaasante/Security-Code-Smells/linux/net/ipv4/netfilter/ip_tables.c.json
Output Saved to :: /Users/afiaasante/Security-Code-Smells/linux/net/ipv4/netfilter/ip_tables.c.json

real	0m0.374s
user	0m0.250s
sys	0m0.010s

=== Stage 3: srcattributor ===

real	0m9.638s
user	0m8.229s
sys	0m0.171s

=== Detector 1: signed_malloc ===
    input  : /Users/afiaasante/Security-Code-Smells/linux/net/ipv4/netfilter/ip_tables.c.xml
    output : /tmp/cwe195_findings_KrvzU6

    query  : FIND $T $FUNC($PARAMS) {} CONTAINS malloc($A)
    note   : destructor/constructor blocks covered by XPath fallback


real	0m0.052s
user	0m0.036s
sys	0m0.007s


--- Stage 2: XPath destructor/constructor fallback ---
    no unguarded destructor/constructor malloc found

[ signed_malloc ] 0 finding(s) written to /tmp/cwe195_findings_KrvzU6
=== Detector 2: signed_memcpy ===
    input  : /Users/afiaasante/Security-Code-Smells/linux/net/ipv4/netfilter/ip_tables.c.xml
    output : /tmp/cwe195_findings_KrvzU6

    query  : FIND $T $FUNC($PARAMS) {} CONTAINS memcpy($A, $B, $C)

real	0m0.052s
user	0m0.040s
sys	0m0.007s

--- Stage 1 (memcpy): checking srcQL result for positivity guard in <condition> ---
    guarded -- > operator found in condition, no finding
    query  : FIND $T $FUNC($PARAMS) {} CONTAINS memmove($A, $B, $C)

real	0m0.045s
user	0m0.037s
sys	0m0.006s


--- Stage 2: XPath destructor/constructor fallback ---
    no unguarded destructor/constructor memcpy/memmove found

[ signed_memcpy ] 0 finding(s) written to /tmp/cwe195_findings_KrvzU6
=== Detector 3: signed_strncpy ===
    input  : /Users/afiaasante/Security-Code-Smells/linux/net/ipv4/netfilter/ip_tables.c.xml
    output : /tmp/cwe195_findings_KrvzU6

    query  : FIND $T $FUNC($PARAMS) {} CONTAINS strncpy($A, $B, $C)
    note   : destructor/constructor blocks covered by XPath fallback


real	0m0.045s
user	0m0.037s
sys	0m0.006s


--- Stage 2: XPath destructor/constructor fallback ---
    no unguarded destructor/constructor strncpy found

[ signed_strncpy ] 0 finding(s) written to /tmp/cwe195_findings_KrvzU6
========================================
 Findings JSON
========================================

========================================
 Summary
 Total findings : 0
 Errors         : 0
 Warnings       : 0
========================================
