========================================
 CWE-190 Integer Overflow Risk Detector
 Source  : /Users/afiaasante/Security-Code-Smells/linux/net/netfilter/ipset/ip_set_hash_ipport.c
 Report  : /Users/afiaasante/Security-Code-Smells/results/net_scan/SCS006/netfilter__ipset__ip_set_hash_ipport.c/ip_set_hash_ipport_report_20260417_174203.txt
 Findings: /Users/afiaasante/Security-Code-Smells/results/net_scan/SCS006/netfilter__ipset__ip_set_hash_ipport.c/ip_set_hash_ipport_findings_20260417_174203.json
 Date    : Fri Apr 17 17:42:03 EDT 2026
========================================

=== Stage 1: srcml ===

real	0m0.032s
user	0m0.027s
sys	0m0.004s

=== Stage 2: srcslice ===
Writing to :: /Users/afiaasante/Security-Code-Smells/linux/net/netfilter/ipset/ip_set_hash_ipport.c.json
Output Saved to :: /Users/afiaasante/Security-Code-Smells/linux/net/netfilter/ipset/ip_set_hash_ipport.c.json

real	0m0.180s
user	0m0.065s
sys	0m0.004s

=== Stage 3: srcattributor ===

real	0m0.314s
user	0m0.302s
sys	0m0.006s

=== Detector 1: unchecked_multiply ===
    input  : /Users/afiaasante/Security-Code-Smells/linux/net/netfilter/ipset/ip_set_hash_ipport.c.xml
    output : /tmp/cwe190_findings_MHBikJ

    query  : FIND $T $FUNC($PARAMS) {} CONTAINS $TYPE $RESULT = $A * $B
    note   : destructor/constructor blocks covered by XPath fallback


real	0m0.021s
user	0m0.012s
sys	0m0.004s


--- Stage 2: XPath destructor/constructor fallback ---
    no unguarded destructor/constructor multiply found

[ unchecked_multiply ] 0 finding(s) written to /tmp/cwe190_findings_MHBikJ
=== Detector 2: unchecked_add ===
    input  : /Users/afiaasante/Security-Code-Smells/linux/net/netfilter/ipset/ip_set_hash_ipport.c.xml
    output : /tmp/cwe190_findings_MHBikJ

    query  : FIND $T $FUNC($PARAMS) {} CONTAINS $TYPE $RESULT = $A + $B
    note   : destructor/constructor blocks covered by XPath fallback


real	0m0.017s
user	0m0.012s
sys	0m0.004s


--- Stage 2: XPath destructor/constructor fallback ---
    no unguarded destructor/constructor addition found

[ unchecked_add ] 0 finding(s) written to /tmp/cwe190_findings_MHBikJ
=== Detector 3: unchecked_increment ===
    input  : /Users/afiaasante/Security-Code-Smells/linux/net/netfilter/ipset/ip_set_hash_ipport.c.xml
    output : /tmp/cwe190_findings_MHBikJ

    strategy : XPath on srcML XML -- ancestor-scoped guard check

--- extracting finding via XPath ---
    function : hash_ipport4_uadt
    position : 189:31

    no taint source -- warning/smell
    finding: /Users/afiaasante/Security-Code-Smells/linux/net/netfilter/ipset/ip_set_hash_ipport.c:189:31 -- hash_ipport4_uadt() increments without MAX guard

[ unchecked_increment ] 1 finding(s) written to /tmp/cwe190_findings_MHBikJ
========================================
 Findings JSON
========================================
{
  "detector": "unchecked_increment",
  "severity": "warning",
  "classification": "smell",
  "rule": "integerOverflow",
  "file": "/Users/afiaasante/Security-Code-Smells/linux/net/netfilter/ipset/ip_set_hash_ipport.c",
  "line": 189,
  "col": 31,
  "varname": "hash_ipport4_uadt",
  "note": {
    "line": 189,
    "col": 31,
    "message": "increment (++) in hash_ipport4_uadt() -- no upper-bound guard (INT_MAX check)"
  }
}

========================================
 Summary
 Total findings : 1
 Errors         : 0
 Warnings       : 1

 Breakdown by detector:
   unchecked_increment       1
========================================
