========================================
 CWE-190 Integer Overflow Risk Detector
 Source  : /Users/afiaasante/Security-Code-Smells/linux/net/sched/sch_hhf.c
 Report  : /Users/afiaasante/Security-Code-Smells/results/net_scan/SCS006/sched__sch_hhf.c/sch_hhf_report_20260417_174433.txt
 Findings: /Users/afiaasante/Security-Code-Smells/results/net_scan/SCS006/sched__sch_hhf.c/sch_hhf_findings_20260417_174433.json
 Date    : Fri Apr 17 17:44:33 EDT 2026
========================================

=== Stage 1: srcml ===

real	0m0.043s
user	0m0.037s
sys	0m0.004s

=== Stage 2: srcslice ===
Writing to :: /Users/afiaasante/Security-Code-Smells/linux/net/sched/sch_hhf.c.json
Output Saved to :: /Users/afiaasante/Security-Code-Smells/linux/net/sched/sch_hhf.c.json

real	0m0.242s
user	0m0.089s
sys	0m0.005s

=== Stage 3: srcattributor ===

real	0m0.780s
user	0m0.748s
sys	0m0.012s

=== Detector 1: unchecked_multiply ===
    input  : /Users/afiaasante/Security-Code-Smells/linux/net/sched/sch_hhf.c.xml
    output : /tmp/cwe190_findings_MsBAtQ

    query  : FIND $T $FUNC($PARAMS) {} CONTAINS $TYPE $RESULT = $A * $B
    note   : destructor/constructor blocks covered by XPath fallback


real	0m0.022s
user	0m0.016s
sys	0m0.005s


--- Stage 2: XPath destructor/constructor fallback ---
    no unguarded destructor/constructor multiply found

[ unchecked_multiply ] 0 finding(s) written to /tmp/cwe190_findings_MsBAtQ
=== Detector 2: unchecked_add ===
    input  : /Users/afiaasante/Security-Code-Smells/linux/net/sched/sch_hhf.c.xml
    output : /tmp/cwe190_findings_MsBAtQ

    query  : FIND $T $FUNC($PARAMS) {} CONTAINS $TYPE $RESULT = $A + $B
    note   : destructor/constructor blocks covered by XPath fallback


real	0m0.023s
user	0m0.015s
sys	0m0.006s

--- Stage 1: checking srcQL result for MAX guard in <condition> ---
    no taint source -- warning/smell
    finding: /Users/afiaasante/Security-Code-Smells/linux/net/sched/sch_hhf.c:191:48 -- seek_list() adds without MAX guard

--- Stage 2: XPath destructor/constructor fallback ---
    no unguarded destructor/constructor addition found

[ unchecked_add ] 1 finding(s) written to /tmp/cwe190_findings_MsBAtQ
=== Detector 3: unchecked_increment ===
    input  : /Users/afiaasante/Security-Code-Smells/linux/net/sched/sch_hhf.c.xml
    output : /tmp/cwe190_findings_MsBAtQ

    strategy : XPath on srcML XML -- ancestor-scoped guard check

--- extracting finding via XPath ---
    function : alloc_new_hh
    position : 229:38

    no taint source -- warning/smell
    finding: /Users/afiaasante/Security-Code-Smells/linux/net/sched/sch_hhf.c:229:38 -- alloc_new_hh() increments without MAX guard

[ unchecked_increment ] 1 finding(s) written to /tmp/cwe190_findings_MsBAtQ
========================================
 Findings JSON
========================================
{
  "detector": "unchecked_add",
  "severity": "warning",
  "classification": "smell",
  "rule": "integerOverflow",
  "file": "/Users/afiaasante/Security-Code-Smells/linux/net/sched/sch_hhf.c",
  "line": 191,
  "col": 48,
  "varname": "seek_list",
  "note": {
    "line": 191,
    "col": 48,
    "message": "addition in seek_list() -- no upper-bound guard before adding"
  }
}
{
  "detector": "unchecked_increment",
  "severity": "warning",
  "classification": "smell",
  "rule": "integerOverflow",
  "file": "/Users/afiaasante/Security-Code-Smells/linux/net/sched/sch_hhf.c",
  "line": 229,
  "col": 38,
  "varname": "alloc_new_hh",
  "note": {
    "line": 229,
    "col": 38,
    "message": "increment (++) in alloc_new_hh() -- no upper-bound guard (INT_MAX check)"
  }
}

========================================
 Summary
 Total findings : 2
 Errors         : 0
 Warnings       : 2

 Breakdown by detector:
   unchecked_add             1
   unchecked_increment       1
========================================
