========================================
 CWE-190 Integer Overflow Risk Detector
 Source  : /Users/afiaasante/Security-Code-Smells/linux/net/rfkill/core.c
 Report  : /Users/afiaasante/Security-Code-Smells/results/net_scan/SCS006/rfkill__core.c/core_report_20260417_174348.txt
 Findings: /Users/afiaasante/Security-Code-Smells/results/net_scan/SCS006/rfkill__core.c/core_findings_20260417_174348.json
 Date    : Fri Apr 17 17:43:48 EDT 2026
========================================

=== Stage 1: srcml ===

real	0m0.082s
user	0m0.073s
sys	0m0.005s

=== Stage 2: srcslice ===
Writing to :: /Users/afiaasante/Security-Code-Smells/linux/net/rfkill/core.c.json
Output Saved to :: /Users/afiaasante/Security-Code-Smells/linux/net/rfkill/core.c.json

real	0m0.251s
user	0m0.137s
sys	0m0.006s

=== Stage 3: srcattributor ===

real	0m2.569s
user	0m2.506s
sys	0m0.022s

=== Detector 1: unchecked_multiply ===
    input  : /Users/afiaasante/Security-Code-Smells/linux/net/rfkill/core.c.xml
    output : /tmp/cwe190_findings_jTqouG

    query  : FIND $T $FUNC($PARAMS) {} CONTAINS $TYPE $RESULT = $A * $B
    note   : destructor/constructor blocks covered by XPath fallback


real	0m0.031s
user	0m0.024s
sys	0m0.005s


--- Stage 2: XPath destructor/constructor fallback ---
    no unguarded destructor/constructor multiply found

[ unchecked_multiply ] 0 finding(s) written to /tmp/cwe190_findings_jTqouG
=== Detector 2: unchecked_add ===
    input  : /Users/afiaasante/Security-Code-Smells/linux/net/rfkill/core.c.xml
    output : /tmp/cwe190_findings_jTqouG

    query  : FIND $T $FUNC($PARAMS) {} CONTAINS $TYPE $RESULT = $A + $B
    note   : destructor/constructor blocks covered by XPath fallback


real	0m0.030s
user	0m0.023s
sys	0m0.005s


--- Stage 2: XPath destructor/constructor fallback ---
    no unguarded destructor/constructor addition found

[ unchecked_add ] 0 finding(s) written to /tmp/cwe190_findings_jTqouG
=== Detector 3: unchecked_increment ===
    input  : /Users/afiaasante/Security-Code-Smells/linux/net/rfkill/core.c.xml
    output : /tmp/cwe190_findings_jTqouG

    strategy : XPath on srcML XML -- ancestor-scoped guard check

--- extracting finding via XPath ---
    function : rfkill_fill_event
    position : 281:38

    no taint source -- warning/smell
    finding: /Users/afiaasante/Security-Code-Smells/linux/net/rfkill/core.c:281:38 -- rfkill_fill_event() increments without MAX guard

[ unchecked_increment ] 1 finding(s) written to /tmp/cwe190_findings_jTqouG
========================================
 Findings JSON
========================================
{
  "detector": "unchecked_increment",
  "severity": "warning",
  "classification": "smell",
  "rule": "integerOverflow",
  "file": "/Users/afiaasante/Security-Code-Smells/linux/net/rfkill/core.c",
  "line": 281,
  "col": 38,
  "varname": "rfkill_fill_event",
  "note": {
    "line": 281,
    "col": 38,
    "message": "increment (++) in rfkill_fill_event() -- no upper-bound guard (INT_MAX check)"
  }
}

========================================
 Summary
 Total findings : 1
 Errors         : 0
 Warnings       : 1

 Breakdown by detector:
   unchecked_increment       1
========================================
