========================================
 CWE-190 Integer Overflow Risk Detector
 Source  : /Users/afiaasante/Security-Code-Smells/linux/net/sunrpc/svcauth.c
 Report  : /Users/afiaasante/Security-Code-Smells/results/net_scan/SCS006/sunrpc__svcauth.c/svcauth_report_20260417_174538.txt
 Findings: /Users/afiaasante/Security-Code-Smells/results/net_scan/SCS006/sunrpc__svcauth.c/svcauth_findings_20260417_174538.json
 Date    : Fri Apr 17 17:45:38 EDT 2026
========================================

=== Stage 1: srcml ===

real	0m0.021s
user	0m0.015s
sys	0m0.004s

=== Stage 2: srcslice ===
Writing to :: /Users/afiaasante/Security-Code-Smells/linux/net/sunrpc/svcauth.c.json
Output Saved to :: /Users/afiaasante/Security-Code-Smells/linux/net/sunrpc/svcauth.c.json

real	0m0.189s
user	0m0.043s
sys	0m0.004s

=== Stage 3: srcattributor ===

real	0m0.082s
user	0m0.076s
sys	0m0.004s

=== Detector 1: unchecked_multiply ===
    input  : /Users/afiaasante/Security-Code-Smells/linux/net/sunrpc/svcauth.c.xml
    output : /tmp/cwe190_findings_WY2487

    query  : FIND $T $FUNC($PARAMS) {} CONTAINS $TYPE $RESULT = $A * $B
    note   : destructor/constructor blocks covered by XPath fallback


real	0m0.016s
user	0m0.010s
sys	0m0.004s


--- Stage 2: XPath destructor/constructor fallback ---
    no unguarded destructor/constructor multiply found

[ unchecked_multiply ] 0 finding(s) written to /tmp/cwe190_findings_WY2487
=== Detector 2: unchecked_add ===
    input  : /Users/afiaasante/Security-Code-Smells/linux/net/sunrpc/svcauth.c.xml
    output : /tmp/cwe190_findings_WY2487

    query  : FIND $T $FUNC($PARAMS) {} CONTAINS $TYPE $RESULT = $A + $B
    note   : destructor/constructor blocks covered by XPath fallback


real	0m0.015s
user	0m0.009s
sys	0m0.004s


--- Stage 2: XPath destructor/constructor fallback ---
    no unguarded destructor/constructor addition found

[ unchecked_add ] 0 finding(s) written to /tmp/cwe190_findings_WY2487
=== Detector 3: unchecked_increment ===
    input  : /Users/afiaasante/Security-Code-Smells/linux/net/sunrpc/svcauth.c.xml
    output : /tmp/cwe190_findings_WY2487

    strategy : XPath on srcML XML -- ancestor-scoped guard check

--- extracting finding via XPath ---
    function : auth_domain_cleanup
    position : 299:38

    no taint source -- warning/smell
    finding: /Users/afiaasante/Security-Code-Smells/linux/net/sunrpc/svcauth.c:299:38 -- auth_domain_cleanup() increments without MAX guard

[ unchecked_increment ] 1 finding(s) written to /tmp/cwe190_findings_WY2487
========================================
 Findings JSON
========================================
{
  "detector": "unchecked_increment",
  "severity": "warning",
  "classification": "smell",
  "rule": "integerOverflow",
  "file": "/Users/afiaasante/Security-Code-Smells/linux/net/sunrpc/svcauth.c",
  "line": 299,
  "col": 38,
  "varname": "auth_domain_cleanup",
  "note": {
    "line": 299,
    "col": 38,
    "message": "increment (++) in auth_domain_cleanup() -- no upper-bound guard (INT_MAX check)"
  }
}

========================================
 Summary
 Total findings : 1
 Errors         : 0
 Warnings       : 1

 Breakdown by detector:
   unchecked_increment       1
========================================
