========================================
 CWE-190 Integer Overflow Risk Detector
 Source  : /Users/afiaasante/Security-Code-Smells/linux/net/bridge/netfilter/nf_conntrack_bridge.c
 Report  : /Users/afiaasante/Security-Code-Smells/results/net_scan/SCS006/bridge__netfilter__nf_conntrack_bridge.c/nf_conntrack_bridge_report_20260417_173609.txt
 Findings: /Users/afiaasante/Security-Code-Smells/results/net_scan/SCS006/bridge__netfilter__nf_conntrack_bridge.c/nf_conntrack_bridge_findings_20260417_173609.json
 Date    : Fri Apr 17 17:36:09 EDT 2026
========================================

=== Stage 1: srcml ===

real	0m0.022s
user	0m0.017s
sys	0m0.003s

=== Stage 2: srcslice ===
Writing to :: /Users/afiaasante/Security-Code-Smells/linux/net/bridge/netfilter/nf_conntrack_bridge.c.json
Output Saved to :: /Users/afiaasante/Security-Code-Smells/linux/net/bridge/netfilter/nf_conntrack_bridge.c.json

real	0m0.185s
user	0m0.047s
sys	0m0.004s

=== Stage 3: srcattributor ===

real	0m0.318s
user	0m0.306s
sys	0m0.007s

=== Detector 1: unchecked_multiply ===
    input  : /Users/afiaasante/Security-Code-Smells/linux/net/bridge/netfilter/nf_conntrack_bridge.c.xml
    output : /tmp/cwe190_findings_VSMcIs

    query  : FIND $T $FUNC($PARAMS) {} CONTAINS $TYPE $RESULT = $A * $B
    note   : destructor/constructor blocks covered by XPath fallback


real	0m0.015s
user	0m0.010s
sys	0m0.003s


--- Stage 2: XPath destructor/constructor fallback ---
    no unguarded destructor/constructor multiply found

[ unchecked_multiply ] 0 finding(s) written to /tmp/cwe190_findings_VSMcIs
=== Detector 2: unchecked_add ===
    input  : /Users/afiaasante/Security-Code-Smells/linux/net/bridge/netfilter/nf_conntrack_bridge.c.xml
    output : /tmp/cwe190_findings_VSMcIs

    query  : FIND $T $FUNC($PARAMS) {} CONTAINS $TYPE $RESULT = $A + $B
    note   : destructor/constructor blocks covered by XPath fallback


real	0m0.014s
user	0m0.010s
sys	0m0.003s


--- Stage 2: XPath destructor/constructor fallback ---
    no unguarded destructor/constructor addition found

[ unchecked_add ] 0 finding(s) written to /tmp/cwe190_findings_VSMcIs
=== Detector 3: unchecked_increment ===
    input  : /Users/afiaasante/Security-Code-Smells/linux/net/bridge/netfilter/nf_conntrack_bridge.c.xml
    output : /tmp/cwe190_findings_VSMcIs

    strategy : XPath on srcML XML -- ancestor-scoped guard check

[ unchecked_increment ] No smell detected.
========================================
 Findings JSON
========================================

========================================
 Summary
 Total findings : 0
 Errors         : 0
 Warnings       : 0
========================================
