========================================
 CWE-190 Integer Overflow Risk Detector
 Source  : /Users/afiaasante/Security-Code-Smells/linux/net/sctp/protocol.c
 Report  : /Users/afiaasante/Security-Code-Smells/results/net_scan/SCS006/sctp__protocol.c/protocol_report_20260417_174450.txt
 Findings: /Users/afiaasante/Security-Code-Smells/results/net_scan/SCS006/sctp__protocol.c/protocol_findings_20260417_174450.json
 Date    : Fri Apr 17 17:44:50 EDT 2026
========================================

=== Stage 1: srcml ===

real	0m0.091s
user	0m0.081s
sys	0m0.006s

=== Stage 2: srcslice ===
Writing to :: /Users/afiaasante/Security-Code-Smells/linux/net/sctp/protocol.c.json
Output Saved to :: /Users/afiaasante/Security-Code-Smells/linux/net/sctp/protocol.c.json

real	0m0.303s
user	0m0.158s
sys	0m0.005s

=== Stage 3: srcattributor ===

real	0m2.818s
user	0m2.753s
sys	0m0.022s

=== Detector 1: unchecked_multiply ===
    input  : /Users/afiaasante/Security-Code-Smells/linux/net/sctp/protocol.c.xml
    output : /tmp/cwe190_findings_1q3yEs

    query  : FIND $T $FUNC($PARAMS) {} CONTAINS $TYPE $RESULT = $A * $B
    note   : destructor/constructor blocks covered by XPath fallback


real	0m0.034s
user	0m0.026s
sys	0m0.005s

--- Stage 1: checking srcQL result for MAX guard in <condition> ---
    no taint source -- warning/smell
    finding: /Users/afiaasante/Security-Code-Smells/linux/net/sctp/protocol.c:769:51 -- sctp_inetaddr_event() multiplies without MAX guard

--- Stage 2: XPath destructor/constructor fallback ---
    no unguarded destructor/constructor multiply found

[ unchecked_multiply ] 1 finding(s) written to /tmp/cwe190_findings_1q3yEs
=== Detector 2: unchecked_add ===
    input  : /Users/afiaasante/Security-Code-Smells/linux/net/sctp/protocol.c.xml
    output : /tmp/cwe190_findings_1q3yEs

    query  : FIND $T $FUNC($PARAMS) {} CONTAINS $TYPE $RESULT = $A + $B
    note   : destructor/constructor blocks covered by XPath fallback


real	0m0.038s
user	0m0.026s
sys	0m0.005s


--- Stage 2: XPath destructor/constructor fallback ---
    no unguarded destructor/constructor addition found

[ unchecked_add ] 0 finding(s) written to /tmp/cwe190_findings_1q3yEs
=== Detector 3: unchecked_increment ===
    input  : /Users/afiaasante/Security-Code-Smells/linux/net/sctp/protocol.c.xml
    output : /tmp/cwe190_findings_1q3yEs

    strategy : XPath on srcML XML -- ancestor-scoped guard check

--- extracting finding via XPath ---
    function : sctp_init
    position : 1547:44

    no taint source -- warning/smell
    finding: /Users/afiaasante/Security-Code-Smells/linux/net/sctp/protocol.c:1547:44 -- sctp_init() increments without MAX guard

[ unchecked_increment ] 1 finding(s) written to /tmp/cwe190_findings_1q3yEs
========================================
 Findings JSON
========================================
{
  "detector": "unchecked_multiply",
  "severity": "warning",
  "classification": "smell",
  "rule": "integerOverflow",
  "file": "/Users/afiaasante/Security-Code-Smells/linux/net/sctp/protocol.c",
  "line": 769,
  "col": 51,
  "varname": "sctp_inetaddr_event",
  "note": {
    "line": 769,
    "col": 51,
    "message": "multiplication in sctp_inetaddr_event() -- no upper-bound guard (INT_MAX / 2)"
  }
}
{
  "detector": "unchecked_increment",
  "severity": "warning",
  "classification": "smell",
  "rule": "integerOverflow",
  "file": "/Users/afiaasante/Security-Code-Smells/linux/net/sctp/protocol.c",
  "line": 1547,
  "col": 44,
  "varname": "sctp_init",
  "note": {
    "line": 1547,
    "col": 44,
    "message": "increment (++) in sctp_init() -- no upper-bound guard (INT_MAX check)"
  }
}

========================================
 Summary
 Total findings : 2
 Errors         : 0
 Warnings       : 2

 Breakdown by detector:
   unchecked_increment       1
   unchecked_multiply        1
========================================
