========================================
 CWE-190 Integer Overflow Risk Detector
 Source  : /Users/afiaasante/Security-Code-Smells/linux/net/devlink/param.c
 Report  : /Users/afiaasante/Security-Code-Smells/results/net_scan/SCS006/devlink__param.c/param_report_20260417_173747.txt
 Findings: /Users/afiaasante/Security-Code-Smells/results/net_scan/SCS006/devlink__param.c/param_findings_20260417_173747.json
 Date    : Fri Apr 17 17:37:47 EDT 2026
========================================

=== Stage 1: srcml ===

real	0m0.036s
user	0m0.032s
sys	0m0.003s

=== Stage 2: srcslice ===
Writing to :: /Users/afiaasante/Security-Code-Smells/linux/net/devlink/param.c.json
Output Saved to :: /Users/afiaasante/Security-Code-Smells/linux/net/devlink/param.c.json

real	0m0.187s
user	0m0.081s
sys	0m0.004s

=== Stage 3: srcattributor ===

real	0m0.927s
user	0m0.912s
sys	0m0.010s

=== Detector 1: unchecked_multiply ===
    input  : /Users/afiaasante/Security-Code-Smells/linux/net/devlink/param.c.xml
    output : /tmp/cwe190_findings_6uZbFo

    query  : FIND $T $FUNC($PARAMS) {} CONTAINS $TYPE $RESULT = $A * $B
    note   : destructor/constructor blocks covered by XPath fallback


real	0m0.018s
user	0m0.013s
sys	0m0.003s


--- Stage 2: XPath destructor/constructor fallback ---
    no unguarded destructor/constructor multiply found

[ unchecked_multiply ] 0 finding(s) written to /tmp/cwe190_findings_6uZbFo
=== Detector 2: unchecked_add ===
    input  : /Users/afiaasante/Security-Code-Smells/linux/net/devlink/param.c.xml
    output : /tmp/cwe190_findings_6uZbFo

    query  : FIND $T $FUNC($PARAMS) {} CONTAINS $TYPE $RESULT = $A + $B
    note   : destructor/constructor blocks covered by XPath fallback


real	0m0.015s
user	0m0.011s
sys	0m0.003s


--- Stage 2: XPath destructor/constructor fallback ---
    no unguarded destructor/constructor addition found

[ unchecked_add ] 0 finding(s) written to /tmp/cwe190_findings_6uZbFo
=== Detector 3: unchecked_increment ===
    input  : /Users/afiaasante/Security-Code-Smells/linux/net/devlink/param.c.xml
    output : /tmp/cwe190_findings_6uZbFo

    strategy : XPath on srcML XML -- ancestor-scoped guard check

--- extracting finding via XPath ---
    function : devlink_param_driver_verify
    position : 142:57

    no taint source -- warning/smell
    finding: /Users/afiaasante/Security-Code-Smells/linux/net/devlink/param.c:142:57 -- devlink_param_driver_verify() increments without MAX guard

[ unchecked_increment ] 1 finding(s) written to /tmp/cwe190_findings_6uZbFo
========================================
 Findings JSON
========================================
{
  "detector": "unchecked_increment",
  "severity": "warning",
  "classification": "smell",
  "rule": "integerOverflow",
  "file": "/Users/afiaasante/Security-Code-Smells/linux/net/devlink/param.c",
  "line": 142,
  "col": 57,
  "varname": "devlink_param_driver_verify",
  "note": {
    "line": 142,
    "col": 57,
    "message": "increment (++) in devlink_param_driver_verify() -- no upper-bound guard (INT_MAX check)"
  }
}

========================================
 Summary
 Total findings : 1
 Errors         : 0
 Warnings       : 1

 Breakdown by detector:
   unchecked_increment       1
========================================
