========================================
 CWE-195 Signed-to-Unsigned Conversion Detector
 Source  : /Users/afiaasante/Security-Code-Smells/linux/net/ethtool/bitset.c
 Report  : /Users/afiaasante/Security-Code-Smells/results/net_scan/SCS007/ethtool__bitset.c/bitset_report_20260417_175645.txt
 Findings: /Users/afiaasante/Security-Code-Smells/results/net_scan/SCS007/ethtool__bitset.c/bitset_findings_20260417_175645.json
 Date    : Fri Apr 17 17:56:45 EDT 2026
========================================

=== Stage 1: srcml ===

real	0m0.072s
user	0m0.061s
sys	0m0.005s

=== Stage 2: srcslice ===
Writing to :: /Users/afiaasante/Security-Code-Smells/linux/net/ethtool/bitset.c.json
Output Saved to :: /Users/afiaasante/Security-Code-Smells/linux/net/ethtool/bitset.c.json

real	0m0.263s
user	0m0.117s
sys	0m0.006s

=== Stage 3: srcattributor ===

real	0m1.746s
user	0m1.645s
sys	0m0.022s

=== Detector 1: signed_malloc ===
    input  : /Users/afiaasante/Security-Code-Smells/linux/net/ethtool/bitset.c.xml
    output : /tmp/cwe195_findings_M6cC7F

    query  : FIND $T $FUNC($PARAMS) {} CONTAINS malloc($A)
    note   : destructor/constructor blocks covered by XPath fallback


real	0m0.027s
user	0m0.020s
sys	0m0.006s


--- Stage 2: XPath destructor/constructor fallback ---
    no unguarded destructor/constructor malloc found

[ signed_malloc ] 0 finding(s) written to /tmp/cwe195_findings_M6cC7F
=== Detector 2: signed_memcpy ===
    input  : /Users/afiaasante/Security-Code-Smells/linux/net/ethtool/bitset.c.xml
    output : /tmp/cwe195_findings_M6cC7F

    query  : FIND $T $FUNC($PARAMS) {} CONTAINS memcpy($A, $B, $C)

real	0m0.028s
user	0m0.021s
sys	0m0.005s

--- Stage 1 (memcpy): checking srcQL result for positivity guard in <condition> ---
    no taint source -- warning/smell
    finding: /Users/afiaasante/Security-Code-Smells/linux/net/ethtool/bitset.c:256:17 -- ethnl_put_bitset32() memcpy without positivity guard
    query  : FIND $T $FUNC($PARAMS) {} CONTAINS memmove($A, $B, $C)

real	0m0.025s
user	0m0.019s
sys	0m0.005s


--- Stage 2: XPath destructor/constructor fallback ---

[ signed_memcpy ] 1 finding(s) written to /tmp/cwe195_findings_M6cC7F
=== Detector 3: signed_strncpy ===
    input  : /Users/afiaasante/Security-Code-Smells/linux/net/ethtool/bitset.c.xml
    output : /tmp/cwe195_findings_M6cC7F

    query  : FIND $T $FUNC($PARAMS) {} CONTAINS strncpy($A, $B, $C)
    note   : destructor/constructor blocks covered by XPath fallback


real	0m0.027s
user	0m0.020s
sys	0m0.005s


--- Stage 2: XPath destructor/constructor fallback ---
    no unguarded destructor/constructor strncpy found

[ signed_strncpy ] 0 finding(s) written to /tmp/cwe195_findings_M6cC7F
========================================
 Findings JSON
========================================
{
  "detector": "signed_memcpy",
  "severity": "warning",
  "classification": "smell",
  "rule": "signedUnsignedConversion",
  "file": "/Users/afiaasante/Security-Code-Smells/linux/net/ethtool/bitset.c",
  "line": 256,
  "col": 17,
  "varname": "ethnl_put_bitset32",
  "note": {
    "line": 256,
    "col": 17,
    "message": "memcpy() in ethnl_put_bitset32() -- signed int passed as byte count with no positivity guard (data > 0)"
  }
}

========================================
 Summary
 Total findings : 1
 Errors         : 0
 Warnings       : 1

 Breakdown by detector:
   signed_memcpy             1
========================================
