========================================
 CWE-190 Integer Overflow Risk Detector
 Source  : /Users/afiaasante/Security-Code-Smells/linux/net/rxrpc/conn_event.c
 Report  : /Users/afiaasante/Security-Code-Smells/results/net_scan/SCS006/rxrpc__conn_event.c/conn_event_report_20260417_174354.txt
 Findings: /Users/afiaasante/Security-Code-Smells/results/net_scan/SCS006/rxrpc__conn_event.c/conn_event_findings_20260417_174354.json
 Date    : Fri Apr 17 17:43:54 EDT 2026
========================================

=== Stage 1: srcml ===

real	0m0.044s
user	0m0.036s
sys	0m0.005s

=== Stage 2: srcslice ===
Writing to :: /Users/afiaasante/Security-Code-Smells/linux/net/rxrpc/conn_event.c.json
Output Saved to :: /Users/afiaasante/Security-Code-Smells/linux/net/rxrpc/conn_event.c.json

real	0m0.189s
user	0m0.084s
sys	0m0.005s

=== Stage 3: srcattributor ===

real	0m0.619s
user	0m0.599s
sys	0m0.009s

=== Detector 1: unchecked_multiply ===
    input  : /Users/afiaasante/Security-Code-Smells/linux/net/rxrpc/conn_event.c.xml
    output : /tmp/cwe190_findings_ZPyrWH

    query  : FIND $T $FUNC($PARAMS) {} CONTAINS $TYPE $RESULT = $A * $B
    note   : destructor/constructor blocks covered by XPath fallback


real	0m0.020s
user	0m0.014s
sys	0m0.004s


--- Stage 2: XPath destructor/constructor fallback ---
    no unguarded destructor/constructor multiply found

[ unchecked_multiply ] 0 finding(s) written to /tmp/cwe190_findings_ZPyrWH
=== Detector 2: unchecked_add ===
    input  : /Users/afiaasante/Security-Code-Smells/linux/net/rxrpc/conn_event.c.xml
    output : /tmp/cwe190_findings_ZPyrWH

    query  : FIND $T $FUNC($PARAMS) {} CONTAINS $TYPE $RESULT = $A + $B
    note   : destructor/constructor blocks covered by XPath fallback


real	0m0.020s
user	0m0.014s
sys	0m0.004s


--- Stage 2: XPath destructor/constructor fallback ---
    no unguarded destructor/constructor addition found

[ unchecked_add ] 0 finding(s) written to /tmp/cwe190_findings_ZPyrWH
=== Detector 3: unchecked_increment ===
    input  : /Users/afiaasante/Security-Code-Smells/linux/net/rxrpc/conn_event.c.xml
    output : /tmp/cwe190_findings_ZPyrWH

    strategy : XPath on srcML XML -- ancestor-scoped guard check

--- extracting finding via XPath ---
    function : rxrpc_abort_calls
    position : 218:42

    no taint source -- warning/smell
    finding: /Users/afiaasante/Security-Code-Smells/linux/net/rxrpc/conn_event.c:218:42 -- rxrpc_abort_calls() increments without MAX guard

[ unchecked_increment ] 1 finding(s) written to /tmp/cwe190_findings_ZPyrWH
========================================
 Findings JSON
========================================
{
  "detector": "unchecked_increment",
  "severity": "warning",
  "classification": "smell",
  "rule": "integerOverflow",
  "file": "/Users/afiaasante/Security-Code-Smells/linux/net/rxrpc/conn_event.c",
  "line": 218,
  "col": 42,
  "varname": "rxrpc_abort_calls",
  "note": {
    "line": 218,
    "col": 42,
    "message": "increment (++) in rxrpc_abort_calls() -- no upper-bound guard (INT_MAX check)"
  }
}

========================================
 Summary
 Total findings : 1
 Errors         : 0
 Warnings       : 1

 Breakdown by detector:
   unchecked_increment       1
========================================
