========================================
 CWE-195 Signed-to-Unsigned Conversion Detector
 Source  : /Users/afiaasante/Security-Code-Smells/linux/net/netfilter/x_tables.c
 Report  : /Users/afiaasante/Security-Code-Smells/results/net_scan/SCS007/netfilter__x_tables.c/x_tables_report_20260417_180317.txt
 Findings: /Users/afiaasante/Security-Code-Smells/results/net_scan/SCS007/netfilter__x_tables.c/x_tables_findings_20260417_180317.json
 Date    : Fri Apr 17 18:03:17 EDT 2026
========================================

=== Stage 1: srcml ===

real	0m0.138s
user	0m0.128s
sys	0m0.007s

=== Stage 2: srcslice ===
Writing to :: /Users/afiaasante/Security-Code-Smells/linux/net/netfilter/x_tables.c.json
Output Saved to :: /Users/afiaasante/Security-Code-Smells/linux/net/netfilter/x_tables.c.json

real	0m0.378s
user	0m0.239s
sys	0m0.008s

=== Stage 3: srcattributor ===

real	0m8.182s
user	0m7.750s
sys	0m0.079s

=== Detector 1: signed_malloc ===
    input  : /Users/afiaasante/Security-Code-Smells/linux/net/netfilter/x_tables.c.xml
    output : /tmp/cwe195_findings_m1ZeFv

    query  : FIND $T $FUNC($PARAMS) {} CONTAINS malloc($A)
    note   : destructor/constructor blocks covered by XPath fallback


real	0m0.050s
user	0m0.040s
sys	0m0.007s


--- Stage 2: XPath destructor/constructor fallback ---
    no unguarded destructor/constructor malloc found

[ signed_malloc ] 0 finding(s) written to /tmp/cwe195_findings_m1ZeFv
=== Detector 2: signed_memcpy ===
    input  : /Users/afiaasante/Security-Code-Smells/linux/net/netfilter/x_tables.c.xml
    output : /tmp/cwe195_findings_m1ZeFv

    query  : FIND $T $FUNC($PARAMS) {} CONTAINS memcpy($A, $B, $C)

real	0m0.050s
user	0m0.039s
sys	0m0.007s

--- Stage 1 (memcpy): checking srcQL result for positivity guard in <condition> ---
    no taint source -- warning/smell
    finding: /Users/afiaasante/Security-Code-Smells/linux/net/netfilter/x_tables.c:772:9 -- xt_compat_match_from_user() memcpy without positivity guard
    query  : FIND $T $FUNC($PARAMS) {} CONTAINS memmove($A, $B, $C)

real	0m0.044s
user	0m0.037s
sys	0m0.006s


--- Stage 2: XPath destructor/constructor fallback ---

[ signed_memcpy ] 1 finding(s) written to /tmp/cwe195_findings_m1ZeFv
=== Detector 3: signed_strncpy ===
    input  : /Users/afiaasante/Security-Code-Smells/linux/net/netfilter/x_tables.c.xml
    output : /tmp/cwe195_findings_m1ZeFv

    query  : FIND $T $FUNC($PARAMS) {} CONTAINS strncpy($A, $B, $C)
    note   : destructor/constructor blocks covered by XPath fallback


real	0m0.051s
user	0m0.040s
sys	0m0.006s


--- Stage 2: XPath destructor/constructor fallback ---
    no unguarded destructor/constructor strncpy found

[ signed_strncpy ] 0 finding(s) written to /tmp/cwe195_findings_m1ZeFv
========================================
 Findings JSON
========================================
{
  "detector": "signed_memcpy",
  "severity": "warning",
  "classification": "smell",
  "rule": "signedUnsignedConversion",
  "file": "/Users/afiaasante/Security-Code-Smells/linux/net/netfilter/x_tables.c",
  "line": 772,
  "col": 9,
  "varname": "xt_compat_match_from_user",
  "note": {
    "line": 772,
    "col": 9,
    "message": "memcpy() in xt_compat_match_from_user() -- signed int passed as byte count with no positivity guard (data > 0)"
  }
}

========================================
 Summary
 Total findings : 1
 Errors         : 0
 Warnings       : 1

 Breakdown by detector:
   signed_memcpy             1
========================================
