========================================
 CWE-195 Signed-to-Unsigned Conversion Detector
 Source  : /Users/afiaasante/Security-Code-Smells/linux/net/ceph/string_table.c
 Report  : /Users/afiaasante/Security-Code-Smells/results/net_scan/SCS007/ceph__string_table.c/string_table_report_20260417_175424.txt
 Findings: /Users/afiaasante/Security-Code-Smells/results/net_scan/SCS007/ceph__string_table.c/string_table_findings_20260417_175424.json
 Date    : Fri Apr 17 17:54:24 EDT 2026
========================================

=== Stage 1: srcml ===

real	0m0.039s
user	0m0.013s
sys	0m0.004s

=== Stage 2: srcslice ===
Writing to :: /Users/afiaasante/Security-Code-Smells/linux/net/ceph/string_table.c.json
Output Saved to :: /Users/afiaasante/Security-Code-Smells/linux/net/ceph/string_table.c.json

real	0m0.207s
user	0m0.037s
sys	0m0.004s

=== Stage 3: srcattributor ===

real	0m0.062s
user	0m0.046s
sys	0m0.005s

=== Detector 1: signed_malloc ===
    input  : /Users/afiaasante/Security-Code-Smells/linux/net/ceph/string_table.c.xml
    output : /tmp/cwe195_findings_dLTCfy

    query  : FIND $T $FUNC($PARAMS) {} CONTAINS malloc($A)
    note   : destructor/constructor blocks covered by XPath fallback


real	0m0.034s
user	0m0.009s
sys	0m0.005s


--- Stage 2: XPath destructor/constructor fallback ---
    no unguarded destructor/constructor malloc found

[ signed_malloc ] 0 finding(s) written to /tmp/cwe195_findings_dLTCfy
=== Detector 2: signed_memcpy ===
    input  : /Users/afiaasante/Security-Code-Smells/linux/net/ceph/string_table.c.xml
    output : /tmp/cwe195_findings_dLTCfy

    query  : FIND $T $FUNC($PARAMS) {} CONTAINS memcpy($A, $B, $C)

real	0m0.050s
user	0m0.009s
sys	0m0.005s

--- Stage 1 (memcpy): checking srcQL result for positivity guard in <condition> ---
    guarded -- > operator found in condition, no finding
    query  : FIND $T $FUNC($PARAMS) {} CONTAINS memmove($A, $B, $C)

real	0m0.023s
user	0m0.009s
sys	0m0.004s


--- Stage 2: XPath destructor/constructor fallback ---
    no unguarded destructor/constructor memcpy/memmove found

[ signed_memcpy ] 0 finding(s) written to /tmp/cwe195_findings_dLTCfy
=== Detector 3: signed_strncpy ===
    input  : /Users/afiaasante/Security-Code-Smells/linux/net/ceph/string_table.c.xml
    output : /tmp/cwe195_findings_dLTCfy

    query  : FIND $T $FUNC($PARAMS) {} CONTAINS strncpy($A, $B, $C)
    note   : destructor/constructor blocks covered by XPath fallback


real	0m0.027s
user	0m0.009s
sys	0m0.004s


--- Stage 2: XPath destructor/constructor fallback ---
    no unguarded destructor/constructor strncpy found

[ signed_strncpy ] 0 finding(s) written to /tmp/cwe195_findings_dLTCfy
========================================
 Findings JSON
========================================

========================================
 Summary
 Total findings : 0
 Errors         : 0
 Warnings       : 0
========================================
