========================================
 CWE-190 Integer Overflow Risk Detector
 Source  : /Users/afiaasante/Security-Code-Smells/linux/net/ipv4/udp_tunnel_core.c
 Report  : /Users/afiaasante/Security-Code-Smells/results/net_scan/SCS006/ipv4__udp_tunnel_core.c/udp_tunnel_core_report_20260417_173922.txt
 Findings: /Users/afiaasante/Security-Code-Smells/results/net_scan/SCS006/ipv4__udp_tunnel_core.c/udp_tunnel_core_findings_20260417_173922.json
 Date    : Fri Apr 17 17:39:22 EDT 2026
========================================

=== Stage 1: srcml ===

real	0m0.025s
user	0m0.020s
sys	0m0.003s

=== Stage 2: srcslice ===
Writing to :: /Users/afiaasante/Security-Code-Smells/linux/net/ipv4/udp_tunnel_core.c.json
Output Saved to :: /Users/afiaasante/Security-Code-Smells/linux/net/ipv4/udp_tunnel_core.c.json

real	0m0.188s
user	0m0.047s
sys	0m0.004s

=== Stage 3: srcattributor ===

real	0m0.208s
user	0m0.198s
sys	0m0.006s

=== Detector 1: unchecked_multiply ===
    input  : /Users/afiaasante/Security-Code-Smells/linux/net/ipv4/udp_tunnel_core.c.xml
    output : /tmp/cwe190_findings_prtc2d

    query  : FIND $T $FUNC($PARAMS) {} CONTAINS $TYPE $RESULT = $A * $B
    note   : destructor/constructor blocks covered by XPath fallback


real	0m0.015s
user	0m0.010s
sys	0m0.003s


--- Stage 2: XPath destructor/constructor fallback ---
    no unguarded destructor/constructor multiply found

[ unchecked_multiply ] 0 finding(s) written to /tmp/cwe190_findings_prtc2d
=== Detector 2: unchecked_add ===
    input  : /Users/afiaasante/Security-Code-Smells/linux/net/ipv4/udp_tunnel_core.c.xml
    output : /tmp/cwe190_findings_prtc2d

    query  : FIND $T $FUNC($PARAMS) {} CONTAINS $TYPE $RESULT = $A + $B
    note   : destructor/constructor blocks covered by XPath fallback


real	0m0.016s
user	0m0.010s
sys	0m0.005s


--- Stage 2: XPath destructor/constructor fallback ---
    no unguarded destructor/constructor addition found

[ unchecked_add ] 0 finding(s) written to /tmp/cwe190_findings_prtc2d
=== Detector 3: unchecked_increment ===
    input  : /Users/afiaasante/Security-Code-Smells/linux/net/ipv4/udp_tunnel_core.c.xml
    output : /tmp/cwe190_findings_prtc2d

    strategy : XPath on srcML XML -- ancestor-scoped guard check

[ unchecked_increment ] No smell detected.
========================================
 Findings JSON
========================================

========================================
 Summary
 Total findings : 0
 Errors         : 0
 Warnings       : 0
========================================
