========================================
 CWE-195 Signed-to-Unsigned Conversion Detector
 Source  : /Users/afiaasante/Security-Code-Smells/linux/net/rxrpc/peer_object.c
 Report  : /Users/afiaasante/Security-Code-Smells/results/net_scan/SCS007/rxrpc__peer_object.c/peer_object_report_20260417_180434.txt
 Findings: /Users/afiaasante/Security-Code-Smells/results/net_scan/SCS007/rxrpc__peer_object.c/peer_object_findings_20260417_180434.json
 Date    : Fri Apr 17 18:04:34 EDT 2026
========================================

=== Stage 1: srcml ===

real	0m0.040s
user	0m0.033s
sys	0m0.005s

=== Stage 2: srcslice ===
Writing to :: /Users/afiaasante/Security-Code-Smells/linux/net/rxrpc/peer_object.c.json
Output Saved to :: /Users/afiaasante/Security-Code-Smells/linux/net/rxrpc/peer_object.c.json

real	0m0.198s
user	0m0.076s
sys	0m0.006s

=== Stage 3: srcattributor ===

real	0m0.448s
user	0m0.419s
sys	0m0.010s

=== Detector 1: signed_malloc ===
    input  : /Users/afiaasante/Security-Code-Smells/linux/net/rxrpc/peer_object.c.xml
    output : /tmp/cwe195_findings_kofX3L

    query  : FIND $T $FUNC($PARAMS) {} CONTAINS malloc($A)
    note   : destructor/constructor blocks covered by XPath fallback


real	0m0.023s
user	0m0.015s
sys	0m0.005s


--- Stage 2: XPath destructor/constructor fallback ---
    no unguarded destructor/constructor malloc found

[ signed_malloc ] 0 finding(s) written to /tmp/cwe195_findings_kofX3L
=== Detector 2: signed_memcpy ===
    input  : /Users/afiaasante/Security-Code-Smells/linux/net/rxrpc/peer_object.c.xml
    output : /tmp/cwe195_findings_kofX3L

    query  : FIND $T $FUNC($PARAMS) {} CONTAINS memcpy($A, $B, $C)

real	0m0.028s
user	0m0.015s
sys	0m0.005s

--- Stage 1 (memcpy): checking srcQL result for positivity guard in <condition> ---
    no taint source -- warning/smell
    finding: /Users/afiaasante/Security-Code-Smells/linux/net/rxrpc/peer_object.c:189:17 -- rxrpc_assess_MTU_size() memcpy without positivity guard
    query  : FIND $T $FUNC($PARAMS) {} CONTAINS memmove($A, $B, $C)

real	0m0.026s
user	0m0.015s
sys	0m0.005s


--- Stage 2: XPath destructor/constructor fallback ---

[ signed_memcpy ] 1 finding(s) written to /tmp/cwe195_findings_kofX3L
=== Detector 3: signed_strncpy ===
    input  : /Users/afiaasante/Security-Code-Smells/linux/net/rxrpc/peer_object.c.xml
    output : /tmp/cwe195_findings_kofX3L

    query  : FIND $T $FUNC($PARAMS) {} CONTAINS strncpy($A, $B, $C)
    note   : destructor/constructor blocks covered by XPath fallback


real	0m0.021s
user	0m0.015s
sys	0m0.004s


--- Stage 2: XPath destructor/constructor fallback ---
    no unguarded destructor/constructor strncpy found

[ signed_strncpy ] 0 finding(s) written to /tmp/cwe195_findings_kofX3L
========================================
 Findings JSON
========================================
{
  "detector": "signed_memcpy",
  "severity": "warning",
  "classification": "smell",
  "rule": "signedUnsignedConversion",
  "file": "/Users/afiaasante/Security-Code-Smells/linux/net/rxrpc/peer_object.c",
  "line": 189,
  "col": 17,
  "varname": "rxrpc_assess_MTU_size",
  "note": {
    "line": 189,
    "col": 17,
    "message": "memcpy() in rxrpc_assess_MTU_size() -- signed int passed as byte count with no positivity guard (data > 0)"
  }
}

========================================
 Summary
 Total findings : 1
 Errors         : 0
 Warnings       : 1

 Breakdown by detector:
   signed_memcpy             1
========================================
