========================================
 CWE-190 Integer Overflow Risk Detector
 Source  : /Users/afiaasante/Security-Code-Smells/linux/net/netfilter/nf_tables_trace.c
 Report  : /Users/afiaasante/Security-Code-Smells/results/net_scan/SCS006/netfilter__nf_tables_trace.c/nf_tables_trace_report_20260417_174243.txt
 Findings: /Users/afiaasante/Security-Code-Smells/results/net_scan/SCS006/netfilter__nf_tables_trace.c/nf_tables_trace_findings_20260417_174243.json
 Date    : Fri Apr 17 17:42:43 EDT 2026
========================================

=== Stage 1: srcml ===

real	0m0.026s
user	0m0.019s
sys	0m0.004s

=== Stage 2: srcslice ===
Writing to :: /Users/afiaasante/Security-Code-Smells/linux/net/netfilter/nf_tables_trace.c.json
Output Saved to :: /Users/afiaasante/Security-Code-Smells/linux/net/netfilter/nf_tables_trace.c.json

real	0m0.186s
user	0m0.054s
sys	0m0.004s

=== Stage 3: srcattributor ===

real	0m0.200s
user	0m0.191s
sys	0m0.006s

=== Detector 1: unchecked_multiply ===
    input  : /Users/afiaasante/Security-Code-Smells/linux/net/netfilter/nf_tables_trace.c.xml
    output : /tmp/cwe190_findings_T7R4QY

    query  : FIND $T $FUNC($PARAMS) {} CONTAINS $TYPE $RESULT = $A * $B
    note   : destructor/constructor blocks covered by XPath fallback


real	0m0.017s
user	0m0.011s
sys	0m0.005s


--- Stage 2: XPath destructor/constructor fallback ---
    no unguarded destructor/constructor multiply found

[ unchecked_multiply ] 0 finding(s) written to /tmp/cwe190_findings_T7R4QY
=== Detector 2: unchecked_add ===
    input  : /Users/afiaasante/Security-Code-Smells/linux/net/netfilter/nf_tables_trace.c.xml
    output : /tmp/cwe190_findings_T7R4QY

    query  : FIND $T $FUNC($PARAMS) {} CONTAINS $TYPE $RESULT = $A + $B
    note   : destructor/constructor blocks covered by XPath fallback


real	0m0.017s
user	0m0.011s
sys	0m0.005s


--- Stage 2: XPath destructor/constructor fallback ---
    no unguarded destructor/constructor addition found

[ unchecked_add ] 0 finding(s) written to /tmp/cwe190_findings_T7R4QY
=== Detector 3: unchecked_increment ===
    input  : /Users/afiaasante/Security-Code-Smells/linux/net/netfilter/nf_tables_trace.c.xml
    output : /tmp/cwe190_findings_T7R4QY

    strategy : XPath on srcML XML -- ancestor-scoped guard check

[ unchecked_increment ] No smell detected.
========================================
 Findings JSON
========================================

========================================
 Summary
 Total findings : 0
 Errors         : 0
 Warnings       : 0
========================================
