========================================
 CWE-190 Integer Overflow Risk Detector
 Source  : /Users/afiaasante/Security-Code-Smells/linux/net/llc/llc_proc.c
 Report  : /Users/afiaasante/Security-Code-Smells/results/net_scan/SCS006/llc__llc_proc.c/llc_proc_report_20260417_174040.txt
 Findings: /Users/afiaasante/Security-Code-Smells/results/net_scan/SCS006/llc__llc_proc.c/llc_proc_findings_20260417_174040.json
 Date    : Fri Apr 17 17:40:40 EDT 2026
========================================

=== Stage 1: srcml ===

real	0m0.024s
user	0m0.016s
sys	0m0.005s

=== Stage 2: srcslice ===
Writing to :: /Users/afiaasante/Security-Code-Smells/linux/net/llc/llc_proc.c.json
Output Saved to :: /Users/afiaasante/Security-Code-Smells/linux/net/llc/llc_proc.c.json

real	0m0.198s
user	0m0.042s
sys	0m0.006s

=== Stage 3: srcattributor ===

real	0m0.121s
user	0m0.088s
sys	0m0.006s

=== Detector 1: unchecked_multiply ===
    input  : /Users/afiaasante/Security-Code-Smells/linux/net/llc/llc_proc.c.xml
    output : /tmp/cwe190_findings_2536ju

    query  : FIND $T $FUNC($PARAMS) {} CONTAINS $TYPE $RESULT = $A * $B
    note   : destructor/constructor blocks covered by XPath fallback


real	0m0.018s
user	0m0.009s
sys	0m0.004s


--- Stage 2: XPath destructor/constructor fallback ---
    no unguarded destructor/constructor multiply found

[ unchecked_multiply ] 0 finding(s) written to /tmp/cwe190_findings_2536ju
=== Detector 2: unchecked_add ===
    input  : /Users/afiaasante/Security-Code-Smells/linux/net/llc/llc_proc.c.xml
    output : /tmp/cwe190_findings_2536ju

    query  : FIND $T $FUNC($PARAMS) {} CONTAINS $TYPE $RESULT = $A + $B
    note   : destructor/constructor blocks covered by XPath fallback


real	0m0.025s
user	0m0.009s
sys	0m0.004s


--- Stage 2: XPath destructor/constructor fallback ---
    no unguarded destructor/constructor addition found

[ unchecked_add ] 0 finding(s) written to /tmp/cwe190_findings_2536ju
=== Detector 3: unchecked_increment ===
    input  : /Users/afiaasante/Security-Code-Smells/linux/net/llc/llc_proc.c.xml
    output : /tmp/cwe190_findings_2536ju

    strategy : XPath on srcML XML -- ancestor-scoped guard check

--- extracting finding via XPath ---
    function : llc_get_sk_idx
    position : 42:61

    no taint source -- warning/smell
    finding: /Users/afiaasante/Security-Code-Smells/linux/net/llc/llc_proc.c:42:61 -- llc_get_sk_idx() increments without MAX guard

[ unchecked_increment ] 1 finding(s) written to /tmp/cwe190_findings_2536ju
========================================
 Findings JSON
========================================
{
  "detector": "unchecked_increment",
  "severity": "warning",
  "classification": "smell",
  "rule": "integerOverflow",
  "file": "/Users/afiaasante/Security-Code-Smells/linux/net/llc/llc_proc.c",
  "line": 42,
  "col": 61,
  "varname": "llc_get_sk_idx",
  "note": {
    "line": 42,
    "col": 61,
    "message": "increment (++) in llc_get_sk_idx() -- no upper-bound guard (INT_MAX check)"
  }
}

========================================
 Summary
 Total findings : 1
 Errors         : 0
 Warnings       : 1

 Breakdown by detector:
   unchecked_increment       1
========================================
