========================================
 CWE-190 Integer Overflow Risk Detector
 Source  : /Users/afiaasante/Security-Code-Smells/linux/net/ethtool/strset.c
 Report  : /Users/afiaasante/Security-Code-Smells/results/net_scan/SCS006/ethtool__strset.c/strset_report_20260417_173815.txt
 Findings: /Users/afiaasante/Security-Code-Smells/results/net_scan/SCS006/ethtool__strset.c/strset_findings_20260417_173815.json
 Date    : Fri Apr 17 17:38:15 EDT 2026
========================================

=== Stage 1: srcml ===

real	0m0.028s
user	0m0.023s
sys	0m0.004s

=== Stage 2: srcslice ===
Writing to :: /Users/afiaasante/Security-Code-Smells/linux/net/ethtool/strset.c.json
Output Saved to :: /Users/afiaasante/Security-Code-Smells/linux/net/ethtool/strset.c.json

real	0m0.187s
user	0m0.053s
sys	0m0.004s

=== Stage 3: srcattributor ===

real	0m0.312s
user	0m0.296s
sys	0m0.006s

=== Detector 1: unchecked_multiply ===
    input  : /Users/afiaasante/Security-Code-Smells/linux/net/ethtool/strset.c.xml
    output : /tmp/cwe190_findings_t01pKB

    query  : FIND $T $FUNC($PARAMS) {} CONTAINS $TYPE $RESULT = $A * $B
    note   : destructor/constructor blocks covered by XPath fallback


real	0m0.016s
user	0m0.010s
sys	0m0.004s


--- Stage 2: XPath destructor/constructor fallback ---
    no unguarded destructor/constructor multiply found

[ unchecked_multiply ] 0 finding(s) written to /tmp/cwe190_findings_t01pKB
=== Detector 2: unchecked_add ===
    input  : /Users/afiaasante/Security-Code-Smells/linux/net/ethtool/strset.c.xml
    output : /tmp/cwe190_findings_t01pKB

    query  : FIND $T $FUNC($PARAMS) {} CONTAINS $TYPE $RESULT = $A + $B
    note   : destructor/constructor blocks covered by XPath fallback


real	0m0.015s
user	0m0.010s
sys	0m0.003s


--- Stage 2: XPath destructor/constructor fallback ---
    no unguarded destructor/constructor addition found

[ unchecked_add ] 0 finding(s) written to /tmp/cwe190_findings_t01pKB
=== Detector 3: unchecked_increment ===
    input  : /Users/afiaasante/Security-Code-Smells/linux/net/ethtool/strset.c.xml
    output : /tmp/cwe190_findings_t01pKB

    strategy : XPath on srcML XML -- ancestor-scoped guard check

--- extracting finding via XPath ---
    function : strset_cleanup_data
    position : 237:40

    no taint source -- warning/smell
    finding: /Users/afiaasante/Security-Code-Smells/linux/net/ethtool/strset.c:237:40 -- strset_cleanup_data() increments without MAX guard

[ unchecked_increment ] 1 finding(s) written to /tmp/cwe190_findings_t01pKB
========================================
 Findings JSON
========================================
{
  "detector": "unchecked_increment",
  "severity": "warning",
  "classification": "smell",
  "rule": "integerOverflow",
  "file": "/Users/afiaasante/Security-Code-Smells/linux/net/ethtool/strset.c",
  "line": 237,
  "col": 40,
  "varname": "strset_cleanup_data",
  "note": {
    "line": 237,
    "col": 40,
    "message": "increment (++) in strset_cleanup_data() -- no upper-bound guard (INT_MAX check)"
  }
}

========================================
 Summary
 Total findings : 1
 Errors         : 0
 Warnings       : 1

 Breakdown by detector:
   unchecked_increment       1
========================================
