========================================
 CWE-190 Integer Overflow Risk Detector
 Source  : /Users/afiaasante/Security-Code-Smells/linux/net/sched/sch_gred.c
 Report  : /Users/afiaasante/Security-Code-Smells/results/net_scan/SCS006/sched__sch_gred.c/sch_gred_report_20260417_174430.txt
 Findings: /Users/afiaasante/Security-Code-Smells/results/net_scan/SCS006/sched__sch_gred.c/sch_gred_findings_20260417_174430.json
 Date    : Fri Apr 17 17:44:30 EDT 2026
========================================

=== Stage 1: srcml ===

real	0m0.062s
user	0m0.053s
sys	0m0.006s

=== Stage 2: srcslice ===
Writing to :: /Users/afiaasante/Security-Code-Smells/linux/net/sched/sch_gred.c.json
Output Saved to :: /Users/afiaasante/Security-Code-Smells/linux/net/sched/sch_gred.c.json

real	0m0.248s
user	0m0.121s
sys	0m0.007s

=== Stage 3: srcattributor ===

real	0m2.035s
user	0m1.958s
sys	0m0.018s

=== Detector 1: unchecked_multiply ===
    input  : /Users/afiaasante/Security-Code-Smells/linux/net/sched/sch_gred.c.xml
    output : /tmp/cwe190_findings_ltP76H

    query  : FIND $T $FUNC($PARAMS) {} CONTAINS $TYPE $RESULT = $A * $B
    note   : destructor/constructor blocks covered by XPath fallback


real	0m0.027s
user	0m0.021s
sys	0m0.005s


--- Stage 2: XPath destructor/constructor fallback ---
    no unguarded destructor/constructor multiply found

[ unchecked_multiply ] 0 finding(s) written to /tmp/cwe190_findings_ltP76H
=== Detector 2: unchecked_add ===
    input  : /Users/afiaasante/Security-Code-Smells/linux/net/sched/sch_gred.c.xml
    output : /tmp/cwe190_findings_ltP76H

    query  : FIND $T $FUNC($PARAMS) {} CONTAINS $TYPE $RESULT = $A + $B
    note   : destructor/constructor blocks covered by XPath fallback


real	0m0.029s
user	0m0.022s
sys	0m0.005s


--- Stage 2: XPath destructor/constructor fallback ---
    no unguarded destructor/constructor addition found

[ unchecked_add ] 0 finding(s) written to /tmp/cwe190_findings_ltP76H
=== Detector 3: unchecked_increment ===
    input  : /Users/afiaasante/Security-Code-Smells/linux/net/sched/sch_gred.c.xml
    output : /tmp/cwe190_findings_ltP76H

    strategy : XPath on srcML XML -- ancestor-scoped guard check

--- extracting finding via XPath ---
    function : gred_wred_mode_check
    position : 98:38

    no taint source -- warning/smell
    finding: /Users/afiaasante/Security-Code-Smells/linux/net/sched/sch_gred.c:98:38 -- gred_wred_mode_check() increments without MAX guard

[ unchecked_increment ] 1 finding(s) written to /tmp/cwe190_findings_ltP76H
========================================
 Findings JSON
========================================
{
  "detector": "unchecked_increment",
  "severity": "warning",
  "classification": "smell",
  "rule": "integerOverflow",
  "file": "/Users/afiaasante/Security-Code-Smells/linux/net/sched/sch_gred.c",
  "line": 98,
  "col": 38,
  "varname": "gred_wred_mode_check",
  "note": {
    "line": 98,
    "col": 38,
    "message": "increment (++) in gred_wred_mode_check() -- no upper-bound guard (INT_MAX check)"
  }
}

========================================
 Summary
 Total findings : 1
 Errors         : 0
 Warnings       : 1

 Breakdown by detector:
   unchecked_increment       1
========================================
