========================================
 CWE-190 Integer Overflow Risk Detector
 Source  : /Users/afiaasante/Security-Code-Smells/linux/net/ipv4/fou_core.c
 Report  : /Users/afiaasante/Security-Code-Smells/results/net_scan/SCS006/ipv4__fou_core.c/fou_core_report_20260417_173833.txt
 Findings: /Users/afiaasante/Security-Code-Smells/results/net_scan/SCS006/ipv4__fou_core.c/fou_core_findings_20260417_173833.json
 Date    : Fri Apr 17 17:38:33 EDT 2026
========================================

=== Stage 1: srcml ===

real	0m0.062s
user	0m0.055s
sys	0m0.005s

=== Stage 2: srcslice ===
Writing to :: /Users/afiaasante/Security-Code-Smells/linux/net/ipv4/fou_core.c.json
Output Saved to :: /Users/afiaasante/Security-Code-Smells/linux/net/ipv4/fou_core.c.json

real	0m0.249s
user	0m0.120s
sys	0m0.005s

=== Stage 3: srcattributor ===

real	0m2.390s
user	0m2.269s
sys	0m0.032s

=== Detector 1: unchecked_multiply ===
    input  : /Users/afiaasante/Security-Code-Smells/linux/net/ipv4/fou_core.c.xml
    output : /tmp/cwe190_findings_H8sUhX

    query  : FIND $T $FUNC($PARAMS) {} CONTAINS $TYPE $RESULT = $A * $B
    note   : destructor/constructor blocks covered by XPath fallback


real	0m0.030s
user	0m0.022s
sys	0m0.005s

--- Stage 1: checking srcQL result for MAX guard in <condition> ---
    no taint source -- warning/smell
    finding: /Users/afiaasante/Security-Code-Smells/linux/net/ipv4/fou_core.c:136:33 -- gue_udp_recv() multiplies without MAX guard

--- Stage 2: XPath destructor/constructor fallback ---
    no unguarded destructor/constructor multiply found

[ unchecked_multiply ] 1 finding(s) written to /tmp/cwe190_findings_H8sUhX
=== Detector 2: unchecked_add ===
    input  : /Users/afiaasante/Security-Code-Smells/linux/net/ipv4/fou_core.c.xml
    output : /tmp/cwe190_findings_H8sUhX

    query  : FIND $T $FUNC($PARAMS) {} CONTAINS $TYPE $RESULT = $A + $B
    note   : destructor/constructor blocks covered by XPath fallback


real	0m0.028s
user	0m0.022s
sys	0m0.004s

--- Stage 1: checking srcQL result for MAX guard in <condition> ---
    no taint source -- warning/smell
    finding: /Users/afiaasante/Security-Code-Smells/linux/net/ipv4/fou_core.c:97:45 -- gue_remcsum() adds without MAX guard

--- Stage 2: XPath destructor/constructor fallback ---
    no unguarded destructor/constructor addition found

[ unchecked_add ] 1 finding(s) written to /tmp/cwe190_findings_H8sUhX
=== Detector 3: unchecked_increment ===
    input  : /Users/afiaasante/Security-Code-Smells/linux/net/ipv4/fou_core.c.xml
    output : /tmp/cwe190_findings_H8sUhX

    strategy : XPath on srcML XML -- ancestor-scoped guard check

--- extracting finding via XPath ---
    function : fou_nl_get_dumpit
    position : 892:24

    no taint source -- warning/smell
    finding: /Users/afiaasante/Security-Code-Smells/linux/net/ipv4/fou_core.c:892:24 -- fou_nl_get_dumpit() increments without MAX guard

[ unchecked_increment ] 1 finding(s) written to /tmp/cwe190_findings_H8sUhX
========================================
 Findings JSON
========================================
{
  "detector": "unchecked_multiply",
  "severity": "warning",
  "classification": "smell",
  "rule": "integerOverflow",
  "file": "/Users/afiaasante/Security-Code-Smells/linux/net/ipv4/fou_core.c",
  "line": 136,
  "col": 33,
  "varname": "gue_udp_recv",
  "note": {
    "line": 136,
    "col": 33,
    "message": "multiplication in gue_udp_recv() -- no upper-bound guard (INT_MAX / 2)"
  }
}
{
  "detector": "unchecked_add",
  "severity": "warning",
  "classification": "smell",
  "rule": "integerOverflow",
  "file": "/Users/afiaasante/Security-Code-Smells/linux/net/ipv4/fou_core.c",
  "line": 97,
  "col": 45,
  "varname": "gue_remcsum",
  "note": {
    "line": 97,
    "col": 45,
    "message": "addition in gue_remcsum() -- no upper-bound guard before adding"
  }
}
{
  "detector": "unchecked_increment",
  "severity": "warning",
  "classification": "smell",
  "rule": "integerOverflow",
  "file": "/Users/afiaasante/Security-Code-Smells/linux/net/ipv4/fou_core.c",
  "line": 892,
  "col": 24,
  "varname": "fou_nl_get_dumpit",
  "note": {
    "line": 892,
    "col": 24,
    "message": "increment (++) in fou_nl_get_dumpit() -- no upper-bound guard (INT_MAX check)"
  }
}

========================================
 Summary
 Total findings : 3
 Errors         : 0
 Warnings       : 3

 Breakdown by detector:
   unchecked_add             1
   unchecked_increment       1
   unchecked_multiply        1
========================================
