========================================
 CWE-190 Integer Overflow Risk Detector
 Source  : /Users/afiaasante/Security-Code-Smells/linux/net/bluetooth/msft.c
 Report  : /Users/afiaasante/Security-Code-Smells/results/net_scan/SCS006/bluetooth__msft.c/msft_report_20260417_173535.txt
 Findings: /Users/afiaasante/Security-Code-Smells/results/net_scan/SCS006/bluetooth__msft.c/msft_findings_20260417_173535.json
 Date    : Fri Apr 17 17:35:35 EDT 2026
========================================

=== Stage 1: srcml ===

real	0m0.036s
user	0m0.032s
sys	0m0.003s

=== Stage 2: srcslice ===
Writing to :: /Users/afiaasante/Security-Code-Smells/linux/net/bluetooth/msft.c.json
Output Saved to :: /Users/afiaasante/Security-Code-Smells/linux/net/bluetooth/msft.c.json

real	0m0.240s
user	0m0.084s
sys	0m0.004s

=== Stage 3: srcattributor ===

real	0m1.473s
user	0m1.428s
sys	0m0.016s

=== Detector 1: unchecked_multiply ===
    input  : /Users/afiaasante/Security-Code-Smells/linux/net/bluetooth/msft.c.xml
    output : /tmp/cwe190_findings_3pW81G

    query  : FIND $T $FUNC($PARAMS) {} CONTAINS $TYPE $RESULT = $A * $B
    note   : destructor/constructor blocks covered by XPath fallback


real	0m0.019s
user	0m0.013s
sys	0m0.004s


--- Stage 2: XPath destructor/constructor fallback ---
    no unguarded destructor/constructor multiply found

[ unchecked_multiply ] 0 finding(s) written to /tmp/cwe190_findings_3pW81G
=== Detector 2: unchecked_add ===
    input  : /Users/afiaasante/Security-Code-Smells/linux/net/bluetooth/msft.c.xml
    output : /tmp/cwe190_findings_3pW81G

    query  : FIND $T $FUNC($PARAMS) {} CONTAINS $TYPE $RESULT = $A + $B
    note   : destructor/constructor blocks covered by XPath fallback


real	0m0.020s
user	0m0.013s
sys	0m0.004s

--- Stage 1: checking srcQL result for MAX guard in <condition> ---
    no taint source -- warning/smell
    finding: /Users/afiaasante/Security-Code-Smells/linux/net/bluetooth/msft.c:513:41 -- msft_add_monitor_sync() adds without MAX guard

--- Stage 2: XPath destructor/constructor fallback ---
    no unguarded destructor/constructor addition found

[ unchecked_add ] 1 finding(s) written to /tmp/cwe190_findings_3pW81G
=== Detector 3: unchecked_increment ===
    input  : /Users/afiaasante/Security-Code-Smells/linux/net/bluetooth/msft.c.xml
    output : /tmp/cwe190_findings_3pW81G

    strategy : XPath on srcML XML -- ancestor-scoped guard check

--- extracting finding via XPath ---
    function : msft_monitor_device_del
    position : 251:30

    no taint source -- warning/smell
    finding: /Users/afiaasante/Security-Code-Smells/linux/net/bluetooth/msft.c:251:30 -- msft_monitor_device_del() increments without MAX guard

[ unchecked_increment ] 1 finding(s) written to /tmp/cwe190_findings_3pW81G
========================================
 Findings JSON
========================================
{
  "detector": "unchecked_add",
  "severity": "warning",
  "classification": "smell",
  "rule": "integerOverflow",
  "file": "/Users/afiaasante/Security-Code-Smells/linux/net/bluetooth/msft.c",
  "line": 513,
  "col": 41,
  "varname": "msft_add_monitor_sync",
  "note": {
    "line": 513,
    "col": 41,
    "message": "addition in msft_add_monitor_sync() -- no upper-bound guard before adding"
  }
}
{
  "detector": "unchecked_increment",
  "severity": "warning",
  "classification": "smell",
  "rule": "integerOverflow",
  "file": "/Users/afiaasante/Security-Code-Smells/linux/net/bluetooth/msft.c",
  "line": 251,
  "col": 30,
  "varname": "msft_monitor_device_del",
  "note": {
    "line": 251,
    "col": 30,
    "message": "increment (++) in msft_monitor_device_del() -- no upper-bound guard (INT_MAX check)"
  }
}

========================================
 Summary
 Total findings : 2
 Errors         : 0
 Warnings       : 2

 Breakdown by detector:
   unchecked_add             1
   unchecked_increment       1
========================================
