========================================
 CWE-195 Signed-to-Unsigned Conversion Detector
 Source  : /Users/afiaasante/Security-Code-Smells/linux/net/smc/smc_tx.c
 Report  : /Users/afiaasante/Security-Code-Smells/results/net_scan/SCS007/smc__smc_tx.c/smc_tx_report_20260417_180608.txt
 Findings: /Users/afiaasante/Security-Code-Smells/results/net_scan/SCS007/smc__smc_tx.c/smc_tx_findings_20260417_180608.json
 Date    : Fri Apr 17 18:06:08 EDT 2026
========================================

=== Stage 1: srcml ===

real	0m0.059s
user	0m0.048s
sys	0m0.005s

=== Stage 2: srcslice ===
Writing to :: /Users/afiaasante/Security-Code-Smells/linux/net/smc/smc_tx.c.json
Output Saved to :: /Users/afiaasante/Security-Code-Smells/linux/net/smc/smc_tx.c.json

real	0m0.262s
user	0m0.114s
sys	0m0.006s

=== Stage 3: srcattributor ===

real	0m1.865s
user	0m1.770s
sys	0m0.017s

=== Detector 1: signed_malloc ===
    input  : /Users/afiaasante/Security-Code-Smells/linux/net/smc/smc_tx.c.xml
    output : /tmp/cwe195_findings_Jk1DDL

    query  : FIND $T $FUNC($PARAMS) {} CONTAINS malloc($A)
    note   : destructor/constructor blocks covered by XPath fallback


real	0m0.031s
user	0m0.018s
sys	0m0.005s


--- Stage 2: XPath destructor/constructor fallback ---
    no unguarded destructor/constructor malloc found

[ signed_malloc ] 0 finding(s) written to /tmp/cwe195_findings_Jk1DDL
=== Detector 2: signed_memcpy ===
    input  : /Users/afiaasante/Security-Code-Smells/linux/net/smc/smc_tx.c.xml
    output : /tmp/cwe195_findings_Jk1DDL

    query  : FIND $T $FUNC($PARAMS) {} CONTAINS memcpy($A, $B, $C)

real	0m0.028s
user	0m0.018s
sys	0m0.005s

    query  : FIND $T $FUNC($PARAMS) {} CONTAINS memmove($A, $B, $C)

real	0m0.026s
user	0m0.019s
sys	0m0.005s


--- Stage 2: XPath destructor/constructor fallback ---
    no unguarded destructor/constructor memcpy/memmove found

[ signed_memcpy ] 0 finding(s) written to /tmp/cwe195_findings_Jk1DDL
=== Detector 3: signed_strncpy ===
    input  : /Users/afiaasante/Security-Code-Smells/linux/net/smc/smc_tx.c.xml
    output : /tmp/cwe195_findings_Jk1DDL

    query  : FIND $T $FUNC($PARAMS) {} CONTAINS strncpy($A, $B, $C)
    note   : destructor/constructor blocks covered by XPath fallback


real	0m0.028s
user	0m0.019s
sys	0m0.005s


--- Stage 2: XPath destructor/constructor fallback ---
    no unguarded destructor/constructor strncpy found

[ signed_strncpy ] 0 finding(s) written to /tmp/cwe195_findings_Jk1DDL
========================================
 Findings JSON
========================================

========================================
 Summary
 Total findings : 0
 Errors         : 0
 Warnings       : 0
========================================
