========================================
 CWE-190 Integer Overflow Risk Detector
 Source  : /Users/afiaasante/Security-Code-Smells/linux/net/smc/smc_pnet.c
 Report  : /Users/afiaasante/Security-Code-Smells/results/net_scan/SCS006/smc__smc_pnet.c/smc_pnet_report_20260417_174510.txt
 Findings: /Users/afiaasante/Security-Code-Smells/results/net_scan/SCS006/smc__smc_pnet.c/smc_pnet_findings_20260417_174510.json
 Date    : Fri Apr 17 17:45:10 EDT 2026
========================================

=== Stage 1: srcml ===

real	0m0.085s
user	0m0.068s
sys	0m0.006s

=== Stage 2: srcslice ===
Writing to :: /Users/afiaasante/Security-Code-Smells/linux/net/smc/smc_pnet.c.json
Output Saved to :: /Users/afiaasante/Security-Code-Smells/linux/net/smc/smc_pnet.c.json

real	0m0.263s
user	0m0.135s
sys	0m0.006s

=== Stage 3: srcattributor ===

real	0m2.288s
user	0m2.210s
sys	0m0.019s

=== Detector 1: unchecked_multiply ===
    input  : /Users/afiaasante/Security-Code-Smells/linux/net/smc/smc_pnet.c.xml
    output : /tmp/cwe190_findings_fwptSy

    query  : FIND $T $FUNC($PARAMS) {} CONTAINS $TYPE $RESULT = $A * $B
    note   : destructor/constructor blocks covered by XPath fallback


real	0m0.030s
user	0m0.022s
sys	0m0.005s


--- Stage 2: XPath destructor/constructor fallback ---
    no unguarded destructor/constructor multiply found

[ unchecked_multiply ] 0 finding(s) written to /tmp/cwe190_findings_fwptSy
=== Detector 2: unchecked_add ===
    input  : /Users/afiaasante/Security-Code-Smells/linux/net/smc/smc_pnet.c.xml
    output : /tmp/cwe190_findings_fwptSy

    query  : FIND $T $FUNC($PARAMS) {} CONTAINS $TYPE $RESULT = $A + $B
    note   : destructor/constructor blocks covered by XPath fallback


real	0m0.035s
user	0m0.026s
sys	0m0.006s

--- Stage 1: checking srcQL result for MAX guard in <condition> ---
    no taint source -- warning/smell
    finding: /Users/afiaasante/Security-Code-Smells/linux/net/smc/smc_pnet.c:289:24 -- smc_pnetid_valid() adds without MAX guard

--- Stage 2: XPath destructor/constructor fallback ---
    no unguarded destructor/constructor addition found

[ unchecked_add ] 1 finding(s) written to /tmp/cwe190_findings_fwptSy
=== Detector 3: unchecked_increment ===
    input  : /Users/afiaasante/Security-Code-Smells/linux/net/smc/smc_pnet.c.xml
    output : /tmp/cwe190_findings_fwptSy

    strategy : XPath on srcML XML -- ancestor-scoped guard check

--- extracting finding via XPath ---
    function : smc_pnet_match
    position : 89:46

    no taint source -- warning/smell
    finding: /Users/afiaasante/Security-Code-Smells/linux/net/smc/smc_pnet.c:89:46 -- smc_pnet_match() increments without MAX guard

[ unchecked_increment ] 1 finding(s) written to /tmp/cwe190_findings_fwptSy
========================================
 Findings JSON
========================================
{
  "detector": "unchecked_add",
  "severity": "warning",
  "classification": "smell",
  "rule": "integerOverflow",
  "file": "/Users/afiaasante/Security-Code-Smells/linux/net/smc/smc_pnet.c",
  "line": 289,
  "col": 24,
  "varname": "smc_pnetid_valid",
  "note": {
    "line": 289,
    "col": 24,
    "message": "addition in smc_pnetid_valid() -- no upper-bound guard before adding"
  }
}
{
  "detector": "unchecked_increment",
  "severity": "warning",
  "classification": "smell",
  "rule": "integerOverflow",
  "file": "/Users/afiaasante/Security-Code-Smells/linux/net/smc/smc_pnet.c",
  "line": 89,
  "col": 46,
  "varname": "smc_pnet_match",
  "note": {
    "line": 89,
    "col": 46,
    "message": "increment (++) in smc_pnet_match() -- no upper-bound guard (INT_MAX check)"
  }
}

========================================
 Summary
 Total findings : 2
 Errors         : 0
 Warnings       : 2

 Breakdown by detector:
   unchecked_add             1
   unchecked_increment       1
========================================
