========================================
 CWE-195 Signed-to-Unsigned Conversion Detector
 Source  : /Users/afiaasante/Security-Code-Smells/linux/net/netfilter/nf_conntrack_sip.c
 Report  : /Users/afiaasante/Security-Code-Smells/results/net_scan/SCS007/netfilter__nf_conntrack_sip.c/nf_conntrack_sip_report_20260417_180245.txt
 Findings: /Users/afiaasante/Security-Code-Smells/results/net_scan/SCS007/netfilter__nf_conntrack_sip.c/nf_conntrack_sip_findings_20260417_180245.json
 Date    : Fri Apr 17 18:02:45 EDT 2026
========================================

=== Stage 1: srcml ===

real	0m0.143s
user	0m0.129s
sys	0m0.006s

=== Stage 2: srcslice ===
Writing to :: /Users/afiaasante/Security-Code-Smells/linux/net/netfilter/nf_conntrack_sip.c.json
Output Saved to :: /Users/afiaasante/Security-Code-Smells/linux/net/netfilter/nf_conntrack_sip.c.json

real	0m0.377s
user	0m0.250s
sys	0m0.009s

=== Stage 3: srcattributor ===

real	0m12.385s
user	0m11.610s
sys	0m0.125s

=== Detector 1: signed_malloc ===
    input  : /Users/afiaasante/Security-Code-Smells/linux/net/netfilter/nf_conntrack_sip.c.xml
    output : /tmp/cwe195_findings_luI11c

    query  : FIND $T $FUNC($PARAMS) {} CONTAINS malloc($A)
    note   : destructor/constructor blocks covered by XPath fallback


real	0m0.050s
user	0m0.038s
sys	0m0.005s


--- Stage 2: XPath destructor/constructor fallback ---
    no unguarded destructor/constructor malloc found

[ signed_malloc ] 0 finding(s) written to /tmp/cwe195_findings_luI11c
=== Detector 2: signed_memcpy ===
    input  : /Users/afiaasante/Security-Code-Smells/linux/net/netfilter/nf_conntrack_sip.c.xml
    output : /tmp/cwe195_findings_luI11c

    query  : FIND $T $FUNC($PARAMS) {} CONTAINS memcpy($A, $B, $C)

real	0m0.051s
user	0m0.040s
sys	0m0.006s

--- Stage 1 (memcpy): checking srcQL result for positivity guard in <condition> ---
    guarded -- > operator found in condition, no finding
    query  : FIND $T $FUNC($PARAMS) {} CONTAINS memmove($A, $B, $C)

real	0m0.053s
user	0m0.038s
sys	0m0.006s


--- Stage 2: XPath destructor/constructor fallback ---
    no unguarded destructor/constructor memcpy/memmove found

[ signed_memcpy ] 0 finding(s) written to /tmp/cwe195_findings_luI11c
=== Detector 3: signed_strncpy ===
    input  : /Users/afiaasante/Security-Code-Smells/linux/net/netfilter/nf_conntrack_sip.c.xml
    output : /tmp/cwe195_findings_luI11c

    query  : FIND $T $FUNC($PARAMS) {} CONTAINS strncpy($A, $B, $C)
    note   : destructor/constructor blocks covered by XPath fallback


real	0m0.047s
user	0m0.037s
sys	0m0.007s


--- Stage 2: XPath destructor/constructor fallback ---
    no unguarded destructor/constructor strncpy found

[ signed_strncpy ] 0 finding(s) written to /tmp/cwe195_findings_luI11c
========================================
 Findings JSON
========================================

========================================
 Summary
 Total findings : 0
 Errors         : 0
 Warnings       : 0
========================================
