========================================
 CWE-190 Integer Overflow Risk Detector
 Source  : /Users/afiaasante/Security-Code-Smells/linux/net/llc/llc_pdu.c
 Report  : /Users/afiaasante/Security-Code-Smells/results/net_scan/SCS006/llc__llc_pdu.c/llc_pdu_report_20260417_174040.txt
 Findings: /Users/afiaasante/Security-Code-Smells/results/net_scan/SCS006/llc__llc_pdu.c/llc_pdu_findings_20260417_174040.json
 Date    : Fri Apr 17 17:40:40 EDT 2026
========================================

=== Stage 1: srcml ===

real	0m0.033s
user	0m0.024s
sys	0m0.006s

=== Stage 2: srcslice ===
Writing to :: /Users/afiaasante/Security-Code-Smells/linux/net/llc/llc_pdu.c.json
Output Saved to :: /Users/afiaasante/Security-Code-Smells/linux/net/llc/llc_pdu.c.json

real	0m0.190s
user	0m0.043s
sys	0m0.005s

=== Stage 3: srcattributor ===

real	0m0.218s
user	0m0.164s
sys	0m0.007s

=== Detector 1: unchecked_multiply ===
    input  : /Users/afiaasante/Security-Code-Smells/linux/net/llc/llc_pdu.c.xml
    output : /tmp/cwe190_findings_2L7Nnq

    query  : FIND $T $FUNC($PARAMS) {} CONTAINS $TYPE $RESULT = $A * $B
    note   : destructor/constructor blocks covered by XPath fallback


real	0m0.017s
user	0m0.010s
sys	0m0.005s


--- Stage 2: XPath destructor/constructor fallback ---
    no unguarded destructor/constructor multiply found

[ unchecked_multiply ] 0 finding(s) written to /tmp/cwe190_findings_2L7Nnq
=== Detector 2: unchecked_add ===
    input  : /Users/afiaasante/Security-Code-Smells/linux/net/llc/llc_pdu.c.xml
    output : /tmp/cwe190_findings_2L7Nnq

    query  : FIND $T $FUNC($PARAMS) {} CONTAINS $TYPE $RESULT = $A + $B
    note   : destructor/constructor blocks covered by XPath fallback


real	0m0.024s
user	0m0.010s
sys	0m0.005s


--- Stage 2: XPath destructor/constructor fallback ---
    no unguarded destructor/constructor addition found

[ unchecked_add ] 0 finding(s) written to /tmp/cwe190_findings_2L7Nnq
=== Detector 3: unchecked_increment ===
    input  : /Users/afiaasante/Security-Code-Smells/linux/net/llc/llc_pdu.c.xml
    output : /tmp/cwe190_findings_2L7Nnq

    strategy : XPath on srcML XML -- ancestor-scoped guard check

[ unchecked_increment ] No smell detected.
========================================
 Findings JSON
========================================

========================================
 Summary
 Total findings : 0
 Errors         : 0
 Warnings       : 0
========================================
