========================================
 CWE-195 Signed-to-Unsigned Conversion Detector
 Source  : /Users/afiaasante/Security-Code-Smells/linux/net/hsr/hsr_framereg.c
 Report  : /Users/afiaasante/Security-Code-Smells/results/net_scan/SCS007/hsr__hsr_framereg.c/hsr_framereg_report_20260417_175708.txt
 Findings: /Users/afiaasante/Security-Code-Smells/results/net_scan/SCS007/hsr__hsr_framereg.c/hsr_framereg_findings_20260417_175708.json
 Date    : Fri Apr 17 17:57:08 EDT 2026
========================================

=== Stage 1: srcml ===

real	0m0.065s
user	0m0.055s
sys	0m0.006s

=== Stage 2: srcslice ===
Writing to :: /Users/afiaasante/Security-Code-Smells/linux/net/hsr/hsr_framereg.c.json
Output Saved to :: /Users/afiaasante/Security-Code-Smells/linux/net/hsr/hsr_framereg.c.json

real	0m0.253s
user	0m0.113s
sys	0m0.005s

=== Stage 3: srcattributor ===

real	0m1.309s
user	0m1.252s
sys	0m0.013s

=== Detector 1: signed_malloc ===
    input  : /Users/afiaasante/Security-Code-Smells/linux/net/hsr/hsr_framereg.c.xml
    output : /tmp/cwe195_findings_xNZ5J3

    query  : FIND $T $FUNC($PARAMS) {} CONTAINS malloc($A)
    note   : destructor/constructor blocks covered by XPath fallback


real	0m0.027s
user	0m0.020s
sys	0m0.005s


--- Stage 2: XPath destructor/constructor fallback ---
    no unguarded destructor/constructor malloc found

[ signed_malloc ] 0 finding(s) written to /tmp/cwe195_findings_xNZ5J3
=== Detector 2: signed_memcpy ===
    input  : /Users/afiaasante/Security-Code-Smells/linux/net/hsr/hsr_framereg.c.xml
    output : /tmp/cwe195_findings_xNZ5J3

    query  : FIND $T $FUNC($PARAMS) {} CONTAINS memcpy($A, $B, $C)

real	0m0.030s
user	0m0.021s
sys	0m0.005s

--- Stage 1 (memcpy): checking srcQL result for positivity guard in <condition> ---
    no taint source -- warning/smell
    finding: /Users/afiaasante/Security-Code-Smells/linux/net/hsr/hsr_framereg.c:521:9 -- hsr_addr_subst_source() memcpy without positivity guard
    query  : FIND $T $FUNC($PARAMS) {} CONTAINS memmove($A, $B, $C)

real	0m0.027s
user	0m0.020s
sys	0m0.005s


--- Stage 2: XPath destructor/constructor fallback ---

[ signed_memcpy ] 1 finding(s) written to /tmp/cwe195_findings_xNZ5J3
=== Detector 3: signed_strncpy ===
    input  : /Users/afiaasante/Security-Code-Smells/linux/net/hsr/hsr_framereg.c.xml
    output : /tmp/cwe195_findings_xNZ5J3

    query  : FIND $T $FUNC($PARAMS) {} CONTAINS strncpy($A, $B, $C)
    note   : destructor/constructor blocks covered by XPath fallback


real	0m0.028s
user	0m0.020s
sys	0m0.005s


--- Stage 2: XPath destructor/constructor fallback ---
    no unguarded destructor/constructor strncpy found

[ signed_strncpy ] 0 finding(s) written to /tmp/cwe195_findings_xNZ5J3
========================================
 Findings JSON
========================================
{
  "detector": "signed_memcpy",
  "severity": "warning",
  "classification": "smell",
  "rule": "signedUnsignedConversion",
  "file": "/Users/afiaasante/Security-Code-Smells/linux/net/hsr/hsr_framereg.c",
  "line": 521,
  "col": 9,
  "varname": "hsr_addr_subst_source",
  "note": {
    "line": 521,
    "col": 9,
    "message": "memcpy() in hsr_addr_subst_source() -- signed int passed as byte count with no positivity guard (data > 0)"
  }
}

========================================
 Summary
 Total findings : 1
 Errors         : 0
 Warnings       : 1

 Breakdown by detector:
   signed_memcpy             1
========================================
