========================================
 CWE-195 Signed-to-Unsigned Conversion Detector
 Source  : /Users/afiaasante/Security-Code-Smells/linux/net/sunrpc/auth_gss/gss_krb5_crypto.c
 Report  : /Users/afiaasante/Security-Code-Smells/results/net_scan/SCS007/sunrpc__auth_gss__gss_krb5_crypto.c/gss_krb5_crypto_report_20260417_180617.txt
 Findings: /Users/afiaasante/Security-Code-Smells/results/net_scan/SCS007/sunrpc__auth_gss__gss_krb5_crypto.c/gss_krb5_crypto_findings_20260417_180617.json
 Date    : Fri Apr 17 18:06:17 EDT 2026
========================================

=== Stage 1: srcml ===

real	0m0.074s
user	0m0.057s
sys	0m0.006s

=== Stage 2: srcslice ===
Writing to :: /Users/afiaasante/Security-Code-Smells/linux/net/sunrpc/auth_gss/gss_krb5_crypto.c.json
Output Saved to :: /Users/afiaasante/Security-Code-Smells/linux/net/sunrpc/auth_gss/gss_krb5_crypto.c.json

real	0m0.260s
user	0m0.114s
sys	0m0.007s

=== Stage 3: srcattributor ===

real	0m2.138s
user	0m1.757s
sys	0m0.028s

=== Detector 1: signed_malloc ===
    input  : /Users/afiaasante/Security-Code-Smells/linux/net/sunrpc/auth_gss/gss_krb5_crypto.c.xml
    output : /tmp/cwe195_findings_s68OTl

    query  : FIND $T $FUNC($PARAMS) {} CONTAINS malloc($A)
    note   : destructor/constructor blocks covered by XPath fallback


real	0m0.079s
user	0m0.022s
sys	0m0.008s


--- Stage 2: XPath destructor/constructor fallback ---
    no unguarded destructor/constructor malloc found

[ signed_malloc ] 0 finding(s) written to /tmp/cwe195_findings_s68OTl
=== Detector 2: signed_memcpy ===
    input  : /Users/afiaasante/Security-Code-Smells/linux/net/sunrpc/auth_gss/gss_krb5_crypto.c.xml
    output : /tmp/cwe195_findings_s68OTl

    query  : FIND $T $FUNC($PARAMS) {} CONTAINS memcpy($A, $B, $C)

real	0m0.031s
user	0m0.021s
sys	0m0.007s

--- Stage 1 (memcpy): checking srcQL result for positivity guard in <condition> ---
    guarded -- > operator found in condition, no finding
    query  : FIND $T $FUNC($PARAMS) {} CONTAINS memmove($A, $B, $C)

real	0m0.029s
user	0m0.021s
sys	0m0.006s

--- Stage 1 (memmove): checking srcQL result for positivity guard in <condition> ---
    no taint source -- warning/smell
    finding: /Users/afiaasante/Security-Code-Smells/linux/net/sunrpc/auth_gss/gss_krb5_crypto.c:384:9 -- xdr_extend_head() memmove without positivity guard

--- Stage 2: XPath destructor/constructor fallback ---

[ signed_memcpy ] 1 finding(s) written to /tmp/cwe195_findings_s68OTl
=== Detector 3: signed_strncpy ===
    input  : /Users/afiaasante/Security-Code-Smells/linux/net/sunrpc/auth_gss/gss_krb5_crypto.c.xml
    output : /tmp/cwe195_findings_s68OTl

    query  : FIND $T $FUNC($PARAMS) {} CONTAINS strncpy($A, $B, $C)
    note   : destructor/constructor blocks covered by XPath fallback


real	0m0.027s
user	0m0.019s
sys	0m0.005s


--- Stage 2: XPath destructor/constructor fallback ---
    no unguarded destructor/constructor strncpy found

[ signed_strncpy ] 0 finding(s) written to /tmp/cwe195_findings_s68OTl
========================================
 Findings JSON
========================================
{
  "detector": "signed_memcpy",
  "severity": "warning",
  "classification": "smell",
  "rule": "signedUnsignedConversion",
  "file": "/Users/afiaasante/Security-Code-Smells/linux/net/sunrpc/auth_gss/gss_krb5_crypto.c",
  "line": 384,
  "col": 9,
  "varname": "xdr_extend_head",
  "note": {
    "line": 384,
    "col": 9,
    "message": "memmove() in xdr_extend_head() -- signed int passed as byte count with no positivity guard (data > 0)"
  }
}

========================================
 Summary
 Total findings : 1
 Errors         : 0
 Warnings       : 1

 Breakdown by detector:
   signed_memcpy             1
========================================
