========================================
 CWE-190 Integer Overflow Risk Detector
 Source  : /Users/afiaasante/Security-Code-Smells/linux/net/smc/smc_diag.c
 Report  : /Users/afiaasante/Security-Code-Smells/results/net_scan/SCS006/smc__smc_diag.c/smc_diag_report_20260417_174504.txt
 Findings: /Users/afiaasante/Security-Code-Smells/results/net_scan/SCS006/smc__smc_diag.c/smc_diag_findings_20260417_174504.json
 Date    : Fri Apr 17 17:45:04 EDT 2026
========================================

=== Stage 1: srcml ===

real	0m0.027s
user	0m0.021s
sys	0m0.005s

=== Stage 2: srcslice ===
Writing to :: /Users/afiaasante/Security-Code-Smells/linux/net/smc/smc_diag.c.json
Output Saved to :: /Users/afiaasante/Security-Code-Smells/linux/net/smc/smc_diag.c.json

real	0m0.188s
user	0m0.057s
sys	0m0.004s

=== Stage 3: srcattributor ===

real	0m0.174s
user	0m0.162s
sys	0m0.005s

=== Detector 1: unchecked_multiply ===
    input  : /Users/afiaasante/Security-Code-Smells/linux/net/smc/smc_diag.c.xml
    output : /tmp/cwe190_findings_GTIMgV

    query  : FIND $T $FUNC($PARAMS) {} CONTAINS $TYPE $RESULT = $A * $B
    note   : destructor/constructor blocks covered by XPath fallback


real	0m0.018s
user	0m0.012s
sys	0m0.004s


--- Stage 2: XPath destructor/constructor fallback ---
    no unguarded destructor/constructor multiply found

[ unchecked_multiply ] 0 finding(s) written to /tmp/cwe190_findings_GTIMgV
=== Detector 2: unchecked_add ===
    input  : /Users/afiaasante/Security-Code-Smells/linux/net/smc/smc_diag.c.xml
    output : /tmp/cwe190_findings_GTIMgV

    query  : FIND $T $FUNC($PARAMS) {} CONTAINS $TYPE $RESULT = $A + $B
    note   : destructor/constructor blocks covered by XPath fallback


real	0m0.017s
user	0m0.012s
sys	0m0.004s


--- Stage 2: XPath destructor/constructor fallback ---
    no unguarded destructor/constructor addition found

[ unchecked_add ] 0 finding(s) written to /tmp/cwe190_findings_GTIMgV
=== Detector 3: unchecked_increment ===
    input  : /Users/afiaasante/Security-Code-Smells/linux/net/smc/smc_diag.c.xml
    output : /tmp/cwe190_findings_GTIMgV

    strategy : XPath on srcML XML -- ancestor-scoped guard check

--- extracting finding via XPath ---
    function : smc_diag_dump_proto
    position : 221:20

    no taint source -- warning/smell
    finding: /Users/afiaasante/Security-Code-Smells/linux/net/smc/smc_diag.c:221:20 -- smc_diag_dump_proto() increments without MAX guard

[ unchecked_increment ] 1 finding(s) written to /tmp/cwe190_findings_GTIMgV
========================================
 Findings JSON
========================================
{
  "detector": "unchecked_increment",
  "severity": "warning",
  "classification": "smell",
  "rule": "integerOverflow",
  "file": "/Users/afiaasante/Security-Code-Smells/linux/net/smc/smc_diag.c",
  "line": 221,
  "col": 20,
  "varname": "smc_diag_dump_proto",
  "note": {
    "line": 221,
    "col": 20,
    "message": "increment (++) in smc_diag_dump_proto() -- no upper-bound guard (INT_MAX check)"
  }
}

========================================
 Summary
 Total findings : 1
 Errors         : 0
 Warnings       : 1

 Breakdown by detector:
   unchecked_increment       1
========================================
