========================================
 CWE-195 Signed-to-Unsigned Conversion Detector
 Source  : /Users/afiaasante/Security-Code-Smells/linux/net/l2tp/l2tp_ip6.c
 Report  : /Users/afiaasante/Security-Code-Smells/results/net_scan/SCS007/l2tp__l2tp_ip6.c/l2tp_ip6_report_20260417_180012.txt
 Findings: /Users/afiaasante/Security-Code-Smells/results/net_scan/SCS007/l2tp__l2tp_ip6.c/l2tp_ip6_findings_20260417_180012.json
 Date    : Fri Apr 17 18:00:12 EDT 2026
========================================

=== Stage 1: srcml ===

real	0m0.061s
user	0m0.052s
sys	0m0.005s

=== Stage 2: srcslice ===
Writing to :: /Users/afiaasante/Security-Code-Smells/linux/net/l2tp/l2tp_ip6.c.json
Output Saved to :: /Users/afiaasante/Security-Code-Smells/linux/net/l2tp/l2tp_ip6.c.json

real	0m0.251s
user	0m0.111s
sys	0m0.005s

=== Stage 3: srcattributor ===

real	0m1.465s
user	0m1.422s
sys	0m0.018s

=== Detector 1: signed_malloc ===
    input  : /Users/afiaasante/Security-Code-Smells/linux/net/l2tp/l2tp_ip6.c.xml
    output : /tmp/cwe195_findings_yXBoxC

    query  : FIND $T $FUNC($PARAMS) {} CONTAINS malloc($A)
    note   : destructor/constructor blocks covered by XPath fallback


real	0m0.032s
user	0m0.019s
sys	0m0.006s


--- Stage 2: XPath destructor/constructor fallback ---
    no unguarded destructor/constructor malloc found

[ signed_malloc ] 0 finding(s) written to /tmp/cwe195_findings_yXBoxC
=== Detector 2: signed_memcpy ===
    input  : /Users/afiaasante/Security-Code-Smells/linux/net/l2tp/l2tp_ip6.c.xml
    output : /tmp/cwe195_findings_yXBoxC

    query  : FIND $T $FUNC($PARAMS) {} CONTAINS memcpy($A, $B, $C)

real	0m0.026s
user	0m0.019s
sys	0m0.005s

    query  : FIND $T $FUNC($PARAMS) {} CONTAINS memmove($A, $B, $C)

real	0m0.026s
user	0m0.019s
sys	0m0.005s


--- Stage 2: XPath destructor/constructor fallback ---
    no unguarded destructor/constructor memcpy/memmove found

[ signed_memcpy ] 0 finding(s) written to /tmp/cwe195_findings_yXBoxC
=== Detector 3: signed_strncpy ===
    input  : /Users/afiaasante/Security-Code-Smells/linux/net/l2tp/l2tp_ip6.c.xml
    output : /tmp/cwe195_findings_yXBoxC

    query  : FIND $T $FUNC($PARAMS) {} CONTAINS strncpy($A, $B, $C)
    note   : destructor/constructor blocks covered by XPath fallback


real	0m0.027s
user	0m0.019s
sys	0m0.006s


--- Stage 2: XPath destructor/constructor fallback ---
    no unguarded destructor/constructor strncpy found

[ signed_strncpy ] 0 finding(s) written to /tmp/cwe195_findings_yXBoxC
========================================
 Findings JSON
========================================

========================================
 Summary
 Total findings : 0
 Errors         : 0
 Warnings       : 0
========================================
