========================================
 CWE-190 Integer Overflow Risk Detector
 Source  : /Users/afiaasante/Security-Code-Smells/linux/net/ipv4/tcp_fastopen.c
 Report  : /Users/afiaasante/Security-Code-Smells/results/net_scan/SCS006/ipv4__tcp_fastopen.c/tcp_fastopen_report_20260417_173907.txt
 Findings: /Users/afiaasante/Security-Code-Smells/results/net_scan/SCS006/ipv4__tcp_fastopen.c/tcp_fastopen_findings_20260417_173907.json
 Date    : Fri Apr 17 17:39:07 EDT 2026
========================================

=== Stage 1: srcml ===

real	0m0.036s
user	0m0.031s
sys	0m0.004s

=== Stage 2: srcslice ===
Writing to :: /Users/afiaasante/Security-Code-Smells/linux/net/ipv4/tcp_fastopen.c.json
Output Saved to :: /Users/afiaasante/Security-Code-Smells/linux/net/ipv4/tcp_fastopen.c.json

real	0m0.193s
user	0m0.073s
sys	0m0.004s

=== Stage 3: srcattributor ===

real	0m0.581s
user	0m0.569s
sys	0m0.007s

=== Detector 1: unchecked_multiply ===
    input  : /Users/afiaasante/Security-Code-Smells/linux/net/ipv4/tcp_fastopen.c.xml
    output : /tmp/cwe190_findings_GNfZWj

    query  : FIND $T $FUNC($PARAMS) {} CONTAINS $TYPE $RESULT = $A * $B
    note   : destructor/constructor blocks covered by XPath fallback


real	0m0.020s
user	0m0.014s
sys	0m0.004s


--- Stage 2: XPath destructor/constructor fallback ---
    no unguarded destructor/constructor multiply found

[ unchecked_multiply ] 0 finding(s) written to /tmp/cwe190_findings_GNfZWj
=== Detector 2: unchecked_add ===
    input  : /Users/afiaasante/Security-Code-Smells/linux/net/ipv4/tcp_fastopen.c.xml
    output : /tmp/cwe190_findings_GNfZWj

    query  : FIND $T $FUNC($PARAMS) {} CONTAINS $TYPE $RESULT = $A + $B
    note   : destructor/constructor blocks covered by XPath fallback


real	0m0.019s
user	0m0.014s
sys	0m0.004s

--- Stage 1: checking srcQL result for MAX guard in <condition> ---
    no taint source -- warning/smell
    finding: /Users/afiaasante/Security-Code-Smells/linux/net/ipv4/tcp_fastopen.c:442:74 -- tcp_try_fastopen() adds without MAX guard

--- Stage 2: XPath destructor/constructor fallback ---
    no unguarded destructor/constructor addition found

[ unchecked_add ] 1 finding(s) written to /tmp/cwe190_findings_GNfZWj
=== Detector 3: unchecked_increment ===
    input  : /Users/afiaasante/Security-Code-Smells/linux/net/ipv4/tcp_fastopen.c.xml
    output : /tmp/cwe190_findings_GNfZWj

    strategy : XPath on srcML XML -- ancestor-scoped guard check

--- extracting finding via XPath ---
    function : reqsk_fastopen_remove
    position : 89:24

    no taint source -- warning/smell
    finding: /Users/afiaasante/Security-Code-Smells/linux/net/ipv4/tcp_fastopen.c:89:24 -- reqsk_fastopen_remove() increments without MAX guard

[ unchecked_increment ] 1 finding(s) written to /tmp/cwe190_findings_GNfZWj
========================================
 Findings JSON
========================================
{
  "detector": "unchecked_add",
  "severity": "warning",
  "classification": "smell",
  "rule": "integerOverflow",
  "file": "/Users/afiaasante/Security-Code-Smells/linux/net/ipv4/tcp_fastopen.c",
  "line": 442,
  "col": 74,
  "varname": "tcp_try_fastopen",
  "note": {
    "line": 442,
    "col": 74,
    "message": "addition in tcp_try_fastopen() -- no upper-bound guard before adding"
  }
}
{
  "detector": "unchecked_increment",
  "severity": "warning",
  "classification": "smell",
  "rule": "integerOverflow",
  "file": "/Users/afiaasante/Security-Code-Smells/linux/net/ipv4/tcp_fastopen.c",
  "line": 89,
  "col": 24,
  "varname": "reqsk_fastopen_remove",
  "note": {
    "line": 89,
    "col": 24,
    "message": "increment (++) in reqsk_fastopen_remove() -- no upper-bound guard (INT_MAX check)"
  }
}

========================================
 Summary
 Total findings : 2
 Errors         : 0
 Warnings       : 2

 Breakdown by detector:
   unchecked_add             1
   unchecked_increment       1
========================================
