========================================
 CWE-190 Integer Overflow Risk Detector
 Source  : /Users/afiaasante/Security-Code-Smells/linux/net/9p/protocol.c
 Report  : /Users/afiaasante/Security-Code-Smells/results/net_scan/SCS006/9p__protocol.c/protocol_report_20260417_173511.txt
 Findings: /Users/afiaasante/Security-Code-Smells/results/net_scan/SCS006/9p__protocol.c/protocol_findings_20260417_173511.json
 Date    : Fri Apr 17 17:35:11 EDT 2026
========================================

=== Stage 1: srcml ===

real	0m0.027s
user	0m0.022s
sys	0m0.003s

=== Stage 2: srcslice ===
Writing to :: /Users/afiaasante/Security-Code-Smells/linux/net/9p/protocol.c.json
Output Saved to :: /Users/afiaasante/Security-Code-Smells/linux/net/9p/protocol.c.json

real	0m0.175s
user	0m0.044s
sys	0m0.003s

=== Stage 3: srcattributor ===

real	0m0.306s
user	0m0.291s
sys	0m0.005s

=== Detector 1: unchecked_multiply ===
    input  : /Users/afiaasante/Security-Code-Smells/linux/net/9p/protocol.c.xml
    output : /tmp/cwe190_findings_dQa5ES

    query  : FIND $T $FUNC($PARAMS) {} CONTAINS $TYPE $RESULT = $A * $B
    note   : destructor/constructor blocks covered by XPath fallback


real	0m0.020s
user	0m0.014s
sys	0m0.004s


--- Stage 2: XPath destructor/constructor fallback ---
    no unguarded destructor/constructor multiply found

[ unchecked_multiply ] 0 finding(s) written to /tmp/cwe190_findings_dQa5ES
=== Detector 2: unchecked_add ===
    input  : /Users/afiaasante/Security-Code-Smells/linux/net/9p/protocol.c.xml
    output : /tmp/cwe190_findings_dQa5ES

    query  : FIND $T $FUNC($PARAMS) {} CONTAINS $TYPE $RESULT = $A + $B
    note   : destructor/constructor blocks covered by XPath fallback


real	0m0.013s
user	0m0.009s
sys	0m0.003s

--- Stage 1: checking srcQL result for MAX guard in <condition> ---
    no taint source -- warning/smell
    finding: /Users/afiaasante/Security-Code-Smells/linux/net/9p/protocol.c:47:27 -- p9_msg_buf_size() adds without MAX guard

--- Stage 2: XPath destructor/constructor fallback ---
    no unguarded destructor/constructor addition found

[ unchecked_add ] 1 finding(s) written to /tmp/cwe190_findings_dQa5ES
=== Detector 3: unchecked_increment ===
    input  : /Users/afiaasante/Security-Code-Smells/linux/net/9p/protocol.c.xml
    output : /tmp/cwe190_findings_dQa5ES

    strategy : XPath on srcML XML -- ancestor-scoped guard check

--- extracting finding via XPath ---
    function : p9_msg_buf_size
    position : 86:64

    no taint source -- warning/smell
    finding: /Users/afiaasante/Security-Code-Smells/linux/net/9p/protocol.c:86:64 -- p9_msg_buf_size() increments without MAX guard

[ unchecked_increment ] 1 finding(s) written to /tmp/cwe190_findings_dQa5ES
========================================
 Findings JSON
========================================
{
  "detector": "unchecked_add",
  "severity": "warning",
  "classification": "smell",
  "rule": "integerOverflow",
  "file": "/Users/afiaasante/Security-Code-Smells/linux/net/9p/protocol.c",
  "line": 47,
  "col": 27,
  "varname": "p9_msg_buf_size",
  "note": {
    "line": 47,
    "col": 27,
    "message": "addition in p9_msg_buf_size() -- no upper-bound guard before adding"
  }
}
{
  "detector": "unchecked_increment",
  "severity": "warning",
  "classification": "smell",
  "rule": "integerOverflow",
  "file": "/Users/afiaasante/Security-Code-Smells/linux/net/9p/protocol.c",
  "line": 86,
  "col": 64,
  "varname": "p9_msg_buf_size",
  "note": {
    "line": 86,
    "col": 64,
    "message": "increment (++) in p9_msg_buf_size() -- no upper-bound guard (INT_MAX check)"
  }
}

========================================
 Summary
 Total findings : 2
 Errors         : 0
 Warnings       : 2

 Breakdown by detector:
   unchecked_add             1
   unchecked_increment       1
========================================
