========================================
 CWE-190 Integer Overflow Risk Detector
 Source  : /Users/afiaasante/Security-Code-Smells/linux/net/wireless/nl80211.c
 Report  : /Users/afiaasante/Security-Code-Smells/results/net_scan/SCS006/wireless__nl80211.c/nl80211_report_20260417_174636.txt
 Findings: /Users/afiaasante/Security-Code-Smells/results/net_scan/SCS006/wireless__nl80211.c/nl80211_findings_20260417_174636.json
 Date    : Fri Apr 17 17:46:36 EDT 2026
========================================

=== Stage 1: srcml ===

real	0m1.187s
user	0m1.094s
sys	0m0.025s

=== Stage 2: srcslice ===
Writing to :: /Users/afiaasante/Security-Code-Smells/linux/net/wireless/nl80211.c.json
Output Saved to :: /Users/afiaasante/Security-Code-Smells/linux/net/wireless/nl80211.c.json

real	0m2.475s
user	0m2.299s
sys	0m0.043s

=== Stage 3: srcattributor ===

real	5m42.391s
user	5m39.228s
sys	0m1.976s

=== Detector 1: unchecked_multiply ===
    input  : /Users/afiaasante/Security-Code-Smells/linux/net/wireless/nl80211.c.xml
    output : /tmp/cwe190_findings_0uauYq

    query  : FIND $T $FUNC($PARAMS) {} CONTAINS $TYPE $RESULT = $A * $B
    note   : destructor/constructor blocks covered by XPath fallback


real	0m0.157s
user	0m0.137s
sys	0m0.013s

--- Stage 1: checking srcQL result for MAX guard in <condition> ---
    no taint source -- warning/smell
    finding: /Users/afiaasante/Security-Code-Smells/linux/net/wireless/nl80211.c:231:51 -- validate_beacon_head() multiplies without MAX guard

--- Stage 2: XPath destructor/constructor fallback ---
    no unguarded destructor/constructor multiply found

[ unchecked_multiply ] 1 finding(s) written to /tmp/cwe190_findings_0uauYq
=== Detector 2: unchecked_add ===
    input  : /Users/afiaasante/Security-Code-Smells/linux/net/wireless/nl80211.c.xml
    output : /tmp/cwe190_findings_0uauYq

    query  : FIND $T $FUNC($PARAMS) {} CONTAINS $TYPE $RESULT = $A + $B
    note   : destructor/constructor blocks covered by XPath fallback


real	0m0.150s
user	0m0.138s
sys	0m0.011s


--- Stage 2: XPath destructor/constructor fallback ---
    no unguarded destructor/constructor addition found

[ unchecked_add ] 0 finding(s) written to /tmp/cwe190_findings_0uauYq
=== Detector 3: unchecked_increment ===
    input  : /Users/afiaasante/Security-Code-Smells/linux/net/wireless/nl80211.c.xml
    output : /tmp/cwe190_findings_0uauYq

    strategy : XPath on srcML XML -- ancestor-scoped guard check

--- extracting finding via XPath ---
    function : validate_supported_selectors
    position : 307:55

    no taint source -- warning/smell
    finding: /Users/afiaasante/Security-Code-Smells/linux/net/wireless/nl80211.c:307:55 -- validate_supported_selectors() increments without MAX guard

[ unchecked_increment ] 1 finding(s) written to /tmp/cwe190_findings_0uauYq
========================================
 Findings JSON
========================================
{
  "detector": "unchecked_multiply",
  "severity": "warning",
  "classification": "smell",
  "rule": "integerOverflow",
  "file": "/Users/afiaasante/Security-Code-Smells/linux/net/wireless/nl80211.c",
  "line": 231,
  "col": 51,
  "varname": "validate_beacon_head",
  "note": {
    "line": 231,
    "col": 51,
    "message": "multiplication in validate_beacon_head() -- no upper-bound guard (INT_MAX / 2)"
  }
}
{
  "detector": "unchecked_increment",
  "severity": "warning",
  "classification": "smell",
  "rule": "integerOverflow",
  "file": "/Users/afiaasante/Security-Code-Smells/linux/net/wireless/nl80211.c",
  "line": 307,
  "col": 55,
  "varname": "validate_supported_selectors",
  "note": {
    "line": 307,
    "col": 55,
    "message": "increment (++) in validate_supported_selectors() -- no upper-bound guard (INT_MAX check)"
  }
}

========================================
 Summary
 Total findings : 2
 Errors         : 0
 Warnings       : 2

 Breakdown by detector:
   unchecked_increment       1
   unchecked_multiply        1
========================================
