========================================
 CWE-195 Signed-to-Unsigned Conversion Detector
 Source  : /Users/afiaasante/Security-Code-Smells/linux/net/sunrpc/auth_gss/gss_krb5_unseal.c
 Report  : /Users/afiaasante/Security-Code-Smells/results/net_scan/SCS007/sunrpc__auth_gss__gss_krb5_unseal.c/gss_krb5_unseal_report_20260417_180622.txt
 Findings: /Users/afiaasante/Security-Code-Smells/results/net_scan/SCS007/sunrpc__auth_gss__gss_krb5_unseal.c/gss_krb5_unseal_findings_20260417_180622.json
 Date    : Fri Apr 17 18:06:22 EDT 2026
========================================

=== Stage 1: srcml ===

real	0m0.019s
user	0m0.011s
sys	0m0.005s

=== Stage 2: srcslice ===
Writing to :: /Users/afiaasante/Security-Code-Smells/linux/net/sunrpc/auth_gss/gss_krb5_unseal.c.json
Output Saved to :: /Users/afiaasante/Security-Code-Smells/linux/net/sunrpc/auth_gss/gss_krb5_unseal.c.json

real	0m0.336s
user	0m0.032s
sys	0m0.005s

=== Stage 3: srcattributor ===

real	0m0.041s
user	0m0.022s
sys	0m0.004s

=== Detector 1: signed_malloc ===
    input  : /Users/afiaasante/Security-Code-Smells/linux/net/sunrpc/auth_gss/gss_krb5_unseal.c.xml
    output : /tmp/cwe195_findings_QSzRJc

    query  : FIND $T $FUNC($PARAMS) {} CONTAINS malloc($A)
    note   : destructor/constructor blocks covered by XPath fallback


real	0m0.016s
user	0m0.009s
sys	0m0.005s


--- Stage 2: XPath destructor/constructor fallback ---
    no unguarded destructor/constructor malloc found

[ signed_malloc ] 0 finding(s) written to /tmp/cwe195_findings_QSzRJc
=== Detector 2: signed_memcpy ===
    input  : /Users/afiaasante/Security-Code-Smells/linux/net/sunrpc/auth_gss/gss_krb5_unseal.c.xml
    output : /tmp/cwe195_findings_QSzRJc

    query  : FIND $T $FUNC($PARAMS) {} CONTAINS memcpy($A, $B, $C)

real	0m0.141s
user	0m0.010s
sys	0m0.007s

--- Stage 1 (memcpy): checking srcQL result for positivity guard in <condition> ---
    guarded -- > operator found in condition, no finding
    query  : FIND $T $FUNC($PARAMS) {} CONTAINS memmove($A, $B, $C)

real	0m0.014s
user	0m0.008s
sys	0m0.004s


--- Stage 2: XPath destructor/constructor fallback ---
    no unguarded destructor/constructor memcpy/memmove found

[ signed_memcpy ] 0 finding(s) written to /tmp/cwe195_findings_QSzRJc
=== Detector 3: signed_strncpy ===
    input  : /Users/afiaasante/Security-Code-Smells/linux/net/sunrpc/auth_gss/gss_krb5_unseal.c.xml
    output : /tmp/cwe195_findings_QSzRJc

    query  : FIND $T $FUNC($PARAMS) {} CONTAINS strncpy($A, $B, $C)
    note   : destructor/constructor blocks covered by XPath fallback


real	0m0.043s
user	0m0.009s
sys	0m0.006s


--- Stage 2: XPath destructor/constructor fallback ---
    no unguarded destructor/constructor strncpy found

[ signed_strncpy ] 0 finding(s) written to /tmp/cwe195_findings_QSzRJc
========================================
 Findings JSON
========================================

========================================
 Summary
 Total findings : 0
 Errors         : 0
 Warnings       : 0
========================================
