========================================
 CWE-190 Integer Overflow Risk Detector
 Source  : /Users/afiaasante/Security-Code-Smells/linux/net/sunrpc/xprtrdma/transport.c
 Report  : /Users/afiaasante/Security-Code-Smells/results/net_scan/SCS006/sunrpc__xprtrdma__transport.c/transport_report_20260417_174549.txt
 Findings: /Users/afiaasante/Security-Code-Smells/results/net_scan/SCS006/sunrpc__xprtrdma__transport.c/transport_findings_20260417_174549.json
 Date    : Fri Apr 17 17:45:49 EDT 2026
========================================

=== Stage 1: srcml ===

real	0m0.043s
user	0m0.037s
sys	0m0.004s

=== Stage 2: srcslice ===
Writing to :: /Users/afiaasante/Security-Code-Smells/linux/net/sunrpc/xprtrdma/transport.c.json
Output Saved to :: /Users/afiaasante/Security-Code-Smells/linux/net/sunrpc/xprtrdma/transport.c.json

real	0m0.192s
user	0m0.082s
sys	0m0.005s

=== Stage 3: srcattributor ===

real	0m0.640s
user	0m0.621s
sys	0m0.008s

=== Detector 1: unchecked_multiply ===
    input  : /Users/afiaasante/Security-Code-Smells/linux/net/sunrpc/xprtrdma/transport.c.xml
    output : /tmp/cwe190_findings_1HMQND

    query  : FIND $T $FUNC($PARAMS) {} CONTAINS $TYPE $RESULT = $A * $B
    note   : destructor/constructor blocks covered by XPath fallback


real	0m0.019s
user	0m0.014s
sys	0m0.004s

--- Stage 1: checking srcQL result for MAX guard in <condition> ---
    no taint source -- warning/smell
    finding: /Users/afiaasante/Security-Code-Smells/linux/net/sunrpc/xprtrdma/transport.c:149:55 -- xprt_rdma_format_addresses4() multiplies without MAX guard

--- Stage 2: XPath destructor/constructor fallback ---
    no unguarded destructor/constructor multiply found

[ unchecked_multiply ] 1 finding(s) written to /tmp/cwe190_findings_1HMQND
=== Detector 2: unchecked_add ===
    input  : /Users/afiaasante/Security-Code-Smells/linux/net/sunrpc/xprtrdma/transport.c.xml
    output : /tmp/cwe190_findings_1HMQND

    query  : FIND $T $FUNC($PARAMS) {} CONTAINS $TYPE $RESULT = $A + $B
    note   : destructor/constructor blocks covered by XPath fallback


real	0m0.020s
user	0m0.015s
sys	0m0.004s


--- Stage 2: XPath destructor/constructor fallback ---
    no unguarded destructor/constructor addition found

[ unchecked_add ] 0 finding(s) written to /tmp/cwe190_findings_1HMQND
=== Detector 3: unchecked_increment ===
    input  : /Users/afiaasante/Security-Code-Smells/linux/net/sunrpc/xprtrdma/transport.c.xml
    output : /tmp/cwe190_findings_1HMQND

    strategy : XPath on srcML XML -- ancestor-scoped guard check

--- extracting finding via XPath ---
    function : xprt_rdma_free_addresses
    position : 204:43

    no taint source -- warning/smell
    finding: /Users/afiaasante/Security-Code-Smells/linux/net/sunrpc/xprtrdma/transport.c:204:43 -- xprt_rdma_free_addresses() increments without MAX guard

[ unchecked_increment ] 1 finding(s) written to /tmp/cwe190_findings_1HMQND
========================================
 Findings JSON
========================================
{
  "detector": "unchecked_multiply",
  "severity": "warning",
  "classification": "smell",
  "rule": "integerOverflow",
  "file": "/Users/afiaasante/Security-Code-Smells/linux/net/sunrpc/xprtrdma/transport.c",
  "line": 149,
  "col": 55,
  "varname": "xprt_rdma_format_addresses4",
  "note": {
    "line": 149,
    "col": 55,
    "message": "multiplication in xprt_rdma_format_addresses4() -- no upper-bound guard (INT_MAX / 2)"
  }
}
{
  "detector": "unchecked_increment",
  "severity": "warning",
  "classification": "smell",
  "rule": "integerOverflow",
  "file": "/Users/afiaasante/Security-Code-Smells/linux/net/sunrpc/xprtrdma/transport.c",
  "line": 204,
  "col": 43,
  "varname": "xprt_rdma_free_addresses",
  "note": {
    "line": 204,
    "col": 43,
    "message": "increment (++) in xprt_rdma_free_addresses() -- no upper-bound guard (INT_MAX check)"
  }
}

========================================
 Summary
 Total findings : 2
 Errors         : 0
 Warnings       : 2

 Breakdown by detector:
   unchecked_increment       1
   unchecked_multiply        1
========================================
