========================================
 CWE-195 Signed-to-Unsigned Conversion Detector
 Source  : /Users/afiaasante/Security-Code-Smells/linux/net/ethtool/rss.c
 Report  : /Users/afiaasante/Security-Code-Smells/results/net_scan/SCS007/ethtool__rss.c/rss_report_20260417_175702.txt
 Findings: /Users/afiaasante/Security-Code-Smells/results/net_scan/SCS007/ethtool__rss.c/rss_findings_20260417_175702.json
 Date    : Fri Apr 17 17:57:02 EDT 2026
========================================

=== Stage 1: srcml ===

real	0m0.087s
user	0m0.078s
sys	0m0.005s

=== Stage 2: srcslice ===
Writing to :: /Users/afiaasante/Security-Code-Smells/linux/net/ethtool/rss.c.json
Output Saved to :: /Users/afiaasante/Security-Code-Smells/linux/net/ethtool/rss.c.json

real	0m0.316s
user	0m0.170s
sys	0m0.006s

=== Stage 3: srcattributor ===

real	0m3.750s
user	0m3.514s
sys	0m0.029s

=== Detector 1: signed_malloc ===
    input  : /Users/afiaasante/Security-Code-Smells/linux/net/ethtool/rss.c.xml
    output : /tmp/cwe195_findings_rR5S7J

    query  : FIND $T $FUNC($PARAMS) {} CONTAINS malloc($A)
    note   : destructor/constructor blocks covered by XPath fallback


real	0m0.036s
user	0m0.028s
sys	0m0.005s


--- Stage 2: XPath destructor/constructor fallback ---
    no unguarded destructor/constructor malloc found

[ signed_malloc ] 0 finding(s) written to /tmp/cwe195_findings_rR5S7J
=== Detector 2: signed_memcpy ===
    input  : /Users/afiaasante/Security-Code-Smells/linux/net/ethtool/rss.c.xml
    output : /tmp/cwe195_findings_rR5S7J

    query  : FIND $T $FUNC($PARAMS) {} CONTAINS memcpy($A, $B, $C)

real	0m0.040s
user	0m0.027s
sys	0m0.005s

--- Stage 1 (memcpy): checking srcQL result for positivity guard in <condition> ---
    no taint source -- warning/smell
    finding: /Users/afiaasante/Security-Code-Smells/linux/net/ethtool/rss.c:194:9 -- __rss_prepare_ctx() memcpy without positivity guard
    query  : FIND $T $FUNC($PARAMS) {} CONTAINS memmove($A, $B, $C)

real	0m0.033s
user	0m0.027s
sys	0m0.005s


--- Stage 2: XPath destructor/constructor fallback ---

[ signed_memcpy ] 1 finding(s) written to /tmp/cwe195_findings_rR5S7J
=== Detector 3: signed_strncpy ===
    input  : /Users/afiaasante/Security-Code-Smells/linux/net/ethtool/rss.c.xml
    output : /tmp/cwe195_findings_rR5S7J

    query  : FIND $T $FUNC($PARAMS) {} CONTAINS strncpy($A, $B, $C)
    note   : destructor/constructor blocks covered by XPath fallback


real	0m0.034s
user	0m0.026s
sys	0m0.006s


--- Stage 2: XPath destructor/constructor fallback ---
    no unguarded destructor/constructor strncpy found

[ signed_strncpy ] 0 finding(s) written to /tmp/cwe195_findings_rR5S7J
========================================
 Findings JSON
========================================
{
  "detector": "signed_memcpy",
  "severity": "warning",
  "classification": "smell",
  "rule": "signedUnsignedConversion",
  "file": "/Users/afiaasante/Security-Code-Smells/linux/net/ethtool/rss.c",
  "line": 194,
  "col": 9,
  "varname": "__rss_prepare_ctx",
  "note": {
    "line": 194,
    "col": 9,
    "message": "memcpy() in __rss_prepare_ctx() -- signed int passed as byte count with no positivity guard (data > 0)"
  }
}

========================================
 Summary
 Total findings : 1
 Errors         : 0
 Warnings       : 1

 Breakdown by detector:
   signed_memcpy             1
========================================
