========================================
 CWE-190 Integer Overflow Risk Detector
 Source  : /Users/afiaasante/Security-Code-Smells/linux/net/netlabel/netlabel_unlabeled.c
 Report  : /Users/afiaasante/Security-Code-Smells/results/net_scan/SCS006/netlabel__netlabel_unlabeled.c/netlabel_unlabeled_report_20260417_174308.txt
 Findings: /Users/afiaasante/Security-Code-Smells/results/net_scan/SCS006/netlabel__netlabel_unlabeled.c/netlabel_unlabeled_findings_20260417_174308.json
 Date    : Fri Apr 17 17:43:08 EDT 2026
========================================

=== Stage 1: srcml ===

real	0m0.070s
user	0m0.058s
sys	0m0.004s

=== Stage 2: srcslice ===
Writing to :: /Users/afiaasante/Security-Code-Smells/linux/net/netlabel/netlabel_unlabeled.c.json
Output Saved to :: /Users/afiaasante/Security-Code-Smells/linux/net/netlabel/netlabel_unlabeled.c.json

real	0m0.252s
user	0m0.122s
sys	0m0.005s

=== Stage 3: srcattributor ===

real	0m1.870s
user	0m1.787s
sys	0m0.019s

=== Detector 1: unchecked_multiply ===
    input  : /Users/afiaasante/Security-Code-Smells/linux/net/netlabel/netlabel_unlabeled.c.xml
    output : /tmp/cwe190_findings_NBUQto

    query  : FIND $T $FUNC($PARAMS) {} CONTAINS $TYPE $RESULT = $A * $B
    note   : destructor/constructor blocks covered by XPath fallback


real	0m0.040s
user	0m0.021s
sys	0m0.006s


--- Stage 2: XPath destructor/constructor fallback ---
    no unguarded destructor/constructor multiply found

[ unchecked_multiply ] 0 finding(s) written to /tmp/cwe190_findings_NBUQto
=== Detector 2: unchecked_add ===
    input  : /Users/afiaasante/Security-Code-Smells/linux/net/netlabel/netlabel_unlabeled.c.xml
    output : /tmp/cwe190_findings_NBUQto

    query  : FIND $T $FUNC($PARAMS) {} CONTAINS $TYPE $RESULT = $A + $B
    note   : destructor/constructor blocks covered by XPath fallback


real	0m0.027s
user	0m0.020s
sys	0m0.004s


--- Stage 2: XPath destructor/constructor fallback ---
    no unguarded destructor/constructor addition found

[ unchecked_add ] 0 finding(s) written to /tmp/cwe190_findings_NBUQto
=== Detector 3: unchecked_increment ===
    input  : /Users/afiaasante/Security-Code-Smells/linux/net/netlabel/netlabel_unlabeled.c.xml
    output : /tmp/cwe190_findings_NBUQto

    strategy : XPath on srcML XML -- ancestor-scoped guard check

--- extracting finding via XPath ---
    function : netlbl_unlabel_staticlist_gen
    position : 1133:20

    no taint source -- warning/smell
    finding: /Users/afiaasante/Security-Code-Smells/linux/net/netlabel/netlabel_unlabeled.c:1133:20 -- netlbl_unlabel_staticlist_gen() increments without MAX guard

[ unchecked_increment ] 1 finding(s) written to /tmp/cwe190_findings_NBUQto
========================================
 Findings JSON
========================================
{
  "detector": "unchecked_increment",
  "severity": "warning",
  "classification": "smell",
  "rule": "integerOverflow",
  "file": "/Users/afiaasante/Security-Code-Smells/linux/net/netlabel/netlabel_unlabeled.c",
  "line": 1133,
  "col": 20,
  "varname": "netlbl_unlabel_staticlist_gen",
  "note": {
    "line": 1133,
    "col": 20,
    "message": "increment (++) in netlbl_unlabel_staticlist_gen() -- no upper-bound guard (INT_MAX check)"
  }
}

========================================
 Summary
 Total findings : 1
 Errors         : 0
 Warnings       : 1

 Breakdown by detector:
   unchecked_increment       1
========================================
