========================================
 CWE-195 Signed-to-Unsigned Conversion Detector
 Source  : /Users/afiaasante/Security-Code-Smells/linux/net/bluetooth/cmtp/sock.c
 Report  : /Users/afiaasante/Security-Code-Smells/results/net_scan/SCS007/bluetooth__cmtp__sock.c/sock_report_20260417_175239.txt
 Findings: /Users/afiaasante/Security-Code-Smells/results/net_scan/SCS007/bluetooth__cmtp__sock.c/sock_findings_20260417_175239.json
 Date    : Fri Apr 17 17:52:39 EDT 2026
========================================

=== Stage 1: srcml ===

real	0m0.019s
user	0m0.015s
sys	0m0.003s

=== Stage 2: srcslice ===
Writing to :: /Users/afiaasante/Security-Code-Smells/linux/net/bluetooth/cmtp/sock.c.json
Output Saved to :: /Users/afiaasante/Security-Code-Smells/linux/net/bluetooth/cmtp/sock.c.json

real	0m0.174s
user	0m0.026s
sys	0m0.002s

=== Stage 3: srcattributor ===

real	0m0.072s
user	0m0.067s
sys	0m0.003s

=== Detector 1: signed_malloc ===
    input  : /Users/afiaasante/Security-Code-Smells/linux/net/bluetooth/cmtp/sock.c.xml
    output : /tmp/cwe195_findings_E861WZ

    query  : FIND $T $FUNC($PARAMS) {} CONTAINS malloc($A)
    note   : destructor/constructor blocks covered by XPath fallback


real	0m0.012s
user	0m0.008s
sys	0m0.003s


--- Stage 2: XPath destructor/constructor fallback ---
    no unguarded destructor/constructor malloc found

[ signed_malloc ] 0 finding(s) written to /tmp/cwe195_findings_E861WZ
=== Detector 2: signed_memcpy ===
    input  : /Users/afiaasante/Security-Code-Smells/linux/net/bluetooth/cmtp/sock.c.xml
    output : /tmp/cwe195_findings_E861WZ

    query  : FIND $T $FUNC($PARAMS) {} CONTAINS memcpy($A, $B, $C)

real	0m0.012s
user	0m0.007s
sys	0m0.003s

    query  : FIND $T $FUNC($PARAMS) {} CONTAINS memmove($A, $B, $C)

real	0m0.013s
user	0m0.008s
sys	0m0.004s


--- Stage 2: XPath destructor/constructor fallback ---
    no unguarded destructor/constructor memcpy/memmove found

[ signed_memcpy ] 0 finding(s) written to /tmp/cwe195_findings_E861WZ
=== Detector 3: signed_strncpy ===
    input  : /Users/afiaasante/Security-Code-Smells/linux/net/bluetooth/cmtp/sock.c.xml
    output : /tmp/cwe195_findings_E861WZ

    query  : FIND $T $FUNC($PARAMS) {} CONTAINS strncpy($A, $B, $C)
    note   : destructor/constructor blocks covered by XPath fallback


real	0m0.013s
user	0m0.008s
sys	0m0.004s


--- Stage 2: XPath destructor/constructor fallback ---
    no unguarded destructor/constructor strncpy found

[ signed_strncpy ] 0 finding(s) written to /tmp/cwe195_findings_E861WZ
========================================
 Findings JSON
========================================

========================================
 Summary
 Total findings : 0
 Errors         : 0
 Warnings       : 0
========================================
