========================================
 CWE-190 Integer Overflow Risk Detector
 Source  : /Users/afiaasante/Security-Code-Smells/linux/net/netfilter/ipvs/ip_vs_ftp.c
 Report  : /Users/afiaasante/Security-Code-Smells/results/net_scan/SCS006/netfilter__ipvs__ip_vs_ftp.c/ip_vs_ftp_report_20260417_174209.txt
 Findings: /Users/afiaasante/Security-Code-Smells/results/net_scan/SCS006/netfilter__ipvs__ip_vs_ftp.c/ip_vs_ftp_findings_20260417_174209.json
 Date    : Fri Apr 17 17:42:09 EDT 2026
========================================

=== Stage 1: srcml ===

real	0m0.037s
user	0m0.031s
sys	0m0.004s

=== Stage 2: srcslice ===
Writing to :: /Users/afiaasante/Security-Code-Smells/linux/net/netfilter/ipvs/ip_vs_ftp.c.json
Output Saved to :: /Users/afiaasante/Security-Code-Smells/linux/net/netfilter/ipvs/ip_vs_ftp.c.json

real	0m0.196s
user	0m0.077s
sys	0m0.004s

=== Stage 3: srcattributor ===

real	0m0.621s
user	0m0.598s
sys	0m0.009s

=== Detector 1: unchecked_multiply ===
    input  : /Users/afiaasante/Security-Code-Smells/linux/net/netfilter/ipvs/ip_vs_ftp.c.xml
    output : /tmp/cwe190_findings_Ulxq9t

    query  : FIND $T $FUNC($PARAMS) {} CONTAINS $TYPE $RESULT = $A * $B
    note   : destructor/constructor blocks covered by XPath fallback


real	0m0.020s
user	0m0.013s
sys	0m0.005s

--- Stage 1: checking srcQL result for MAX guard in <condition> ---
    no taint source -- warning/smell
    finding: /Users/afiaasante/Security-Code-Smells/linux/net/netfilter/ipvs/ip_vs_ftp.c:68:44 -- ip_vs_ftp_data_ptr() multiplies without MAX guard

--- Stage 2: XPath destructor/constructor fallback ---
    no unguarded destructor/constructor multiply found

[ unchecked_multiply ] 1 finding(s) written to /tmp/cwe190_findings_Ulxq9t
=== Detector 2: unchecked_add ===
    input  : /Users/afiaasante/Security-Code-Smells/linux/net/netfilter/ipvs/ip_vs_ftp.c.xml
    output : /tmp/cwe190_findings_Ulxq9t

    query  : FIND $T $FUNC($PARAMS) {} CONTAINS $TYPE $RESULT = $A + $B
    note   : destructor/constructor blocks covered by XPath fallback


real	0m0.071s
user	0m0.013s
sys	0m0.004s

--- Stage 1: checking srcQL result for MAX guard in <condition> ---
    no taint source -- warning/smell
    finding: /Users/afiaasante/Security-Code-Smells/linux/net/netfilter/ipvs/ip_vs_ftp.c:68:65 -- ip_vs_ftp_data_ptr() adds without MAX guard

--- Stage 2: XPath destructor/constructor fallback ---
    no unguarded destructor/constructor addition found

[ unchecked_add ] 1 finding(s) written to /tmp/cwe190_findings_Ulxq9t
=== Detector 3: unchecked_increment ===
    input  : /Users/afiaasante/Security-Code-Smells/linux/net/netfilter/ipvs/ip_vs_ftp.c.xml
    output : /tmp/cwe190_findings_Ulxq9t

    strategy : XPath on srcML XML -- ancestor-scoped guard check

--- extracting finding via XPath ---
    function : ip_vs_ftp_get_addrport
    position : 123:26

    no taint source -- warning/smell
    finding: /Users/afiaasante/Security-Code-Smells/linux/net/netfilter/ipvs/ip_vs_ftp.c:123:26 -- ip_vs_ftp_get_addrport() increments without MAX guard

[ unchecked_increment ] 1 finding(s) written to /tmp/cwe190_findings_Ulxq9t
========================================
 Findings JSON
========================================
{
  "detector": "unchecked_multiply",
  "severity": "warning",
  "classification": "smell",
  "rule": "integerOverflow",
  "file": "/Users/afiaasante/Security-Code-Smells/linux/net/netfilter/ipvs/ip_vs_ftp.c",
  "line": 68,
  "col": 44,
  "varname": "ip_vs_ftp_data_ptr",
  "note": {
    "line": 68,
    "col": 44,
    "message": "multiplication in ip_vs_ftp_data_ptr() -- no upper-bound guard (INT_MAX / 2)"
  }
}
{
  "detector": "unchecked_add",
  "severity": "warning",
  "classification": "smell",
  "rule": "integerOverflow",
  "file": "/Users/afiaasante/Security-Code-Smells/linux/net/netfilter/ipvs/ip_vs_ftp.c",
  "line": 68,
  "col": 65,
  "varname": "ip_vs_ftp_data_ptr",
  "note": {
    "line": 68,
    "col": 65,
    "message": "addition in ip_vs_ftp_data_ptr() -- no upper-bound guard before adding"
  }
}
{
  "detector": "unchecked_increment",
  "severity": "warning",
  "classification": "smell",
  "rule": "integerOverflow",
  "file": "/Users/afiaasante/Security-Code-Smells/linux/net/netfilter/ipvs/ip_vs_ftp.c",
  "line": 123,
  "col": 26,
  "varname": "ip_vs_ftp_get_addrport",
  "note": {
    "line": 123,
    "col": 26,
    "message": "increment (++) in ip_vs_ftp_get_addrport() -- no upper-bound guard (INT_MAX check)"
  }
}

========================================
 Summary
 Total findings : 3
 Errors         : 0
 Warnings       : 3

 Breakdown by detector:
   unchecked_add             1
   unchecked_increment       1
   unchecked_multiply        1
========================================
