========================================
 CWE-195 Signed-to-Unsigned Conversion Detector
 Source  : /Users/afiaasante/Security-Code-Smells/linux/net/netlabel/netlabel_domainhash.c
 Report  : /Users/afiaasante/Security-Code-Smells/results/net_scan/SCS007/netlabel__netlabel_domainhash.c/netlabel_domainhash_report_20260417_180329.txt
 Findings: /Users/afiaasante/Security-Code-Smells/results/net_scan/SCS007/netlabel__netlabel_domainhash.c/netlabel_domainhash_findings_20260417_180329.json
 Date    : Fri Apr 17 18:03:29 EDT 2026
========================================

=== Stage 1: srcml ===

real	0m0.059s
user	0m0.048s
sys	0m0.006s

=== Stage 2: srcslice ===
Writing to :: /Users/afiaasante/Security-Code-Smells/linux/net/netlabel/netlabel_domainhash.c.json
Output Saved to :: /Users/afiaasante/Security-Code-Smells/linux/net/netlabel/netlabel_domainhash.c.json

real	0m0.253s
user	0m0.103s
sys	0m0.006s

=== Stage 3: srcattributor ===

real	0m0.981s
user	0m0.929s
sys	0m0.012s

=== Detector 1: signed_malloc ===
    input  : /Users/afiaasante/Security-Code-Smells/linux/net/netlabel/netlabel_domainhash.c.xml
    output : /tmp/cwe195_findings_PZbsrw

    query  : FIND $T $FUNC($PARAMS) {} CONTAINS malloc($A)
    note   : destructor/constructor blocks covered by XPath fallback


real	0m0.026s
user	0m0.018s
sys	0m0.006s


--- Stage 2: XPath destructor/constructor fallback ---
    no unguarded destructor/constructor malloc found

[ signed_malloc ] 0 finding(s) written to /tmp/cwe195_findings_PZbsrw
=== Detector 2: signed_memcpy ===
    input  : /Users/afiaasante/Security-Code-Smells/linux/net/netlabel/netlabel_domainhash.c.xml
    output : /tmp/cwe195_findings_PZbsrw

    query  : FIND $T $FUNC($PARAMS) {} CONTAINS memcpy($A, $B, $C)

real	0m0.029s
user	0m0.019s
sys	0m0.005s

    query  : FIND $T $FUNC($PARAMS) {} CONTAINS memmove($A, $B, $C)

real	0m0.030s
user	0m0.019s
sys	0m0.005s


--- Stage 2: XPath destructor/constructor fallback ---
    no unguarded destructor/constructor memcpy/memmove found

[ signed_memcpy ] 0 finding(s) written to /tmp/cwe195_findings_PZbsrw
=== Detector 3: signed_strncpy ===
    input  : /Users/afiaasante/Security-Code-Smells/linux/net/netlabel/netlabel_domainhash.c.xml
    output : /tmp/cwe195_findings_PZbsrw

    query  : FIND $T $FUNC($PARAMS) {} CONTAINS strncpy($A, $B, $C)
    note   : destructor/constructor blocks covered by XPath fallback


real	0m0.024s
user	0m0.017s
sys	0m0.005s


--- Stage 2: XPath destructor/constructor fallback ---
    no unguarded destructor/constructor strncpy found

[ signed_strncpy ] 0 finding(s) written to /tmp/cwe195_findings_PZbsrw
========================================
 Findings JSON
========================================

========================================
 Summary
 Total findings : 0
 Errors         : 0
 Warnings       : 0
========================================
