========================================
 CWE-190 Integer Overflow Risk Detector
 Source  : /Users/afiaasante/Security-Code-Smells/linux/net/rxrpc/input_rack.c
 Report  : /Users/afiaasante/Security-Code-Smells/results/net_scan/SCS006/rxrpc__input_rack.c/input_rack_report_20260417_174355.txt
 Findings: /Users/afiaasante/Security-Code-Smells/results/net_scan/SCS006/rxrpc__input_rack.c/input_rack_findings_20260417_174355.json
 Date    : Fri Apr 17 17:43:55 EDT 2026
========================================

=== Stage 1: srcml ===

real	0m0.035s
user	0m0.026s
sys	0m0.005s

=== Stage 2: srcslice ===
Writing to :: /Users/afiaasante/Security-Code-Smells/linux/net/rxrpc/input_rack.c.json
Output Saved to :: /Users/afiaasante/Security-Code-Smells/linux/net/rxrpc/input_rack.c.json

real	0m0.186s
user	0m0.062s
sys	0m0.004s

=== Stage 3: srcattributor ===

real	0m0.416s
user	0m0.347s
sys	0m0.009s

=== Detector 1: unchecked_multiply ===
    input  : /Users/afiaasante/Security-Code-Smells/linux/net/rxrpc/input_rack.c.xml
    output : /tmp/cwe190_findings_NIKwve

    query  : FIND $T $FUNC($PARAMS) {} CONTAINS $TYPE $RESULT = $A * $B
    note   : destructor/constructor blocks covered by XPath fallback


real	0m0.017s
user	0m0.012s
sys	0m0.004s


--- Stage 2: XPath destructor/constructor fallback ---
    no unguarded destructor/constructor multiply found

[ unchecked_multiply ] 0 finding(s) written to /tmp/cwe190_findings_NIKwve
=== Detector 2: unchecked_add ===
    input  : /Users/afiaasante/Security-Code-Smells/linux/net/rxrpc/input_rack.c.xml
    output : /tmp/cwe190_findings_NIKwve

    query  : FIND $T $FUNC($PARAMS) {} CONTAINS $TYPE $RESULT = $A + $B
    note   : destructor/constructor blocks covered by XPath fallback


real	0m0.018s
user	0m0.013s
sys	0m0.004s

--- Stage 1: checking srcQL result for MAX guard in <condition> ---
    no taint source -- warning/smell
    finding: /Users/afiaasante/Security-Code-Smells/linux/net/rxrpc/input_rack.c:67:37 -- rxrpc_rack_update() adds without MAX guard

--- Stage 2: XPath destructor/constructor fallback ---
    no unguarded destructor/constructor addition found

[ unchecked_add ] 1 finding(s) written to /tmp/cwe190_findings_NIKwve
=== Detector 3: unchecked_increment ===
    input  : /Users/afiaasante/Security-Code-Smells/linux/net/rxrpc/input_rack.c.xml
    output : /tmp/cwe190_findings_NIKwve

    strategy : XPath on srcML XML -- ancestor-scoped guard check

--- extracting finding via XPath ---
    function : rxrpc_rack_mark_lost
    position : 30:33

    no taint source -- warning/smell
    finding: /Users/afiaasante/Security-Code-Smells/linux/net/rxrpc/input_rack.c:30:33 -- rxrpc_rack_mark_lost() increments without MAX guard

[ unchecked_increment ] 1 finding(s) written to /tmp/cwe190_findings_NIKwve
========================================
 Findings JSON
========================================
{
  "detector": "unchecked_add",
  "severity": "warning",
  "classification": "smell",
  "rule": "integerOverflow",
  "file": "/Users/afiaasante/Security-Code-Smells/linux/net/rxrpc/input_rack.c",
  "line": 67,
  "col": 37,
  "varname": "rxrpc_rack_update",
  "note": {
    "line": 67,
    "col": 37,
    "message": "addition in rxrpc_rack_update() -- no upper-bound guard before adding"
  }
}
{
  "detector": "unchecked_increment",
  "severity": "warning",
  "classification": "smell",
  "rule": "integerOverflow",
  "file": "/Users/afiaasante/Security-Code-Smells/linux/net/rxrpc/input_rack.c",
  "line": 30,
  "col": 33,
  "varname": "rxrpc_rack_mark_lost",
  "note": {
    "line": 30,
    "col": 33,
    "message": "increment (++) in rxrpc_rack_mark_lost() -- no upper-bound guard (INT_MAX check)"
  }
}

========================================
 Summary
 Total findings : 2
 Errors         : 0
 Warnings       : 2

 Breakdown by detector:
   unchecked_add             1
   unchecked_increment       1
========================================
