========================================
 CWE-195 Signed-to-Unsigned Conversion Detector
 Source  : /Users/afiaasante/Security-Code-Smells/linux/net/mac80211/mlme.c
 Report  : /Users/afiaasante/Security-Code-Smells/results/net_scan/SCS007/mac80211__mlme.c/mlme_report_20260417_180049.txt
 Findings: /Users/afiaasante/Security-Code-Smells/results/net_scan/SCS007/mac80211__mlme.c/mlme_findings_20260417_180049.json
 Date    : Fri Apr 17 18:00:49 EDT 2026
========================================

=== Stage 1: srcml ===

real	0m0.687s
user	0m0.618s
sys	0m0.022s

=== Stage 2: srcslice ===
Writing to :: /Users/afiaasante/Security-Code-Smells/linux/net/mac80211/mlme.c.json
Output Saved to :: /Users/afiaasante/Security-Code-Smells/linux/net/mac80211/mlme.c.json

real	0m1.556s
user	0m1.284s
sys	0m0.031s

=== Stage 3: srcattributor ===

real	4m33.556s
user	4m9.303s
sys	0m2.869s

=== Detector 1: signed_malloc ===
    input  : /Users/afiaasante/Security-Code-Smells/linux/net/mac80211/mlme.c.xml
    output : /tmp/cwe195_findings_b1W1Zt

    query  : FIND $T $FUNC($PARAMS) {} CONTAINS malloc($A)
    note   : destructor/constructor blocks covered by XPath fallback


real	0m0.212s
user	0m0.175s
sys	0m0.022s


--- Stage 2: XPath destructor/constructor fallback ---
    no unguarded destructor/constructor malloc found

[ signed_malloc ] 0 finding(s) written to /tmp/cwe195_findings_b1W1Zt
=== Detector 2: signed_memcpy ===
    input  : /Users/afiaasante/Security-Code-Smells/linux/net/mac80211/mlme.c.xml
    output : /tmp/cwe195_findings_b1W1Zt

    query  : FIND $T $FUNC($PARAMS) {} CONTAINS memcpy($A, $B, $C)

real	0m0.234s
user	0m0.187s
sys	0m0.023s

--- Stage 1 (memcpy): checking srcQL result for positivity guard in <condition> ---
    guarded -- > operator found in condition, no finding
    query  : FIND $T $FUNC($PARAMS) {} CONTAINS memmove($A, $B, $C)

real	0m0.204s
user	0m0.173s
sys	0m0.019s


--- Stage 2: XPath destructor/constructor fallback ---
    no unguarded destructor/constructor memcpy/memmove found

[ signed_memcpy ] 0 finding(s) written to /tmp/cwe195_findings_b1W1Zt
=== Detector 3: signed_strncpy ===
    input  : /Users/afiaasante/Security-Code-Smells/linux/net/mac80211/mlme.c.xml
    output : /tmp/cwe195_findings_b1W1Zt

    query  : FIND $T $FUNC($PARAMS) {} CONTAINS strncpy($A, $B, $C)
    note   : destructor/constructor blocks covered by XPath fallback


real	0m0.235s
user	0m0.174s
sys	0m0.021s


--- Stage 2: XPath destructor/constructor fallback ---
    no unguarded destructor/constructor strncpy found

[ signed_strncpy ] 0 finding(s) written to /tmp/cwe195_findings_b1W1Zt
========================================
 Findings JSON
========================================

========================================
 Summary
 Total findings : 0
 Errors         : 0
 Warnings       : 0
========================================
