========================================
 CWE-195 Signed-to-Unsigned Conversion Detector
 Source  : /Users/afiaasante/Security-Code-Smells/linux/net/sched/sch_api.c
 Report  : /Users/afiaasante/Security-Code-Smells/results/net_scan/SCS007/sched__sch_api.c/sch_api_report_20260417_180459.txt
 Findings: /Users/afiaasante/Security-Code-Smells/results/net_scan/SCS007/sched__sch_api.c/sch_api_findings_20260417_180459.json
 Date    : Fri Apr 17 18:04:59 EDT 2026
========================================

=== Stage 1: srcml ===

real	0m0.170s
user	0m0.156s
sys	0m0.007s

=== Stage 2: srcslice ===
Writing to :: /Users/afiaasante/Security-Code-Smells/linux/net/sched/sch_api.c.json
Output Saved to :: /Users/afiaasante/Security-Code-Smells/linux/net/sched/sch_api.c.json

real	0m0.440s
user	0m0.326s
sys	0m0.010s

=== Stage 3: srcattributor ===

real	0m14.351s
user	0m13.494s
sys	0m0.126s

=== Detector 1: signed_malloc ===
    input  : /Users/afiaasante/Security-Code-Smells/linux/net/sched/sch_api.c.xml
    output : /tmp/cwe195_findings_LqRrgh

    query  : FIND $T $FUNC($PARAMS) {} CONTAINS malloc($A)
    note   : destructor/constructor blocks covered by XPath fallback


real	0m0.060s
user	0m0.045s
sys	0m0.007s


--- Stage 2: XPath destructor/constructor fallback ---
    no unguarded destructor/constructor malloc found

[ signed_malloc ] 0 finding(s) written to /tmp/cwe195_findings_LqRrgh
=== Detector 2: signed_memcpy ===
    input  : /Users/afiaasante/Security-Code-Smells/linux/net/sched/sch_api.c.xml
    output : /tmp/cwe195_findings_LqRrgh

    query  : FIND $T $FUNC($PARAMS) {} CONTAINS memcpy($A, $B, $C)

real	0m0.068s
user	0m0.049s
sys	0m0.006s

--- Stage 1 (memcpy): checking srcQL result for positivity guard in <condition> ---
    guarded -- > operator found in condition, no finding
    query  : FIND $T $FUNC($PARAMS) {} CONTAINS memmove($A, $B, $C)

real	0m0.062s
user	0m0.046s
sys	0m0.006s


--- Stage 2: XPath destructor/constructor fallback ---
    no unguarded destructor/constructor memcpy/memmove found

[ signed_memcpy ] 0 finding(s) written to /tmp/cwe195_findings_LqRrgh
=== Detector 3: signed_strncpy ===
    input  : /Users/afiaasante/Security-Code-Smells/linux/net/sched/sch_api.c.xml
    output : /tmp/cwe195_findings_LqRrgh

    query  : FIND $T $FUNC($PARAMS) {} CONTAINS strncpy($A, $B, $C)
    note   : destructor/constructor blocks covered by XPath fallback


real	0m0.061s
user	0m0.047s
sys	0m0.008s


--- Stage 2: XPath destructor/constructor fallback ---
    no unguarded destructor/constructor strncpy found

[ signed_strncpy ] 0 finding(s) written to /tmp/cwe195_findings_LqRrgh
========================================
 Findings JSON
========================================

========================================
 Summary
 Total findings : 0
 Errors         : 0
 Warnings       : 0
========================================
