========================================
 CWE-190 Integer Overflow Risk Detector
 Source  : /Users/afiaasante/Security-Code-Smells/linux/net/sunrpc/auth_gss/gss_krb5_unseal.c
 Report  : /Users/afiaasante/Security-Code-Smells/results/net_scan/SCS006/sunrpc__auth_gss__gss_krb5_unseal.c/gss_krb5_unseal_report_20260417_174525.txt
 Findings: /Users/afiaasante/Security-Code-Smells/results/net_scan/SCS006/sunrpc__auth_gss__gss_krb5_unseal.c/gss_krb5_unseal_findings_20260417_174525.json
 Date    : Fri Apr 17 17:45:25 EDT 2026
========================================

=== Stage 1: srcml ===

real	0m0.014s
user	0m0.009s
sys	0m0.004s

=== Stage 2: srcslice ===
Writing to :: /Users/afiaasante/Security-Code-Smells/linux/net/sunrpc/auth_gss/gss_krb5_unseal.c.json
Output Saved to :: /Users/afiaasante/Security-Code-Smells/linux/net/sunrpc/auth_gss/gss_krb5_unseal.c.json

real	0m0.192s
user	0m0.029s
sys	0m0.004s

=== Stage 3: srcattributor ===

real	0m0.024s
user	0m0.019s
sys	0m0.004s

=== Detector 1: unchecked_multiply ===
    input  : /Users/afiaasante/Security-Code-Smells/linux/net/sunrpc/auth_gss/gss_krb5_unseal.c.xml
    output : /tmp/cwe190_findings_4pdLjv

    query  : FIND $T $FUNC($PARAMS) {} CONTAINS $TYPE $RESULT = $A * $B
    note   : destructor/constructor blocks covered by XPath fallback


real	0m0.012s
user	0m0.007s
sys	0m0.004s


--- Stage 2: XPath destructor/constructor fallback ---
    no unguarded destructor/constructor multiply found

[ unchecked_multiply ] 0 finding(s) written to /tmp/cwe190_findings_4pdLjv
=== Detector 2: unchecked_add ===
    input  : /Users/afiaasante/Security-Code-Smells/linux/net/sunrpc/auth_gss/gss_krb5_unseal.c.xml
    output : /tmp/cwe190_findings_4pdLjv

    query  : FIND $T $FUNC($PARAMS) {} CONTAINS $TYPE $RESULT = $A + $B
    note   : destructor/constructor blocks covered by XPath fallback


real	0m0.013s
user	0m0.007s
sys	0m0.004s


--- Stage 2: XPath destructor/constructor fallback ---
    no unguarded destructor/constructor addition found

[ unchecked_add ] 0 finding(s) written to /tmp/cwe190_findings_4pdLjv
=== Detector 3: unchecked_increment ===
    input  : /Users/afiaasante/Security-Code-Smells/linux/net/sunrpc/auth_gss/gss_krb5_unseal.c.xml
    output : /tmp/cwe190_findings_4pdLjv

    strategy : XPath on srcML XML -- ancestor-scoped guard check

--- extracting finding via XPath ---
    function : gss_krb5_verify_mic_v2
    position : 103:29

    no taint source -- warning/smell
    finding: /Users/afiaasante/Security-Code-Smells/linux/net/sunrpc/auth_gss/gss_krb5_unseal.c:103:29 -- gss_krb5_verify_mic_v2() increments without MAX guard

[ unchecked_increment ] 1 finding(s) written to /tmp/cwe190_findings_4pdLjv
========================================
 Findings JSON
========================================
{
  "detector": "unchecked_increment",
  "severity": "warning",
  "classification": "smell",
  "rule": "integerOverflow",
  "file": "/Users/afiaasante/Security-Code-Smells/linux/net/sunrpc/auth_gss/gss_krb5_unseal.c",
  "line": 103,
  "col": 29,
  "varname": "gss_krb5_verify_mic_v2",
  "note": {
    "line": 103,
    "col": 29,
    "message": "increment (++) in gss_krb5_verify_mic_v2() -- no upper-bound guard (INT_MAX check)"
  }
}

========================================
 Summary
 Total findings : 1
 Errors         : 0
 Warnings       : 1

 Breakdown by detector:
   unchecked_increment       1
========================================
