========================================
 CWE-190 Integer Overflow Risk Detector
 Source  : /Users/afiaasante/Security-Code-Smells/linux/net/sched/act_skbmod.c
 Report  : /Users/afiaasante/Security-Code-Smells/results/net_scan/SCS006/sched__act_skbmod.c/act_skbmod_report_20260417_174409.txt
 Findings: /Users/afiaasante/Security-Code-Smells/results/net_scan/SCS006/sched__act_skbmod.c/act_skbmod_findings_20260417_174409.json
 Date    : Fri Apr 17 17:44:09 EDT 2026
========================================

=== Stage 1: srcml ===

real	0m0.030s
user	0m0.023s
sys	0m0.004s

=== Stage 2: srcslice ===
Writing to :: /Users/afiaasante/Security-Code-Smells/linux/net/sched/act_skbmod.c.json
Output Saved to :: /Users/afiaasante/Security-Code-Smells/linux/net/sched/act_skbmod.c.json

real	0m0.188s
user	0m0.051s
sys	0m0.004s

=== Stage 3: srcattributor ===

real	0m0.224s
user	0m0.212s
sys	0m0.005s

=== Detector 1: unchecked_multiply ===
    input  : /Users/afiaasante/Security-Code-Smells/linux/net/sched/act_skbmod.c.xml
    output : /tmp/cwe190_findings_vyouqF

    query  : FIND $T $FUNC($PARAMS) {} CONTAINS $TYPE $RESULT = $A * $B
    note   : destructor/constructor blocks covered by XPath fallback


real	0m0.019s
user	0m0.011s
sys	0m0.004s


--- Stage 2: XPath destructor/constructor fallback ---
    no unguarded destructor/constructor multiply found

[ unchecked_multiply ] 0 finding(s) written to /tmp/cwe190_findings_vyouqF
=== Detector 2: unchecked_add ===
    input  : /Users/afiaasante/Security-Code-Smells/linux/net/sched/act_skbmod.c.xml
    output : /tmp/cwe190_findings_vyouqF

    query  : FIND $T $FUNC($PARAMS) {} CONTAINS $TYPE $RESULT = $A + $B
    note   : destructor/constructor blocks covered by XPath fallback


real	0m0.017s
user	0m0.011s
sys	0m0.004s


--- Stage 2: XPath destructor/constructor fallback ---
    no unguarded destructor/constructor addition found

[ unchecked_add ] 0 finding(s) written to /tmp/cwe190_findings_vyouqF
=== Detector 3: unchecked_increment ===
    input  : /Users/afiaasante/Security-Code-Smells/linux/net/sched/act_skbmod.c.xml
    output : /tmp/cwe190_findings_vyouqF

    strategy : XPath on srcML XML -- ancestor-scoped guard check

[ unchecked_increment ] No smell detected.
========================================
 Findings JSON
========================================

========================================
 Summary
 Total findings : 0
 Errors         : 0
 Warnings       : 0
========================================
