========================================
 CWE-190 Integer Overflow Risk Detector
 Source  : /Users/afiaasante/Security-Code-Smells/linux/net/xfrm/xfrm_output.c
 Report  : /Users/afiaasante/Security-Code-Smells/results/net_scan/SCS006/xfrm__xfrm_output.c/xfrm_output_report_20260417_174709.txt
 Findings: /Users/afiaasante/Security-Code-Smells/results/net_scan/SCS006/xfrm__xfrm_output.c/xfrm_output_findings_20260417_174709.json
 Date    : Fri Apr 17 17:47:09 EDT 2026
========================================

=== Stage 1: srcml ===

real	0m0.059s
user	0m0.052s
sys	0m0.005s

=== Stage 2: srcslice ===
Writing to :: /Users/afiaasante/Security-Code-Smells/linux/net/xfrm/xfrm_output.c.json
Output Saved to :: /Users/afiaasante/Security-Code-Smells/linux/net/xfrm/xfrm_output.c.json

real	0m0.248s
user	0m0.119s
sys	0m0.005s

=== Stage 3: srcattributor ===

real	0m1.751s
user	0m1.661s
sys	0m0.015s

=== Detector 1: unchecked_multiply ===
    input  : /Users/afiaasante/Security-Code-Smells/linux/net/xfrm/xfrm_output.c.xml
    output : /tmp/cwe190_findings_cguaY4

    query  : FIND $T $FUNC($PARAMS) {} CONTAINS $TYPE $RESULT = $A * $B
    note   : destructor/constructor blocks covered by XPath fallback


real	0m0.028s
user	0m0.021s
sys	0m0.005s

--- Stage 1: checking srcQL result for MAX guard in <condition> ---
    no taint source -- warning/smell
    finding: /Users/afiaasante/Security-Code-Smells/linux/net/xfrm/xfrm_output.c:68:28 -- xfrm4_transport_output() multiplies without MAX guard

--- Stage 2: XPath destructor/constructor fallback ---
    no unguarded destructor/constructor multiply found

[ unchecked_multiply ] 1 finding(s) written to /tmp/cwe190_findings_cguaY4
=== Detector 2: unchecked_add ===
    input  : /Users/afiaasante/Security-Code-Smells/linux/net/xfrm/xfrm_output.c.xml
    output : /tmp/cwe190_findings_cguaY4

    query  : FIND $T $FUNC($PARAMS) {} CONTAINS $TYPE $RESULT = $A + $B
    note   : destructor/constructor blocks covered by XPath fallback


real	0m0.027s
user	0m0.020s
sys	0m0.006s

--- Stage 1: checking srcQL result for MAX guard in <condition> ---
    no taint source -- warning/smell
    finding: /Users/afiaasante/Security-Code-Smells/linux/net/xfrm/xfrm_output.c:34:37 -- xfrm_skb_check_space() adds without MAX guard

--- Stage 2: XPath destructor/constructor fallback ---
    no unguarded destructor/constructor addition found

[ unchecked_add ] 1 finding(s) written to /tmp/cwe190_findings_cguaY4
=== Detector 3: unchecked_increment ===
    input  : /Users/afiaasante/Security-Code-Smells/linux/net/xfrm/xfrm_output.c.xml
    output : /tmp/cwe190_findings_cguaY4

    strategy : XPath on srcML XML -- ancestor-scoped guard check

--- extracting finding via XPath ---
    function : xfrm_output_one
    position : 537:34

    no taint source -- warning/smell
    finding: /Users/afiaasante/Security-Code-Smells/linux/net/xfrm/xfrm_output.c:537:34 -- xfrm_output_one() increments without MAX guard

[ unchecked_increment ] 1 finding(s) written to /tmp/cwe190_findings_cguaY4
========================================
 Findings JSON
========================================
{
  "detector": "unchecked_multiply",
  "severity": "warning",
  "classification": "smell",
  "rule": "integerOverflow",
  "file": "/Users/afiaasante/Security-Code-Smells/linux/net/xfrm/xfrm_output.c",
  "line": 68,
  "col": 28,
  "varname": "xfrm4_transport_output",
  "note": {
    "line": 68,
    "col": 28,
    "message": "multiplication in xfrm4_transport_output() -- no upper-bound guard (INT_MAX / 2)"
  }
}
{
  "detector": "unchecked_add",
  "severity": "warning",
  "classification": "smell",
  "rule": "integerOverflow",
  "file": "/Users/afiaasante/Security-Code-Smells/linux/net/xfrm/xfrm_output.c",
  "line": 34,
  "col": 37,
  "varname": "xfrm_skb_check_space",
  "note": {
    "line": 34,
    "col": 37,
    "message": "addition in xfrm_skb_check_space() -- no upper-bound guard before adding"
  }
}
{
  "detector": "unchecked_increment",
  "severity": "warning",
  "classification": "smell",
  "rule": "integerOverflow",
  "file": "/Users/afiaasante/Security-Code-Smells/linux/net/xfrm/xfrm_output.c",
  "line": 537,
  "col": 34,
  "varname": "xfrm_output_one",
  "note": {
    "line": 537,
    "col": 34,
    "message": "increment (++) in xfrm_output_one() -- no upper-bound guard (INT_MAX check)"
  }
}

========================================
 Summary
 Total findings : 3
 Errors         : 0
 Warnings       : 3

 Breakdown by detector:
   unchecked_add             1
   unchecked_increment       1
   unchecked_multiply        1
========================================
