========================================
 CWE-190 Integer Overflow Risk Detector
 Source  : /Users/afiaasante/Security-Code-Smells/linux/net/phonet/pep.c
 Report  : /Users/afiaasante/Security-Code-Smells/results/net_scan/SCS006/phonet__pep.c/pep_report_20260417_174333.txt
 Findings: /Users/afiaasante/Security-Code-Smells/results/net_scan/SCS006/phonet__pep.c/pep_findings_20260417_174333.json
 Date    : Fri Apr 17 17:43:33 EDT 2026
========================================

=== Stage 1: srcml ===

real	0m0.088s
user	0m0.077s
sys	0m0.006s

=== Stage 2: srcslice ===
Writing to :: /Users/afiaasante/Security-Code-Smells/linux/net/phonet/pep.c.json
Output Saved to :: /Users/afiaasante/Security-Code-Smells/linux/net/phonet/pep.c.json

real	0m0.308s
user	0m0.160s
sys	0m0.006s

=== Stage 3: srcattributor ===

real	0m4.251s
user	0m4.104s
sys	0m0.044s

=== Detector 1: unchecked_multiply ===
    input  : /Users/afiaasante/Security-Code-Smells/linux/net/phonet/pep.c.xml
    output : /tmp/cwe190_findings_n9sK0b

    query  : FIND $T $FUNC($PARAMS) {} CONTAINS $TYPE $RESULT = $A * $B
    note   : destructor/constructor blocks covered by XPath fallback


real	0m0.032s
user	0m0.024s
sys	0m0.005s


--- Stage 2: XPath destructor/constructor fallback ---
    no unguarded destructor/constructor multiply found

[ unchecked_multiply ] 0 finding(s) written to /tmp/cwe190_findings_n9sK0b
=== Detector 2: unchecked_add ===
    input  : /Users/afiaasante/Security-Code-Smells/linux/net/phonet/pep.c.xml
    output : /tmp/cwe190_findings_n9sK0b

    query  : FIND $T $FUNC($PARAMS) {} CONTAINS $TYPE $RESULT = $A + $B
    note   : destructor/constructor blocks covered by XPath fallback


real	0m0.030s
user	0m0.023s
sys	0m0.006s


--- Stage 2: XPath destructor/constructor fallback ---
    no unguarded destructor/constructor addition found

[ unchecked_add ] 0 finding(s) written to /tmp/cwe190_findings_n9sK0b
=== Detector 3: unchecked_increment ===
    input  : /Users/afiaasante/Security-Code-Smells/linux/net/phonet/pep.c.xml
    output : /tmp/cwe190_findings_n9sK0b

    strategy : XPath on srcML XML -- ancestor-scoped guard check

--- extracting finding via XPath ---
    function : pipe_negotiate_fc
    position : 473:29

    no taint source -- warning/smell
    finding: /Users/afiaasante/Security-Code-Smells/linux/net/phonet/pep.c:473:29 -- pipe_negotiate_fc() increments without MAX guard

[ unchecked_increment ] 1 finding(s) written to /tmp/cwe190_findings_n9sK0b
========================================
 Findings JSON
========================================
{
  "detector": "unchecked_increment",
  "severity": "warning",
  "classification": "smell",
  "rule": "integerOverflow",
  "file": "/Users/afiaasante/Security-Code-Smells/linux/net/phonet/pep.c",
  "line": 473,
  "col": 29,
  "varname": "pipe_negotiate_fc",
  "note": {
    "line": 473,
    "col": 29,
    "message": "increment (++) in pipe_negotiate_fc() -- no upper-bound guard (INT_MAX check)"
  }
}

========================================
 Summary
 Total findings : 1
 Errors         : 0
 Warnings       : 1

 Breakdown by detector:
   unchecked_increment       1
========================================
