========================================
 CWE-190 Integer Overflow Risk Detector
 Source  : /Users/afiaasante/Security-Code-Smells/linux/net/bridge/netfilter/ebt_vlan.c
 Report  : /Users/afiaasante/Security-Code-Smells/results/net_scan/SCS006/bridge__netfilter__ebt_vlan.c/ebt_vlan_report_20260417_173608.txt
 Findings: /Users/afiaasante/Security-Code-Smells/results/net_scan/SCS006/bridge__netfilter__ebt_vlan.c/ebt_vlan_findings_20260417_173608.json
 Date    : Fri Apr 17 17:36:08 EDT 2026
========================================

=== Stage 1: srcml ===

real	0m0.010s
user	0m0.006s
sys	0m0.003s

=== Stage 2: srcslice ===
Writing to :: /Users/afiaasante/Security-Code-Smells/linux/net/bridge/netfilter/ebt_vlan.c.json
Output Saved to :: /Users/afiaasante/Security-Code-Smells/linux/net/bridge/netfilter/ebt_vlan.c.json

real	0m0.180s
user	0m0.024s
sys	0m0.003s

=== Stage 3: srcattributor ===

real	0m0.022s
user	0m0.017s
sys	0m0.004s

=== Detector 1: unchecked_multiply ===
    input  : /Users/afiaasante/Security-Code-Smells/linux/net/bridge/netfilter/ebt_vlan.c.xml
    output : /tmp/cwe190_findings_zW1dUu

    query  : FIND $T $FUNC($PARAMS) {} CONTAINS $TYPE $RESULT = $A * $B
    note   : destructor/constructor blocks covered by XPath fallback


real	0m0.011s
user	0m0.006s
sys	0m0.004s


--- Stage 2: XPath destructor/constructor fallback ---
    no unguarded destructor/constructor multiply found

[ unchecked_multiply ] 0 finding(s) written to /tmp/cwe190_findings_zW1dUu
=== Detector 2: unchecked_add ===
    input  : /Users/afiaasante/Security-Code-Smells/linux/net/bridge/netfilter/ebt_vlan.c.xml
    output : /tmp/cwe190_findings_zW1dUu

    query  : FIND $T $FUNC($PARAMS) {} CONTAINS $TYPE $RESULT = $A + $B
    note   : destructor/constructor blocks covered by XPath fallback


real	0m0.010s
user	0m0.006s
sys	0m0.003s


--- Stage 2: XPath destructor/constructor fallback ---
    no unguarded destructor/constructor addition found

[ unchecked_add ] 0 finding(s) written to /tmp/cwe190_findings_zW1dUu
=== Detector 3: unchecked_increment ===
    input  : /Users/afiaasante/Security-Code-Smells/linux/net/bridge/netfilter/ebt_vlan.c.xml
    output : /tmp/cwe190_findings_zW1dUu

    strategy : XPath on srcML XML -- ancestor-scoped guard check

[ unchecked_increment ] No smell detected.
========================================
 Findings JSON
========================================

========================================
 Summary
 Total findings : 0
 Errors         : 0
 Warnings       : 0
========================================
