========================================
 CWE-190 Integer Overflow Risk Detector
 Source  : /Users/afiaasante/Security-Code-Smells/linux/net/core/sock.c
 Report  : /Users/afiaasante/Security-Code-Smells/results/net_scan/SCS006/core__sock.c/sock_report_20260417_173722.txt
 Findings: /Users/afiaasante/Security-Code-Smells/results/net_scan/SCS006/core__sock.c/sock_findings_20260417_173722.json
 Date    : Fri Apr 17 17:37:22 EDT 2026
========================================

=== Stage 1: srcml ===

real	0m0.175s
user	0m0.159s
sys	0m0.008s

=== Stage 2: srcslice ===
Writing to :: /Users/afiaasante/Security-Code-Smells/linux/net/core/sock.c.json
Output Saved to :: /Users/afiaasante/Security-Code-Smells/linux/net/core/sock.c.json

real	0m0.424s
user	0m0.281s
sys	0m0.009s

=== Stage 3: srcattributor ===

real	0m20.298s
user	0m19.722s
sys	0m0.148s

=== Detector 1: unchecked_multiply ===
    input  : /Users/afiaasante/Security-Code-Smells/linux/net/core/sock.c.xml
    output : /tmp/cwe190_findings_8e1d8k

    query  : FIND $T $FUNC($PARAMS) {} CONTAINS $TYPE $RESULT = $A * $B
    note   : destructor/constructor blocks covered by XPath fallback


real	0m0.050s
user	0m0.042s
sys	0m0.007s


--- Stage 2: XPath destructor/constructor fallback ---
    no unguarded destructor/constructor multiply found

[ unchecked_multiply ] 0 finding(s) written to /tmp/cwe190_findings_8e1d8k
=== Detector 2: unchecked_add ===
    input  : /Users/afiaasante/Security-Code-Smells/linux/net/core/sock.c.xml
    output : /tmp/cwe190_findings_8e1d8k

    query  : FIND $T $FUNC($PARAMS) {} CONTAINS $TYPE $RESULT = $A + $B
    note   : destructor/constructor blocks covered by XPath fallback


real	0m0.059s
user	0m0.050s
sys	0m0.007s


--- Stage 2: XPath destructor/constructor fallback ---
    no unguarded destructor/constructor addition found

[ unchecked_add ] 0 finding(s) written to /tmp/cwe190_findings_8e1d8k
=== Detector 3: unchecked_increment ===
    input  : /Users/afiaasante/Security-Code-Smells/linux/net/core/sock.c.xml
    output : /tmp/cwe190_findings_8e1d8k

    strategy : XPath on srcML XML -- ancestor-scoped guard check

--- extracting finding via XPath ---
    function : sock_set_timeout
    position : 444:31

    no taint source -- warning/smell
    finding: /Users/afiaasante/Security-Code-Smells/linux/net/core/sock.c:444:31 -- sock_set_timeout() increments without MAX guard

[ unchecked_increment ] 1 finding(s) written to /tmp/cwe190_findings_8e1d8k
========================================
 Findings JSON
========================================
{
  "detector": "unchecked_increment",
  "severity": "warning",
  "classification": "smell",
  "rule": "integerOverflow",
  "file": "/Users/afiaasante/Security-Code-Smells/linux/net/core/sock.c",
  "line": 444,
  "col": 31,
  "varname": "sock_set_timeout",
  "note": {
    "line": 444,
    "col": 31,
    "message": "increment (++) in sock_set_timeout() -- no upper-bound guard (INT_MAX check)"
  }
}

========================================
 Summary
 Total findings : 1
 Errors         : 0
 Warnings       : 1

 Breakdown by detector:
   unchecked_increment       1
========================================
