========================================
 CWE-190 Integer Overflow Risk Detector
 Source  : /Users/afiaasante/Security-Code-Smells/linux/net/netfilter/ipvs/ip_vs_app.c
 Report  : /Users/afiaasante/Security-Code-Smells/results/net_scan/SCS006/netfilter__ipvs__ip_vs_app.c/ip_vs_app_report_20260417_174205.txt
 Findings: /Users/afiaasante/Security-Code-Smells/results/net_scan/SCS006/netfilter__ipvs__ip_vs_app.c/ip_vs_app_findings_20260417_174205.json
 Date    : Fri Apr 17 17:42:05 EDT 2026
========================================

=== Stage 1: srcml ===

real	0m0.036s
user	0m0.029s
sys	0m0.004s

=== Stage 2: srcslice ===
Writing to :: /Users/afiaasante/Security-Code-Smells/linux/net/netfilter/ipvs/ip_vs_app.c.json
Output Saved to :: /Users/afiaasante/Security-Code-Smells/linux/net/netfilter/ipvs/ip_vs_app.c.json

real	0m0.200s
user	0m0.071s
sys	0m0.005s

=== Stage 3: srcattributor ===

real	0m0.439s
user	0m0.414s
sys	0m0.008s

=== Detector 1: unchecked_multiply ===
    input  : /Users/afiaasante/Security-Code-Smells/linux/net/netfilter/ipvs/ip_vs_app.c.xml
    output : /tmp/cwe190_findings_xoNat7

    query  : FIND $T $FUNC($PARAMS) {} CONTAINS $TYPE $RESULT = $A * $B
    note   : destructor/constructor blocks covered by XPath fallback


real	0m0.018s
user	0m0.013s
sys	0m0.004s


--- Stage 2: XPath destructor/constructor fallback ---
    no unguarded destructor/constructor multiply found

[ unchecked_multiply ] 0 finding(s) written to /tmp/cwe190_findings_xoNat7
=== Detector 2: unchecked_add ===
    input  : /Users/afiaasante/Security-Code-Smells/linux/net/netfilter/ipvs/ip_vs_app.c.xml
    output : /tmp/cwe190_findings_xoNat7

    query  : FIND $T $FUNC($PARAMS) {} CONTAINS $TYPE $RESULT = $A + $B
    note   : destructor/constructor blocks covered by XPath fallback


real	0m0.019s
user	0m0.013s
sys	0m0.005s


--- Stage 2: XPath destructor/constructor fallback ---
    no unguarded destructor/constructor addition found

[ unchecked_add ] 0 finding(s) written to /tmp/cwe190_findings_xoNat7
=== Detector 3: unchecked_increment ===
    input  : /Users/afiaasante/Security-Code-Smells/linux/net/netfilter/ipvs/ip_vs_app.c.xml
    output : /tmp/cwe190_findings_xoNat7

    strategy : XPath on srcML XML -- ancestor-scoped guard check

--- extracting finding via XPath ---
    function : ip_vs_app_seq_next
    position : 549:9

    no taint source -- warning/smell
    finding: /Users/afiaasante/Security-Code-Smells/linux/net/netfilter/ipvs/ip_vs_app.c:549:9 -- ip_vs_app_seq_next() increments without MAX guard

[ unchecked_increment ] 1 finding(s) written to /tmp/cwe190_findings_xoNat7
========================================
 Findings JSON
========================================
{
  "detector": "unchecked_increment",
  "severity": "warning",
  "classification": "smell",
  "rule": "integerOverflow",
  "file": "/Users/afiaasante/Security-Code-Smells/linux/net/netfilter/ipvs/ip_vs_app.c",
  "line": 549,
  "col": 9,
  "varname": "ip_vs_app_seq_next",
  "note": {
    "line": 549,
    "col": 9,
    "message": "increment (++) in ip_vs_app_seq_next() -- no upper-bound guard (INT_MAX check)"
  }
}

========================================
 Summary
 Total findings : 1
 Errors         : 0
 Warnings       : 1

 Breakdown by detector:
   unchecked_increment       1
========================================
