========================================
 CWE-190 Integer Overflow Risk Detector
 Source  : /Users/afiaasante/Security-Code-Smells/linux/net/psp/psp_nl.c
 Report  : /Users/afiaasante/Security-Code-Smells/results/net_scan/SCS006/psp__psp_nl.c/psp_nl_report_20260417_174336.txt
 Findings: /Users/afiaasante/Security-Code-Smells/results/net_scan/SCS006/psp__psp_nl.c/psp_nl_findings_20260417_174336.json
 Date    : Fri Apr 17 17:43:36 EDT 2026
========================================

=== Stage 1: srcml ===

real	0m0.045s
user	0m0.039s
sys	0m0.004s

=== Stage 2: srcslice ===
Writing to :: /Users/afiaasante/Security-Code-Smells/linux/net/psp/psp_nl.c.json
Output Saved to :: /Users/afiaasante/Security-Code-Smells/linux/net/psp/psp_nl.c.json

real	0m0.241s
user	0m0.084s
sys	0m0.005s

=== Stage 3: srcattributor ===

real	0m0.725s
user	0m0.696s
sys	0m0.008s

=== Detector 1: unchecked_multiply ===
    input  : /Users/afiaasante/Security-Code-Smells/linux/net/psp/psp_nl.c.xml
    output : /tmp/cwe190_findings_dhj3OM

    query  : FIND $T $FUNC($PARAMS) {} CONTAINS $TYPE $RESULT = $A * $B
    note   : destructor/constructor blocks covered by XPath fallback


real	0m0.021s
user	0m0.015s
sys	0m0.004s


--- Stage 2: XPath destructor/constructor fallback ---
    no unguarded destructor/constructor multiply found

[ unchecked_multiply ] 0 finding(s) written to /tmp/cwe190_findings_dhj3OM
=== Detector 2: unchecked_add ===
    input  : /Users/afiaasante/Security-Code-Smells/linux/net/psp/psp_nl.c.xml
    output : /tmp/cwe190_findings_dhj3OM

    query  : FIND $T $FUNC($PARAMS) {} CONTAINS $TYPE $RESULT = $A + $B
    note   : destructor/constructor blocks covered by XPath fallback


real	0m0.020s
user	0m0.015s
sys	0m0.004s


--- Stage 2: XPath destructor/constructor fallback ---
    no unguarded destructor/constructor addition found

[ unchecked_add ] 0 finding(s) written to /tmp/cwe190_findings_dhj3OM
=== Detector 3: unchecked_increment ===
    input  : /Users/afiaasante/Security-Code-Smells/linux/net/psp/psp_nl.c.xml
    output : /tmp/cwe190_findings_dhj3OM

    strategy : XPath on srcML XML -- ancestor-scoped guard check

--- extracting finding via XPath ---
    function : psp_nl_key_rotate_doit
    position : 266:29

    no taint source -- warning/smell
    finding: /Users/afiaasante/Security-Code-Smells/linux/net/psp/psp_nl.c:266:29 -- psp_nl_key_rotate_doit() increments without MAX guard

[ unchecked_increment ] 1 finding(s) written to /tmp/cwe190_findings_dhj3OM
========================================
 Findings JSON
========================================
{
  "detector": "unchecked_increment",
  "severity": "warning",
  "classification": "smell",
  "rule": "integerOverflow",
  "file": "/Users/afiaasante/Security-Code-Smells/linux/net/psp/psp_nl.c",
  "line": 266,
  "col": 29,
  "varname": "psp_nl_key_rotate_doit",
  "note": {
    "line": 266,
    "col": 29,
    "message": "increment (++) in psp_nl_key_rotate_doit() -- no upper-bound guard (INT_MAX check)"
  }
}

========================================
 Summary
 Total findings : 1
 Errors         : 0
 Warnings       : 1

 Breakdown by detector:
   unchecked_increment       1
========================================
