========================================
 CWE-190 Integer Overflow Risk Detector
 Source  : /Users/afiaasante/Security-Code-Smells/linux/net/mac80211/agg-rx.c
 Report  : /Users/afiaasante/Security-Code-Smells/results/net_scan/SCS006/mac80211__agg-rx.c/agg-rx_report_20260417_174044.txt
 Findings: /Users/afiaasante/Security-Code-Smells/results/net_scan/SCS006/mac80211__agg-rx.c/agg-rx_findings_20260417_174044.json
 Date    : Fri Apr 17 17:40:44 EDT 2026
========================================

=== Stage 1: srcml ===

real	0m0.061s
user	0m0.033s
sys	0m0.006s

=== Stage 2: srcslice ===
Writing to :: /Users/afiaasante/Security-Code-Smells/linux/net/mac80211/agg-rx.c.json
Output Saved to :: /Users/afiaasante/Security-Code-Smells/linux/net/mac80211/agg-rx.c.json

real	0m0.247s
user	0m0.073s
sys	0m0.005s

=== Stage 3: srcattributor ===

real	0m0.735s
user	0m0.564s
sys	0m0.014s

=== Detector 1: unchecked_multiply ===
    input  : /Users/afiaasante/Security-Code-Smells/linux/net/mac80211/agg-rx.c.xml
    output : /tmp/cwe190_findings_iVu7jc

    query  : FIND $T $FUNC($PARAMS) {} CONTAINS $TYPE $RESULT = $A * $B
    note   : destructor/constructor blocks covered by XPath fallback


real	0m0.018s
user	0m0.013s
sys	0m0.004s


--- Stage 2: XPath destructor/constructor fallback ---
    no unguarded destructor/constructor multiply found

[ unchecked_multiply ] 0 finding(s) written to /tmp/cwe190_findings_iVu7jc
=== Detector 2: unchecked_add ===
    input  : /Users/afiaasante/Security-Code-Smells/linux/net/mac80211/agg-rx.c.xml
    output : /tmp/cwe190_findings_iVu7jc

    query  : FIND $T $FUNC($PARAMS) {} CONTAINS $TYPE $RESULT = $A + $B
    note   : destructor/constructor blocks covered by XPath fallback


real	0m0.019s
user	0m0.013s
sys	0m0.004s


--- Stage 2: XPath destructor/constructor fallback ---
    no unguarded destructor/constructor addition found

[ unchecked_add ] 0 finding(s) written to /tmp/cwe190_findings_iVu7jc
=== Detector 3: unchecked_increment ===
    input  : /Users/afiaasante/Security-Code-Smells/linux/net/mac80211/agg-rx.c.xml
    output : /tmp/cwe190_findings_iVu7jc

    strategy : XPath on srcML XML -- ancestor-scoped guard check

--- extracting finding via XPath ---
    function : ieee80211_free_tid_rx
    position : 51:44

    no taint source -- warning/smell
    finding: /Users/afiaasante/Security-Code-Smells/linux/net/mac80211/agg-rx.c:51:44 -- ieee80211_free_tid_rx() increments without MAX guard

[ unchecked_increment ] 1 finding(s) written to /tmp/cwe190_findings_iVu7jc
========================================
 Findings JSON
========================================
{
  "detector": "unchecked_increment",
  "severity": "warning",
  "classification": "smell",
  "rule": "integerOverflow",
  "file": "/Users/afiaasante/Security-Code-Smells/linux/net/mac80211/agg-rx.c",
  "line": 51,
  "col": 44,
  "varname": "ieee80211_free_tid_rx",
  "note": {
    "line": 51,
    "col": 44,
    "message": "increment (++) in ieee80211_free_tid_rx() -- no upper-bound guard (INT_MAX check)"
  }
}

========================================
 Summary
 Total findings : 1
 Errors         : 0
 Warnings       : 1

 Breakdown by detector:
   unchecked_increment       1
========================================
