========================================
 CWE-190 Integer Overflow Risk Detector
 Source  : /Users/afiaasante/Security-Code-Smells/linux/net/ceph/decode.c
 Report  : /Users/afiaasante/Security-Code-Smells/results/net_scan/SCS006/ceph__decode.c/decode_report_20260417_173628.txt
 Findings: /Users/afiaasante/Security-Code-Smells/results/net_scan/SCS006/ceph__decode.c/decode_findings_20260417_173628.json
 Date    : Fri Apr 17 17:36:28 EDT 2026
========================================

=== Stage 1: srcml ===

real	0m0.018s
user	0m0.011s
sys	0m0.004s

=== Stage 2: srcslice ===
Writing to :: /Users/afiaasante/Security-Code-Smells/linux/net/ceph/decode.c.json
Output Saved to :: /Users/afiaasante/Security-Code-Smells/linux/net/ceph/decode.c.json

real	0m0.177s
user	0m0.030s
sys	0m0.003s

=== Stage 3: srcattributor ===

real	0m0.083s
user	0m0.073s
sys	0m0.005s

=== Detector 1: unchecked_multiply ===
    input  : /Users/afiaasante/Security-Code-Smells/linux/net/ceph/decode.c.xml
    output : /tmp/cwe190_findings_D6saaZ

    query  : FIND $T $FUNC($PARAMS) {} CONTAINS $TYPE $RESULT = $A * $B
    note   : destructor/constructor blocks covered by XPath fallback


real	0m0.012s
user	0m0.007s
sys	0m0.004s


--- Stage 2: XPath destructor/constructor fallback ---
    no unguarded destructor/constructor multiply found

[ unchecked_multiply ] 0 finding(s) written to /tmp/cwe190_findings_D6saaZ
=== Detector 2: unchecked_add ===
    input  : /Users/afiaasante/Security-Code-Smells/linux/net/ceph/decode.c.xml
    output : /tmp/cwe190_findings_D6saaZ

    query  : FIND $T $FUNC($PARAMS) {} CONTAINS $TYPE $RESULT = $A + $B
    note   : destructor/constructor blocks covered by XPath fallback


real	0m0.011s
user	0m0.007s
sys	0m0.003s


--- Stage 2: XPath destructor/constructor fallback ---
    no unguarded destructor/constructor addition found

[ unchecked_add ] 0 finding(s) written to /tmp/cwe190_findings_D6saaZ
=== Detector 3: unchecked_increment ===
    input  : /Users/afiaasante/Security-Code-Smells/linux/net/ceph/decode.c.xml
    output : /tmp/cwe190_findings_D6saaZ

    strategy : XPath on srcML XML -- ancestor-scoped guard check

--- extracting finding via XPath ---
    function : ceph_decode_entity_addrvec
    position : 117:36

    no taint source -- warning/smell
    finding: /Users/afiaasante/Security-Code-Smells/linux/net/ceph/decode.c:117:36 -- ceph_decode_entity_addrvec() increments without MAX guard

[ unchecked_increment ] 1 finding(s) written to /tmp/cwe190_findings_D6saaZ
========================================
 Findings JSON
========================================
{
  "detector": "unchecked_increment",
  "severity": "warning",
  "classification": "smell",
  "rule": "integerOverflow",
  "file": "/Users/afiaasante/Security-Code-Smells/linux/net/ceph/decode.c",
  "line": 117,
  "col": 36,
  "varname": "ceph_decode_entity_addrvec",
  "note": {
    "line": 117,
    "col": 36,
    "message": "increment (++) in ceph_decode_entity_addrvec() -- no upper-bound guard (INT_MAX check)"
  }
}

========================================
 Summary
 Total findings : 1
 Errors         : 0
 Warnings       : 1

 Breakdown by detector:
   unchecked_increment       1
========================================
