========================================
 CWE-190 Integer Overflow Risk Detector
 Source  : /Users/afiaasante/Security-Code-Smells/linux/net/ipv4/fib_semantics.c
 Report  : /Users/afiaasante/Security-Code-Smells/results/net_scan/SCS006/ipv4__fib_semantics.c/fib_semantics_report_20260417_173832.txt
 Findings: /Users/afiaasante/Security-Code-Smells/results/net_scan/SCS006/ipv4__fib_semantics.c/fib_semantics_findings_20260417_173832.json
 Date    : Fri Apr 17 17:38:32 EDT 2026
========================================

=== Stage 1: srcml ===

real	0m0.094s
user	0m0.087s
sys	0m0.005s

=== Stage 2: srcslice ===
Writing to :: /Users/afiaasante/Security-Code-Smells/linux/net/ipv4/fib_semantics.c.json
Output Saved to :: /Users/afiaasante/Security-Code-Smells/linux/net/ipv4/fib_semantics.c.json

real	0m0.304s
user	0m0.180s
sys	0m0.006s

=== Stage 3: srcattributor ===

real	0m5.214s
user	0m5.047s
sys	0m0.048s

=== Detector 1: unchecked_multiply ===
    input  : /Users/afiaasante/Security-Code-Smells/linux/net/ipv4/fib_semantics.c.xml
    output : /tmp/cwe190_findings_fIZYJj

    query  : FIND $T $FUNC($PARAMS) {} CONTAINS $TYPE $RESULT = $A * $B
    note   : destructor/constructor blocks covered by XPath fallback


real	0m0.037s
user	0m0.030s
sys	0m0.005s


--- Stage 2: XPath destructor/constructor fallback ---
    no unguarded destructor/constructor multiply found

[ unchecked_multiply ] 0 finding(s) written to /tmp/cwe190_findings_fIZYJj
=== Detector 2: unchecked_add ===
    input  : /Users/afiaasante/Security-Code-Smells/linux/net/ipv4/fib_semantics.c.xml
    output : /tmp/cwe190_findings_fIZYJj

    query  : FIND $T $FUNC($PARAMS) {} CONTAINS $TYPE $RESULT = $A + $B
    note   : destructor/constructor blocks covered by XPath fallback


real	0m0.037s
user	0m0.031s
sys	0m0.005s

--- Stage 1: checking srcQL result for MAX guard in <condition> ---
    no taint source -- warning/smell
    finding: /Users/afiaasante/Security-Code-Smells/linux/net/ipv4/fib_semantics.c:497:26 -- fib_nlmsg_size() adds without MAX guard

--- Stage 2: XPath destructor/constructor fallback ---
    no unguarded destructor/constructor addition found

[ unchecked_add ] 1 finding(s) written to /tmp/cwe190_findings_fIZYJj
=== Detector 3: unchecked_increment ===
    input  : /Users/afiaasante/Security-Code-Smells/linux/net/ipv4/fib_semantics.c.xml
    output : /tmp/cwe190_findings_fIZYJj

    strategy : XPath on srcML XML -- ancestor-scoped guard check

--- extracting finding via XPath ---
    function : free_nh_exceptions
    position : 163:42

    no taint source -- warning/smell
    finding: /Users/afiaasante/Security-Code-Smells/linux/net/ipv4/fib_semantics.c:163:42 -- free_nh_exceptions() increments without MAX guard

[ unchecked_increment ] 1 finding(s) written to /tmp/cwe190_findings_fIZYJj
========================================
 Findings JSON
========================================
{
  "detector": "unchecked_add",
  "severity": "warning",
  "classification": "smell",
  "rule": "integerOverflow",
  "file": "/Users/afiaasante/Security-Code-Smells/linux/net/ipv4/fib_semantics.c",
  "line": 497,
  "col": 26,
  "varname": "fib_nlmsg_size",
  "note": {
    "line": 497,
    "col": 26,
    "message": "addition in fib_nlmsg_size() -- no upper-bound guard before adding"
  }
}
{
  "detector": "unchecked_increment",
  "severity": "warning",
  "classification": "smell",
  "rule": "integerOverflow",
  "file": "/Users/afiaasante/Security-Code-Smells/linux/net/ipv4/fib_semantics.c",
  "line": 163,
  "col": 42,
  "varname": "free_nh_exceptions",
  "note": {
    "line": 163,
    "col": 42,
    "message": "increment (++) in free_nh_exceptions() -- no upper-bound guard (INT_MAX check)"
  }
}

========================================
 Summary
 Total findings : 2
 Errors         : 0
 Warnings       : 2

 Breakdown by detector:
   unchecked_add             1
   unchecked_increment       1
========================================
