========================================
 CWE-190 Integer Overflow Risk Detector
 Source  : /Users/afiaasante/Security-Code-Smells/linux/net/netfilter/nfnetlink.c
 Report  : /Users/afiaasante/Security-Code-Smells/results/net_scan/SCS006/netfilter__nfnetlink.c/nfnetlink_report_20260417_174243.txt
 Findings: /Users/afiaasante/Security-Code-Smells/results/net_scan/SCS006/netfilter__nfnetlink.c/nfnetlink_findings_20260417_174243.json
 Date    : Fri Apr 17 17:42:43 EDT 2026
========================================

=== Stage 1: srcml ===

real	0m0.050s
user	0m0.045s
sys	0m0.004s

=== Stage 2: srcslice ===
Writing to :: /Users/afiaasante/Security-Code-Smells/linux/net/netfilter/nfnetlink.c.json
Output Saved to :: /Users/afiaasante/Security-Code-Smells/linux/net/netfilter/nfnetlink.c.json

real	0m0.247s
user	0m0.088s
sys	0m0.005s

=== Stage 3: srcattributor ===

real	0m0.913s
user	0m0.872s
sys	0m0.011s

=== Detector 1: unchecked_multiply ===
    input  : /Users/afiaasante/Security-Code-Smells/linux/net/netfilter/nfnetlink.c.xml
    output : /tmp/cwe190_findings_tvDmjn

    query  : FIND $T $FUNC($PARAMS) {} CONTAINS $TYPE $RESULT = $A * $B
    note   : destructor/constructor blocks covered by XPath fallback


real	0m0.025s
user	0m0.018s
sys	0m0.005s

--- Stage 1: checking srcQL result for MAX guard in <condition> ---
    no taint source -- warning/smell
    finding: /Users/afiaasante/Security-Code-Smells/linux/net/netfilter/nfnetlink.c:258:45 -- nfnetlink_rcv_msg() multiplies without MAX guard

--- Stage 2: XPath destructor/constructor fallback ---
    no unguarded destructor/constructor multiply found

[ unchecked_multiply ] 1 finding(s) written to /tmp/cwe190_findings_tvDmjn
=== Detector 2: unchecked_add ===
    input  : /Users/afiaasante/Security-Code-Smells/linux/net/netfilter/nfnetlink.c.xml
    output : /tmp/cwe190_findings_tvDmjn

    query  : FIND $T $FUNC($PARAMS) {} CONTAINS $TYPE $RESULT = $A + $B
    note   : destructor/constructor blocks covered by XPath fallback


real	0m0.024s
user	0m0.018s
sys	0m0.005s

--- Stage 1: checking srcQL result for MAX guard in <condition> ---
    no taint source -- warning/smell
    finding: /Users/afiaasante/Security-Code-Smells/linux/net/netfilter/nfnetlink.c:257:56 -- nfnetlink_rcv_msg() adds without MAX guard

--- Stage 2: XPath destructor/constructor fallback ---
    no unguarded destructor/constructor addition found

[ unchecked_add ] 1 finding(s) written to /tmp/cwe190_findings_tvDmjn
=== Detector 3: unchecked_increment ===
    input  : /Users/afiaasante/Security-Code-Smells/linux/net/netfilter/nfnetlink.c.xml
    output : /tmp/cwe190_findings_tvDmjn

    strategy : XPath on srcML XML -- ancestor-scoped guard check

--- extracting finding via XPath ---
    function : nfnetlink_subsys_register
    position : 121:51

    no taint source -- warning/smell
    finding: /Users/afiaasante/Security-Code-Smells/linux/net/netfilter/nfnetlink.c:121:51 -- nfnetlink_subsys_register() increments without MAX guard

[ unchecked_increment ] 1 finding(s) written to /tmp/cwe190_findings_tvDmjn
========================================
 Findings JSON
========================================
{
  "detector": "unchecked_multiply",
  "severity": "warning",
  "classification": "smell",
  "rule": "integerOverflow",
  "file": "/Users/afiaasante/Security-Code-Smells/linux/net/netfilter/nfnetlink.c",
  "line": 258,
  "col": 45,
  "varname": "nfnetlink_rcv_msg",
  "note": {
    "line": 258,
    "col": 45,
    "message": "multiplication in nfnetlink_rcv_msg() -- no upper-bound guard (INT_MAX / 2)"
  }
}
{
  "detector": "unchecked_add",
  "severity": "warning",
  "classification": "smell",
  "rule": "integerOverflow",
  "file": "/Users/afiaasante/Security-Code-Smells/linux/net/netfilter/nfnetlink.c",
  "line": 257,
  "col": 56,
  "varname": "nfnetlink_rcv_msg",
  "note": {
    "line": 257,
    "col": 56,
    "message": "addition in nfnetlink_rcv_msg() -- no upper-bound guard before adding"
  }
}
{
  "detector": "unchecked_increment",
  "severity": "warning",
  "classification": "smell",
  "rule": "integerOverflow",
  "file": "/Users/afiaasante/Security-Code-Smells/linux/net/netfilter/nfnetlink.c",
  "line": 121,
  "col": 51,
  "varname": "nfnetlink_subsys_register",
  "note": {
    "line": 121,
    "col": 51,
    "message": "increment (++) in nfnetlink_subsys_register() -- no upper-bound guard (INT_MAX check)"
  }
}

========================================
 Summary
 Total findings : 3
 Errors         : 0
 Warnings       : 3

 Breakdown by detector:
   unchecked_add             1
   unchecked_increment       1
   unchecked_multiply        1
========================================
