========================================
 CWE-195 Signed-to-Unsigned Conversion Detector
 Source  : /Users/afiaasante/Security-Code-Smells/linux/net/ipv4/inet_diag.c
 Report  : /Users/afiaasante/Security-Code-Smells/results/net_scan/SCS007/ipv4__inet_diag.c/inet_diag_report_20260417_175738.txt
 Findings: /Users/afiaasante/Security-Code-Smells/results/net_scan/SCS007/ipv4__inet_diag.c/inet_diag_findings_20260417_175738.json
 Date    : Fri Apr 17 17:57:38 EDT 2026
========================================

=== Stage 1: srcml ===

real	0m0.095s
user	0m0.074s
sys	0m0.006s

=== Stage 2: srcslice ===
Writing to :: /Users/afiaasante/Security-Code-Smells/linux/net/ipv4/inet_diag.c.json
Output Saved to :: /Users/afiaasante/Security-Code-Smells/linux/net/ipv4/inet_diag.c.json

real	0m0.326s
user	0m0.152s
sys	0m0.007s

=== Stage 3: srcattributor ===

real	0m3.037s
user	0m2.610s
sys	0m0.053s

=== Detector 1: signed_malloc ===
    input  : /Users/afiaasante/Security-Code-Smells/linux/net/ipv4/inet_diag.c.xml
    output : /tmp/cwe195_findings_V5jp0T

    query  : FIND $T $FUNC($PARAMS) {} CONTAINS malloc($A)
    note   : destructor/constructor blocks covered by XPath fallback


real	0m0.033s
user	0m0.025s
sys	0m0.005s


--- Stage 2: XPath destructor/constructor fallback ---
    no unguarded destructor/constructor malloc found

[ signed_malloc ] 0 finding(s) written to /tmp/cwe195_findings_V5jp0T
=== Detector 2: signed_memcpy ===
    input  : /Users/afiaasante/Security-Code-Smells/linux/net/ipv4/inet_diag.c.xml
    output : /tmp/cwe195_findings_V5jp0T

    query  : FIND $T $FUNC($PARAMS) {} CONTAINS memcpy($A, $B, $C)

real	0m0.037s
user	0m0.024s
sys	0m0.006s

    query  : FIND $T $FUNC($PARAMS) {} CONTAINS memmove($A, $B, $C)

real	0m0.031s
user	0m0.024s
sys	0m0.006s


--- Stage 2: XPath destructor/constructor fallback ---
    no unguarded destructor/constructor memcpy/memmove found

[ signed_memcpy ] 0 finding(s) written to /tmp/cwe195_findings_V5jp0T
=== Detector 3: signed_strncpy ===
    input  : /Users/afiaasante/Security-Code-Smells/linux/net/ipv4/inet_diag.c.xml
    output : /tmp/cwe195_findings_V5jp0T

    query  : FIND $T $FUNC($PARAMS) {} CONTAINS strncpy($A, $B, $C)
    note   : destructor/constructor blocks covered by XPath fallback


real	0m0.037s
user	0m0.025s
sys	0m0.006s


--- Stage 2: XPath destructor/constructor fallback ---
    no unguarded destructor/constructor strncpy found

[ signed_strncpy ] 0 finding(s) written to /tmp/cwe195_findings_V5jp0T
========================================
 Findings JSON
========================================

========================================
 Summary
 Total findings : 0
 Errors         : 0
 Warnings       : 0
========================================
