========================================
 CWE-190 Integer Overflow Risk Detector
 Source  : /Users/afiaasante/Security-Code-Smells/linux/net/sched/sch_hfsc.c
 Report  : /Users/afiaasante/Security-Code-Smells/results/net_scan/SCS006/sched__sch_hfsc.c/sch_hfsc_report_20260417_174431.txt
 Findings: /Users/afiaasante/Security-Code-Smells/results/net_scan/SCS006/sched__sch_hfsc.c/sch_hfsc_findings_20260417_174431.json
 Date    : Fri Apr 17 17:44:31 EDT 2026
========================================

=== Stage 1: srcml ===

real	0m0.097s
user	0m0.088s
sys	0m0.005s

=== Stage 2: srcslice ===
Writing to :: /Users/afiaasante/Security-Code-Smells/linux/net/sched/sch_hfsc.c.json
Output Saved to :: /Users/afiaasante/Security-Code-Smells/linux/net/sched/sch_hfsc.c.json

real	0m0.317s
user	0m0.190s
sys	0m0.007s

=== Stage 3: srcattributor ===

real	0m5.184s
user	0m4.937s
sys	0m0.064s

=== Detector 1: unchecked_multiply ===
    input  : /Users/afiaasante/Security-Code-Smells/linux/net/sched/sch_hfsc.c.xml
    output : /tmp/cwe190_findings_pgeeTw

    query  : FIND $T $FUNC($PARAMS) {} CONTAINS $TYPE $RESULT = $A * $B
    note   : destructor/constructor blocks covered by XPath fallback


real	0m0.037s
user	0m0.029s
sys	0m0.006s

--- Stage 1: checking srcQL result for MAX guard in <condition> ---
    no taint source -- warning/smell
    finding: /Users/afiaasante/Security-Code-Smells/linux/net/sched/sch_hfsc.c:917:52 -- hfsc_change_class() multiplies without MAX guard

--- Stage 2: XPath destructor/constructor fallback ---
    no unguarded destructor/constructor multiply found

[ unchecked_multiply ] 1 finding(s) written to /tmp/cwe190_findings_pgeeTw
=== Detector 2: unchecked_add ===
    input  : /Users/afiaasante/Security-Code-Smells/linux/net/sched/sch_hfsc.c.xml
    output : /tmp/cwe190_findings_pgeeTw

    query  : FIND $T $FUNC($PARAMS) {} CONTAINS $TYPE $RESULT = $A + $B
    note   : destructor/constructor blocks covered by XPath fallback


real	0m0.033s
user	0m0.027s
sys	0m0.005s


--- Stage 2: XPath destructor/constructor fallback ---
    no unguarded destructor/constructor addition found

[ unchecked_add ] 0 finding(s) written to /tmp/cwe190_findings_pgeeTw
=== Detector 3: unchecked_increment ===
    input  : /Users/afiaasante/Security-Code-Smells/linux/net/sched/sch_hfsc.c.xml
    output : /tmp/cwe190_findings_pgeeTw

    strategy : XPath on srcML XML -- ancestor-scoped guard check

--- extracting finding via XPath ---
    function : init_vf
    position : 682:48

    no taint source -- warning/smell
    finding: /Users/afiaasante/Security-Code-Smells/linux/net/sched/sch_hfsc.c:682:48 -- init_vf() increments without MAX guard

[ unchecked_increment ] 1 finding(s) written to /tmp/cwe190_findings_pgeeTw
========================================
 Findings JSON
========================================
{
  "detector": "unchecked_multiply",
  "severity": "warning",
  "classification": "smell",
  "rule": "integerOverflow",
  "file": "/Users/afiaasante/Security-Code-Smells/linux/net/sched/sch_hfsc.c",
  "line": 917,
  "col": 52,
  "varname": "hfsc_change_class",
  "note": {
    "line": 917,
    "col": 52,
    "message": "multiplication in hfsc_change_class() -- no upper-bound guard (INT_MAX / 2)"
  }
}
{
  "detector": "unchecked_increment",
  "severity": "warning",
  "classification": "smell",
  "rule": "integerOverflow",
  "file": "/Users/afiaasante/Security-Code-Smells/linux/net/sched/sch_hfsc.c",
  "line": 682,
  "col": 48,
  "varname": "init_vf",
  "note": {
    "line": 682,
    "col": 48,
    "message": "increment (++) in init_vf() -- no upper-bound guard (INT_MAX check)"
  }
}

========================================
 Summary
 Total findings : 2
 Errors         : 0
 Warnings       : 2

 Breakdown by detector:
   unchecked_increment       1
   unchecked_multiply        1
========================================
