========================================
 CWE-190 Integer Overflow Risk Detector
 Source  : /Users/afiaasante/Security-Code-Smells/linux/net/sunrpc/svc_xprt.c
 Report  : /Users/afiaasante/Security-Code-Smells/results/net_scan/SCS006/sunrpc__svc_xprt.c/svc_xprt_report_20260417_174538.txt
 Findings: /Users/afiaasante/Security-Code-Smells/results/net_scan/SCS006/sunrpc__svc_xprt.c/svc_xprt_findings_20260417_174538.json
 Date    : Fri Apr 17 17:45:38 EDT 2026
========================================

=== Stage 1: srcml ===

real	0m0.085s
user	0m0.077s
sys	0m0.005s

=== Stage 2: srcslice ===
Writing to :: /Users/afiaasante/Security-Code-Smells/linux/net/sunrpc/svc_xprt.c.json
Output Saved to :: /Users/afiaasante/Security-Code-Smells/linux/net/sunrpc/svc_xprt.c.json

real	0m0.249s
user	0m0.143s
sys	0m0.005s

=== Stage 3: srcattributor ===

real	0m2.843s
user	0m2.766s
sys	0m0.024s

=== Detector 1: unchecked_multiply ===
    input  : /Users/afiaasante/Security-Code-Smells/linux/net/sunrpc/svc_xprt.c.xml
    output : /tmp/cwe190_findings_dLNzSv

    query  : FIND $T $FUNC($PARAMS) {} CONTAINS $TYPE $RESULT = $A * $B
    note   : destructor/constructor blocks covered by XPath fallback


real	0m0.034s
user	0m0.026s
sys	0m0.006s

--- Stage 1: checking srcQL result for MAX guard in <condition> ---
    no taint source -- warning/smell
    finding: /Users/afiaasante/Security-Code-Smells/linux/net/sunrpc/svc_xprt.c:1448:43 -- svc_pool_stats_start() multiplies without MAX guard

--- Stage 2: XPath destructor/constructor fallback ---
    no unguarded destructor/constructor multiply found

[ unchecked_multiply ] 1 finding(s) written to /tmp/cwe190_findings_dLNzSv
=== Detector 2: unchecked_add ===
    input  : /Users/afiaasante/Security-Code-Smells/linux/net/sunrpc/svc_xprt.c.xml
    output : /tmp/cwe190_findings_dLNzSv

    query  : FIND $T $FUNC($PARAMS) {} CONTAINS $TYPE $RESULT = $A + $B
    note   : destructor/constructor blocks covered by XPath fallback


real	0m0.034s
user	0m0.025s
sys	0m0.005s


--- Stage 2: XPath destructor/constructor fallback ---
    no unguarded destructor/constructor addition found

[ unchecked_add ] 0 finding(s) written to /tmp/cwe190_findings_dLNzSv
=== Detector 3: unchecked_increment ===
    input  : /Users/afiaasante/Security-Code-Smells/linux/net/sunrpc/svc_xprt.c.xml
    output : /tmp/cwe190_findings_dLNzSv

    strategy : XPath on srcML XML -- ancestor-scoped guard check

--- extracting finding via XPath ---
    function : svc_add_new_temp_xprt
    position : 759:24

    no taint source -- warning/smell
    finding: /Users/afiaasante/Security-Code-Smells/linux/net/sunrpc/svc_xprt.c:759:24 -- svc_add_new_temp_xprt() increments without MAX guard

[ unchecked_increment ] 1 finding(s) written to /tmp/cwe190_findings_dLNzSv
========================================
 Findings JSON
========================================
{
  "detector": "unchecked_multiply",
  "severity": "warning",
  "classification": "smell",
  "rule": "integerOverflow",
  "file": "/Users/afiaasante/Security-Code-Smells/linux/net/sunrpc/svc_xprt.c",
  "line": 1448,
  "col": 43,
  "varname": "svc_pool_stats_start",
  "note": {
    "line": 1448,
    "col": 43,
    "message": "multiplication in svc_pool_stats_start() -- no upper-bound guard (INT_MAX / 2)"
  }
}
{
  "detector": "unchecked_increment",
  "severity": "warning",
  "classification": "smell",
  "rule": "integerOverflow",
  "file": "/Users/afiaasante/Security-Code-Smells/linux/net/sunrpc/svc_xprt.c",
  "line": 759,
  "col": 24,
  "varname": "svc_add_new_temp_xprt",
  "note": {
    "line": 759,
    "col": 24,
    "message": "increment (++) in svc_add_new_temp_xprt() -- no upper-bound guard (INT_MAX check)"
  }
}

========================================
 Summary
 Total findings : 2
 Errors         : 0
 Warnings       : 2

 Breakdown by detector:
   unchecked_increment       1
   unchecked_multiply        1
========================================
