========================================
 CWE-190 Integer Overflow Risk Detector
 Source  : /Users/afiaasante/Security-Code-Smells/linux/net/ipv4/ipmr_base.c
 Report  : /Users/afiaasante/Security-Code-Smells/results/net_scan/SCS006/ipv4__ipmr_base.c/ipmr_base_report_20260417_173850.txt
 Findings: /Users/afiaasante/Security-Code-Smells/results/net_scan/SCS006/ipv4__ipmr_base.c/ipmr_base_findings_20260417_173850.json
 Date    : Fri Apr 17 17:38:50 EDT 2026
========================================

=== Stage 1: srcml ===

real	0m0.035s
user	0m0.029s
sys	0m0.004s

=== Stage 2: srcslice ===
HERE: /Users/afiaasante/Security-Code-Smells/tools/srcslice/srcDispatch/src/policy_classes/DeclPolicy.hpp operator() 273
Writing to :: /Users/afiaasante/Security-Code-Smells/linux/net/ipv4/ipmr_base.c.json
Output Saved to :: /Users/afiaasante/Security-Code-Smells/linux/net/ipv4/ipmr_base.c.json

real	0m0.189s
user	0m0.055s
sys	0m0.004s

=== Stage 3: srcattributor ===
invalid argument in getSliceDeclLine.
/Users/afiaasante/Security-Code-Smells/shared/pipeline.sh: line 21:  4620 Segmentation fault: 11  srcattributor -i "$JSON" -o "$XML"
