========================================
 CWE-190 Integer Overflow Risk Detector
 Source  : /Users/afiaasante/Security-Code-Smells/linux/net/sched/sch_cbs.c
 Report  : /Users/afiaasante/Security-Code-Smells/results/net_scan/SCS006/sched__sch_cbs.c/sch_cbs_report_20260417_174419.txt
 Findings: /Users/afiaasante/Security-Code-Smells/results/net_scan/SCS006/sched__sch_cbs.c/sch_cbs_findings_20260417_174419.json
 Date    : Fri Apr 17 17:44:19 EDT 2026
========================================

=== Stage 1: srcml ===

real	0m0.040s
user	0m0.034s
sys	0m0.004s

=== Stage 2: srcslice ===
Writing to :: /Users/afiaasante/Security-Code-Smells/linux/net/sched/sch_cbs.c.json
Output Saved to :: /Users/afiaasante/Security-Code-Smells/linux/net/sched/sch_cbs.c.json

real	0m0.190s
user	0m0.077s
sys	0m0.005s

=== Stage 3: srcattributor ===

real	0m0.585s
user	0m0.572s
sys	0m0.008s

=== Detector 1: unchecked_multiply ===
    input  : /Users/afiaasante/Security-Code-Smells/linux/net/sched/sch_cbs.c.xml
    output : /tmp/cwe190_findings_o9o7Or

    query  : FIND $T $FUNC($PARAMS) {} CONTAINS $TYPE $RESULT = $A * $B
    note   : destructor/constructor blocks covered by XPath fallback


real	0m0.019s
user	0m0.014s
sys	0m0.004s


--- Stage 2: XPath destructor/constructor fallback ---
    no unguarded destructor/constructor multiply found

[ unchecked_multiply ] 0 finding(s) written to /tmp/cwe190_findings_o9o7Or
=== Detector 2: unchecked_add ===
    input  : /Users/afiaasante/Security-Code-Smells/linux/net/sched/sch_cbs.c.xml
    output : /tmp/cwe190_findings_o9o7Or

    query  : FIND $T $FUNC($PARAMS) {} CONTAINS $TYPE $RESULT = $A + $B
    note   : destructor/constructor blocks covered by XPath fallback


real	0m0.021s
user	0m0.014s
sys	0m0.004s


--- Stage 2: XPath destructor/constructor fallback ---
    no unguarded destructor/constructor addition found

[ unchecked_add ] 0 finding(s) written to /tmp/cwe190_findings_o9o7Or
=== Detector 3: unchecked_increment ===
    input  : /Users/afiaasante/Security-Code-Smells/linux/net/sched/sch_cbs.c.xml
    output : /tmp/cwe190_findings_o9o7Or

    strategy : XPath on srcML XML -- ancestor-scoped guard check

--- extracting finding via XPath ---
    function : cbs_child_enqueue
    position : 100:20

    no taint source -- warning/smell
    finding: /Users/afiaasante/Security-Code-Smells/linux/net/sched/sch_cbs.c:100:20 -- cbs_child_enqueue() increments without MAX guard

[ unchecked_increment ] 1 finding(s) written to /tmp/cwe190_findings_o9o7Or
========================================
 Findings JSON
========================================
{
  "detector": "unchecked_increment",
  "severity": "warning",
  "classification": "smell",
  "rule": "integerOverflow",
  "file": "/Users/afiaasante/Security-Code-Smells/linux/net/sched/sch_cbs.c",
  "line": 100,
  "col": 20,
  "varname": "cbs_child_enqueue",
  "note": {
    "line": 100,
    "col": 20,
    "message": "increment (++) in cbs_child_enqueue() -- no upper-bound guard (INT_MAX check)"
  }
}

========================================
 Summary
 Total findings : 1
 Errors         : 0
 Warnings       : 1

 Breakdown by detector:
   unchecked_increment       1
========================================
