========================================
 CWE-190 Integer Overflow Risk Detector
 Source  : /Users/afiaasante/Security-Code-Smells/linux/net/rfkill/input.c
 Report  : /Users/afiaasante/Security-Code-Smells/results/net_scan/SCS006/rfkill__input.c/input_report_20260417_174349.txt
 Findings: /Users/afiaasante/Security-Code-Smells/results/net_scan/SCS006/rfkill__input.c/input_findings_20260417_174349.json
 Date    : Fri Apr 17 17:43:49 EDT 2026
========================================

=== Stage 1: srcml ===

real	0m0.023s
user	0m0.018s
sys	0m0.003s

=== Stage 2: srcslice ===
Writing to :: /Users/afiaasante/Security-Code-Smells/linux/net/rfkill/input.c.json
Output Saved to :: /Users/afiaasante/Security-Code-Smells/linux/net/rfkill/input.c.json

real	0m0.195s
user	0m0.043s
sys	0m0.003s

=== Stage 3: srcattributor ===

real	0m0.119s
user	0m0.110s
sys	0m0.004s

=== Detector 1: unchecked_multiply ===
    input  : /Users/afiaasante/Security-Code-Smells/linux/net/rfkill/input.c.xml
    output : /tmp/cwe190_findings_QMX6Pd

    query  : FIND $T $FUNC($PARAMS) {} CONTAINS $TYPE $RESULT = $A * $B
    note   : destructor/constructor blocks covered by XPath fallback


real	0m0.015s
user	0m0.010s
sys	0m0.004s


--- Stage 2: XPath destructor/constructor fallback ---
    no unguarded destructor/constructor multiply found

[ unchecked_multiply ] 0 finding(s) written to /tmp/cwe190_findings_QMX6Pd
=== Detector 2: unchecked_add ===
    input  : /Users/afiaasante/Security-Code-Smells/linux/net/rfkill/input.c.xml
    output : /tmp/cwe190_findings_QMX6Pd

    query  : FIND $T $FUNC($PARAMS) {} CONTAINS $TYPE $RESULT = $A + $B
    note   : destructor/constructor blocks covered by XPath fallback


real	0m0.015s
user	0m0.009s
sys	0m0.004s


--- Stage 2: XPath destructor/constructor fallback ---
    no unguarded destructor/constructor addition found

[ unchecked_add ] 0 finding(s) written to /tmp/cwe190_findings_QMX6Pd
=== Detector 3: unchecked_increment ===
    input  : /Users/afiaasante/Security-Code-Smells/linux/net/rfkill/input.c.xml
    output : /tmp/cwe190_findings_QMX6Pd

    strategy : XPath on srcML XML -- ancestor-scoped guard check

--- extracting finding via XPath ---
    function : __rfkill_handle_global_op
    position : 70:52

    no taint source -- warning/smell
    finding: /Users/afiaasante/Security-Code-Smells/linux/net/rfkill/input.c:70:52 -- __rfkill_handle_global_op() increments without MAX guard

[ unchecked_increment ] 1 finding(s) written to /tmp/cwe190_findings_QMX6Pd
========================================
 Findings JSON
========================================
{
  "detector": "unchecked_increment",
  "severity": "warning",
  "classification": "smell",
  "rule": "integerOverflow",
  "file": "/Users/afiaasante/Security-Code-Smells/linux/net/rfkill/input.c",
  "line": 70,
  "col": 52,
  "varname": "__rfkill_handle_global_op",
  "note": {
    "line": 70,
    "col": 52,
    "message": "increment (++) in __rfkill_handle_global_op() -- no upper-bound guard (INT_MAX check)"
  }
}

========================================
 Summary
 Total findings : 1
 Errors         : 0
 Warnings       : 1

 Breakdown by detector:
   unchecked_increment       1
========================================
