========================================
 CWE-190 Integer Overflow Risk Detector
 Source  : /Users/afiaasante/Security-Code-Smells/linux/net/ipv6/xfrm6_tunnel.c
 Report  : /Users/afiaasante/Security-Code-Smells/results/net_scan/SCS006/ipv6__xfrm6_tunnel.c/xfrm6_tunnel_report_20260417_174023.txt
 Findings: /Users/afiaasante/Security-Code-Smells/results/net_scan/SCS006/ipv6__xfrm6_tunnel.c/xfrm6_tunnel_findings_20260417_174023.json
 Date    : Fri Apr 17 17:40:23 EDT 2026
========================================

=== Stage 1: srcml ===

real	0m0.032s
user	0m0.025s
sys	0m0.004s

=== Stage 2: srcslice ===
Writing to :: /Users/afiaasante/Security-Code-Smells/linux/net/ipv6/xfrm6_tunnel.c.json
Output Saved to :: /Users/afiaasante/Security-Code-Smells/linux/net/ipv6/xfrm6_tunnel.c.json

real	0m0.186s
user	0m0.053s
sys	0m0.004s

=== Stage 3: srcattributor ===

real	0m0.208s
user	0m0.197s
sys	0m0.005s

=== Detector 1: unchecked_multiply ===
    input  : /Users/afiaasante/Security-Code-Smells/linux/net/ipv6/xfrm6_tunnel.c.xml
    output : /tmp/cwe190_findings_7Fu3oT

    query  : FIND $T $FUNC($PARAMS) {} CONTAINS $TYPE $RESULT = $A * $B
    note   : destructor/constructor blocks covered by XPath fallback


real	0m0.018s
user	0m0.011s
sys	0m0.005s


--- Stage 2: XPath destructor/constructor fallback ---
    no unguarded destructor/constructor multiply found

[ unchecked_multiply ] 0 finding(s) written to /tmp/cwe190_findings_7Fu3oT
=== Detector 2: unchecked_add ===
    input  : /Users/afiaasante/Security-Code-Smells/linux/net/ipv6/xfrm6_tunnel.c.xml
    output : /tmp/cwe190_findings_7Fu3oT

    query  : FIND $T $FUNC($PARAMS) {} CONTAINS $TYPE $RESULT = $A + $B
    note   : destructor/constructor blocks covered by XPath fallback


real	0m0.028s
user	0m0.010s
sys	0m0.004s


--- Stage 2: XPath destructor/constructor fallback ---
    no unguarded destructor/constructor addition found

[ unchecked_add ] 0 finding(s) written to /tmp/cwe190_findings_7Fu3oT
=== Detector 3: unchecked_increment ===
    input  : /Users/afiaasante/Security-Code-Smells/linux/net/ipv6/xfrm6_tunnel.c.xml
    output : /tmp/cwe190_findings_7Fu3oT

    strategy : XPath on srcML XML -- ancestor-scoped guard check

--- extracting finding via XPath ---
    function : __xfrm6_tunnel_alloc_spi
    position : 128:30

    no taint source -- warning/smell
    finding: /Users/afiaasante/Security-Code-Smells/linux/net/ipv6/xfrm6_tunnel.c:128:30 -- __xfrm6_tunnel_alloc_spi() increments without MAX guard

[ unchecked_increment ] 1 finding(s) written to /tmp/cwe190_findings_7Fu3oT
========================================
 Findings JSON
========================================
{
  "detector": "unchecked_increment",
  "severity": "warning",
  "classification": "smell",
  "rule": "integerOverflow",
  "file": "/Users/afiaasante/Security-Code-Smells/linux/net/ipv6/xfrm6_tunnel.c",
  "line": 128,
  "col": 30,
  "varname": "__xfrm6_tunnel_alloc_spi",
  "note": {
    "line": 128,
    "col": 30,
    "message": "increment (++) in __xfrm6_tunnel_alloc_spi() -- no upper-bound guard (INT_MAX check)"
  }
}

========================================
 Summary
 Total findings : 1
 Errors         : 0
 Warnings       : 1

 Breakdown by detector:
   unchecked_increment       1
========================================
