========================================
 CWE-190 Integer Overflow Risk Detector
 Source  : /Users/afiaasante/Security-Code-Smells/linux/net/netfilter/ipvs/ip_vs_proto.c
 Report  : /Users/afiaasante/Security-Code-Smells/results/net_scan/SCS006/netfilter__ipvs__ip_vs_proto.c/ip_vs_proto_report_20260417_174213.txt
 Findings: /Users/afiaasante/Security-Code-Smells/results/net_scan/SCS006/netfilter__ipvs__ip_vs_proto.c/ip_vs_proto_findings_20260417_174213.json
 Date    : Fri Apr 17 17:42:13 EDT 2026
========================================

=== Stage 1: srcml ===

real	0m0.025s
user	0m0.020s
sys	0m0.004s

=== Stage 2: srcslice ===
Writing to :: /Users/afiaasante/Security-Code-Smells/linux/net/netfilter/ipvs/ip_vs_proto.c.json
Output Saved to :: /Users/afiaasante/Security-Code-Smells/linux/net/netfilter/ipvs/ip_vs_proto.c.json

real	0m0.190s
user	0m0.055s
sys	0m0.004s

=== Stage 3: srcattributor ===

real	0m0.233s
user	0m0.226s
sys	0m0.005s

=== Detector 1: unchecked_multiply ===
    input  : /Users/afiaasante/Security-Code-Smells/linux/net/netfilter/ipvs/ip_vs_proto.c.xml
    output : /tmp/cwe190_findings_quAJjS

    query  : FIND $T $FUNC($PARAMS) {} CONTAINS $TYPE $RESULT = $A * $B
    note   : destructor/constructor blocks covered by XPath fallback


real	0m0.016s
user	0m0.010s
sys	0m0.003s


--- Stage 2: XPath destructor/constructor fallback ---
    no unguarded destructor/constructor multiply found

[ unchecked_multiply ] 0 finding(s) written to /tmp/cwe190_findings_quAJjS
=== Detector 2: unchecked_add ===
    input  : /Users/afiaasante/Security-Code-Smells/linux/net/netfilter/ipvs/ip_vs_proto.c.xml
    output : /tmp/cwe190_findings_quAJjS

    query  : FIND $T $FUNC($PARAMS) {} CONTAINS $TYPE $RESULT = $A + $B
    note   : destructor/constructor blocks covered by XPath fallback


real	0m0.017s
user	0m0.011s
sys	0m0.004s


--- Stage 2: XPath destructor/constructor fallback ---
    no unguarded destructor/constructor addition found

[ unchecked_add ] 0 finding(s) written to /tmp/cwe190_findings_quAJjS
=== Detector 3: unchecked_increment ===
    input  : /Users/afiaasante/Security-Code-Smells/linux/net/netfilter/ipvs/ip_vs_proto.c.xml
    output : /tmp/cwe190_findings_quAJjS

    strategy : XPath on srcML XML -- ancestor-scoped guard check

--- extracting finding via XPath ---
    function : ip_vs_protocol_timeout_change
    position : 179:48

    no taint source -- warning/smell
    finding: /Users/afiaasante/Security-Code-Smells/linux/net/netfilter/ipvs/ip_vs_proto.c:179:48 -- ip_vs_protocol_timeout_change() increments without MAX guard

[ unchecked_increment ] 1 finding(s) written to /tmp/cwe190_findings_quAJjS
========================================
 Findings JSON
========================================
{
  "detector": "unchecked_increment",
  "severity": "warning",
  "classification": "smell",
  "rule": "integerOverflow",
  "file": "/Users/afiaasante/Security-Code-Smells/linux/net/netfilter/ipvs/ip_vs_proto.c",
  "line": 179,
  "col": 48,
  "varname": "ip_vs_protocol_timeout_change",
  "note": {
    "line": 179,
    "col": 48,
    "message": "increment (++) in ip_vs_protocol_timeout_change() -- no upper-bound guard (INT_MAX check)"
  }
}

========================================
 Summary
 Total findings : 1
 Errors         : 0
 Warnings       : 1

 Breakdown by detector:
   unchecked_increment       1
========================================
