========================================
 CWE-195 Signed-to-Unsigned Conversion Detector
 Source  : /Users/afiaasante/Security-Code-Smells/linux/net/ipv4/sysctl_net_ipv4.c
 Report  : /Users/afiaasante/Security-Code-Smells/results/net_scan/SCS007/ipv4__sysctl_net_ipv4.c/sysctl_net_ipv4_report_20260417_175810.txt
 Findings: /Users/afiaasante/Security-Code-Smells/results/net_scan/SCS007/ipv4__sysctl_net_ipv4.c/sysctl_net_ipv4_findings_20260417_175810.json
 Date    : Fri Apr 17 17:58:10 EDT 2026
========================================

=== Stage 1: srcml ===

real	0m0.094s
user	0m0.082s
sys	0m0.007s

=== Stage 2: srcslice ===
Writing to :: /Users/afiaasante/Security-Code-Smells/linux/net/ipv4/sysctl_net_ipv4.c.json
Output Saved to :: /Users/afiaasante/Security-Code-Smells/linux/net/ipv4/sysctl_net_ipv4.c.json

real	0m0.311s
user	0m0.185s
sys	0m0.007s

=== Stage 3: srcattributor ===

real	0m1.553s
user	0m1.329s
sys	0m0.019s

=== Detector 1: signed_malloc ===
    input  : /Users/afiaasante/Security-Code-Smells/linux/net/ipv4/sysctl_net_ipv4.c.xml
    output : /tmp/cwe195_findings_k5WyBH

    query  : FIND $T $FUNC($PARAMS) {} CONTAINS malloc($A)
    note   : destructor/constructor blocks covered by XPath fallback


real	0m0.038s
user	0m0.028s
sys	0m0.006s


--- Stage 2: XPath destructor/constructor fallback ---
    no unguarded destructor/constructor malloc found

[ signed_malloc ] 0 finding(s) written to /tmp/cwe195_findings_k5WyBH
=== Detector 2: signed_memcpy ===
    input  : /Users/afiaasante/Security-Code-Smells/linux/net/ipv4/sysctl_net_ipv4.c.xml
    output : /tmp/cwe195_findings_k5WyBH

    query  : FIND $T $FUNC($PARAMS) {} CONTAINS memcpy($A, $B, $C)

real	0m0.038s
user	0m0.029s
sys	0m0.006s

    query  : FIND $T $FUNC($PARAMS) {} CONTAINS memmove($A, $B, $C)

real	0m0.040s
user	0m0.029s
sys	0m0.005s


--- Stage 2: XPath destructor/constructor fallback ---
    no unguarded destructor/constructor memcpy/memmove found

[ signed_memcpy ] 0 finding(s) written to /tmp/cwe195_findings_k5WyBH
=== Detector 3: signed_strncpy ===
    input  : /Users/afiaasante/Security-Code-Smells/linux/net/ipv4/sysctl_net_ipv4.c.xml
    output : /tmp/cwe195_findings_k5WyBH

    query  : FIND $T $FUNC($PARAMS) {} CONTAINS strncpy($A, $B, $C)
    note   : destructor/constructor blocks covered by XPath fallback


real	0m0.043s
user	0m0.029s
sys	0m0.006s


--- Stage 2: XPath destructor/constructor fallback ---
    no unguarded destructor/constructor strncpy found

[ signed_strncpy ] 0 finding(s) written to /tmp/cwe195_findings_k5WyBH
========================================
 Findings JSON
========================================

========================================
 Summary
 Total findings : 0
 Errors         : 0
 Warnings       : 0
========================================
