========================================
 CWE-190 Integer Overflow Risk Detector
 Source  : /Users/afiaasante/Security-Code-Smells/linux/net/ipv4/tcp.c
 Report  : /Users/afiaasante/Security-Code-Smells/results/net_scan/SCS006/ipv4__tcp.c/tcp_report_20260417_173900.txt
 Findings: /Users/afiaasante/Security-Code-Smells/results/net_scan/SCS006/ipv4__tcp.c/tcp_findings_20260417_173900.json
 Date    : Fri Apr 17 17:39:00 EDT 2026
========================================

=== Stage 1: srcml ===

real	0m0.244s
user	0m0.232s
sys	0m0.006s

=== Stage 2: srcslice ===
Writing to :: /Users/afiaasante/Security-Code-Smells/linux/net/ipv4/tcp.c.json
Output Saved to :: /Users/afiaasante/Security-Code-Smells/linux/net/ipv4/tcp.c.json

real	0m0.609s
user	0m0.475s
sys	0m0.011s

=== Stage 3: srcattributor ===

real	0m41.765s
user	0m40.593s
sys	0m0.295s

=== Detector 1: unchecked_multiply ===
    input  : /Users/afiaasante/Security-Code-Smells/linux/net/ipv4/tcp.c.xml
    output : /tmp/cwe190_findings_8U1T8B

    query  : FIND $T $FUNC($PARAMS) {} CONTAINS $TYPE $RESULT = $A * $B
    note   : destructor/constructor blocks covered by XPath fallback


real	0m0.081s
user	0m0.069s
sys	0m0.009s

--- Stage 1: checking srcQL result for MAX guard in <condition> ---
    no taint source -- warning/smell
    finding: /Users/afiaasante/Security-Code-Smells/linux/net/ipv4/tcp.c:2106:33 -- tcp_zerocopy_vm_insert_batch_error() multiplies without MAX guard

--- Stage 2: XPath destructor/constructor fallback ---
    no unguarded destructor/constructor multiply found

[ unchecked_multiply ] 1 finding(s) written to /tmp/cwe190_findings_8U1T8B
=== Detector 2: unchecked_add ===
    input  : /Users/afiaasante/Security-Code-Smells/linux/net/ipv4/tcp.c.xml
    output : /tmp/cwe190_findings_8U1T8B

    query  : FIND $T $FUNC($PARAMS) {} CONTAINS $TYPE $RESULT = $A + $B
    note   : destructor/constructor blocks covered by XPath fallback


real	0m0.085s
user	0m0.071s
sys	0m0.009s

--- Stage 1: checking srcQL result for MAX guard in <condition> ---
    no taint source -- warning/smell
    finding: /Users/afiaasante/Security-Code-Smells/linux/net/ipv4/tcp.c:3657:45 -- tcp_enable_tx_delay() adds without MAX guard

--- Stage 2: XPath destructor/constructor fallback ---
    no unguarded destructor/constructor addition found

[ unchecked_add ] 1 finding(s) written to /tmp/cwe190_findings_8U1T8B
=== Detector 3: unchecked_increment ===
    input  : /Users/afiaasante/Security-Code-Smells/linux/net/ipv4/tcp.c.xml
    output : /tmp/cwe190_findings_8U1T8B

    strategy : XPath on srcML XML -- ancestor-scoped guard check

--- extracting finding via XPath ---
    function : secs_to_retrans
    position : 369:28

    no taint source -- warning/smell
    finding: /Users/afiaasante/Security-Code-Smells/linux/net/ipv4/tcp.c:369:28 -- secs_to_retrans() increments without MAX guard

[ unchecked_increment ] 1 finding(s) written to /tmp/cwe190_findings_8U1T8B
========================================
 Findings JSON
========================================
{
  "detector": "unchecked_multiply",
  "severity": "warning",
  "classification": "smell",
  "rule": "integerOverflow",
  "file": "/Users/afiaasante/Security-Code-Smells/linux/net/ipv4/tcp.c",
  "line": 2106,
  "col": 33,
  "varname": "tcp_zerocopy_vm_insert_batch_error",
  "note": {
    "line": 2106,
    "col": 33,
    "message": "multiplication in tcp_zerocopy_vm_insert_batch_error() -- no upper-bound guard (INT_MAX / 2)"
  }
}
{
  "detector": "unchecked_add",
  "severity": "warning",
  "classification": "smell",
  "rule": "integerOverflow",
  "file": "/Users/afiaasante/Security-Code-Smells/linux/net/ipv4/tcp.c",
  "line": 3657,
  "col": 45,
  "varname": "tcp_enable_tx_delay",
  "note": {
    "line": 3657,
    "col": 45,
    "message": "addition in tcp_enable_tx_delay() -- no upper-bound guard before adding"
  }
}
{
  "detector": "unchecked_increment",
  "severity": "warning",
  "classification": "smell",
  "rule": "integerOverflow",
  "file": "/Users/afiaasante/Security-Code-Smells/linux/net/ipv4/tcp.c",
  "line": 369,
  "col": 28,
  "varname": "secs_to_retrans",
  "note": {
    "line": 369,
    "col": 28,
    "message": "increment (++) in secs_to_retrans() -- no upper-bound guard (INT_MAX check)"
  }
}

========================================
 Summary
 Total findings : 3
 Errors         : 0
 Warnings       : 3

 Breakdown by detector:
   unchecked_add             1
   unchecked_increment       1
   unchecked_multiply        1
========================================
