========================================
 CWE-190 Integer Overflow Risk Detector
 Source  : /Users/afiaasante/Security-Code-Smells/linux/net/devlink/resource.c
 Report  : /Users/afiaasante/Security-Code-Smells/results/net_scan/SCS006/devlink__resource.c/resource_report_20260417_173749.txt
 Findings: /Users/afiaasante/Security-Code-Smells/results/net_scan/SCS006/devlink__resource.c/resource_findings_20260417_173749.json
 Date    : Fri Apr 17 17:37:49 EDT 2026
========================================

=== Stage 1: srcml ===

real	0m0.024s
user	0m0.018s
sys	0m0.003s

=== Stage 2: srcslice ===
Writing to :: /Users/afiaasante/Security-Code-Smells/linux/net/devlink/resource.c.json
Output Saved to :: /Users/afiaasante/Security-Code-Smells/linux/net/devlink/resource.c.json

real	0m0.180s
user	0m0.046s
sys	0m0.003s

=== Stage 3: srcattributor ===

real	0m0.247s
user	0m0.240s
sys	0m0.005s

=== Detector 1: unchecked_multiply ===
    input  : /Users/afiaasante/Security-Code-Smells/linux/net/devlink/resource.c.xml
    output : /tmp/cwe190_findings_bWR6y1

    query  : FIND $T $FUNC($PARAMS) {} CONTAINS $TYPE $RESULT = $A * $B
    note   : destructor/constructor blocks covered by XPath fallback


real	0m0.016s
user	0m0.011s
sys	0m0.004s


--- Stage 2: XPath destructor/constructor fallback ---
    no unguarded destructor/constructor multiply found

[ unchecked_multiply ] 0 finding(s) written to /tmp/cwe190_findings_bWR6y1
=== Detector 2: unchecked_add ===
    input  : /Users/afiaasante/Security-Code-Smells/linux/net/devlink/resource.c.xml
    output : /tmp/cwe190_findings_bWR6y1

    query  : FIND $T $FUNC($PARAMS) {} CONTAINS $TYPE $RESULT = $A + $B
    note   : destructor/constructor blocks covered by XPath fallback


real	0m0.014s
user	0m0.010s
sys	0m0.003s


--- Stage 2: XPath destructor/constructor fallback ---
    no unguarded destructor/constructor addition found

[ unchecked_add ] 0 finding(s) written to /tmp/cwe190_findings_bWR6y1
=== Detector 3: unchecked_increment ===
    input  : /Users/afiaasante/Security-Code-Smells/linux/net/devlink/resource.c.xml
    output : /tmp/cwe190_findings_bWR6y1

    strategy : XPath on srcML XML -- ancestor-scoped guard check

--- extracting finding via XPath ---
    function : devlink_resource_fill
    position : 261:18

    no taint source -- warning/smell
    finding: /Users/afiaasante/Security-Code-Smells/linux/net/devlink/resource.c:261:18 -- devlink_resource_fill() increments without MAX guard

[ unchecked_increment ] 1 finding(s) written to /tmp/cwe190_findings_bWR6y1
========================================
 Findings JSON
========================================
{
  "detector": "unchecked_increment",
  "severity": "warning",
  "classification": "smell",
  "rule": "integerOverflow",
  "file": "/Users/afiaasante/Security-Code-Smells/linux/net/devlink/resource.c",
  "line": 261,
  "col": 18,
  "varname": "devlink_resource_fill",
  "note": {
    "line": 261,
    "col": 18,
    "message": "increment (++) in devlink_resource_fill() -- no upper-bound guard (INT_MAX check)"
  }
}

========================================
 Summary
 Total findings : 1
 Errors         : 0
 Warnings       : 1

 Breakdown by detector:
   unchecked_increment       1
========================================
