========================================
 CWE-195 Signed-to-Unsigned Conversion Detector
 Source  : /Users/afiaasante/Security-Code-Smells/linux/net/bluetooth/smp.c
 Report  : /Users/afiaasante/Security-Code-Smells/results/net_scan/SCS007/bluetooth__smp.c/smp_report_20260417_175300.txt
 Findings: /Users/afiaasante/Security-Code-Smells/results/net_scan/SCS007/bluetooth__smp.c/smp_findings_20260417_175300.json
 Date    : Fri Apr 17 17:53:00 EDT 2026
========================================

=== Stage 1: srcml ===

real	0m0.149s
user	0m0.135s
sys	0m0.006s

=== Stage 2: srcslice ===
Writing to :: /Users/afiaasante/Security-Code-Smells/linux/net/bluetooth/smp.c.json
Output Saved to :: /Users/afiaasante/Security-Code-Smells/linux/net/bluetooth/smp.c.json

real	0m0.429s
user	0m0.291s
sys	0m0.008s

=== Stage 3: srcattributor ===

real	0m23.300s
user	0m21.320s
sys	0m0.239s

=== Detector 1: signed_malloc ===
    input  : /Users/afiaasante/Security-Code-Smells/linux/net/bluetooth/smp.c.xml
    output : /tmp/cwe195_findings_sTjfMC

    query  : FIND $T $FUNC($PARAMS) {} CONTAINS malloc($A)
    note   : destructor/constructor blocks covered by XPath fallback


real	0m0.128s
user	0m0.061s
sys	0m0.010s


--- Stage 2: XPath destructor/constructor fallback ---
    no unguarded destructor/constructor malloc found

[ signed_malloc ] 0 finding(s) written to /tmp/cwe195_findings_sTjfMC
=== Detector 2: signed_memcpy ===
    input  : /Users/afiaasante/Security-Code-Smells/linux/net/bluetooth/smp.c.xml
    output : /tmp/cwe195_findings_sTjfMC

    query  : FIND $T $FUNC($PARAMS) {} CONTAINS memcpy($A, $B, $C)

real	0m0.124s
user	0m0.065s
sys	0m0.011s

--- Stage 1 (memcpy): checking srcQL result for positivity guard in <condition> ---
    guarded -- > operator found in condition, no finding
    query  : FIND $T $FUNC($PARAMS) {} CONTAINS memmove($A, $B, $C)

real	0m0.092s
user	0m0.066s
sys	0m0.011s


--- Stage 2: XPath destructor/constructor fallback ---
    no unguarded destructor/constructor memcpy/memmove found

[ signed_memcpy ] 0 finding(s) written to /tmp/cwe195_findings_sTjfMC
=== Detector 3: signed_strncpy ===
    input  : /Users/afiaasante/Security-Code-Smells/linux/net/bluetooth/smp.c.xml
    output : /tmp/cwe195_findings_sTjfMC

    query  : FIND $T $FUNC($PARAMS) {} CONTAINS strncpy($A, $B, $C)
    note   : destructor/constructor blocks covered by XPath fallback


real	0m0.072s
user	0m0.056s
sys	0m0.008s


--- Stage 2: XPath destructor/constructor fallback ---
    no unguarded destructor/constructor strncpy found

[ signed_strncpy ] 0 finding(s) written to /tmp/cwe195_findings_sTjfMC
========================================
 Findings JSON
========================================

========================================
 Summary
 Total findings : 0
 Errors         : 0
 Warnings       : 0
========================================
