========================================
 CWE-195 Signed-to-Unsigned Conversion Detector
 Source  : /Users/afiaasante/Security-Code-Smells/linux/net/core/sock.c
 Report  : /Users/afiaasante/Security-Code-Smells/results/net_scan/SCS007/core__sock.c/sock_report_20260417_175539.txt
 Findings: /Users/afiaasante/Security-Code-Smells/results/net_scan/SCS007/core__sock.c/sock_findings_20260417_175539.json
 Date    : Fri Apr 17 17:55:39 EDT 2026
========================================

=== Stage 1: srcml ===

real	0m0.271s
user	0m0.251s
sys	0m0.009s

=== Stage 2: srcslice ===
Writing to :: /Users/afiaasante/Security-Code-Smells/linux/net/core/sock.c.json
Output Saved to :: /Users/afiaasante/Security-Code-Smells/linux/net/core/sock.c.json

real	0m0.609s
user	0m0.459s
sys	0m0.012s

=== Stage 3: srcattributor ===

real	0m33.030s
user	0m31.243s
sys	0m0.232s

=== Detector 1: signed_malloc ===
    input  : /Users/afiaasante/Security-Code-Smells/linux/net/core/sock.c.xml
    output : /tmp/cwe195_findings_Qeon00

    query  : FIND $T $FUNC($PARAMS) {} CONTAINS malloc($A)
    note   : destructor/constructor blocks covered by XPath fallback


real	0m0.089s
user	0m0.071s
sys	0m0.010s


--- Stage 2: XPath destructor/constructor fallback ---
    no unguarded destructor/constructor malloc found

[ signed_malloc ] 0 finding(s) written to /tmp/cwe195_findings_Qeon00
=== Detector 2: signed_memcpy ===
    input  : /Users/afiaasante/Security-Code-Smells/linux/net/core/sock.c.xml
    output : /tmp/cwe195_findings_Qeon00

    query  : FIND $T $FUNC($PARAMS) {} CONTAINS memcpy($A, $B, $C)

real	0m0.083s
user	0m0.071s
sys	0m0.009s

--- Stage 1 (memcpy): checking srcQL result for positivity guard in <condition> ---
    no taint source -- warning/smell
    finding: /Users/afiaasante/Security-Code-Smells/linux/net/core/sock.c:2219:9 -- sock_copy() memcpy without positivity guard
    query  : FIND $T $FUNC($PARAMS) {} CONTAINS memmove($A, $B, $C)

real	0m0.083s
user	0m0.071s
sys	0m0.009s


--- Stage 2: XPath destructor/constructor fallback ---

[ signed_memcpy ] 1 finding(s) written to /tmp/cwe195_findings_Qeon00
=== Detector 3: signed_strncpy ===
    input  : /Users/afiaasante/Security-Code-Smells/linux/net/core/sock.c.xml
    output : /tmp/cwe195_findings_Qeon00

    query  : FIND $T $FUNC($PARAMS) {} CONTAINS strncpy($A, $B, $C)
    note   : destructor/constructor blocks covered by XPath fallback


real	0m0.084s
user	0m0.072s
sys	0m0.009s


--- Stage 2: XPath destructor/constructor fallback ---
    no unguarded destructor/constructor strncpy found

[ signed_strncpy ] 0 finding(s) written to /tmp/cwe195_findings_Qeon00
========================================
 Findings JSON
========================================
{
  "detector": "signed_memcpy",
  "severity": "warning",
  "classification": "smell",
  "rule": "signedUnsignedConversion",
  "file": "/Users/afiaasante/Security-Code-Smells/linux/net/core/sock.c",
  "line": 2219,
  "col": 9,
  "varname": "sock_copy",
  "note": {
    "line": 2219,
    "col": 9,
    "message": "memcpy() in sock_copy() -- signed int passed as byte count with no positivity guard (data > 0)"
  }
}

========================================
 Summary
 Total findings : 1
 Errors         : 0
 Warnings       : 1

 Breakdown by detector:
   signed_memcpy             1
========================================
