========================================
 CWE-190 Integer Overflow Risk Detector
 Source  : /Users/afiaasante/Security-Code-Smells/linux/net/core/page_pool.c
 Report  : /Users/afiaasante/Security-Code-Smells/results/net_scan/SCS006/core__page_pool.c/page_pool_report_20260417_173700.txt
 Findings: /Users/afiaasante/Security-Code-Smells/results/net_scan/SCS006/core__page_pool.c/page_pool_findings_20260417_173700.json
 Date    : Fri Apr 17 17:37:00 EDT 2026
========================================

=== Stage 1: srcml ===

real	0m0.051s
user	0m0.044s
sys	0m0.004s

=== Stage 2: srcslice ===
Writing to :: /Users/afiaasante/Security-Code-Smells/linux/net/core/page_pool.c.json
Output Saved to :: /Users/afiaasante/Security-Code-Smells/linux/net/core/page_pool.c.json

real	0m0.241s
user	0m0.095s
sys	0m0.006s

=== Stage 3: srcattributor ===

real	0m1.625s
user	0m1.561s
sys	0m0.017s

=== Detector 1: unchecked_multiply ===
    input  : /Users/afiaasante/Security-Code-Smells/linux/net/core/page_pool.c.xml
    output : /tmp/cwe190_findings_Gey6Yf

    query  : FIND $T $FUNC($PARAMS) {} CONTAINS $TYPE $RESULT = $A * $B
    note   : destructor/constructor blocks covered by XPath fallback


real	0m0.022s
user	0m0.016s
sys	0m0.004s


--- Stage 2: XPath destructor/constructor fallback ---
    no unguarded destructor/constructor multiply found

[ unchecked_multiply ] 0 finding(s) written to /tmp/cwe190_findings_Gey6Yf
=== Detector 2: unchecked_add ===
    input  : /Users/afiaasante/Security-Code-Smells/linux/net/core/page_pool.c.xml
    output : /tmp/cwe190_findings_Gey6Yf

    query  : FIND $T $FUNC($PARAMS) {} CONTAINS $TYPE $RESULT = $A + $B
    note   : destructor/constructor blocks covered by XPath fallback


real	0m0.026s
user	0m0.017s
sys	0m0.005s


--- Stage 2: XPath destructor/constructor fallback ---
    no unguarded destructor/constructor addition found

[ unchecked_add ] 0 finding(s) written to /tmp/cwe190_findings_Gey6Yf
=== Detector 3: unchecked_increment ===
    input  : /Users/afiaasante/Security-Code-Smells/linux/net/core/page_pool.c.xml
    output : /tmp/cwe190_findings_Gey6Yf

    strategy : XPath on srcML XML -- ancestor-scoped guard check

--- extracting finding via XPath ---
    function : page_pool_ethtool_stats_get_strings
    position : 120:48

    no taint source -- warning/smell
    finding: /Users/afiaasante/Security-Code-Smells/linux/net/core/page_pool.c:120:48 -- page_pool_ethtool_stats_get_strings() increments without MAX guard

[ unchecked_increment ] 1 finding(s) written to /tmp/cwe190_findings_Gey6Yf
========================================
 Findings JSON
========================================
{
  "detector": "unchecked_increment",
  "severity": "warning",
  "classification": "smell",
  "rule": "integerOverflow",
  "file": "/Users/afiaasante/Security-Code-Smells/linux/net/core/page_pool.c",
  "line": 120,
  "col": 48,
  "varname": "page_pool_ethtool_stats_get_strings",
  "note": {
    "line": 120,
    "col": 48,
    "message": "increment (++) in page_pool_ethtool_stats_get_strings() -- no upper-bound guard (INT_MAX check)"
  }
}

========================================
 Summary
 Total findings : 1
 Errors         : 0
 Warnings       : 1

 Breakdown by detector:
   unchecked_increment       1
========================================
