========================================
 CWE-190 Integer Overflow Risk Detector
 Source  : /Users/afiaasante/Security-Code-Smells/linux/net/netfilter/xt_hashlimit.c
 Report  : /Users/afiaasante/Security-Code-Smells/results/net_scan/SCS006/netfilter__xt_hashlimit.c/xt_hashlimit_report_20260417_174302.txt
 Findings: /Users/afiaasante/Security-Code-Smells/results/net_scan/SCS006/netfilter__xt_hashlimit.c/xt_hashlimit_findings_20260417_174302.json
 Date    : Fri Apr 17 17:43:02 EDT 2026
========================================

=== Stage 1: srcml ===

real	0m0.081s
user	0m0.070s
sys	0m0.006s

=== Stage 2: srcslice ===
Writing to :: /Users/afiaasante/Security-Code-Smells/linux/net/netfilter/xt_hashlimit.c.json
Output Saved to :: /Users/afiaasante/Security-Code-Smells/linux/net/netfilter/xt_hashlimit.c.json

real	0m0.256s
user	0m0.141s
sys	0m0.005s

=== Stage 3: srcattributor ===

real	0m2.857s
user	0m2.665s
sys	0m0.033s

=== Detector 1: unchecked_multiply ===
    input  : /Users/afiaasante/Security-Code-Smells/linux/net/netfilter/xt_hashlimit.c.xml
    output : /tmp/cwe190_findings_A0DSWj

    query  : FIND $T $FUNC($PARAMS) {} CONTAINS $TYPE $RESULT = $A * $B
    note   : destructor/constructor blocks covered by XPath fallback


real	0m0.034s
user	0m0.024s
sys	0m0.005s

--- Stage 1: checking srcQL result for MAX guard in <condition> ---
    no taint source -- warning/smell
    finding: /Users/afiaasante/Security-Code-Smells/linux/net/netfilter/xt_hashlimit.c:141:69 -- cfg_copy() multiplies without MAX guard

--- Stage 2: XPath destructor/constructor fallback ---
    no unguarded destructor/constructor multiply found

[ unchecked_multiply ] 1 finding(s) written to /tmp/cwe190_findings_A0DSWj
=== Detector 2: unchecked_add ===
    input  : /Users/afiaasante/Security-Code-Smells/linux/net/netfilter/xt_hashlimit.c.xml
    output : /tmp/cwe190_findings_A0DSWj

    query  : FIND $T $FUNC($PARAMS) {} CONTAINS $TYPE $RESULT = $A + $B
    note   : destructor/constructor blocks covered by XPath fallback


real	0m0.032s
user	0m0.025s
sys	0m0.005s


--- Stage 2: XPath destructor/constructor fallback ---
    no unguarded destructor/constructor addition found

[ unchecked_add ] 0 finding(s) written to /tmp/cwe190_findings_A0DSWj
=== Detector 3: unchecked_increment ===
    input  : /Users/afiaasante/Security-Code-Smells/linux/net/netfilter/xt_hashlimit.c.xml
    output : /tmp/cwe190_findings_A0DSWj

    strategy : XPath on srcML XML -- ancestor-scoped guard check

--- extracting finding via XPath ---
    function : dsthash_alloc_init
    position : 252:26

    no taint source -- warning/smell
    finding: /Users/afiaasante/Security-Code-Smells/linux/net/netfilter/xt_hashlimit.c:252:26 -- dsthash_alloc_init() increments without MAX guard

[ unchecked_increment ] 1 finding(s) written to /tmp/cwe190_findings_A0DSWj
========================================
 Findings JSON
========================================
{
  "detector": "unchecked_multiply",
  "severity": "warning",
  "classification": "smell",
  "rule": "integerOverflow",
  "file": "/Users/afiaasante/Security-Code-Smells/linux/net/netfilter/xt_hashlimit.c",
  "line": 141,
  "col": 69,
  "varname": "cfg_copy",
  "note": {
    "line": 141,
    "col": 69,
    "message": "multiplication in cfg_copy() -- no upper-bound guard (INT_MAX / 2)"
  }
}
{
  "detector": "unchecked_increment",
  "severity": "warning",
  "classification": "smell",
  "rule": "integerOverflow",
  "file": "/Users/afiaasante/Security-Code-Smells/linux/net/netfilter/xt_hashlimit.c",
  "line": 252,
  "col": 26,
  "varname": "dsthash_alloc_init",
  "note": {
    "line": 252,
    "col": 26,
    "message": "increment (++) in dsthash_alloc_init() -- no upper-bound guard (INT_MAX check)"
  }
}

========================================
 Summary
 Total findings : 2
 Errors         : 0
 Warnings       : 2

 Breakdown by detector:
   unchecked_increment       1
   unchecked_multiply        1
========================================
