========================================
 CWE-195 Signed-to-Unsigned Conversion Detector
 Source  : /Users/afiaasante/Security-Code-Smells/linux/net/socket.c
 Report  : /Users/afiaasante/Security-Code-Smells/results/net_scan/SCS007/socket.c/socket_report_20260417_180610.txt
 Findings: /Users/afiaasante/Security-Code-Smells/results/net_scan/SCS007/socket.c/socket_findings_20260417_180610.json
 Date    : Fri Apr 17 18:06:10 EDT 2026
========================================

=== Stage 1: srcml ===

real	0m0.246s
user	0m0.225s
sys	0m0.009s

=== Stage 2: srcslice ===
Writing to :: /Users/afiaasante/Security-Code-Smells/linux/net/socket.c.json
Output Saved to :: /Users/afiaasante/Security-Code-Smells/linux/net/socket.c.json

real	0m0.543s
user	0m0.385s
sys	0m0.011s

=== Stage 3: srcattributor ===

real	0m30.856s
user	0m26.157s
sys	0m0.297s

=== Detector 1: signed_malloc ===
    input  : /Users/afiaasante/Security-Code-Smells/linux/net/socket.c.xml
    output : /tmp/cwe195_findings_JdGtj6

    query  : FIND $T $FUNC($PARAMS) {} CONTAINS malloc($A)
    note   : destructor/constructor blocks covered by XPath fallback


real	0m0.072s
user	0m0.060s
sys	0m0.008s


--- Stage 2: XPath destructor/constructor fallback ---
    no unguarded destructor/constructor malloc found

[ signed_malloc ] 0 finding(s) written to /tmp/cwe195_findings_JdGtj6
=== Detector 2: signed_memcpy ===
    input  : /Users/afiaasante/Security-Code-Smells/linux/net/socket.c.xml
    output : /tmp/cwe195_findings_JdGtj6

    query  : FIND $T $FUNC($PARAMS) {} CONTAINS memcpy($A, $B, $C)

real	0m0.073s
user	0m0.060s
sys	0m0.007s

--- Stage 1 (memcpy): checking srcQL result for positivity guard in <condition> ---
    guarded -- > operator found in condition, no finding
    query  : FIND $T $FUNC($PARAMS) {} CONTAINS memmove($A, $B, $C)

real	0m0.075s
user	0m0.061s
sys	0m0.007s


--- Stage 2: XPath destructor/constructor fallback ---
    no unguarded destructor/constructor memcpy/memmove found

[ signed_memcpy ] 0 finding(s) written to /tmp/cwe195_findings_JdGtj6
=== Detector 3: signed_strncpy ===
    input  : /Users/afiaasante/Security-Code-Smells/linux/net/socket.c.xml
    output : /tmp/cwe195_findings_JdGtj6

    query  : FIND $T $FUNC($PARAMS) {} CONTAINS strncpy($A, $B, $C)
    note   : destructor/constructor blocks covered by XPath fallback


real	0m0.080s
user	0m0.058s
sys	0m0.007s


--- Stage 2: XPath destructor/constructor fallback ---
    no unguarded destructor/constructor strncpy found

[ signed_strncpy ] 0 finding(s) written to /tmp/cwe195_findings_JdGtj6
========================================
 Findings JSON
========================================

========================================
 Summary
 Total findings : 0
 Errors         : 0
 Warnings       : 0
========================================
