========================================
 CWE-190 Integer Overflow Risk Detector
 Source  : /Users/afiaasante/Security-Code-Smells/linux/net/netfilter/nft_tunnel.c
 Report  : /Users/afiaasante/Security-Code-Smells/results/net_scan/SCS006/netfilter__nft_tunnel.c/nft_tunnel_report_20260417_174256.txt
 Findings: /Users/afiaasante/Security-Code-Smells/results/net_scan/SCS006/netfilter__nft_tunnel.c/nft_tunnel_findings_20260417_174256.json
 Date    : Fri Apr 17 17:42:56 EDT 2026
========================================

=== Stage 1: srcml ===

real	0m0.052s
user	0m0.044s
sys	0m0.004s

=== Stage 2: srcslice ===
Writing to :: /Users/afiaasante/Security-Code-Smells/linux/net/netfilter/nft_tunnel.c.json
Output Saved to :: /Users/afiaasante/Security-Code-Smells/linux/net/netfilter/nft_tunnel.c.json

real	0m0.241s
user	0m0.103s
sys	0m0.006s

=== Stage 3: srcattributor ===

real	0m0.959s
user	0m0.923s
sys	0m0.010s

=== Detector 1: unchecked_multiply ===
    input  : /Users/afiaasante/Security-Code-Smells/linux/net/netfilter/nft_tunnel.c.xml
    output : /tmp/cwe190_findings_diORdS

    query  : FIND $T $FUNC($PARAMS) {} CONTAINS $TYPE $RESULT = $A * $B
    note   : destructor/constructor blocks covered by XPath fallback


real	0m0.022s
user	0m0.016s
sys	0m0.004s

--- Stage 1: checking srcQL result for MAX guard in <condition> ---
    no taint source -- warning/smell
    finding: /Users/afiaasante/Security-Code-Smells/linux/net/netfilter/nft_tunnel.c:344:53 -- nft_tunnel_obj_geneve_init() multiplies without MAX guard

--- Stage 2: XPath destructor/constructor fallback ---
    no unguarded destructor/constructor multiply found

[ unchecked_multiply ] 1 finding(s) written to /tmp/cwe190_findings_diORdS
=== Detector 2: unchecked_add ===
    input  : /Users/afiaasante/Security-Code-Smells/linux/net/netfilter/nft_tunnel.c.xml
    output : /tmp/cwe190_findings_diORdS

    query  : FIND $T $FUNC($PARAMS) {} CONTAINS $TYPE $RESULT = $A + $B
    note   : destructor/constructor blocks covered by XPath fallback


real	0m0.023s
user	0m0.017s
sys	0m0.005s

--- Stage 1: checking srcQL result for MAX guard in <condition> ---
    no taint source -- warning/smell
    finding: /Users/afiaasante/Security-Code-Smells/linux/net/netfilter/nft_tunnel.c:344:69 -- nft_tunnel_obj_geneve_init() adds without MAX guard

--- Stage 2: XPath destructor/constructor fallback ---
    no unguarded destructor/constructor addition found

[ unchecked_add ] 1 finding(s) written to /tmp/cwe190_findings_diORdS
=== Detector 3: unchecked_increment ===
    input  : /Users/afiaasante/Security-Code-Smells/linux/net/netfilter/nft_tunnel.c.xml
    output : /tmp/cwe190_findings_diORdS

    strategy : XPath on srcML XML -- ancestor-scoped guard check

[ unchecked_increment ] No smell detected.
========================================
 Findings JSON
========================================
{
  "detector": "unchecked_multiply",
  "severity": "warning",
  "classification": "smell",
  "rule": "integerOverflow",
  "file": "/Users/afiaasante/Security-Code-Smells/linux/net/netfilter/nft_tunnel.c",
  "line": 344,
  "col": 53,
  "varname": "nft_tunnel_obj_geneve_init",
  "note": {
    "line": 344,
    "col": 53,
    "message": "multiplication in nft_tunnel_obj_geneve_init() -- no upper-bound guard (INT_MAX / 2)"
  }
}
{
  "detector": "unchecked_add",
  "severity": "warning",
  "classification": "smell",
  "rule": "integerOverflow",
  "file": "/Users/afiaasante/Security-Code-Smells/linux/net/netfilter/nft_tunnel.c",
  "line": 344,
  "col": 69,
  "varname": "nft_tunnel_obj_geneve_init",
  "note": {
    "line": 344,
    "col": 69,
    "message": "addition in nft_tunnel_obj_geneve_init() -- no upper-bound guard before adding"
  }
}

========================================
 Summary
 Total findings : 2
 Errors         : 0
 Warnings       : 2

 Breakdown by detector:
   unchecked_add             1
   unchecked_multiply        1
========================================
