========================================
 CWE-195 Signed-to-Unsigned Conversion Detector
 Source  : /Users/afiaasante/Security-Code-Smells/linux/net/ipv6/ip6_output.c
 Report  : /Users/afiaasante/Security-Code-Smells/results/net_scan/SCS007/ipv6__ip6_output.c/ip6_output_report_20260417_175919.txt
 Findings: /Users/afiaasante/Security-Code-Smells/results/net_scan/SCS007/ipv6__ip6_output.c/ip6_output_findings_20260417_175919.json
 Date    : Fri Apr 17 17:59:19 EDT 2026
========================================

=== Stage 1: srcml ===

real	0m0.148s
user	0m0.134s
sys	0m0.007s

=== Stage 2: srcslice ===
Writing to :: /Users/afiaasante/Security-Code-Smells/linux/net/ipv6/ip6_output.c.json
Output Saved to :: /Users/afiaasante/Security-Code-Smells/linux/net/ipv6/ip6_output.c.json

real	0m0.383s
user	0m0.287s
sys	0m0.010s

=== Stage 3: srcattributor ===

real	0m14.167s
user	0m13.374s
sys	0m0.128s

=== Detector 1: signed_malloc ===
    input  : /Users/afiaasante/Security-Code-Smells/linux/net/ipv6/ip6_output.c.xml
    output : /tmp/cwe195_findings_ZmUPvP

    query  : FIND $T $FUNC($PARAMS) {} CONTAINS malloc($A)
    note   : destructor/constructor blocks covered by XPath fallback


real	0m0.051s
user	0m0.040s
sys	0m0.006s


--- Stage 2: XPath destructor/constructor fallback ---
    no unguarded destructor/constructor malloc found

[ signed_malloc ] 0 finding(s) written to /tmp/cwe195_findings_ZmUPvP
=== Detector 2: signed_memcpy ===
    input  : /Users/afiaasante/Security-Code-Smells/linux/net/ipv6/ip6_output.c.xml
    output : /tmp/cwe195_findings_ZmUPvP

    query  : FIND $T $FUNC($PARAMS) {} CONTAINS memcpy($A, $B, $C)

real	0m0.048s
user	0m0.040s
sys	0m0.006s

--- Stage 1 (memcpy): checking srcQL result for positivity guard in <condition> ---
    no taint source -- warning/smell
    finding: /Users/afiaasante/Security-Code-Smells/linux/net/ipv6/ip6_output.c:723:9 -- ip6_fraglist_init() memcpy without positivity guard
    query  : FIND $T $FUNC($PARAMS) {} CONTAINS memmove($A, $B, $C)

real	0m0.050s
user	0m0.039s
sys	0m0.007s


--- Stage 2: XPath destructor/constructor fallback ---

[ signed_memcpy ] 1 finding(s) written to /tmp/cwe195_findings_ZmUPvP
=== Detector 3: signed_strncpy ===
    input  : /Users/afiaasante/Security-Code-Smells/linux/net/ipv6/ip6_output.c.xml
    output : /tmp/cwe195_findings_ZmUPvP

    query  : FIND $T $FUNC($PARAMS) {} CONTAINS strncpy($A, $B, $C)
    note   : destructor/constructor blocks covered by XPath fallback


real	0m0.050s
user	0m0.039s
sys	0m0.006s


--- Stage 2: XPath destructor/constructor fallback ---
    no unguarded destructor/constructor strncpy found

[ signed_strncpy ] 0 finding(s) written to /tmp/cwe195_findings_ZmUPvP
========================================
 Findings JSON
========================================
{
  "detector": "signed_memcpy",
  "severity": "warning",
  "classification": "smell",
  "rule": "signedUnsignedConversion",
  "file": "/Users/afiaasante/Security-Code-Smells/linux/net/ipv6/ip6_output.c",
  "line": 723,
  "col": 9,
  "varname": "ip6_fraglist_init",
  "note": {
    "line": 723,
    "col": 9,
    "message": "memcpy() in ip6_fraglist_init() -- signed int passed as byte count with no positivity guard (data > 0)"
  }
}

========================================
 Summary
 Total findings : 1
 Errors         : 0
 Warnings       : 1

 Breakdown by detector:
   signed_memcpy             1
========================================
