========================================
 CWE-195 Signed-to-Unsigned Conversion Detector
 Source  : /Users/afiaasante/Security-Code-Smells/linux/net/hsr/hsr_forward.c
 Report  : /Users/afiaasante/Security-Code-Smells/results/net_scan/SCS007/hsr__hsr_forward.c/hsr_forward_report_20260417_175708.txt
 Findings: /Users/afiaasante/Security-Code-Smells/results/net_scan/SCS007/hsr__hsr_forward.c/hsr_forward_findings_20260417_175708.json
 Date    : Fri Apr 17 17:57:08 EDT 2026
========================================

=== Stage 1: srcml ===

real	0m0.054s
user	0m0.047s
sys	0m0.005s

=== Stage 2: srcslice ===
Writing to :: /Users/afiaasante/Security-Code-Smells/linux/net/hsr/hsr_forward.c.json
Output Saved to :: /Users/afiaasante/Security-Code-Smells/linux/net/hsr/hsr_forward.c.json

real	0m0.250s
user	0m0.102s
sys	0m0.005s

=== Stage 3: srcattributor ===

real	0m1.086s
user	0m1.041s
sys	0m0.011s

=== Detector 1: signed_malloc ===
    input  : /Users/afiaasante/Security-Code-Smells/linux/net/hsr/hsr_forward.c.xml
    output : /tmp/cwe195_findings_vYjItg

    query  : FIND $T $FUNC($PARAMS) {} CONTAINS malloc($A)
    note   : destructor/constructor blocks covered by XPath fallback


real	0m0.025s
user	0m0.018s
sys	0m0.004s


--- Stage 2: XPath destructor/constructor fallback ---
    no unguarded destructor/constructor malloc found

[ signed_malloc ] 0 finding(s) written to /tmp/cwe195_findings_vYjItg
=== Detector 2: signed_memcpy ===
    input  : /Users/afiaasante/Security-Code-Smells/linux/net/hsr/hsr_forward.c.xml
    output : /tmp/cwe195_findings_vYjItg

    query  : FIND $T $FUNC($PARAMS) {} CONTAINS memcpy($A, $B, $C)

real	0m0.026s
user	0m0.018s
sys	0m0.005s

--- Stage 1 (memcpy): checking srcQL result for positivity guard in <condition> ---
    no taint source -- warning/smell
    finding: /Users/afiaasante/Security-Code-Smells/linux/net/hsr/hsr_forward.c:172:9 -- create_stripped_skb_hsr() memcpy without positivity guard
    query  : FIND $T $FUNC($PARAMS) {} CONTAINS memmove($A, $B, $C)

real	0m0.024s
user	0m0.018s
sys	0m0.005s

--- Stage 1 (memmove): checking srcQL result for positivity guard in <condition> ---
    no taint source -- warning/smell
    finding: /Users/afiaasante/Security-Code-Smells/linux/net/hsr/hsr_forward.c:365:9 -- hsr_create_tagged_frame() memmove without positivity guard

--- Stage 2: XPath destructor/constructor fallback ---

[ signed_memcpy ] 2 finding(s) written to /tmp/cwe195_findings_vYjItg
=== Detector 3: signed_strncpy ===
    input  : /Users/afiaasante/Security-Code-Smells/linux/net/hsr/hsr_forward.c.xml
    output : /tmp/cwe195_findings_vYjItg

    query  : FIND $T $FUNC($PARAMS) {} CONTAINS strncpy($A, $B, $C)
    note   : destructor/constructor blocks covered by XPath fallback


real	0m0.026s
user	0m0.017s
sys	0m0.005s


--- Stage 2: XPath destructor/constructor fallback ---
    no unguarded destructor/constructor strncpy found

[ signed_strncpy ] 0 finding(s) written to /tmp/cwe195_findings_vYjItg
========================================
 Findings JSON
========================================
{
  "detector": "signed_memcpy",
  "severity": "warning",
  "classification": "smell",
  "rule": "signedUnsignedConversion",
  "file": "/Users/afiaasante/Security-Code-Smells/linux/net/hsr/hsr_forward.c",
  "line": 172,
  "col": 9,
  "varname": "create_stripped_skb_hsr",
  "note": {
    "line": 172,
    "col": 9,
    "message": "memcpy() in create_stripped_skb_hsr() -- signed int passed as byte count with no positivity guard (data > 0)"
  }
}
{
  "detector": "signed_memcpy",
  "severity": "warning",
  "classification": "smell",
  "rule": "signedUnsignedConversion",
  "file": "/Users/afiaasante/Security-Code-Smells/linux/net/hsr/hsr_forward.c",
  "line": 365,
  "col": 9,
  "varname": "hsr_create_tagged_frame",
  "note": {
    "line": 365,
    "col": 9,
    "message": "memmove() in hsr_create_tagged_frame() -- signed int passed as byte count with no positivity guard (data > 0)"
  }
}

========================================
 Summary
 Total findings : 2
 Errors         : 0
 Warnings       : 2

 Breakdown by detector:
   signed_memcpy             2
========================================
