========================================
 CWE-190 Integer Overflow Risk Detector
 Source  : /Users/afiaasante/Security-Code-Smells/linux/net/smc/smc_close.c
 Report  : /Users/afiaasante/Security-Code-Smells/results/net_scan/SCS006/smc__smc_close.c/smc_close_report_20260417_174501.txt
 Findings: /Users/afiaasante/Security-Code-Smells/results/net_scan/SCS006/smc__smc_close.c/smc_close_findings_20260417_174501.json
 Date    : Fri Apr 17 17:45:01 EDT 2026
========================================

=== Stage 1: srcml ===

real	0m0.034s
user	0m0.028s
sys	0m0.004s

=== Stage 2: srcslice ===
Writing to :: /Users/afiaasante/Security-Code-Smells/linux/net/smc/smc_close.c.json
Output Saved to :: /Users/afiaasante/Security-Code-Smells/linux/net/smc/smc_close.c.json

real	0m0.191s
user	0m0.065s
sys	0m0.004s

=== Stage 3: srcattributor ===

real	0m0.525s
user	0m0.497s
sys	0m0.007s

=== Detector 1: unchecked_multiply ===
    input  : /Users/afiaasante/Security-Code-Smells/linux/net/smc/smc_close.c.xml
    output : /tmp/cwe190_findings_KvUGjk

    query  : FIND $T $FUNC($PARAMS) {} CONTAINS $TYPE $RESULT = $A * $B
    note   : destructor/constructor blocks covered by XPath fallback


real	0m0.020s
user	0m0.014s
sys	0m0.005s


--- Stage 2: XPath destructor/constructor fallback ---
    no unguarded destructor/constructor multiply found

[ unchecked_multiply ] 0 finding(s) written to /tmp/cwe190_findings_KvUGjk
=== Detector 2: unchecked_add ===
    input  : /Users/afiaasante/Security-Code-Smells/linux/net/smc/smc_close.c.xml
    output : /tmp/cwe190_findings_KvUGjk

    query  : FIND $T $FUNC($PARAMS) {} CONTAINS $TYPE $RESULT = $A + $B
    note   : destructor/constructor blocks covered by XPath fallback


real	0m0.021s
user	0m0.013s
sys	0m0.004s


--- Stage 2: XPath destructor/constructor fallback ---
    no unguarded destructor/constructor addition found

[ unchecked_add ] 0 finding(s) written to /tmp/cwe190_findings_KvUGjk
=== Detector 3: unchecked_increment ===
    input  : /Users/afiaasante/Security-Code-Smells/linux/net/smc/smc_close.c.xml
    output : /tmp/cwe190_findings_KvUGjk

    strategy : XPath on srcML XML -- ancestor-scoped guard check

[ unchecked_increment ] No smell detected.
========================================
 Findings JSON
========================================

========================================
 Summary
 Total findings : 0
 Errors         : 0
 Warnings       : 0
========================================
