========================================
 CWE-190 Integer Overflow Risk Detector
 Source  : /Users/afiaasante/Security-Code-Smells/linux/net/802/mrp.c
 Report  : /Users/afiaasante/Security-Code-Smells/results/net_scan/SCS006/802__mrp.c/mrp_report_20260417_173510.txt
 Findings: /Users/afiaasante/Security-Code-Smells/results/net_scan/SCS006/802__mrp.c/mrp_findings_20260417_173510.json
 Date    : Fri Apr 17 17:35:10 EDT 2026
========================================

=== Stage 1: srcml ===

real	0m0.064s
user	0m0.022s
sys	0m0.003s

=== Stage 2: srcslice ===
Writing to :: /Users/afiaasante/Security-Code-Smells/linux/net/802/mrp.c.json
Output Saved to :: /Users/afiaasante/Security-Code-Smells/linux/net/802/mrp.c.json

real	0m0.181s
user	0m0.048s
sys	0m0.003s

=== Stage 3: srcattributor ===

real	0m0.758s
user	0m0.685s
sys	0m0.019s

=== Detector 1: unchecked_multiply ===
    input  : /Users/afiaasante/Security-Code-Smells/linux/net/802/mrp.c.xml
    output : /tmp/cwe190_findings_opciMd

    query  : FIND $T $FUNC($PARAMS) {} CONTAINS $TYPE $RESULT = $A * $B
    note   : destructor/constructor blocks covered by XPath fallback


real	0m0.020s
user	0m0.013s
sys	0m0.003s

--- Stage 1: checking srcQL result for MAX guard in <condition> ---
    no taint source -- warning/smell
    finding: /Users/afiaasante/Security-Code-Smells/linux/net/802/mrp.c:218:21 -- mrp_attrvalue_inc() multiplies without MAX guard

--- Stage 2: XPath destructor/constructor fallback ---
    no unguarded destructor/constructor multiply found

[ unchecked_multiply ] 1 finding(s) written to /tmp/cwe190_findings_opciMd
=== Detector 2: unchecked_add ===
    input  : /Users/afiaasante/Security-Code-Smells/linux/net/802/mrp.c.xml
    output : /tmp/cwe190_findings_opciMd

    query  : FIND $T $FUNC($PARAMS) {} CONTAINS $TYPE $RESULT = $A + $B
    note   : destructor/constructor blocks covered by XPath fallback


real	0m0.015s
user	0m0.010s
sys	0m0.004s


--- Stage 2: XPath destructor/constructor fallback ---
    no unguarded destructor/constructor addition found

[ unchecked_add ] 0 finding(s) written to /tmp/cwe190_findings_opciMd
=== Detector 3: unchecked_increment ===
    input  : /Users/afiaasante/Security-Code-Smells/linux/net/802/mrp.c.xml
    output : /tmp/cwe190_findings_opciMd

    strategy : XPath on srcML XML -- ancestor-scoped guard check

--- extracting finding via XPath ---
    function : mrp_attrvalue_inc
    position : 223:28

    no taint source -- warning/smell
    finding: /Users/afiaasante/Security-Code-Smells/linux/net/802/mrp.c:223:28 -- mrp_attrvalue_inc() increments without MAX guard

[ unchecked_increment ] 1 finding(s) written to /tmp/cwe190_findings_opciMd
========================================
 Findings JSON
========================================
{
  "detector": "unchecked_multiply",
  "severity": "warning",
  "classification": "smell",
  "rule": "integerOverflow",
  "file": "/Users/afiaasante/Security-Code-Smells/linux/net/802/mrp.c",
  "line": 218,
  "col": 21,
  "varname": "mrp_attrvalue_inc",
  "note": {
    "line": 218,
    "col": 21,
    "message": "multiplication in mrp_attrvalue_inc() -- no upper-bound guard (INT_MAX / 2)"
  }
}
{
  "detector": "unchecked_increment",
  "severity": "warning",
  "classification": "smell",
  "rule": "integerOverflow",
  "file": "/Users/afiaasante/Security-Code-Smells/linux/net/802/mrp.c",
  "line": 223,
  "col": 28,
  "varname": "mrp_attrvalue_inc",
  "note": {
    "line": 223,
    "col": 28,
    "message": "increment (++) in mrp_attrvalue_inc() -- no upper-bound guard (INT_MAX check)"
  }
}

========================================
 Summary
 Total findings : 2
 Errors         : 0
 Warnings       : 2

 Breakdown by detector:
   unchecked_increment       1
   unchecked_multiply        1
========================================
