========================================
 CWE-190 Integer Overflow Risk Detector
 Source  : /Users/afiaasante/Security-Code-Smells/linux/net/smc/smc_sysctl.c
 Report  : /Users/afiaasante/Security-Code-Smells/results/net_scan/SCS006/smc__smc_sysctl.c/smc_sysctl_report_20260417_174513.txt
 Findings: /Users/afiaasante/Security-Code-Smells/results/net_scan/SCS006/smc__smc_sysctl.c/smc_sysctl_findings_20260417_174513.json
 Date    : Fri Apr 17 17:45:13 EDT 2026
========================================

=== Stage 1: srcml ===

real	0m0.025s
user	0m0.017s
sys	0m0.005s

=== Stage 2: srcslice ===
Writing to :: /Users/afiaasante/Security-Code-Smells/linux/net/smc/smc_sysctl.c.json
Output Saved to :: /Users/afiaasante/Security-Code-Smells/linux/net/smc/smc_sysctl.c.json

real	0m0.187s
user	0m0.044s
sys	0m0.004s

=== Stage 3: srcattributor ===

real	0m0.099s
user	0m0.083s
sys	0m0.005s

=== Detector 1: unchecked_multiply ===
    input  : /Users/afiaasante/Security-Code-Smells/linux/net/smc/smc_sysctl.c.xml
    output : /tmp/cwe190_findings_8SQkdQ

    query  : FIND $T $FUNC($PARAMS) {} CONTAINS $TYPE $RESULT = $A * $B
    note   : destructor/constructor blocks covered by XPath fallback


real	0m0.015s
user	0m0.009s
sys	0m0.005s


--- Stage 2: XPath destructor/constructor fallback ---
    no unguarded destructor/constructor multiply found

[ unchecked_multiply ] 0 finding(s) written to /tmp/cwe190_findings_8SQkdQ
=== Detector 2: unchecked_add ===
    input  : /Users/afiaasante/Security-Code-Smells/linux/net/smc/smc_sysctl.c.xml
    output : /tmp/cwe190_findings_8SQkdQ

    query  : FIND $T $FUNC($PARAMS) {} CONTAINS $TYPE $RESULT = $A + $B
    note   : destructor/constructor blocks covered by XPath fallback


real	0m0.016s
user	0m0.009s
sys	0m0.004s


--- Stage 2: XPath destructor/constructor fallback ---
    no unguarded destructor/constructor addition found

[ unchecked_add ] 0 finding(s) written to /tmp/cwe190_findings_8SQkdQ
=== Detector 3: unchecked_increment ===
    input  : /Users/afiaasante/Security-Code-Smells/linux/net/smc/smc_sysctl.c.xml
    output : /tmp/cwe190_findings_8SQkdQ

    strategy : XPath on srcML XML -- ancestor-scoped guard check

--- extracting finding via XPath ---
    function : smc_sysctl_net_init
    position : 221:46

    no taint source -- warning/smell
    finding: /Users/afiaasante/Security-Code-Smells/linux/net/smc/smc_sysctl.c:221:46 -- smc_sysctl_net_init() increments without MAX guard

[ unchecked_increment ] 1 finding(s) written to /tmp/cwe190_findings_8SQkdQ
========================================
 Findings JSON
========================================
{
  "detector": "unchecked_increment",
  "severity": "warning",
  "classification": "smell",
  "rule": "integerOverflow",
  "file": "/Users/afiaasante/Security-Code-Smells/linux/net/smc/smc_sysctl.c",
  "line": 221,
  "col": 46,
  "varname": "smc_sysctl_net_init",
  "note": {
    "line": 221,
    "col": 46,
    "message": "increment (++) in smc_sysctl_net_init() -- no upper-bound guard (INT_MAX check)"
  }
}

========================================
 Summary
 Total findings : 1
 Errors         : 0
 Warnings       : 1

 Breakdown by detector:
   unchecked_increment       1
========================================
