========================================
 CWE-190 Integer Overflow Risk Detector
 Source  : /Users/afiaasante/Security-Code-Smells/linux/net/psp/psp_main.c
 Report  : /Users/afiaasante/Security-Code-Smells/results/net_scan/SCS006/psp__psp_main.c/psp_main_report_20260417_174335.txt
 Findings: /Users/afiaasante/Security-Code-Smells/results/net_scan/SCS006/psp__psp_main.c/psp_main_findings_20260417_174335.json
 Date    : Fri Apr 17 17:43:35 EDT 2026
========================================

=== Stage 1: srcml ===

real	0m0.029s
user	0m0.023s
sys	0m0.005s

=== Stage 2: srcslice ===
Writing to :: /Users/afiaasante/Security-Code-Smells/linux/net/psp/psp_main.c.json
Output Saved to :: /Users/afiaasante/Security-Code-Smells/linux/net/psp/psp_main.c.json

real	0m0.191s
user	0m0.051s
sys	0m0.004s

=== Stage 3: srcattributor ===

real	0m0.234s
user	0m0.218s
sys	0m0.006s

=== Detector 1: unchecked_multiply ===
    input  : /Users/afiaasante/Security-Code-Smells/linux/net/psp/psp_main.c.xml
    output : /tmp/cwe190_findings_32G9aU

    query  : FIND $T $FUNC($PARAMS) {} CONTAINS $TYPE $RESULT = $A * $B
    note   : destructor/constructor blocks covered by XPath fallback


real	0m0.018s
user	0m0.012s
sys	0m0.004s

--- Stage 1: checking srcQL result for MAX guard in <condition> ---
    no taint source -- warning/smell
    finding: /Users/afiaasante/Security-Code-Smells/linux/net/psp/psp_main.c:168:46 -- psp_write_headers() multiplies without MAX guard

--- Stage 2: XPath destructor/constructor fallback ---
    no unguarded destructor/constructor multiply found

[ unchecked_multiply ] 1 finding(s) written to /tmp/cwe190_findings_32G9aU
=== Detector 2: unchecked_add ===
    input  : /Users/afiaasante/Security-Code-Smells/linux/net/psp/psp_main.c.xml
    output : /tmp/cwe190_findings_32G9aU

    query  : FIND $T $FUNC($PARAMS) {} CONTAINS $TYPE $RESULT = $A + $B
    note   : destructor/constructor blocks covered by XPath fallback


real	0m0.017s
user	0m0.012s
sys	0m0.004s

--- Stage 1: checking srcQL result for MAX guard in <condition> ---
    no taint source -- warning/smell
    finding: /Users/afiaasante/Security-Code-Smells/linux/net/psp/psp_main.c:168:52 -- psp_write_headers() adds without MAX guard

--- Stage 2: XPath destructor/constructor fallback ---
    no unguarded destructor/constructor addition found

[ unchecked_add ] 1 finding(s) written to /tmp/cwe190_findings_32G9aU
=== Detector 3: unchecked_increment ===
    input  : /Users/afiaasante/Security-Code-Smells/linux/net/psp/psp_main.c.xml
    output : /tmp/cwe190_findings_32G9aU

    strategy : XPath on srcML XML -- ancestor-scoped guard check

[ unchecked_increment ] No smell detected.
========================================
 Findings JSON
========================================
{
  "detector": "unchecked_multiply",
  "severity": "warning",
  "classification": "smell",
  "rule": "integerOverflow",
  "file": "/Users/afiaasante/Security-Code-Smells/linux/net/psp/psp_main.c",
  "line": 168,
  "col": 46,
  "varname": "psp_write_headers",
  "note": {
    "line": 168,
    "col": 46,
    "message": "multiplication in psp_write_headers() -- no upper-bound guard (INT_MAX / 2)"
  }
}
{
  "detector": "unchecked_add",
  "severity": "warning",
  "classification": "smell",
  "rule": "integerOverflow",
  "file": "/Users/afiaasante/Security-Code-Smells/linux/net/psp/psp_main.c",
  "line": 168,
  "col": 52,
  "varname": "psp_write_headers",
  "note": {
    "line": 168,
    "col": 52,
    "message": "addition in psp_write_headers() -- no upper-bound guard before adding"
  }
}

========================================
 Summary
 Total findings : 2
 Errors         : 0
 Warnings       : 2

 Breakdown by detector:
   unchecked_add             1
   unchecked_multiply        1
========================================
