========================================
 CWE-190 Integer Overflow Risk Detector
 Source  : /Users/afiaasante/Security-Code-Smells/linux/net/ceph/debugfs.c
 Report  : /Users/afiaasante/Security-Code-Smells/results/net_scan/SCS006/ceph__debugfs.c/debugfs_report_20260417_173627.txt
 Findings: /Users/afiaasante/Security-Code-Smells/results/net_scan/SCS006/ceph__debugfs.c/debugfs_findings_20260417_173627.json
 Date    : Fri Apr 17 17:36:27 EDT 2026
========================================

=== Stage 1: srcml ===

real	0m0.035s
user	0m0.023s
sys	0m0.005s

=== Stage 2: srcslice ===
Writing to :: /Users/afiaasante/Security-Code-Smells/linux/net/ceph/debugfs.c.json
Output Saved to :: /Users/afiaasante/Security-Code-Smells/linux/net/ceph/debugfs.c.json

real	0m0.192s
user	0m0.057s
sys	0m0.004s

=== Stage 3: srcattributor ===

real	0m0.596s
user	0m0.531s
sys	0m0.011s

=== Detector 1: unchecked_multiply ===
    input  : /Users/afiaasante/Security-Code-Smells/linux/net/ceph/debugfs.c.xml
    output : /tmp/cwe190_findings_0KtIKe

    query  : FIND $T $FUNC($PARAMS) {} CONTAINS $TYPE $RESULT = $A * $B
    note   : destructor/constructor blocks covered by XPath fallback


real	0m0.016s
user	0m0.010s
sys	0m0.004s


--- Stage 2: XPath destructor/constructor fallback ---
    no unguarded destructor/constructor multiply found

[ unchecked_multiply ] 0 finding(s) written to /tmp/cwe190_findings_0KtIKe
=== Detector 2: unchecked_add ===
    input  : /Users/afiaasante/Security-Code-Smells/linux/net/ceph/debugfs.c.xml
    output : /tmp/cwe190_findings_0KtIKe

    query  : FIND $T $FUNC($PARAMS) {} CONTAINS $TYPE $RESULT = $A + $B
    note   : destructor/constructor blocks covered by XPath fallback


real	0m0.019s
user	0m0.013s
sys	0m0.004s


--- Stage 2: XPath destructor/constructor fallback ---
    no unguarded destructor/constructor addition found

[ unchecked_add ] 0 finding(s) written to /tmp/cwe190_findings_0KtIKe
=== Detector 3: unchecked_increment ===
    input  : /Users/afiaasante/Security-Code-Smells/linux/net/ceph/debugfs.c.xml
    output : /tmp/cwe190_findings_0KtIKe

    strategy : XPath on srcML XML -- ancestor-scoped guard check

--- extracting finding via XPath ---
    function : monmap_show
    position : 44:56

    no taint source -- warning/smell
    finding: /Users/afiaasante/Security-Code-Smells/linux/net/ceph/debugfs.c:44:56 -- monmap_show() increments without MAX guard

[ unchecked_increment ] 1 finding(s) written to /tmp/cwe190_findings_0KtIKe
========================================
 Findings JSON
========================================
{
  "detector": "unchecked_increment",
  "severity": "warning",
  "classification": "smell",
  "rule": "integerOverflow",
  "file": "/Users/afiaasante/Security-Code-Smells/linux/net/ceph/debugfs.c",
  "line": 44,
  "col": 56,
  "varname": "monmap_show",
  "note": {
    "line": 44,
    "col": 56,
    "message": "increment (++) in monmap_show() -- no upper-bound guard (INT_MAX check)"
  }
}

========================================
 Summary
 Total findings : 1
 Errors         : 0
 Warnings       : 1

 Breakdown by detector:
   unchecked_increment       1
========================================
