========================================
 CWE-195 Signed-to-Unsigned Conversion Detector
 Source  : /Users/afiaasante/Security-Code-Smells/linux/net/lapb/lapb_iface.c
 Report  : /Users/afiaasante/Security-Code-Smells/results/net_scan/SCS007/lapb__lapb_iface.c/lapb_iface_report_20260417_180016.txt
 Findings: /Users/afiaasante/Security-Code-Smells/results/net_scan/SCS007/lapb__lapb_iface.c/lapb_iface_findings_20260417_180016.json
 Date    : Fri Apr 17 18:00:16 EDT 2026
========================================

=== Stage 1: srcml ===

real	0m0.054s
user	0m0.036s
sys	0m0.006s

=== Stage 2: srcslice ===
Writing to :: /Users/afiaasante/Security-Code-Smells/linux/net/lapb/lapb_iface.c.json
Output Saved to :: /Users/afiaasante/Security-Code-Smells/linux/net/lapb/lapb_iface.c.json

real	0m0.190s
user	0m0.079s
sys	0m0.005s

=== Stage 3: srcattributor ===

real	0m0.539s
user	0m0.458s
sys	0m0.011s

=== Detector 1: signed_malloc ===
    input  : /Users/afiaasante/Security-Code-Smells/linux/net/lapb/lapb_iface.c.xml
    output : /tmp/cwe195_findings_l9qWPb

    query  : FIND $T $FUNC($PARAMS) {} CONTAINS malloc($A)
    note   : destructor/constructor blocks covered by XPath fallback


real	0m0.028s
user	0m0.015s
sys	0m0.005s


--- Stage 2: XPath destructor/constructor fallback ---
    no unguarded destructor/constructor malloc found

[ signed_malloc ] 0 finding(s) written to /tmp/cwe195_findings_l9qWPb
=== Detector 2: signed_memcpy ===
    input  : /Users/afiaasante/Security-Code-Smells/linux/net/lapb/lapb_iface.c.xml
    output : /tmp/cwe195_findings_l9qWPb

    query  : FIND $T $FUNC($PARAMS) {} CONTAINS memcpy($A, $B, $C)

real	0m0.022s
user	0m0.015s
sys	0m0.004s

    query  : FIND $T $FUNC($PARAMS) {} CONTAINS memmove($A, $B, $C)

real	0m0.024s
user	0m0.015s
sys	0m0.005s


--- Stage 2: XPath destructor/constructor fallback ---
    no unguarded destructor/constructor memcpy/memmove found

[ signed_memcpy ] 0 finding(s) written to /tmp/cwe195_findings_l9qWPb
=== Detector 3: signed_strncpy ===
    input  : /Users/afiaasante/Security-Code-Smells/linux/net/lapb/lapb_iface.c.xml
    output : /tmp/cwe195_findings_l9qWPb

    query  : FIND $T $FUNC($PARAMS) {} CONTAINS strncpy($A, $B, $C)
    note   : destructor/constructor blocks covered by XPath fallback


real	0m0.021s
user	0m0.015s
sys	0m0.004s


--- Stage 2: XPath destructor/constructor fallback ---
    no unguarded destructor/constructor strncpy found

[ signed_strncpy ] 0 finding(s) written to /tmp/cwe195_findings_l9qWPb
========================================
 Findings JSON
========================================

========================================
 Summary
 Total findings : 0
 Errors         : 0
 Warnings       : 0
========================================
