========================================
 CWE-195 Signed-to-Unsigned Conversion Detector
 Source  : /Users/afiaasante/Security-Code-Smells/linux/net/llc/llc_if.c
 Report  : /Users/afiaasante/Security-Code-Smells/results/net_scan/SCS007/llc__llc_if.c/llc_if_report_20260417_180023.txt
 Findings: /Users/afiaasante/Security-Code-Smells/results/net_scan/SCS007/llc__llc_if.c/llc_if_findings_20260417_180023.json
 Date    : Fri Apr 17 18:00:23 EDT 2026
========================================

=== Stage 1: srcml ===

real	0m0.020s
user	0m0.013s
sys	0m0.005s

=== Stage 2: srcslice ===
Writing to :: /Users/afiaasante/Security-Code-Smells/linux/net/llc/llc_if.c.json
Output Saved to :: /Users/afiaasante/Security-Code-Smells/linux/net/llc/llc_if.c.json

real	0m0.193s
user	0m0.037s
sys	0m0.005s

=== Stage 3: srcattributor ===

real	0m0.057s
user	0m0.046s
sys	0m0.005s

=== Detector 1: signed_malloc ===
    input  : /Users/afiaasante/Security-Code-Smells/linux/net/llc/llc_if.c.xml
    output : /tmp/cwe195_findings_MarRPv

    query  : FIND $T $FUNC($PARAMS) {} CONTAINS malloc($A)
    note   : destructor/constructor blocks covered by XPath fallback


real	0m0.014s
user	0m0.008s
sys	0m0.004s


--- Stage 2: XPath destructor/constructor fallback ---
    no unguarded destructor/constructor malloc found

[ signed_malloc ] 0 finding(s) written to /tmp/cwe195_findings_MarRPv
=== Detector 2: signed_memcpy ===
    input  : /Users/afiaasante/Security-Code-Smells/linux/net/llc/llc_if.c.xml
    output : /tmp/cwe195_findings_MarRPv

    query  : FIND $T $FUNC($PARAMS) {} CONTAINS memcpy($A, $B, $C)

real	0m0.018s
user	0m0.009s
sys	0m0.005s

--- Stage 1 (memcpy): checking srcQL result for positivity guard in <condition> ---
    no taint source -- warning/smell
    finding: /Users/afiaasante/Security-Code-Smells/linux/net/llc/llc_if.c:93:9 -- llc_establish_connection() memcpy without positivity guard
    query  : FIND $T $FUNC($PARAMS) {} CONTAINS memmove($A, $B, $C)

real	0m0.014s
user	0m0.009s
sys	0m0.004s


--- Stage 2: XPath destructor/constructor fallback ---

[ signed_memcpy ] 1 finding(s) written to /tmp/cwe195_findings_MarRPv
=== Detector 3: signed_strncpy ===
    input  : /Users/afiaasante/Security-Code-Smells/linux/net/llc/llc_if.c.xml
    output : /tmp/cwe195_findings_MarRPv

    query  : FIND $T $FUNC($PARAMS) {} CONTAINS strncpy($A, $B, $C)
    note   : destructor/constructor blocks covered by XPath fallback


real	0m0.017s
user	0m0.009s
sys	0m0.005s


--- Stage 2: XPath destructor/constructor fallback ---
    no unguarded destructor/constructor strncpy found

[ signed_strncpy ] 0 finding(s) written to /tmp/cwe195_findings_MarRPv
========================================
 Findings JSON
========================================
{
  "detector": "signed_memcpy",
  "severity": "warning",
  "classification": "smell",
  "rule": "signedUnsignedConversion",
  "file": "/Users/afiaasante/Security-Code-Smells/linux/net/llc/llc_if.c",
  "line": 93,
  "col": 9,
  "varname": "llc_establish_connection",
  "note": {
    "line": 93,
    "col": 9,
    "message": "memcpy() in llc_establish_connection() -- signed int passed as byte count with no positivity guard (data > 0)"
  }
}

========================================
 Summary
 Total findings : 1
 Errors         : 0
 Warnings       : 1

 Breakdown by detector:
   signed_memcpy             1
========================================
