========================================
 CWE-190 Integer Overflow Risk Detector
 Source  : /Users/afiaasante/Security-Code-Smells/linux/net/netfilter/nfnetlink_hook.c
 Report  : /Users/afiaasante/Security-Code-Smells/results/net_scan/SCS006/netfilter__nfnetlink_hook.c/nfnetlink_hook_report_20260417_174244.txt
 Findings: /Users/afiaasante/Security-Code-Smells/results/net_scan/SCS006/netfilter__nfnetlink_hook.c/nfnetlink_hook_findings_20260417_174244.json
 Date    : Fri Apr 17 17:42:45 EDT 2026
========================================

=== Stage 1: srcml ===

real	0m0.035s
user	0m0.029s
sys	0m0.004s

=== Stage 2: srcslice ===
Writing to :: /Users/afiaasante/Security-Code-Smells/linux/net/netfilter/nfnetlink_hook.c.json
Output Saved to :: /Users/afiaasante/Security-Code-Smells/linux/net/netfilter/nfnetlink_hook.c.json

real	0m0.191s
user	0m0.065s
sys	0m0.004s

=== Stage 3: srcattributor ===

real	0m0.449s
user	0m0.436s
sys	0m0.007s

=== Detector 1: unchecked_multiply ===
    input  : /Users/afiaasante/Security-Code-Smells/linux/net/netfilter/nfnetlink_hook.c.xml
    output : /tmp/cwe190_findings_PNZIgE

    query  : FIND $T $FUNC($PARAMS) {} CONTAINS $TYPE $RESULT = $A * $B
    note   : destructor/constructor blocks covered by XPath fallback


real	0m0.018s
user	0m0.013s
sys	0m0.004s


--- Stage 2: XPath destructor/constructor fallback ---
    no unguarded destructor/constructor multiply found

[ unchecked_multiply ] 0 finding(s) written to /tmp/cwe190_findings_PNZIgE
=== Detector 2: unchecked_add ===
    input  : /Users/afiaasante/Security-Code-Smells/linux/net/netfilter/nfnetlink_hook.c.xml
    output : /tmp/cwe190_findings_PNZIgE

    query  : FIND $T $FUNC($PARAMS) {} CONTAINS $TYPE $RESULT = $A + $B
    note   : destructor/constructor blocks covered by XPath fallback


real	0m0.018s
user	0m0.012s
sys	0m0.004s


--- Stage 2: XPath destructor/constructor fallback ---
    no unguarded destructor/constructor addition found

[ unchecked_add ] 0 finding(s) written to /tmp/cwe190_findings_PNZIgE
=== Detector 3: unchecked_increment ===
    input  : /Users/afiaasante/Security-Code-Smells/linux/net/netfilter/nfnetlink_hook.c.xml
    output : /tmp/cwe190_findings_PNZIgE

    strategy : XPath on srcML XML -- ancestor-scoped guard check

--- extracting finding via XPath ---
    function : nfnl_hook_dump
    position : 358:24

    no taint source -- warning/smell
    finding: /Users/afiaasante/Security-Code-Smells/linux/net/netfilter/nfnetlink_hook.c:358:24 -- nfnl_hook_dump() increments without MAX guard

[ unchecked_increment ] 1 finding(s) written to /tmp/cwe190_findings_PNZIgE
========================================
 Findings JSON
========================================
{
  "detector": "unchecked_increment",
  "severity": "warning",
  "classification": "smell",
  "rule": "integerOverflow",
  "file": "/Users/afiaasante/Security-Code-Smells/linux/net/netfilter/nfnetlink_hook.c",
  "line": 358,
  "col": 24,
  "varname": "nfnl_hook_dump",
  "note": {
    "line": 358,
    "col": 24,
    "message": "increment (++) in nfnl_hook_dump() -- no upper-bound guard (INT_MAX check)"
  }
}

========================================
 Summary
 Total findings : 1
 Errors         : 0
 Warnings       : 1

 Breakdown by detector:
   unchecked_increment       1
========================================
