========================================
 CWE-190 Integer Overflow Risk Detector
 Source  : /Users/afiaasante/Security-Code-Smells/linux/net/batman-adv/hard-interface.c
 Report  : /Users/afiaasante/Security-Code-Smells/results/net_scan/SCS006/batman-adv__hard-interface.c/hard-interface_report_20260417_173518.txt
 Findings: /Users/afiaasante/Security-Code-Smells/results/net_scan/SCS006/batman-adv__hard-interface.c/hard-interface_findings_20260417_173518.json
 Date    : Fri Apr 17 17:35:18 EDT 2026
========================================

=== Stage 1: srcml ===

real	0m0.034s
user	0m0.024s
sys	0m0.004s

=== Stage 2: srcslice ===
Writing to :: /Users/afiaasante/Security-Code-Smells/linux/net/batman-adv/hard-interface.c.json
Output Saved to :: /Users/afiaasante/Security-Code-Smells/linux/net/batman-adv/hard-interface.c.json

real	0m0.178s
user	0m0.047s
sys	0m0.003s

=== Stage 3: srcattributor ===

real	0m0.476s
user	0m0.451s
sys	0m0.007s

=== Detector 1: unchecked_multiply ===
    input  : /Users/afiaasante/Security-Code-Smells/linux/net/batman-adv/hard-interface.c.xml
    output : /tmp/cwe190_findings_tx0LSN

    query  : FIND $T $FUNC($PARAMS) {} CONTAINS $TYPE $RESULT = $A * $B
    note   : destructor/constructor blocks covered by XPath fallback


real	0m0.014s
user	0m0.009s
sys	0m0.003s


--- Stage 2: XPath destructor/constructor fallback ---
    no unguarded destructor/constructor multiply found

[ unchecked_multiply ] 0 finding(s) written to /tmp/cwe190_findings_tx0LSN
=== Detector 2: unchecked_add ===
    input  : /Users/afiaasante/Security-Code-Smells/linux/net/batman-adv/hard-interface.c.xml
    output : /tmp/cwe190_findings_tx0LSN

    query  : FIND $T $FUNC($PARAMS) {} CONTAINS $TYPE $RESULT = $A + $B
    note   : destructor/constructor blocks covered by XPath fallback


real	0m0.016s
user	0m0.011s
sys	0m0.003s


--- Stage 2: XPath destructor/constructor fallback ---
    no unguarded destructor/constructor addition found

[ unchecked_add ] 0 finding(s) written to /tmp/cwe190_findings_tx0LSN
=== Detector 3: unchecked_increment ===
    input  : /Users/afiaasante/Security-Code-Smells/linux/net/batman-adv/hard-interface.c.xml
    output : /tmp/cwe190_findings_tx0LSN

    strategy : XPath on srcML XML -- ancestor-scoped guard check

--- extracting finding via XPath ---
    function : batadv_hardif_cnt
    position : 807:22

    no taint source -- warning/smell
    finding: /Users/afiaasante/Security-Code-Smells/linux/net/batman-adv/hard-interface.c:807:22 -- batadv_hardif_cnt() increments without MAX guard

[ unchecked_increment ] 1 finding(s) written to /tmp/cwe190_findings_tx0LSN
========================================
 Findings JSON
========================================
{
  "detector": "unchecked_increment",
  "severity": "warning",
  "classification": "smell",
  "rule": "integerOverflow",
  "file": "/Users/afiaasante/Security-Code-Smells/linux/net/batman-adv/hard-interface.c",
  "line": 807,
  "col": 22,
  "varname": "batadv_hardif_cnt",
  "note": {
    "line": 807,
    "col": 22,
    "message": "increment (++) in batadv_hardif_cnt() -- no upper-bound guard (INT_MAX check)"
  }
}

========================================
 Summary
 Total findings : 1
 Errors         : 0
 Warnings       : 1

 Breakdown by detector:
   unchecked_increment       1
========================================
