========================================
 CWE-190 Integer Overflow Risk Detector
 Source  : /Users/afiaasante/Security-Code-Smells/linux/net/6lowpan/nhc_ghc_ext_dest.c
 Report  : /Users/afiaasante/Security-Code-Smells/results/net_scan/SCS006/6lowpan__nhc_ghc_ext_dest.c/nhc_ghc_ext_dest_report_20260417_173509.txt
 Findings: /Users/afiaasante/Security-Code-Smells/results/net_scan/SCS006/6lowpan__nhc_ghc_ext_dest.c/nhc_ghc_ext_dest_findings_20260417_173509.json
 Date    : Fri Apr 17 17:35:09 EDT 2026
========================================

=== Stage 1: srcml ===

real	0m0.022s
user	0m0.003s
sys	0m0.003s

=== Stage 2: srcslice ===
Writing to :: /Users/afiaasante/Security-Code-Smells/linux/net/6lowpan/nhc_ghc_ext_dest.c.json
Output Saved to :: /Users/afiaasante/Security-Code-Smells/linux/net/6lowpan/nhc_ghc_ext_dest.c.json

real	0m0.192s
user	0m0.009s
sys	0m0.002s

=== Stage 3: srcattributor ===

real	0m0.009s
user	0m0.005s
sys	0m0.002s

=== Detector 1: unchecked_multiply ===
    input  : /Users/afiaasante/Security-Code-Smells/linux/net/6lowpan/nhc_ghc_ext_dest.c.xml
    output : /tmp/cwe190_findings_cVV7Nr

    query  : FIND $T $FUNC($PARAMS) {} CONTAINS $TYPE $RESULT = $A * $B
    note   : destructor/constructor blocks covered by XPath fallback


real	0m0.009s
user	0m0.003s
sys	0m0.003s


--- Stage 2: XPath destructor/constructor fallback ---
    no unguarded destructor/constructor multiply found

[ unchecked_multiply ] 0 finding(s) written to /tmp/cwe190_findings_cVV7Nr
=== Detector 2: unchecked_add ===
    input  : /Users/afiaasante/Security-Code-Smells/linux/net/6lowpan/nhc_ghc_ext_dest.c.xml
    output : /tmp/cwe190_findings_cVV7Nr

    query  : FIND $T $FUNC($PARAMS) {} CONTAINS $TYPE $RESULT = $A + $B
    note   : destructor/constructor blocks covered by XPath fallback


real	0m0.012s
user	0m0.005s
sys	0m0.004s


--- Stage 2: XPath destructor/constructor fallback ---
    no unguarded destructor/constructor addition found

[ unchecked_add ] 0 finding(s) written to /tmp/cwe190_findings_cVV7Nr
=== Detector 3: unchecked_increment ===
    input  : /Users/afiaasante/Security-Code-Smells/linux/net/6lowpan/nhc_ghc_ext_dest.c.xml
    output : /tmp/cwe190_findings_cVV7Nr

    strategy : XPath on srcML XML -- ancestor-scoped guard check

[ unchecked_increment ] No smell detected.
========================================
 Findings JSON
========================================

========================================
 Summary
 Total findings : 0
 Errors         : 0
 Warnings       : 0
========================================
