========================================
 CWE-195 Signed-to-Unsigned Conversion Detector
 Source  : /Users/afiaasante/Security-Code-Smells/linux/net/9p/error.c
 Report  : /Users/afiaasante/Security-Code-Smells/results/net_scan/SCS007/9p__error.c/error_report_20260417_175226.txt
 Findings: /Users/afiaasante/Security-Code-Smells/results/net_scan/SCS007/9p__error.c/error_findings_20260417_175226.json
 Date    : Fri Apr 17 17:52:26 EDT 2026
========================================

=== Stage 1: srcml ===

real	0m0.009s
user	0m0.006s
sys	0m0.003s

=== Stage 2: srcslice ===
Writing to :: /Users/afiaasante/Security-Code-Smells/linux/net/9p/error.c.json
Output Saved to :: /Users/afiaasante/Security-Code-Smells/linux/net/9p/error.c.json

real	0m0.177s
user	0m0.020s
sys	0m0.003s

=== Stage 3: srcattributor ===

real	0m0.011s
user	0m0.009s
sys	0m0.002s

=== Detector 1: signed_malloc ===
    input  : /Users/afiaasante/Security-Code-Smells/linux/net/9p/error.c.xml
    output : /tmp/cwe195_findings_wMS9Q2

    query  : FIND $T $FUNC($PARAMS) {} CONTAINS malloc($A)
    note   : destructor/constructor blocks covered by XPath fallback


real	0m0.009s
user	0m0.005s
sys	0m0.003s


--- Stage 2: XPath destructor/constructor fallback ---
    no unguarded destructor/constructor malloc found

[ signed_malloc ] 0 finding(s) written to /tmp/cwe195_findings_wMS9Q2
=== Detector 2: signed_memcpy ===
    input  : /Users/afiaasante/Security-Code-Smells/linux/net/9p/error.c.xml
    output : /tmp/cwe195_findings_wMS9Q2

    query  : FIND $T $FUNC($PARAMS) {} CONTAINS memcpy($A, $B, $C)

real	0m0.007s
user	0m0.004s
sys	0m0.002s

    query  : FIND $T $FUNC($PARAMS) {} CONTAINS memmove($A, $B, $C)

real	0m0.008s
user	0m0.005s
sys	0m0.003s


--- Stage 2: XPath destructor/constructor fallback ---
    no unguarded destructor/constructor memcpy/memmove found

[ signed_memcpy ] 0 finding(s) written to /tmp/cwe195_findings_wMS9Q2
=== Detector 3: signed_strncpy ===
    input  : /Users/afiaasante/Security-Code-Smells/linux/net/9p/error.c.xml
    output : /tmp/cwe195_findings_wMS9Q2

    query  : FIND $T $FUNC($PARAMS) {} CONTAINS strncpy($A, $B, $C)
    note   : destructor/constructor blocks covered by XPath fallback


real	0m0.009s
user	0m0.005s
sys	0m0.003s


--- Stage 2: XPath destructor/constructor fallback ---
    no unguarded destructor/constructor strncpy found

[ signed_strncpy ] 0 finding(s) written to /tmp/cwe195_findings_wMS9Q2
========================================
 Findings JSON
========================================

========================================
 Summary
 Total findings : 0
 Errors         : 0
 Warnings       : 0
========================================
