========================================
 CWE-190 Integer Overflow Risk Detector
 Source  : /Users/afiaasante/Security-Code-Smells/linux/net/mac80211/mesh_plink.c
 Report  : /Users/afiaasante/Security-Code-Smells/results/net_scan/SCS006/mac80211__mesh_plink.c/mesh_plink_report_20260417_174059.txt
 Findings: /Users/afiaasante/Security-Code-Smells/results/net_scan/SCS006/mac80211__mesh_plink.c/mesh_plink_findings_20260417_174059.json
 Date    : Fri Apr 17 17:40:59 EDT 2026
========================================

=== Stage 1: srcml ===

real	0m0.063s
user	0m0.054s
sys	0m0.005s

=== Stage 2: srcslice ===
Writing to :: /Users/afiaasante/Security-Code-Smells/linux/net/mac80211/mesh_plink.c.json
Output Saved to :: /Users/afiaasante/Security-Code-Smells/linux/net/mac80211/mesh_plink.c.json

real	0m0.253s
user	0m0.123s
sys	0m0.005s

=== Stage 3: srcattributor ===

real	0m2.324s
user	0m2.169s
sys	0m0.027s

=== Detector 1: unchecked_multiply ===
    input  : /Users/afiaasante/Security-Code-Smells/linux/net/mac80211/mesh_plink.c.xml
    output : /tmp/cwe190_findings_kKMgxC

    query  : FIND $T $FUNC($PARAMS) {} CONTAINS $TYPE $RESULT = $A * $B
    note   : destructor/constructor blocks covered by XPath fallback


real	0m0.028s
user	0m0.021s
sys	0m0.005s


--- Stage 2: XPath destructor/constructor fallback ---
    no unguarded destructor/constructor multiply found

[ unchecked_multiply ] 0 finding(s) written to /tmp/cwe190_findings_kKMgxC
=== Detector 2: unchecked_add ===
    input  : /Users/afiaasante/Security-Code-Smells/linux/net/mac80211/mesh_plink.c.xml
    output : /tmp/cwe190_findings_kKMgxC

    query  : FIND $T $FUNC($PARAMS) {} CONTAINS $TYPE $RESULT = $A + $B
    note   : destructor/constructor blocks covered by XPath fallback


real	0m0.027s
user	0m0.019s
sys	0m0.004s


--- Stage 2: XPath destructor/constructor fallback ---
    no unguarded destructor/constructor addition found

[ unchecked_add ] 0 finding(s) written to /tmp/cwe190_findings_kKMgxC
=== Detector 3: unchecked_increment ===
    input  : /Users/afiaasante/Security-Code-Smells/linux/net/mac80211/mesh_plink.c.xml
    output : /tmp/cwe190_findings_kKMgxC

    strategy : XPath on srcML XML -- ancestor-scoped guard check

--- extracting finding via XPath ---
    function : mesh_set_short_slot_time
    position : 115:45

    no taint source -- warning/smell
    finding: /Users/afiaasante/Security-Code-Smells/linux/net/mac80211/mesh_plink.c:115:45 -- mesh_set_short_slot_time() increments without MAX guard

[ unchecked_increment ] 1 finding(s) written to /tmp/cwe190_findings_kKMgxC
========================================
 Findings JSON
========================================
{
  "detector": "unchecked_increment",
  "severity": "warning",
  "classification": "smell",
  "rule": "integerOverflow",
  "file": "/Users/afiaasante/Security-Code-Smells/linux/net/mac80211/mesh_plink.c",
  "line": 115,
  "col": 45,
  "varname": "mesh_set_short_slot_time",
  "note": {
    "line": 115,
    "col": 45,
    "message": "increment (++) in mesh_set_short_slot_time() -- no upper-bound guard (INT_MAX check)"
  }
}

========================================
 Summary
 Total findings : 1
 Errors         : 0
 Warnings       : 1

 Breakdown by detector:
   unchecked_increment       1
========================================
