========================================
 CWE-190 Integer Overflow Risk Detector
 Source  : /Users/afiaasante/Security-Code-Smells/linux/net/ipv6/ioam6_iptunnel.c
 Report  : /Users/afiaasante/Security-Code-Smells/results/net_scan/SCS006/ipv6__ioam6_iptunnel.c/ioam6_iptunnel_report_20260417_173946.txt
 Findings: /Users/afiaasante/Security-Code-Smells/results/net_scan/SCS006/ipv6__ioam6_iptunnel.c/ioam6_iptunnel_findings_20260417_173946.json
 Date    : Fri Apr 17 17:39:46 EDT 2026
========================================

=== Stage 1: srcml ===

real	0m0.039s
user	0m0.032s
sys	0m0.004s

=== Stage 2: srcslice ===
Writing to :: /Users/afiaasante/Security-Code-Smells/linux/net/ipv6/ioam6_iptunnel.c.json
Output Saved to :: /Users/afiaasante/Security-Code-Smells/linux/net/ipv6/ioam6_iptunnel.c.json

real	0m0.186s
user	0m0.069s
sys	0m0.004s

=== Stage 3: srcattributor ===

real	0m0.566s
user	0m0.547s
sys	0m0.007s

=== Detector 1: unchecked_multiply ===
    input  : /Users/afiaasante/Security-Code-Smells/linux/net/ipv6/ioam6_iptunnel.c.xml
    output : /tmp/cwe190_findings_VwBYxU

    query  : FIND $T $FUNC($PARAMS) {} CONTAINS $TYPE $RESULT = $A * $B
    note   : destructor/constructor blocks covered by XPath fallback


real	0m0.028s
user	0m0.014s
sys	0m0.004s


--- Stage 2: XPath destructor/constructor fallback ---
    no unguarded destructor/constructor multiply found

[ unchecked_multiply ] 0 finding(s) written to /tmp/cwe190_findings_VwBYxU
=== Detector 2: unchecked_add ===
    input  : /Users/afiaasante/Security-Code-Smells/linux/net/ipv6/ioam6_iptunnel.c.xml
    output : /tmp/cwe190_findings_VwBYxU

    query  : FIND $T $FUNC($PARAMS) {} CONTAINS $TYPE $RESULT = $A + $B
    note   : destructor/constructor blocks covered by XPath fallback


real	0m0.018s
user	0m0.013s
sys	0m0.004s


--- Stage 2: XPath destructor/constructor fallback ---
    no unguarded destructor/constructor addition found

[ unchecked_add ] 0 finding(s) written to /tmp/cwe190_findings_VwBYxU
=== Detector 3: unchecked_increment ===
    input  : /Users/afiaasante/Security-Code-Smells/linux/net/ipv6/ioam6_iptunnel.c.xml
    output : /tmp/cwe190_findings_VwBYxU

    strategy : XPath on srcML XML -- ancestor-scoped guard check

[ unchecked_increment ] No smell detected.
========================================
 Findings JSON
========================================

========================================
 Summary
 Total findings : 0
 Errors         : 0
 Warnings       : 0
========================================
