========================================
 CWE-195 Signed-to-Unsigned Conversion Detector
 Source  : /Users/afiaasante/Security-Code-Smells/linux/net/ipv6/netfilter/ip6t_REJECT.c
 Report  : /Users/afiaasante/Security-Code-Smells/results/net_scan/SCS007/ipv6__netfilter__ip6t_REJECT.c/ip6t_REJECT_report_20260417_175938.txt
 Findings: /Users/afiaasante/Security-Code-Smells/results/net_scan/SCS007/ipv6__netfilter__ip6t_REJECT.c/ip6t_REJECT_findings_20260417_175938.json
 Date    : Fri Apr 17 17:59:38 EDT 2026
========================================

=== Stage 1: srcml ===

real	0m0.018s
user	0m0.012s
sys	0m0.005s

=== Stage 2: srcslice ===
Writing to :: /Users/afiaasante/Security-Code-Smells/linux/net/ipv6/netfilter/ip6t_REJECT.c.json
Output Saved to :: /Users/afiaasante/Security-Code-Smells/linux/net/ipv6/netfilter/ip6t_REJECT.c.json

real	0m0.188s
user	0m0.033s
sys	0m0.005s

=== Stage 3: srcattributor ===

real	0m0.029s
user	0m0.023s
sys	0m0.005s

=== Detector 1: signed_malloc ===
    input  : /Users/afiaasante/Security-Code-Smells/linux/net/ipv6/netfilter/ip6t_REJECT.c.xml
    output : /tmp/cwe195_findings_2Cid8p

    query  : FIND $T $FUNC($PARAMS) {} CONTAINS malloc($A)
    note   : destructor/constructor blocks covered by XPath fallback


real	0m0.019s
user	0m0.009s
sys	0m0.004s


--- Stage 2: XPath destructor/constructor fallback ---
    no unguarded destructor/constructor malloc found

[ signed_malloc ] 0 finding(s) written to /tmp/cwe195_findings_2Cid8p
=== Detector 2: signed_memcpy ===
    input  : /Users/afiaasante/Security-Code-Smells/linux/net/ipv6/netfilter/ip6t_REJECT.c.xml
    output : /tmp/cwe195_findings_2Cid8p

    query  : FIND $T $FUNC($PARAMS) {} CONTAINS memcpy($A, $B, $C)

real	0m0.015s
user	0m0.009s
sys	0m0.004s

    query  : FIND $T $FUNC($PARAMS) {} CONTAINS memmove($A, $B, $C)

real	0m0.016s
user	0m0.009s
sys	0m0.005s


--- Stage 2: XPath destructor/constructor fallback ---
    no unguarded destructor/constructor memcpy/memmove found

[ signed_memcpy ] 0 finding(s) written to /tmp/cwe195_findings_2Cid8p
=== Detector 3: signed_strncpy ===
    input  : /Users/afiaasante/Security-Code-Smells/linux/net/ipv6/netfilter/ip6t_REJECT.c.xml
    output : /tmp/cwe195_findings_2Cid8p

    query  : FIND $T $FUNC($PARAMS) {} CONTAINS strncpy($A, $B, $C)
    note   : destructor/constructor blocks covered by XPath fallback


real	0m0.015s
user	0m0.009s
sys	0m0.005s


--- Stage 2: XPath destructor/constructor fallback ---
    no unguarded destructor/constructor strncpy found

[ signed_strncpy ] 0 finding(s) written to /tmp/cwe195_findings_2Cid8p
========================================
 Findings JSON
========================================

========================================
 Summary
 Total findings : 0
 Errors         : 0
 Warnings       : 0
========================================
