========================================
 CWE-190 Integer Overflow Risk Detector
 Source  : /Users/afiaasante/Security-Code-Smells/linux/net/ipv6/ip6mr.c
 Report  : /Users/afiaasante/Security-Code-Smells/results/net_scan/SCS006/ipv6__ip6mr.c/ip6mr_report_20260417_173955.txt
 Findings: /Users/afiaasante/Security-Code-Smells/results/net_scan/SCS006/ipv6__ip6mr.c/ip6mr_findings_20260417_173955.json
 Date    : Fri Apr 17 17:39:55 EDT 2026
========================================

=== Stage 1: srcml ===

real	0m0.152s
user	0m0.141s
sys	0m0.006s

=== Stage 2: srcslice ===
Writing to :: /Users/afiaasante/Security-Code-Smells/linux/net/ipv6/ip6mr.c.json
Output Saved to :: /Users/afiaasante/Security-Code-Smells/linux/net/ipv6/ip6mr.c.json

real	0m0.373s
user	0m0.277s
sys	0m0.006s

=== Stage 3: srcattributor ===

real	0m13.705s
user	0m13.494s
sys	0m0.080s

=== Detector 1: unchecked_multiply ===
    input  : /Users/afiaasante/Security-Code-Smells/linux/net/ipv6/ip6mr.c.xml
    output : /tmp/cwe190_findings_2KXV8d

    query  : FIND $T $FUNC($PARAMS) {} CONTAINS $TYPE $RESULT = $A * $B
    note   : destructor/constructor blocks covered by XPath fallback


real	0m0.050s
user	0m0.042s
sys	0m0.006s

--- Stage 1: checking srcQL result for MAX guard in <condition> ---
    no taint source -- warning/smell
    finding: /Users/afiaasante/Security-Code-Smells/linux/net/ipv6/ip6mr.c:360:51 -- ip6mr_hash_cmp() multiplies without MAX guard

--- Stage 2: XPath destructor/constructor fallback ---
    no unguarded destructor/constructor multiply found

[ unchecked_multiply ] 1 finding(s) written to /tmp/cwe190_findings_2KXV8d
=== Detector 2: unchecked_add ===
    input  : /Users/afiaasante/Security-Code-Smells/linux/net/ipv6/ip6mr.c.xml
    output : /tmp/cwe190_findings_2KXV8d

    query  : FIND $T $FUNC($PARAMS) {} CONTAINS $TYPE $RESULT = $A + $B
    note   : destructor/constructor blocks covered by XPath fallback


real	0m0.053s
user	0m0.042s
sys	0m0.007s

--- Stage 1: checking srcQL result for MAX guard in <condition> ---
    no taint source -- warning/smell
    finding: /Users/afiaasante/Security-Code-Smells/linux/net/ipv6/ip6mr.c:2546:17 -- mr6_msgsize() adds without MAX guard

--- Stage 2: XPath destructor/constructor fallback ---
    no unguarded destructor/constructor addition found

[ unchecked_add ] 1 finding(s) written to /tmp/cwe190_findings_2KXV8d
=== Detector 3: unchecked_increment ===
    input  : /Users/afiaasante/Security-Code-Smells/linux/net/ipv6/ip6mr.c.xml
    output : /tmp/cwe190_findings_2KXV8d

    strategy : XPath on srcML XML -- ancestor-scoped guard check

--- extracting finding via XPath ---
    function : ipmr_mfc_seq_show
    position : 517:62

    no taint source -- warning/smell
    finding: /Users/afiaasante/Security-Code-Smells/linux/net/ipv6/ip6mr.c:517:62 -- ipmr_mfc_seq_show() increments without MAX guard

[ unchecked_increment ] 1 finding(s) written to /tmp/cwe190_findings_2KXV8d
========================================
 Findings JSON
========================================
{
  "detector": "unchecked_multiply",
  "severity": "warning",
  "classification": "smell",
  "rule": "integerOverflow",
  "file": "/Users/afiaasante/Security-Code-Smells/linux/net/ipv6/ip6mr.c",
  "line": 360,
  "col": 51,
  "varname": "ip6mr_hash_cmp",
  "note": {
    "line": 360,
    "col": 51,
    "message": "multiplication in ip6mr_hash_cmp() -- no upper-bound guard (INT_MAX / 2)"
  }
}
{
  "detector": "unchecked_add",
  "severity": "warning",
  "classification": "smell",
  "rule": "integerOverflow",
  "file": "/Users/afiaasante/Security-Code-Smells/linux/net/ipv6/ip6mr.c",
  "line": 2546,
  "col": 17,
  "varname": "mr6_msgsize",
  "note": {
    "line": 2546,
    "col": 17,
    "message": "addition in mr6_msgsize() -- no upper-bound guard before adding"
  }
}
{
  "detector": "unchecked_increment",
  "severity": "warning",
  "classification": "smell",
  "rule": "integerOverflow",
  "file": "/Users/afiaasante/Security-Code-Smells/linux/net/ipv6/ip6mr.c",
  "line": 517,
  "col": 62,
  "varname": "ipmr_mfc_seq_show",
  "note": {
    "line": 517,
    "col": 62,
    "message": "increment (++) in ipmr_mfc_seq_show() -- no upper-bound guard (INT_MAX check)"
  }
}

========================================
 Summary
 Total findings : 3
 Errors         : 0
 Warnings       : 3

 Breakdown by detector:
   unchecked_add             1
   unchecked_increment       1
   unchecked_multiply        1
========================================
