========================================
 CWE-190 Integer Overflow Risk Detector
 Source  : /Users/afiaasante/Security-Code-Smells/linux/net/netfilter/nf_conntrack_amanda.c
 Report  : /Users/afiaasante/Security-Code-Smells/results/net_scan/SCS006/netfilter__nf_conntrack_amanda.c/nf_conntrack_amanda_report_20260417_174218.txt
 Findings: /Users/afiaasante/Security-Code-Smells/results/net_scan/SCS006/netfilter__nf_conntrack_amanda.c/nf_conntrack_amanda_findings_20260417_174218.json
 Date    : Fri Apr 17 17:42:18 EDT 2026
========================================

=== Stage 1: srcml ===

real	0m0.021s
user	0m0.015s
sys	0m0.004s

=== Stage 2: srcslice ===
Writing to :: /Users/afiaasante/Security-Code-Smells/linux/net/netfilter/nf_conntrack_amanda.c.json
Output Saved to :: /Users/afiaasante/Security-Code-Smells/linux/net/netfilter/nf_conntrack_amanda.c.json

real	0m0.184s
user	0m0.039s
sys	0m0.004s

=== Stage 3: srcattributor ===

real	0m0.086s
user	0m0.080s
sys	0m0.004s

=== Detector 1: unchecked_multiply ===
    input  : /Users/afiaasante/Security-Code-Smells/linux/net/netfilter/nf_conntrack_amanda.c.xml
    output : /tmp/cwe190_findings_gO1X0R

    query  : FIND $T $FUNC($PARAMS) {} CONTAINS $TYPE $RESULT = $A * $B
    note   : destructor/constructor blocks covered by XPath fallback


real	0m0.015s
user	0m0.009s
sys	0m0.004s


--- Stage 2: XPath destructor/constructor fallback ---
    no unguarded destructor/constructor multiply found

[ unchecked_multiply ] 0 finding(s) written to /tmp/cwe190_findings_gO1X0R
=== Detector 2: unchecked_add ===
    input  : /Users/afiaasante/Security-Code-Smells/linux/net/netfilter/nf_conntrack_amanda.c.xml
    output : /tmp/cwe190_findings_gO1X0R

    query  : FIND $T $FUNC($PARAMS) {} CONTAINS $TYPE $RESULT = $A + $B
    note   : destructor/constructor blocks covered by XPath fallback


real	0m0.015s
user	0m0.009s
sys	0m0.004s


--- Stage 2: XPath destructor/constructor fallback ---
    no unguarded destructor/constructor addition found

[ unchecked_add ] 0 finding(s) written to /tmp/cwe190_findings_gO1X0R
=== Detector 3: unchecked_increment ===
    input  : /Users/afiaasante/Security-Code-Smells/linux/net/netfilter/nf_conntrack_amanda.c.xml
    output : /tmp/cwe190_findings_gO1X0R

    strategy : XPath on srcML XML -- ancestor-scoped guard check

--- extracting finding via XPath ---
    function : nf_conntrack_amanda_fini
    position : 207:46

    no taint source -- warning/smell
    finding: /Users/afiaasante/Security-Code-Smells/linux/net/netfilter/nf_conntrack_amanda.c:207:46 -- nf_conntrack_amanda_fini() increments without MAX guard

[ unchecked_increment ] 1 finding(s) written to /tmp/cwe190_findings_gO1X0R
========================================
 Findings JSON
========================================
{
  "detector": "unchecked_increment",
  "severity": "warning",
  "classification": "smell",
  "rule": "integerOverflow",
  "file": "/Users/afiaasante/Security-Code-Smells/linux/net/netfilter/nf_conntrack_amanda.c",
  "line": 207,
  "col": 46,
  "varname": "nf_conntrack_amanda_fini",
  "note": {
    "line": 207,
    "col": 46,
    "message": "increment (++) in nf_conntrack_amanda_fini() -- no upper-bound guard (INT_MAX check)"
  }
}

========================================
 Summary
 Total findings : 1
 Errors         : 0
 Warnings       : 1

 Breakdown by detector:
   unchecked_increment       1
========================================
