========================================
 CWE-190 Integer Overflow Risk Detector
 Source  : /Users/afiaasante/Security-Code-Smells/linux/net/core/drop_monitor.c
 Report  : /Users/afiaasante/Security-Code-Smells/results/net_scan/SCS006/core__drop_monitor.c/drop_monitor_report_20260417_173643.txt
 Findings: /Users/afiaasante/Security-Code-Smells/results/net_scan/SCS006/core__drop_monitor.c/drop_monitor_findings_20260417_173643.json
 Date    : Fri Apr 17 17:36:43 EDT 2026
========================================

=== Stage 1: srcml ===

real	0m0.075s
user	0m0.064s
sys	0m0.006s

=== Stage 2: srcslice ===
Writing to :: /Users/afiaasante/Security-Code-Smells/linux/net/core/drop_monitor.c.json
Output Saved to :: /Users/afiaasante/Security-Code-Smells/linux/net/core/drop_monitor.c.json

real	0m0.245s
user	0m0.125s
sys	0m0.005s

=== Stage 3: srcattributor ===

real	0m2.975s
user	0m2.775s
sys	0m0.037s

=== Detector 1: unchecked_multiply ===
    input  : /Users/afiaasante/Security-Code-Smells/linux/net/core/drop_monitor.c.xml
    output : /tmp/cwe190_findings_ylkZ7b

    query  : FIND $T $FUNC($PARAMS) {} CONTAINS $TYPE $RESULT = $A * $B
    note   : destructor/constructor blocks covered by XPath fallback


real	0m0.029s
user	0m0.022s
sys	0m0.005s

--- Stage 1: checking srcQL result for MAX guard in <condition> ---
    no taint source -- warning/smell
    finding: /Users/afiaasante/Security-Code-Smells/linux/net/core/drop_monitor.c:143:28 -- reset_per_cpu_data() multiplies without MAX guard

--- Stage 2: XPath destructor/constructor fallback ---
    no unguarded destructor/constructor multiply found

[ unchecked_multiply ] 1 finding(s) written to /tmp/cwe190_findings_ylkZ7b
=== Detector 2: unchecked_add ===
    input  : /Users/afiaasante/Security-Code-Smells/linux/net/core/drop_monitor.c.xml
    output : /tmp/cwe190_findings_ylkZ7b

    query  : FIND $T $FUNC($PARAMS) {} CONTAINS $TYPE $RESULT = $A + $B
    note   : destructor/constructor blocks covered by XPath fallback


real	0m0.065s
user	0m0.021s
sys	0m0.005s

--- Stage 1: checking srcQL result for MAX guard in <condition> ---
    no taint source -- warning/smell
    finding: /Users/afiaasante/Security-Code-Smells/linux/net/core/drop_monitor.c:873:57 -- net_dm_hw_metadata_copy() adds without MAX guard

--- Stage 2: XPath destructor/constructor fallback ---
    no unguarded destructor/constructor addition found

[ unchecked_add ] 1 finding(s) written to /tmp/cwe190_findings_ylkZ7b
=== Detector 3: unchecked_increment ===
    input  : /Users/afiaasante/Security-Code-Smells/linux/net/core/drop_monitor.c.xml
    output : /tmp/cwe190_findings_ylkZ7b

    strategy : XPath on srcML XML -- ancestor-scoped guard check

--- extracting finding via XPath ---
    function : trace_drop_common
    position : 239:40

    no taint source -- warning/smell
    finding: /Users/afiaasante/Security-Code-Smells/linux/net/core/drop_monitor.c:239:40 -- trace_drop_common() increments without MAX guard

[ unchecked_increment ] 1 finding(s) written to /tmp/cwe190_findings_ylkZ7b
========================================
 Findings JSON
========================================
{
  "detector": "unchecked_multiply",
  "severity": "warning",
  "classification": "smell",
  "rule": "integerOverflow",
  "file": "/Users/afiaasante/Security-Code-Smells/linux/net/core/drop_monitor.c",
  "line": 143,
  "col": 28,
  "varname": "reset_per_cpu_data",
  "note": {
    "line": 143,
    "col": 28,
    "message": "multiplication in reset_per_cpu_data() -- no upper-bound guard (INT_MAX / 2)"
  }
}
{
  "detector": "unchecked_add",
  "severity": "warning",
  "classification": "smell",
  "rule": "integerOverflow",
  "file": "/Users/afiaasante/Security-Code-Smells/linux/net/core/drop_monitor.c",
  "line": 873,
  "col": 57,
  "varname": "net_dm_hw_metadata_copy",
  "note": {
    "line": 873,
    "col": 57,
    "message": "addition in net_dm_hw_metadata_copy() -- no upper-bound guard before adding"
  }
}
{
  "detector": "unchecked_increment",
  "severity": "warning",
  "classification": "smell",
  "rule": "integerOverflow",
  "file": "/Users/afiaasante/Security-Code-Smells/linux/net/core/drop_monitor.c",
  "line": 239,
  "col": 40,
  "varname": "trace_drop_common",
  "note": {
    "line": 239,
    "col": 40,
    "message": "increment (++) in trace_drop_common() -- no upper-bound guard (INT_MAX check)"
  }
}

========================================
 Summary
 Total findings : 3
 Errors         : 0
 Warnings       : 3

 Breakdown by detector:
   unchecked_add             1
   unchecked_increment       1
   unchecked_multiply        1
========================================
