========================================
 CWE-195 Signed-to-Unsigned Conversion Detector
 Source  : /Users/afiaasante/Security-Code-Smells/linux/net/802/psnap.c
 Report  : /Users/afiaasante/Security-Code-Smells/results/net_scan/SCS007/802__psnap.c/psnap_report_20260417_175225.txt
 Findings: /Users/afiaasante/Security-Code-Smells/results/net_scan/SCS007/802__psnap.c/psnap_findings_20260417_175225.json
 Date    : Fri Apr 17 17:52:25 EDT 2026
========================================

=== Stage 1: srcml ===

real	0m0.011s
user	0m0.007s
sys	0m0.003s

=== Stage 2: srcslice ===
Writing to :: /Users/afiaasante/Security-Code-Smells/linux/net/802/psnap.c.json
Output Saved to :: /Users/afiaasante/Security-Code-Smells/linux/net/802/psnap.c.json

real	0m0.177s
user	0m0.018s
sys	0m0.002s

=== Stage 3: srcattributor ===

real	0m0.016s
user	0m0.014s
sys	0m0.002s

=== Detector 1: signed_malloc ===
    input  : /Users/afiaasante/Security-Code-Smells/linux/net/802/psnap.c.xml
    output : /tmp/cwe195_findings_ylsVw0

    query  : FIND $T $FUNC($PARAMS) {} CONTAINS malloc($A)
    note   : destructor/constructor blocks covered by XPath fallback


real	0m0.009s
user	0m0.005s
sys	0m0.003s


--- Stage 2: XPath destructor/constructor fallback ---
    no unguarded destructor/constructor malloc found

[ signed_malloc ] 0 finding(s) written to /tmp/cwe195_findings_ylsVw0
=== Detector 2: signed_memcpy ===
    input  : /Users/afiaasante/Security-Code-Smells/linux/net/802/psnap.c.xml
    output : /tmp/cwe195_findings_ylsVw0

    query  : FIND $T $FUNC($PARAMS) {} CONTAINS memcpy($A, $B, $C)

real	0m0.009s
user	0m0.005s
sys	0m0.002s

--- Stage 1 (memcpy): checking srcQL result for positivity guard in <condition> ---
    no taint source -- warning/smell
    finding: /Users/afiaasante/Security-Code-Smells/linux/net/802/psnap.c:84:9 -- snap_request() memcpy without positivity guard
    query  : FIND $T $FUNC($PARAMS) {} CONTAINS memmove($A, $B, $C)

real	0m0.007s
user	0m0.005s
sys	0m0.003s


--- Stage 2: XPath destructor/constructor fallback ---

[ signed_memcpy ] 1 finding(s) written to /tmp/cwe195_findings_ylsVw0
=== Detector 3: signed_strncpy ===
    input  : /Users/afiaasante/Security-Code-Smells/linux/net/802/psnap.c.xml
    output : /tmp/cwe195_findings_ylsVw0

    query  : FIND $T $FUNC($PARAMS) {} CONTAINS strncpy($A, $B, $C)
    note   : destructor/constructor blocks covered by XPath fallback


real	0m0.008s
user	0m0.005s
sys	0m0.002s


--- Stage 2: XPath destructor/constructor fallback ---
    no unguarded destructor/constructor strncpy found

[ signed_strncpy ] 0 finding(s) written to /tmp/cwe195_findings_ylsVw0
========================================
 Findings JSON
========================================
{
  "detector": "signed_memcpy",
  "severity": "warning",
  "classification": "smell",
  "rule": "signedUnsignedConversion",
  "file": "/Users/afiaasante/Security-Code-Smells/linux/net/802/psnap.c",
  "line": 84,
  "col": 9,
  "varname": "snap_request",
  "note": {
    "line": 84,
    "col": 9,
    "message": "memcpy() in snap_request() -- signed int passed as byte count with no positivity guard (data > 0)"
  }
}

========================================
 Summary
 Total findings : 1
 Errors         : 0
 Warnings       : 1

 Breakdown by detector:
   signed_memcpy             1
========================================
