========================================
 CWE-190 Integer Overflow Risk Detector
 Source  : /Users/afiaasante/Security-Code-Smells/linux/net/netfilter/nft_immediate.c
 Report  : /Users/afiaasante/Security-Code-Smells/results/net_scan/SCS006/netfilter__nft_immediate.c/nft_immediate_report_20260417_174251.txt
 Findings: /Users/afiaasante/Security-Code-Smells/results/net_scan/SCS006/netfilter__nft_immediate.c/nft_immediate_findings_20260417_174251.json
 Date    : Fri Apr 17 17:42:51 EDT 2026
========================================

=== Stage 1: srcml ===

real	0m0.027s
user	0m0.021s
sys	0m0.004s

=== Stage 2: srcslice ===
Writing to :: /Users/afiaasante/Security-Code-Smells/linux/net/netfilter/nft_immediate.c.json
Output Saved to :: /Users/afiaasante/Security-Code-Smells/linux/net/netfilter/nft_immediate.c.json

real	0m0.185s
user	0m0.055s
sys	0m0.004s

=== Stage 3: srcattributor ===

real	0m0.192s
user	0m0.179s
sys	0m0.005s

=== Detector 1: unchecked_multiply ===
    input  : /Users/afiaasante/Security-Code-Smells/linux/net/netfilter/nft_immediate.c.xml
    output : /tmp/cwe190_findings_bmo3WA

    query  : FIND $T $FUNC($PARAMS) {} CONTAINS $TYPE $RESULT = $A * $B
    note   : destructor/constructor blocks covered by XPath fallback


real	0m0.018s
user	0m0.011s
sys	0m0.004s

--- Stage 1: checking srcQL result for MAX guard in <condition> ---
    no taint source -- warning/smell
    finding: /Users/afiaasante/Security-Code-Smells/linux/net/netfilter/nft_immediate.c:250:48 -- nft_immediate_validate() multiplies without MAX guard

--- Stage 2: XPath destructor/constructor fallback ---
    no unguarded destructor/constructor multiply found

[ unchecked_multiply ] 1 finding(s) written to /tmp/cwe190_findings_bmo3WA
=== Detector 2: unchecked_add ===
    input  : /Users/afiaasante/Security-Code-Smells/linux/net/netfilter/nft_immediate.c.xml
    output : /tmp/cwe190_findings_bmo3WA

    query  : FIND $T $FUNC($PARAMS) {} CONTAINS $TYPE $RESULT = $A + $B
    note   : destructor/constructor blocks covered by XPath fallback


real	0m0.015s
user	0m0.010s
sys	0m0.004s


--- Stage 2: XPath destructor/constructor fallback ---
    no unguarded destructor/constructor addition found

[ unchecked_add ] 0 finding(s) written to /tmp/cwe190_findings_bmo3WA
=== Detector 3: unchecked_increment ===
    input  : /Users/afiaasante/Security-Code-Smells/linux/net/netfilter/nft_immediate.c.xml
    output : /tmp/cwe190_findings_bmo3WA

    strategy : XPath on srcML XML -- ancestor-scoped guard check

--- extracting finding via XPath ---
    function : nft_immediate_validate
    position : 262:28

    no taint source -- warning/smell
    finding: /Users/afiaasante/Security-Code-Smells/linux/net/netfilter/nft_immediate.c:262:28 -- nft_immediate_validate() increments without MAX guard

[ unchecked_increment ] 1 finding(s) written to /tmp/cwe190_findings_bmo3WA
========================================
 Findings JSON
========================================
{
  "detector": "unchecked_multiply",
  "severity": "warning",
  "classification": "smell",
  "rule": "integerOverflow",
  "file": "/Users/afiaasante/Security-Code-Smells/linux/net/netfilter/nft_immediate.c",
  "line": 250,
  "col": 48,
  "varname": "nft_immediate_validate",
  "note": {
    "line": 250,
    "col": 48,
    "message": "multiplication in nft_immediate_validate() -- no upper-bound guard (INT_MAX / 2)"
  }
}
{
  "detector": "unchecked_increment",
  "severity": "warning",
  "classification": "smell",
  "rule": "integerOverflow",
  "file": "/Users/afiaasante/Security-Code-Smells/linux/net/netfilter/nft_immediate.c",
  "line": 262,
  "col": 28,
  "varname": "nft_immediate_validate",
  "note": {
    "line": 262,
    "col": 28,
    "message": "increment (++) in nft_immediate_validate() -- no upper-bound guard (INT_MAX check)"
  }
}

========================================
 Summary
 Total findings : 2
 Errors         : 0
 Warnings       : 2

 Breakdown by detector:
   unchecked_increment       1
   unchecked_multiply        1
========================================
