========================================
 CWE-195 Signed-to-Unsigned Conversion Detector
 Source  : /Users/afiaasante/Security-Code-Smells/linux/net/tls/tls_device_fallback.c
 Report  : /Users/afiaasante/Security-Code-Smells/results/net_scan/SCS007/tls__tls_device_fallback.c/tls_device_fallback_report_20260417_180720.txt
 Findings: /Users/afiaasante/Security-Code-Smells/results/net_scan/SCS007/tls__tls_device_fallback.c/tls_device_fallback_findings_20260417_180720.json
 Date    : Fri Apr 17 18:07:20 EDT 2026
========================================

=== Stage 1: srcml ===

real	0m0.049s
user	0m0.037s
sys	0m0.006s

=== Stage 2: srcslice ===
Writing to :: /Users/afiaasante/Security-Code-Smells/linux/net/tls/tls_device_fallback.c.json
Output Saved to :: /Users/afiaasante/Security-Code-Smells/linux/net/tls/tls_device_fallback.c.json

real	0m0.258s
user	0m0.081s
sys	0m0.006s

=== Stage 3: srcattributor ===

real	0m0.788s
user	0m0.654s
sys	0m0.012s

=== Detector 1: signed_malloc ===
    input  : /Users/afiaasante/Security-Code-Smells/linux/net/tls/tls_device_fallback.c.xml
    output : /tmp/cwe195_findings_FWzwjy

    query  : FIND $T $FUNC($PARAMS) {} CONTAINS malloc($A)
    note   : destructor/constructor blocks covered by XPath fallback


real	0m0.034s
user	0m0.014s
sys	0m0.005s


--- Stage 2: XPath destructor/constructor fallback ---
    no unguarded destructor/constructor malloc found

[ signed_malloc ] 0 finding(s) written to /tmp/cwe195_findings_FWzwjy
=== Detector 2: signed_memcpy ===
    input  : /Users/afiaasante/Security-Code-Smells/linux/net/tls/tls_device_fallback.c.xml
    output : /tmp/cwe195_findings_FWzwjy

    query  : FIND $T $FUNC($PARAMS) {} CONTAINS memcpy($A, $B, $C)

real	0m0.035s
user	0m0.016s
sys	0m0.005s

--- Stage 1 (memcpy): checking srcQL result for positivity guard in <condition> ---
    no taint source -- warning/smell
    finding: /Users/afiaasante/Security-Code-Smells/linux/net/tls/tls_device_fallback.c:73:9 -- tls_enc_record() memcpy without positivity guard
    query  : FIND $T $FUNC($PARAMS) {} CONTAINS memmove($A, $B, $C)

real	0m0.020s
user	0m0.014s
sys	0m0.004s


--- Stage 2: XPath destructor/constructor fallback ---

[ signed_memcpy ] 1 finding(s) written to /tmp/cwe195_findings_FWzwjy
=== Detector 3: signed_strncpy ===
    input  : /Users/afiaasante/Security-Code-Smells/linux/net/tls/tls_device_fallback.c.xml
    output : /tmp/cwe195_findings_FWzwjy

    query  : FIND $T $FUNC($PARAMS) {} CONTAINS strncpy($A, $B, $C)
    note   : destructor/constructor blocks covered by XPath fallback


real	0m0.023s
user	0m0.014s
sys	0m0.005s


--- Stage 2: XPath destructor/constructor fallback ---
    no unguarded destructor/constructor strncpy found

[ signed_strncpy ] 0 finding(s) written to /tmp/cwe195_findings_FWzwjy
========================================
 Findings JSON
========================================
{
  "detector": "signed_memcpy",
  "severity": "warning",
  "classification": "smell",
  "rule": "signedUnsignedConversion",
  "file": "/Users/afiaasante/Security-Code-Smells/linux/net/tls/tls_device_fallback.c",
  "line": 73,
  "col": 9,
  "varname": "tls_enc_record",
  "note": {
    "line": 73,
    "col": 9,
    "message": "memcpy() in tls_enc_record() -- signed int passed as byte count with no positivity guard (data > 0)"
  }
}

========================================
 Summary
 Total findings : 1
 Errors         : 0
 Warnings       : 1

 Breakdown by detector:
   signed_memcpy             1
========================================
