========================================
 CWE-195 Signed-to-Unsigned Conversion Detector
 Source  : /Users/afiaasante/Security-Code-Smells/linux/net/iucv/af_iucv.c
 Report  : /Users/afiaasante/Security-Code-Smells/results/net_scan/SCS007/iucv__af_iucv.c/af_iucv_report_20260417_180003.txt
 Findings: /Users/afiaasante/Security-Code-Smells/results/net_scan/SCS007/iucv__af_iucv.c/af_iucv_findings_20260417_180003.json
 Date    : Fri Apr 17 18:00:03 EDT 2026
========================================

=== Stage 1: srcml ===

real	0m0.162s
user	0m0.139s
sys	0m0.008s

=== Stage 2: srcslice ===
Writing to :: /Users/afiaasante/Security-Code-Smells/linux/net/iucv/af_iucv.c.json
Output Saved to :: /Users/afiaasante/Security-Code-Smells/linux/net/iucv/af_iucv.c.json

real	0m0.382s
user	0m0.283s
sys	0m0.008s

=== Stage 3: srcattributor ===

real	0m10.981s
user	0m10.297s
sys	0m0.081s

=== Detector 1: signed_malloc ===
    input  : /Users/afiaasante/Security-Code-Smells/linux/net/iucv/af_iucv.c.xml
    output : /tmp/cwe195_findings_xP5tMX

    query  : FIND $T $FUNC($PARAMS) {} CONTAINS malloc($A)
    note   : destructor/constructor blocks covered by XPath fallback


real	0m0.050s
user	0m0.042s
sys	0m0.006s


--- Stage 2: XPath destructor/constructor fallback ---
    no unguarded destructor/constructor malloc found

[ signed_malloc ] 0 finding(s) written to /tmp/cwe195_findings_xP5tMX
=== Detector 2: signed_memcpy ===
    input  : /Users/afiaasante/Security-Code-Smells/linux/net/iucv/af_iucv.c.xml
    output : /tmp/cwe195_findings_xP5tMX

    query  : FIND $T $FUNC($PARAMS) {} CONTAINS memcpy($A, $B, $C)

real	0m0.056s
user	0m0.047s
sys	0m0.006s

--- Stage 1 (memcpy): checking srcQL result for positivity guard in <condition> ---
    guarded -- > operator found in condition, no finding
    query  : FIND $T $FUNC($PARAMS) {} CONTAINS memmove($A, $B, $C)

real	0m0.051s
user	0m0.043s
sys	0m0.006s


--- Stage 2: XPath destructor/constructor fallback ---
    no unguarded destructor/constructor memcpy/memmove found

[ signed_memcpy ] 0 finding(s) written to /tmp/cwe195_findings_xP5tMX
=== Detector 3: signed_strncpy ===
    input  : /Users/afiaasante/Security-Code-Smells/linux/net/iucv/af_iucv.c.xml
    output : /tmp/cwe195_findings_xP5tMX

    query  : FIND $T $FUNC($PARAMS) {} CONTAINS strncpy($A, $B, $C)
    note   : destructor/constructor blocks covered by XPath fallback


real	0m0.053s
user	0m0.044s
sys	0m0.006s


--- Stage 2: XPath destructor/constructor fallback ---
    no unguarded destructor/constructor strncpy found

[ signed_strncpy ] 0 finding(s) written to /tmp/cwe195_findings_xP5tMX
========================================
 Findings JSON
========================================

========================================
 Summary
 Total findings : 0
 Errors         : 0
 Warnings       : 0
========================================
