========================================
 CWE-190 Integer Overflow Risk Detector
 Source  : /Users/afiaasante/Security-Code-Smells/linux/net/netfilter/nft_set_pipapo_avx2.c
 Report  : /Users/afiaasante/Security-Code-Smells/results/net_scan/SCS006/netfilter__nft_set_pipapo_avx2.c/nft_set_pipapo_avx2_report_20260417_174255.txt
 Findings: /Users/afiaasante/Security-Code-Smells/results/net_scan/SCS006/netfilter__nft_set_pipapo_avx2.c/nft_set_pipapo_avx2_findings_20260417_174255.json
 Date    : Fri Apr 17 17:42:55 EDT 2026
========================================

=== Stage 1: srcml ===

real	0m0.077s
user	0m0.070s
sys	0m0.005s

=== Stage 2: srcslice ===
Writing to :: /Users/afiaasante/Security-Code-Smells/linux/net/netfilter/nft_set_pipapo_avx2.c.json
Output Saved to :: /Users/afiaasante/Security-Code-Smells/linux/net/netfilter/nft_set_pipapo_avx2.c.json

real	0m0.301s
user	0m0.155s
sys	0m0.005s

=== Stage 3: srcattributor ===

real	0m2.896s
user	0m2.784s
sys	0m0.026s

=== Detector 1: unchecked_multiply ===
    input  : /Users/afiaasante/Security-Code-Smells/linux/net/netfilter/nft_set_pipapo_avx2.c.xml
    output : /tmp/cwe190_findings_ZNBKEM

    query  : FIND $T $FUNC($PARAMS) {} CONTAINS $TYPE $RESULT = $A * $B
    note   : destructor/constructor blocks covered by XPath fallback


real	0m0.035s
user	0m0.028s
sys	0m0.006s

--- Stage 1: checking srcQL result for MAX guard in <condition> ---
    no taint source -- warning/smell
    finding: /Users/afiaasante/Security-Code-Smells/linux/net/netfilter/nft_set_pipapo_avx2.c:223:22 -- nft_pipapo_avx2_lookup_4b_2() multiplies without MAX guard

--- Stage 2: XPath destructor/constructor fallback ---
    no unguarded destructor/constructor multiply found

[ unchecked_multiply ] 1 finding(s) written to /tmp/cwe190_findings_ZNBKEM
=== Detector 2: unchecked_add ===
    input  : /Users/afiaasante/Security-Code-Smells/linux/net/netfilter/nft_set_pipapo_avx2.c.xml
    output : /tmp/cwe190_findings_ZNBKEM

    query  : FIND $T $FUNC($PARAMS) {} CONTAINS $TYPE $RESULT = $A + $B
    note   : destructor/constructor blocks covered by XPath fallback


real	0m0.031s
user	0m0.025s
sys	0m0.005s


--- Stage 2: XPath destructor/constructor fallback ---
    no unguarded destructor/constructor addition found

[ unchecked_add ] 0 finding(s) written to /tmp/cwe190_findings_ZNBKEM
=== Detector 3: unchecked_increment ===
    input  : /Users/afiaasante/Security-Code-Smells/linux/net/netfilter/nft_set_pipapo_avx2.c.xml
    output : /tmp/cwe190_findings_ZNBKEM

    strategy : XPath on srcML XML -- ancestor-scoped guard check

--- extracting finding via XPath ---
    function : nft_pipapo_avx2_fill
    position : 119:21

    no taint source -- warning/smell
    finding: /Users/afiaasante/Security-Code-Smells/linux/net/netfilter/nft_set_pipapo_avx2.c:119:21 -- nft_pipapo_avx2_fill() increments without MAX guard

[ unchecked_increment ] 1 finding(s) written to /tmp/cwe190_findings_ZNBKEM
========================================
 Findings JSON
========================================
{
  "detector": "unchecked_multiply",
  "severity": "warning",
  "classification": "smell",
  "rule": "integerOverflow",
  "file": "/Users/afiaasante/Security-Code-Smells/linux/net/netfilter/nft_set_pipapo_avx2.c",
  "line": 223,
  "col": 22,
  "varname": "nft_pipapo_avx2_lookup_4b_2",
  "note": {
    "line": 223,
    "col": 22,
    "message": "multiplication in nft_pipapo_avx2_lookup_4b_2() -- no upper-bound guard (INT_MAX / 2)"
  }
}
{
  "detector": "unchecked_increment",
  "severity": "warning",
  "classification": "smell",
  "rule": "integerOverflow",
  "file": "/Users/afiaasante/Security-Code-Smells/linux/net/netfilter/nft_set_pipapo_avx2.c",
  "line": 119,
  "col": 21,
  "varname": "nft_pipapo_avx2_fill",
  "note": {
    "line": 119,
    "col": 21,
    "message": "increment (++) in nft_pipapo_avx2_fill() -- no upper-bound guard (INT_MAX check)"
  }
}

========================================
 Summary
 Total findings : 2
 Errors         : 0
 Warnings       : 2

 Breakdown by detector:
   unchecked_increment       1
   unchecked_multiply        1
========================================
