========================================
 CWE-195 Signed-to-Unsigned Conversion Detector
 Source  : /Users/afiaasante/Security-Code-Smells/linux/net/bluetooth/hci_sock.c
 Report  : /Users/afiaasante/Security-Code-Smells/results/net_scan/SCS007/bluetooth__hci_sock.c/hci_sock_report_20260417_175240.txt
 Findings: /Users/afiaasante/Security-Code-Smells/results/net_scan/SCS007/bluetooth__hci_sock.c/hci_sock_findings_20260417_175240.json
 Date    : Fri Apr 17 17:52:40 EDT 2026
========================================

=== Stage 1: srcml ===

real	0m0.072s
user	0m0.066s
sys	0m0.004s

=== Stage 2: srcslice ===
Writing to :: /Users/afiaasante/Security-Code-Smells/linux/net/bluetooth/hci_sock.c.json
Output Saved to :: /Users/afiaasante/Security-Code-Smells/linux/net/bluetooth/hci_sock.c.json

real	0m0.293s
user	0m0.148s
sys	0m0.005s

=== Stage 3: srcattributor ===

real	0m5.169s
user	0m4.899s
sys	0m0.046s

=== Detector 1: signed_malloc ===
    input  : /Users/afiaasante/Security-Code-Smells/linux/net/bluetooth/hci_sock.c.xml
    output : /tmp/cwe195_findings_Xp4S0t

    query  : FIND $T $FUNC($PARAMS) {} CONTAINS malloc($A)
    note   : destructor/constructor blocks covered by XPath fallback


real	0m0.034s
user	0m0.026s
sys	0m0.005s


--- Stage 2: XPath destructor/constructor fallback ---
    no unguarded destructor/constructor malloc found

[ signed_malloc ] 0 finding(s) written to /tmp/cwe195_findings_Xp4S0t
=== Detector 2: signed_memcpy ===
    input  : /Users/afiaasante/Security-Code-Smells/linux/net/bluetooth/hci_sock.c.xml
    output : /tmp/cwe195_findings_Xp4S0t

    query  : FIND $T $FUNC($PARAMS) {} CONTAINS memcpy($A, $B, $C)

real	0m0.029s
user	0m0.021s
sys	0m0.004s

--- Stage 1 (memcpy): checking srcQL result for positivity guard in <condition> ---
    no taint source -- warning/smell
    finding: /Users/afiaasante/Security-Code-Smells/linux/net/bluetooth/hci_sock.c:252:25 -- hci_send_to_sock() memcpy without positivity guard
    query  : FIND $T $FUNC($PARAMS) {} CONTAINS memmove($A, $B, $C)

real	0m0.032s
user	0m0.027s
sys	0m0.004s


--- Stage 2: XPath destructor/constructor fallback ---

[ signed_memcpy ] 1 finding(s) written to /tmp/cwe195_findings_Xp4S0t
=== Detector 3: signed_strncpy ===
    input  : /Users/afiaasante/Security-Code-Smells/linux/net/bluetooth/hci_sock.c.xml
    output : /tmp/cwe195_findings_Xp4S0t

    query  : FIND $T $FUNC($PARAMS) {} CONTAINS strncpy($A, $B, $C)
    note   : destructor/constructor blocks covered by XPath fallback


real	0m0.030s
user	0m0.025s
sys	0m0.004s


--- Stage 2: XPath destructor/constructor fallback ---
    no unguarded destructor/constructor strncpy found

[ signed_strncpy ] 0 finding(s) written to /tmp/cwe195_findings_Xp4S0t
========================================
 Findings JSON
========================================
{
  "detector": "signed_memcpy",
  "severity": "warning",
  "classification": "smell",
  "rule": "signedUnsignedConversion",
  "file": "/Users/afiaasante/Security-Code-Smells/linux/net/bluetooth/hci_sock.c",
  "line": 252,
  "col": 25,
  "varname": "hci_send_to_sock",
  "note": {
    "line": 252,
    "col": 25,
    "message": "memcpy() in hci_send_to_sock() -- signed int passed as byte count with no positivity guard (data > 0)"
  }
}

========================================
 Summary
 Total findings : 1
 Errors         : 0
 Warnings       : 1

 Breakdown by detector:
   signed_memcpy             1
========================================
