========================================
 CWE-190 Integer Overflow Risk Detector
 Source  : /Users/afiaasante/Security-Code-Smells/linux/net/ipv6/rpl.c
 Report  : /Users/afiaasante/Security-Code-Smells/results/net_scan/SCS006/ipv6__rpl.c/rpl_report_20260417_174013.txt
 Findings: /Users/afiaasante/Security-Code-Smells/results/net_scan/SCS006/ipv6__rpl.c/rpl_findings_20260417_174013.json
 Date    : Fri Apr 17 17:40:13 EDT 2026
========================================

=== Stage 1: srcml ===

real	0m0.021s
user	0m0.014s
sys	0m0.004s

=== Stage 2: srcslice ===
Writing to :: /Users/afiaasante/Security-Code-Smells/linux/net/ipv6/rpl.c.json
Output Saved to :: /Users/afiaasante/Security-Code-Smells/linux/net/ipv6/rpl.c.json

real	0m0.187s
user	0m0.035s
sys	0m0.004s

=== Stage 3: srcattributor ===

real	0m0.068s
user	0m0.059s
sys	0m0.004s

=== Detector 1: unchecked_multiply ===
    input  : /Users/afiaasante/Security-Code-Smells/linux/net/ipv6/rpl.c.xml
    output : /tmp/cwe190_findings_xMbcFh

    query  : FIND $T $FUNC($PARAMS) {} CONTAINS $TYPE $RESULT = $A * $B
    note   : destructor/constructor blocks covered by XPath fallback


real	0m0.014s
user	0m0.008s
sys	0m0.004s


--- Stage 2: XPath destructor/constructor fallback ---
    no unguarded destructor/constructor multiply found

[ unchecked_multiply ] 0 finding(s) written to /tmp/cwe190_findings_xMbcFh
=== Detector 2: unchecked_add ===
    input  : /Users/afiaasante/Security-Code-Smells/linux/net/ipv6/rpl.c.xml
    output : /tmp/cwe190_findings_xMbcFh

    query  : FIND $T $FUNC($PARAMS) {} CONTAINS $TYPE $RESULT = $A + $B
    note   : destructor/constructor blocks covered by XPath fallback


real	0m0.014s
user	0m0.008s
sys	0m0.004s


--- Stage 2: XPath destructor/constructor fallback ---
    no unguarded destructor/constructor addition found

[ unchecked_add ] 0 finding(s) written to /tmp/cwe190_findings_xMbcFh
=== Detector 3: unchecked_increment ===
    input  : /Users/afiaasante/Security-Code-Smells/linux/net/ipv6/rpl.c.xml
    output : /tmp/cwe190_findings_xMbcFh

    strategy : XPath on srcML XML -- ancestor-scoped guard check

--- extracting finding via XPath ---
    function : ipv6_rpl_srh_decompress
    position : 46:29

    no taint source -- warning/smell
    finding: /Users/afiaasante/Security-Code-Smells/linux/net/ipv6/rpl.c:46:29 -- ipv6_rpl_srh_decompress() increments without MAX guard

[ unchecked_increment ] 1 finding(s) written to /tmp/cwe190_findings_xMbcFh
========================================
 Findings JSON
========================================
{
  "detector": "unchecked_increment",
  "severity": "warning",
  "classification": "smell",
  "rule": "integerOverflow",
  "file": "/Users/afiaasante/Security-Code-Smells/linux/net/ipv6/rpl.c",
  "line": 46,
  "col": 29,
  "varname": "ipv6_rpl_srh_decompress",
  "note": {
    "line": 46,
    "col": 29,
    "message": "increment (++) in ipv6_rpl_srh_decompress() -- no upper-bound guard (INT_MAX check)"
  }
}

========================================
 Summary
 Total findings : 1
 Errors         : 0
 Warnings       : 1

 Breakdown by detector:
   unchecked_increment       1
========================================
