========================================
 CWE-190 Integer Overflow Risk Detector
 Source  : /Users/afiaasante/Security-Code-Smells/linux/net/phonet/socket.c
 Report  : /Users/afiaasante/Security-Code-Smells/results/net_scan/SCS006/phonet__socket.c/socket_report_20260417_174334.txt
 Findings: /Users/afiaasante/Security-Code-Smells/results/net_scan/SCS006/phonet__socket.c/socket_findings_20260417_174334.json
 Date    : Fri Apr 17 17:43:34 EDT 2026
========================================

=== Stage 1: srcml ===

real	0m0.054s
user	0m0.047s
sys	0m0.004s

=== Stage 2: srcslice ===
Writing to :: /Users/afiaasante/Security-Code-Smells/linux/net/phonet/socket.c.json
Output Saved to :: /Users/afiaasante/Security-Code-Smells/linux/net/phonet/socket.c.json

real	0m0.242s
user	0m0.099s
sys	0m0.005s

=== Stage 3: srcattributor ===

real	0m1.060s
user	0m1.018s
sys	0m0.014s

=== Detector 1: unchecked_multiply ===
    input  : /Users/afiaasante/Security-Code-Smells/linux/net/phonet/socket.c.xml
    output : /tmp/cwe190_findings_78D1O3

    query  : FIND $T $FUNC($PARAMS) {} CONTAINS $TYPE $RESULT = $A * $B
    note   : destructor/constructor blocks covered by XPath fallback


real	0m0.026s
user	0m0.018s
sys	0m0.006s

--- Stage 1: checking srcQL result for MAX guard in <condition> ---
    no taint source -- warning/smell
    finding: /Users/afiaasante/Security-Code-Smells/linux/net/phonet/socket.c:160:55 -- pn_socket_bind() multiplies without MAX guard

--- Stage 2: XPath destructor/constructor fallback ---
    no unguarded destructor/constructor multiply found

[ unchecked_multiply ] 1 finding(s) written to /tmp/cwe190_findings_78D1O3
=== Detector 2: unchecked_add ===
    input  : /Users/afiaasante/Security-Code-Smells/linux/net/phonet/socket.c.xml
    output : /tmp/cwe190_findings_78D1O3

    query  : FIND $T $FUNC($PARAMS) {} CONTAINS $TYPE $RESULT = $A + $B
    note   : destructor/constructor blocks covered by XPath fallback


real	0m0.025s
user	0m0.016s
sys	0m0.005s


--- Stage 2: XPath destructor/constructor fallback ---
    no unguarded destructor/constructor addition found

[ unchecked_add ] 0 finding(s) written to /tmp/cwe190_findings_78D1O3
=== Detector 3: unchecked_increment ===
    input  : /Users/afiaasante/Security-Code-Smells/linux/net/phonet/socket.c.xml
    output : /tmp/cwe190_findings_78D1O3

    strategy : XPath on srcML XML -- ancestor-scoped guard check

--- extracting finding via XPath ---
    function : pn_sock_init
    position : 52:39

    no taint source -- warning/smell
    finding: /Users/afiaasante/Security-Code-Smells/linux/net/phonet/socket.c:52:39 -- pn_sock_init() increments without MAX guard

[ unchecked_increment ] 1 finding(s) written to /tmp/cwe190_findings_78D1O3
========================================
 Findings JSON
========================================
{
  "detector": "unchecked_multiply",
  "severity": "warning",
  "classification": "smell",
  "rule": "integerOverflow",
  "file": "/Users/afiaasante/Security-Code-Smells/linux/net/phonet/socket.c",
  "line": 160,
  "col": 55,
  "varname": "pn_socket_bind",
  "note": {
    "line": 160,
    "col": 55,
    "message": "multiplication in pn_socket_bind() -- no upper-bound guard (INT_MAX / 2)"
  }
}
{
  "detector": "unchecked_increment",
  "severity": "warning",
  "classification": "smell",
  "rule": "integerOverflow",
  "file": "/Users/afiaasante/Security-Code-Smells/linux/net/phonet/socket.c",
  "line": 52,
  "col": 39,
  "varname": "pn_sock_init",
  "note": {
    "line": 52,
    "col": 39,
    "message": "increment (++) in pn_sock_init() -- no upper-bound guard (INT_MAX check)"
  }
}

========================================
 Summary
 Total findings : 2
 Errors         : 0
 Warnings       : 2

 Breakdown by detector:
   unchecked_increment       1
   unchecked_multiply        1
========================================
