========================================
 CWE-195 Signed-to-Unsigned Conversion Detector
 Source  : /Users/afiaasante/Security-Code-Smells/linux/net/sunrpc/xdr.c
 Report  : /Users/afiaasante/Security-Code-Smells/results/net_scan/SCS007/sunrpc__xdr.c/xdr_report_20260417_180645.txt
 Findings: /Users/afiaasante/Security-Code-Smells/results/net_scan/SCS007/sunrpc__xdr.c/xdr_findings_20260417_180645.json
 Date    : Fri Apr 17 18:06:45 EDT 2026
========================================

=== Stage 1: srcml ===

real	0m0.175s
user	0m0.157s
sys	0m0.008s

=== Stage 2: srcslice ===
Writing to :: /Users/afiaasante/Security-Code-Smells/linux/net/sunrpc/xdr.c.json
Output Saved to :: /Users/afiaasante/Security-Code-Smells/linux/net/sunrpc/xdr.c.json

real	0m0.439s
user	0m0.305s
sys	0m0.009s

=== Stage 3: srcattributor ===

real	0m18.015s
user	0m15.622s
sys	0m0.182s

=== Detector 1: signed_malloc ===
    input  : /Users/afiaasante/Security-Code-Smells/linux/net/sunrpc/xdr.c.xml
    output : /tmp/cwe195_findings_6ioO7i

    query  : FIND $T $FUNC($PARAMS) {} CONTAINS malloc($A)
    note   : destructor/constructor blocks covered by XPath fallback


real	0m0.055s
user	0m0.042s
sys	0m0.006s


--- Stage 2: XPath destructor/constructor fallback ---
    no unguarded destructor/constructor malloc found

[ signed_malloc ] 0 finding(s) written to /tmp/cwe195_findings_6ioO7i
=== Detector 2: signed_memcpy ===
    input  : /Users/afiaasante/Security-Code-Smells/linux/net/sunrpc/xdr.c.xml
    output : /tmp/cwe195_findings_6ioO7i

    query  : FIND $T $FUNC($PARAMS) {} CONTAINS memcpy($A, $B, $C)

real	0m0.059s
user	0m0.045s
sys	0m0.007s

--- Stage 1 (memcpy): checking srcQL result for positivity guard in <condition> ---
    guarded -- > operator found in condition, no finding
    query  : FIND $T $FUNC($PARAMS) {} CONTAINS memmove($A, $B, $C)

real	0m0.053s
user	0m0.043s
sys	0m0.007s

--- Stage 1 (memmove): checking srcQL result for positivity guard in <condition> ---
    guarded -- > operator found in condition, no finding

--- Stage 2: XPath destructor/constructor fallback ---
    no unguarded destructor/constructor memcpy/memmove found

[ signed_memcpy ] 0 finding(s) written to /tmp/cwe195_findings_6ioO7i
=== Detector 3: signed_strncpy ===
    input  : /Users/afiaasante/Security-Code-Smells/linux/net/sunrpc/xdr.c.xml
    output : /tmp/cwe195_findings_6ioO7i

    query  : FIND $T $FUNC($PARAMS) {} CONTAINS strncpy($A, $B, $C)
    note   : destructor/constructor blocks covered by XPath fallback


real	0m0.054s
user	0m0.043s
sys	0m0.006s


--- Stage 2: XPath destructor/constructor fallback ---
    no unguarded destructor/constructor strncpy found

[ signed_strncpy ] 0 finding(s) written to /tmp/cwe195_findings_6ioO7i
========================================
 Findings JSON
========================================

========================================
 Summary
 Total findings : 0
 Errors         : 0
 Warnings       : 0
========================================
