========================================
 CWE-190 Integer Overflow Risk Detector
 Source  : /Users/afiaasante/Security-Code-Smells/linux/net/netfilter/ipset/ip_set_hash_netiface.c
 Report  : /Users/afiaasante/Security-Code-Smells/results/net_scan/SCS006/netfilter__ipset__ip_set_hash_netiface.c/ip_set_hash_netiface_report_20260417_174204.txt
 Findings: /Users/afiaasante/Security-Code-Smells/results/net_scan/SCS006/netfilter__ipset__ip_set_hash_netiface.c/ip_set_hash_netiface_findings_20260417_174204.json
 Date    : Fri Apr 17 17:42:04 EDT 2026
========================================

=== Stage 1: srcml ===

real	0m0.039s
user	0m0.032s
sys	0m0.005s

=== Stage 2: srcslice ===
Writing to :: /Users/afiaasante/Security-Code-Smells/linux/net/netfilter/ipset/ip_set_hash_netiface.c.json
Output Saved to :: /Users/afiaasante/Security-Code-Smells/linux/net/netfilter/ipset/ip_set_hash_netiface.c.json

real	0m0.187s
user	0m0.074s
sys	0m0.005s

=== Stage 3: srcattributor ===

real	0m0.462s
user	0m0.432s
sys	0m0.008s

=== Detector 1: unchecked_multiply ===
    input  : /Users/afiaasante/Security-Code-Smells/linux/net/netfilter/ipset/ip_set_hash_netiface.c.xml
    output : /tmp/cwe190_findings_pvUypU

    query  : FIND $T $FUNC($PARAMS) {} CONTAINS $TYPE $RESULT = $A * $B
    note   : destructor/constructor blocks covered by XPath fallback


real	0m0.020s
user	0m0.014s
sys	0m0.005s


--- Stage 2: XPath destructor/constructor fallback ---
    no unguarded destructor/constructor multiply found

[ unchecked_multiply ] 0 finding(s) written to /tmp/cwe190_findings_pvUypU
=== Detector 2: unchecked_add ===
    input  : /Users/afiaasante/Security-Code-Smells/linux/net/netfilter/ipset/ip_set_hash_netiface.c.xml
    output : /tmp/cwe190_findings_pvUypU

    query  : FIND $T $FUNC($PARAMS) {} CONTAINS $TYPE $RESULT = $A + $B
    note   : destructor/constructor blocks covered by XPath fallback


real	0m0.020s
user	0m0.014s
sys	0m0.004s


--- Stage 2: XPath destructor/constructor fallback ---
    no unguarded destructor/constructor addition found

[ unchecked_add ] 0 finding(s) written to /tmp/cwe190_findings_pvUypU
=== Detector 3: unchecked_increment ===
    input  : /Users/afiaasante/Security-Code-Smells/linux/net/netfilter/ipset/ip_set_hash_netiface.c.xml
    output : /tmp/cwe190_findings_pvUypU

    strategy : XPath on srcML XML -- ancestor-scoped guard check

--- extracting finding via XPath ---
    function : hash_netiface4_data_equal
    position : 75:17

    no taint source -- warning/smell
    finding: /Users/afiaasante/Security-Code-Smells/linux/net/netfilter/ipset/ip_set_hash_netiface.c:75:17 -- hash_netiface4_data_equal() increments without MAX guard

[ unchecked_increment ] 1 finding(s) written to /tmp/cwe190_findings_pvUypU
========================================
 Findings JSON
========================================
{
  "detector": "unchecked_increment",
  "severity": "warning",
  "classification": "smell",
  "rule": "integerOverflow",
  "file": "/Users/afiaasante/Security-Code-Smells/linux/net/netfilter/ipset/ip_set_hash_netiface.c",
  "line": 75,
  "col": 17,
  "varname": "hash_netiface4_data_equal",
  "note": {
    "line": 75,
    "col": 17,
    "message": "increment (++) in hash_netiface4_data_equal() -- no upper-bound guard (INT_MAX check)"
  }
}

========================================
 Summary
 Total findings : 1
 Errors         : 0
 Warnings       : 1

 Breakdown by detector:
   unchecked_increment       1
========================================
