========================================
 CWE-195 Signed-to-Unsigned Conversion Detector
 Source  : /Users/afiaasante/Security-Code-Smells/linux/net/mctp/af_mctp.c
 Report  : /Users/afiaasante/Security-Code-Smells/results/net_scan/SCS007/mctp__af_mctp.c/af_mctp_report_20260417_180128.txt
 Findings: /Users/afiaasante/Security-Code-Smells/results/net_scan/SCS007/mctp__af_mctp.c/af_mctp_findings_20260417_180128.json
 Date    : Fri Apr 17 18:01:28 EDT 2026
========================================

=== Stage 1: srcml ===

real	0m0.071s
user	0m0.057s
sys	0m0.007s

=== Stage 2: srcslice ===
Writing to :: /Users/afiaasante/Security-Code-Smells/linux/net/mctp/af_mctp.c.json
Output Saved to :: /Users/afiaasante/Security-Code-Smells/linux/net/mctp/af_mctp.c.json

real	0m0.255s
user	0m0.116s
sys	0m0.007s

=== Stage 3: srcattributor ===

real	0m1.547s
user	0m1.434s
sys	0m0.016s

=== Detector 1: signed_malloc ===
    input  : /Users/afiaasante/Security-Code-Smells/linux/net/mctp/af_mctp.c.xml
    output : /tmp/cwe195_findings_hJurbo

    query  : FIND $T $FUNC($PARAMS) {} CONTAINS malloc($A)
    note   : destructor/constructor blocks covered by XPath fallback


real	0m0.029s
user	0m0.021s
sys	0m0.005s


--- Stage 2: XPath destructor/constructor fallback ---
    no unguarded destructor/constructor malloc found

[ signed_malloc ] 0 finding(s) written to /tmp/cwe195_findings_hJurbo
=== Detector 2: signed_memcpy ===
    input  : /Users/afiaasante/Security-Code-Smells/linux/net/mctp/af_mctp.c.xml
    output : /tmp/cwe195_findings_hJurbo

    query  : FIND $T $FUNC($PARAMS) {} CONTAINS memcpy($A, $B, $C)

real	0m0.033s
user	0m0.020s
sys	0m0.006s

--- Stage 1 (memcpy): checking srcQL result for positivity guard in <condition> ---
    no taint source -- warning/smell
    finding: /Users/afiaasante/Security-Code-Smells/linux/net/mctp/af_mctp.c:345:25 -- mctp_recvmsg() memcpy without positivity guard
    query  : FIND $T $FUNC($PARAMS) {} CONTAINS memmove($A, $B, $C)

real	0m0.029s
user	0m0.020s
sys	0m0.006s


--- Stage 2: XPath destructor/constructor fallback ---

[ signed_memcpy ] 1 finding(s) written to /tmp/cwe195_findings_hJurbo
=== Detector 3: signed_strncpy ===
    input  : /Users/afiaasante/Security-Code-Smells/linux/net/mctp/af_mctp.c.xml
    output : /tmp/cwe195_findings_hJurbo

    query  : FIND $T $FUNC($PARAMS) {} CONTAINS strncpy($A, $B, $C)
    note   : destructor/constructor blocks covered by XPath fallback


real	0m0.030s
user	0m0.020s
sys	0m0.006s


--- Stage 2: XPath destructor/constructor fallback ---
    no unguarded destructor/constructor strncpy found

[ signed_strncpy ] 0 finding(s) written to /tmp/cwe195_findings_hJurbo
========================================
 Findings JSON
========================================
{
  "detector": "signed_memcpy",
  "severity": "warning",
  "classification": "smell",
  "rule": "signedUnsignedConversion",
  "file": "/Users/afiaasante/Security-Code-Smells/linux/net/mctp/af_mctp.c",
  "line": 345,
  "col": 25,
  "varname": "mctp_recvmsg",
  "note": {
    "line": 345,
    "col": 25,
    "message": "memcpy() in mctp_recvmsg() -- signed int passed as byte count with no positivity guard (data > 0)"
  }
}

========================================
 Summary
 Total findings : 1
 Errors         : 0
 Warnings       : 1

 Breakdown by detector:
   signed_memcpy             1
========================================
