========================================
 CWE-190 Integer Overflow Risk Detector
 Source  : /Users/afiaasante/Security-Code-Smells/linux/net/ipv6/netfilter/ip6table_nat.c
 Report  : /Users/afiaasante/Security-Code-Smells/results/net_scan/SCS006/ipv6__netfilter__ip6table_nat.c/ip6table_nat_report_20260417_174010.txt
 Findings: /Users/afiaasante/Security-Code-Smells/results/net_scan/SCS006/ipv6__netfilter__ip6table_nat.c/ip6table_nat_findings_20260417_174010.json
 Date    : Fri Apr 17 17:40:10 EDT 2026
========================================

=== Stage 1: srcml ===

real	0m0.036s
user	0m0.011s
sys	0m0.005s

=== Stage 2: srcslice ===
Writing to :: /Users/afiaasante/Security-Code-Smells/linux/net/ipv6/netfilter/ip6table_nat.c.json
Output Saved to :: /Users/afiaasante/Security-Code-Smells/linux/net/ipv6/netfilter/ip6table_nat.c.json

real	0m0.207s
user	0m0.032s
sys	0m0.004s

=== Stage 3: srcattributor ===

real	0m0.054s
user	0m0.041s
sys	0m0.005s

=== Detector 1: unchecked_multiply ===
    input  : /Users/afiaasante/Security-Code-Smells/linux/net/ipv6/netfilter/ip6table_nat.c.xml
    output : /tmp/cwe190_findings_4F7wMF

    query  : FIND $T $FUNC($PARAMS) {} CONTAINS $TYPE $RESULT = $A * $B
    note   : destructor/constructor blocks covered by XPath fallback


real	0m0.013s
user	0m0.007s
sys	0m0.004s


--- Stage 2: XPath destructor/constructor fallback ---
    no unguarded destructor/constructor multiply found

[ unchecked_multiply ] 0 finding(s) written to /tmp/cwe190_findings_4F7wMF
=== Detector 2: unchecked_add ===
    input  : /Users/afiaasante/Security-Code-Smells/linux/net/ipv6/netfilter/ip6table_nat.c.xml
    output : /tmp/cwe190_findings_4F7wMF

    query  : FIND $T $FUNC($PARAMS) {} CONTAINS $TYPE $RESULT = $A + $B
    note   : destructor/constructor blocks covered by XPath fallback


real	0m0.018s
user	0m0.008s
sys	0m0.004s


--- Stage 2: XPath destructor/constructor fallback ---
    no unguarded destructor/constructor addition found

[ unchecked_add ] 0 finding(s) written to /tmp/cwe190_findings_4F7wMF
=== Detector 3: unchecked_increment ===
    input  : /Users/afiaasante/Security-Code-Smells/linux/net/ipv6/netfilter/ip6table_nat.c.xml
    output : /tmp/cwe190_findings_4F7wMF

    strategy : XPath on srcML XML -- ancestor-scoped guard check

--- extracting finding via XPath ---
    function : ip6t_nat_register_lookups
    position : 77:55

    no taint source -- warning/smell
    finding: /Users/afiaasante/Security-Code-Smells/linux/net/ipv6/netfilter/ip6table_nat.c:77:55 -- ip6t_nat_register_lookups() increments without MAX guard

[ unchecked_increment ] 1 finding(s) written to /tmp/cwe190_findings_4F7wMF
========================================
 Findings JSON
========================================
{
  "detector": "unchecked_increment",
  "severity": "warning",
  "classification": "smell",
  "rule": "integerOverflow",
  "file": "/Users/afiaasante/Security-Code-Smells/linux/net/ipv6/netfilter/ip6table_nat.c",
  "line": 77,
  "col": 55,
  "varname": "ip6t_nat_register_lookups",
  "note": {
    "line": 77,
    "col": 55,
    "message": "increment (++) in ip6t_nat_register_lookups() -- no upper-bound guard (INT_MAX check)"
  }
}

========================================
 Summary
 Total findings : 1
 Errors         : 0
 Warnings       : 1

 Breakdown by detector:
   unchecked_increment       1
========================================
