========================================
 CWE-190 Integer Overflow Risk Detector
 Source  : /Users/afiaasante/Security-Code-Smells/linux/net/sunrpc/xprtrdma/svc_rdma_pcl.c
 Report  : /Users/afiaasante/Security-Code-Smells/results/net_scan/SCS006/sunrpc__xprtrdma__svc_rdma_pcl.c/svc_rdma_pcl_report_20260417_174545.txt
 Findings: /Users/afiaasante/Security-Code-Smells/results/net_scan/SCS006/sunrpc__xprtrdma__svc_rdma_pcl.c/svc_rdma_pcl_findings_20260417_174545.json
 Date    : Fri Apr 17 17:45:45 EDT 2026
========================================

=== Stage 1: srcml ===

real	0m0.022s
user	0m0.017s
sys	0m0.004s

=== Stage 2: srcslice ===
Writing to :: /Users/afiaasante/Security-Code-Smells/linux/net/sunrpc/xprtrdma/svc_rdma_pcl.c.json
Output Saved to :: /Users/afiaasante/Security-Code-Smells/linux/net/sunrpc/xprtrdma/svc_rdma_pcl.c.json

real	0m0.194s
user	0m0.048s
sys	0m0.004s

=== Stage 3: srcattributor ===

real	0m0.221s
user	0m0.212s
sys	0m0.006s

=== Detector 1: unchecked_multiply ===
    input  : /Users/afiaasante/Security-Code-Smells/linux/net/sunrpc/xprtrdma/svc_rdma_pcl.c.xml
    output : /tmp/cwe190_findings_yDoZOf

    query  : FIND $T $FUNC($PARAMS) {} CONTAINS $TYPE $RESULT = $A * $B
    note   : destructor/constructor blocks covered by XPath fallback


real	0m0.019s
user	0m0.010s
sys	0m0.005s


--- Stage 2: XPath destructor/constructor fallback ---
    no unguarded destructor/constructor multiply found

[ unchecked_multiply ] 0 finding(s) written to /tmp/cwe190_findings_yDoZOf
=== Detector 2: unchecked_add ===
    input  : /Users/afiaasante/Security-Code-Smells/linux/net/sunrpc/xprtrdma/svc_rdma_pcl.c.xml
    output : /tmp/cwe190_findings_yDoZOf

    query  : FIND $T $FUNC($PARAMS) {} CONTAINS $TYPE $RESULT = $A + $B
    note   : destructor/constructor blocks covered by XPath fallback


real	0m0.017s
user	0m0.010s
sys	0m0.005s


--- Stage 2: XPath destructor/constructor fallback ---
    no unguarded destructor/constructor addition found

[ unchecked_add ] 0 finding(s) written to /tmp/cwe190_findings_yDoZOf
=== Detector 3: unchecked_increment ===
    input  : /Users/afiaasante/Security-Code-Smells/linux/net/sunrpc/xprtrdma/svc_rdma_pcl.c.xml
    output : /tmp/cwe190_findings_yDoZOf

    strategy : XPath on srcML XML -- ancestor-scoped guard check

--- extracting finding via XPath ---
    function : pcl_insert_position
    position : 65:22

    no taint source -- warning/smell
    finding: /Users/afiaasante/Security-Code-Smells/linux/net/sunrpc/xprtrdma/svc_rdma_pcl.c:65:22 -- pcl_insert_position() increments without MAX guard

[ unchecked_increment ] 1 finding(s) written to /tmp/cwe190_findings_yDoZOf
========================================
 Findings JSON
========================================
{
  "detector": "unchecked_increment",
  "severity": "warning",
  "classification": "smell",
  "rule": "integerOverflow",
  "file": "/Users/afiaasante/Security-Code-Smells/linux/net/sunrpc/xprtrdma/svc_rdma_pcl.c",
  "line": 65,
  "col": 22,
  "varname": "pcl_insert_position",
  "note": {
    "line": 65,
    "col": 22,
    "message": "increment (++) in pcl_insert_position() -- no upper-bound guard (INT_MAX check)"
  }
}

========================================
 Summary
 Total findings : 1
 Errors         : 0
 Warnings       : 1

 Breakdown by detector:
   unchecked_increment       1
========================================
