========================================
 CWE-190 Integer Overflow Risk Detector
 Source  : /Users/afiaasante/Security-Code-Smells/linux/net/netfilter/nft_xfrm.c
 Report  : /Users/afiaasante/Security-Code-Smells/results/net_scan/SCS006/netfilter__nft_xfrm.c/nft_xfrm_report_20260417_174257.txt
 Findings: /Users/afiaasante/Security-Code-Smells/results/net_scan/SCS006/netfilter__nft_xfrm.c/nft_xfrm_findings_20260417_174257.json
 Date    : Fri Apr 17 17:42:57 EDT 2026
========================================

=== Stage 1: srcml ===

real	0m0.027s
user	0m0.020s
sys	0m0.004s

=== Stage 2: srcslice ===
Writing to :: /Users/afiaasante/Security-Code-Smells/linux/net/netfilter/nft_xfrm.c.json
Output Saved to :: /Users/afiaasante/Security-Code-Smells/linux/net/netfilter/nft_xfrm.c.json

real	0m0.187s
user	0m0.046s
sys	0m0.004s

=== Stage 3: srcattributor ===

real	0m0.171s
user	0m0.162s
sys	0m0.005s

=== Detector 1: unchecked_multiply ===
    input  : /Users/afiaasante/Security-Code-Smells/linux/net/netfilter/nft_xfrm.c.xml
    output : /tmp/cwe190_findings_rtrk67

    query  : FIND $T $FUNC($PARAMS) {} CONTAINS $TYPE $RESULT = $A * $B
    note   : destructor/constructor blocks covered by XPath fallback


real	0m0.017s
user	0m0.010s
sys	0m0.005s


--- Stage 2: XPath destructor/constructor fallback ---
    no unguarded destructor/constructor multiply found

[ unchecked_multiply ] 0 finding(s) written to /tmp/cwe190_findings_rtrk67
=== Detector 2: unchecked_add ===
    input  : /Users/afiaasante/Security-Code-Smells/linux/net/netfilter/nft_xfrm.c.xml
    output : /tmp/cwe190_findings_rtrk67

    query  : FIND $T $FUNC($PARAMS) {} CONTAINS $TYPE $RESULT = $A + $B
    note   : destructor/constructor blocks covered by XPath fallback


real	0m0.015s
user	0m0.010s
sys	0m0.004s


--- Stage 2: XPath destructor/constructor fallback ---
    no unguarded destructor/constructor addition found

[ unchecked_add ] 0 finding(s) written to /tmp/cwe190_findings_rtrk67
=== Detector 3: unchecked_increment ===
    input  : /Users/afiaasante/Security-Code-Smells/linux/net/netfilter/nft_xfrm.c.xml
    output : /tmp/cwe190_findings_rtrk67

    strategy : XPath on srcML XML -- ancestor-scoped guard check

--- extracting finding via XPath ---
    function : nft_xfrm_get_eval_out
    position : 184:60

    no taint source -- warning/smell
    finding: /Users/afiaasante/Security-Code-Smells/linux/net/netfilter/nft_xfrm.c:184:60 -- nft_xfrm_get_eval_out() increments without MAX guard

[ unchecked_increment ] 1 finding(s) written to /tmp/cwe190_findings_rtrk67
========================================
 Findings JSON
========================================
{
  "detector": "unchecked_increment",
  "severity": "warning",
  "classification": "smell",
  "rule": "integerOverflow",
  "file": "/Users/afiaasante/Security-Code-Smells/linux/net/netfilter/nft_xfrm.c",
  "line": 184,
  "col": 60,
  "varname": "nft_xfrm_get_eval_out",
  "note": {
    "line": 184,
    "col": 60,
    "message": "increment (++) in nft_xfrm_get_eval_out() -- no upper-bound guard (INT_MAX check)"
  }
}

========================================
 Summary
 Total findings : 1
 Errors         : 0
 Warnings       : 1

 Breakdown by detector:
   unchecked_increment       1
========================================
