========================================
 CWE-195 Signed-to-Unsigned Conversion Detector
 Source  : /Users/afiaasante/Security-Code-Smells/linux/net/sctp/protocol.c
 Report  : /Users/afiaasante/Security-Code-Smells/results/net_scan/SCS007/sctp__protocol.c/protocol_report_20260417_180538.txt
 Findings: /Users/afiaasante/Security-Code-Smells/results/net_scan/SCS007/sctp__protocol.c/protocol_findings_20260417_180538.json
 Date    : Fri Apr 17 18:05:38 EDT 2026
========================================

=== Stage 1: srcml ===

real	0m0.113s
user	0m0.096s
sys	0m0.007s

=== Stage 2: srcslice ===
Writing to :: /Users/afiaasante/Security-Code-Smells/linux/net/sctp/protocol.c.json
Output Saved to :: /Users/afiaasante/Security-Code-Smells/linux/net/sctp/protocol.c.json

real	0m0.383s
user	0m0.191s
sys	0m0.009s

=== Stage 3: srcattributor ===

real	0m4.495s
user	0m3.278s
sys	0m0.052s

=== Detector 1: signed_malloc ===
    input  : /Users/afiaasante/Security-Code-Smells/linux/net/sctp/protocol.c.xml
    output : /tmp/cwe195_findings_pmByN2

    query  : FIND $T $FUNC($PARAMS) {} CONTAINS malloc($A)
    note   : destructor/constructor blocks covered by XPath fallback


real	0m0.052s
user	0m0.032s
sys	0m0.006s


--- Stage 2: XPath destructor/constructor fallback ---
    no unguarded destructor/constructor malloc found

[ signed_malloc ] 0 finding(s) written to /tmp/cwe195_findings_pmByN2
=== Detector 2: signed_memcpy ===
    input  : /Users/afiaasante/Security-Code-Smells/linux/net/sctp/protocol.c.xml
    output : /tmp/cwe195_findings_pmByN2

    query  : FIND $T $FUNC($PARAMS) {} CONTAINS memcpy($A, $B, $C)

real	0m0.042s
user	0m0.031s
sys	0m0.005s

--- Stage 1 (memcpy): checking srcQL result for positivity guard in <condition> ---
    no taint source -- warning/smell
    finding: /Users/afiaasante/Security-Code-Smells/linux/net/sctp/protocol.c:459:17 -- sctp_v4_get_dst() memcpy without positivity guard
    query  : FIND $T $FUNC($PARAMS) {} CONTAINS memmove($A, $B, $C)

real	0m0.045s
user	0m0.031s
sys	0m0.006s


--- Stage 2: XPath destructor/constructor fallback ---

[ signed_memcpy ] 1 finding(s) written to /tmp/cwe195_findings_pmByN2
=== Detector 3: signed_strncpy ===
    input  : /Users/afiaasante/Security-Code-Smells/linux/net/sctp/protocol.c.xml
    output : /tmp/cwe195_findings_pmByN2

    query  : FIND $T $FUNC($PARAMS) {} CONTAINS strncpy($A, $B, $C)
    note   : destructor/constructor blocks covered by XPath fallback


real	0m0.042s
user	0m0.030s
sys	0m0.005s


--- Stage 2: XPath destructor/constructor fallback ---
    no unguarded destructor/constructor strncpy found

[ signed_strncpy ] 0 finding(s) written to /tmp/cwe195_findings_pmByN2
========================================
 Findings JSON
========================================
{
  "detector": "signed_memcpy",
  "severity": "warning",
  "classification": "smell",
  "rule": "signedUnsignedConversion",
  "file": "/Users/afiaasante/Security-Code-Smells/linux/net/sctp/protocol.c",
  "line": 459,
  "col": 17,
  "varname": "sctp_v4_get_dst",
  "note": {
    "line": 459,
    "col": 17,
    "message": "memcpy() in sctp_v4_get_dst() -- signed int passed as byte count with no positivity guard (data > 0)"
  }
}

========================================
 Summary
 Total findings : 1
 Errors         : 0
 Warnings       : 1

 Breakdown by detector:
   signed_memcpy             1
========================================
