========================================
 CWE-190 Integer Overflow Risk Detector
 Source  : /Users/afiaasante/Security-Code-Smells/linux/net/vmw_vsock/vmci_transport_notify_qstate.c
 Report  : /Users/afiaasante/Security-Code-Smells/results/net_scan/SCS006/vmw_vsock__vmci_transport_notify_qstate.c/vmci_transport_notify_qstate_report_20260417_174631.txt
 Findings: /Users/afiaasante/Security-Code-Smells/results/net_scan/SCS006/vmw_vsock__vmci_transport_notify_qstate.c/vmci_transport_notify_qstate_findings_20260417_174631.json
 Date    : Fri Apr 17 17:46:31 EDT 2026
========================================

=== Stage 1: srcml ===

real	0m0.029s
user	0m0.023s
sys	0m0.004s

=== Stage 2: srcslice ===
Writing to :: /Users/afiaasante/Security-Code-Smells/linux/net/vmw_vsock/vmci_transport_notify_qstate.c.json
Output Saved to :: /Users/afiaasante/Security-Code-Smells/linux/net/vmw_vsock/vmci_transport_notify_qstate.c.json

real	0m0.186s
user	0m0.054s
sys	0m0.004s

=== Stage 3: srcattributor ===

real	0m0.223s
user	0m0.212s
sys	0m0.006s

=== Detector 1: unchecked_multiply ===
    input  : /Users/afiaasante/Security-Code-Smells/linux/net/vmw_vsock/vmci_transport_notify_qstate.c.xml
    output : /tmp/cwe190_findings_S7u8dK

    query  : FIND $T $FUNC($PARAMS) {} CONTAINS $TYPE $RESULT = $A * $B
    note   : destructor/constructor blocks covered by XPath fallback


real	0m0.020s
user	0m0.012s
sys	0m0.005s


--- Stage 2: XPath destructor/constructor fallback ---
    no unguarded destructor/constructor multiply found

[ unchecked_multiply ] 0 finding(s) written to /tmp/cwe190_findings_S7u8dK
=== Detector 2: unchecked_add ===
    input  : /Users/afiaasante/Security-Code-Smells/linux/net/vmw_vsock/vmci_transport_notify_qstate.c.xml
    output : /tmp/cwe190_findings_S7u8dK

    query  : FIND $T $FUNC($PARAMS) {} CONTAINS $TYPE $RESULT = $A + $B
    note   : destructor/constructor blocks covered by XPath fallback


real	0m0.020s
user	0m0.012s
sys	0m0.005s


--- Stage 2: XPath destructor/constructor fallback ---
    no unguarded destructor/constructor addition found

[ unchecked_add ] 0 finding(s) written to /tmp/cwe190_findings_S7u8dK
=== Detector 3: unchecked_increment ===
    input  : /Users/afiaasante/Security-Code-Smells/linux/net/vmw_vsock/vmci_transport_notify_qstate.c.xml
    output : /tmp/cwe190_findings_S7u8dK

    strategy : XPath on srcML XML -- ancestor-scoped guard check

--- extracting finding via XPath ---
    function : vmci_transport_send_read_notification
    position : 127:32

    no taint source -- warning/smell
    finding: /Users/afiaasante/Security-Code-Smells/linux/net/vmw_vsock/vmci_transport_notify_qstate.c:127:32 -- vmci_transport_send_read_notification() increments without MAX guard

[ unchecked_increment ] 1 finding(s) written to /tmp/cwe190_findings_S7u8dK
========================================
 Findings JSON
========================================
{
  "detector": "unchecked_increment",
  "severity": "warning",
  "classification": "smell",
  "rule": "integerOverflow",
  "file": "/Users/afiaasante/Security-Code-Smells/linux/net/vmw_vsock/vmci_transport_notify_qstate.c",
  "line": 127,
  "col": 32,
  "varname": "vmci_transport_send_read_notification",
  "note": {
    "line": 127,
    "col": 32,
    "message": "increment (++) in vmci_transport_send_read_notification() -- no upper-bound guard (INT_MAX check)"
  }
}

========================================
 Summary
 Total findings : 1
 Errors         : 0
 Warnings       : 1

 Breakdown by detector:
   unchecked_increment       1
========================================
