========================================
 CWE-190 Integer Overflow Risk Detector
 Source  : /Users/afiaasante/Security-Code-Smells/linux/net/rxrpc/input.c
 Report  : /Users/afiaasante/Security-Code-Smells/results/net_scan/SCS006/rxrpc__input.c/input_report_20260417_174355.txt
 Findings: /Users/afiaasante/Security-Code-Smells/results/net_scan/SCS006/rxrpc__input.c/input_findings_20260417_174355.json
 Date    : Fri Apr 17 17:43:55 EDT 2026
========================================

=== Stage 1: srcml ===

real	0m0.080s
user	0m0.071s
sys	0m0.006s

=== Stage 2: srcslice ===
Writing to :: /Users/afiaasante/Security-Code-Smells/linux/net/rxrpc/input.c.json
Output Saved to :: /Users/afiaasante/Security-Code-Smells/linux/net/rxrpc/input.c.json

real	0m0.305s
user	0m0.159s
sys	0m0.007s

=== Stage 3: srcattributor ===

real	0m3.454s
user	0m3.310s
sys	0m0.034s

=== Detector 1: unchecked_multiply ===
    input  : /Users/afiaasante/Security-Code-Smells/linux/net/rxrpc/input.c.xml
    output : /tmp/cwe190_findings_4n2gHO

    query  : FIND $T $FUNC($PARAMS) {} CONTAINS $TYPE $RESULT = $A * $B
    note   : destructor/constructor blocks covered by XPath fallback


real	0m0.036s
user	0m0.027s
sys	0m0.006s


--- Stage 2: XPath destructor/constructor fallback ---
    no unguarded destructor/constructor multiply found

[ unchecked_multiply ] 0 finding(s) written to /tmp/cwe190_findings_4n2gHO
=== Detector 2: unchecked_add ===
    input  : /Users/afiaasante/Security-Code-Smells/linux/net/rxrpc/input.c.xml
    output : /tmp/cwe190_findings_4n2gHO

    query  : FIND $T $FUNC($PARAMS) {} CONTAINS $TYPE $RESULT = $A + $B
    note   : destructor/constructor blocks covered by XPath fallback


real	0m0.036s
user	0m0.026s
sys	0m0.006s

--- Stage 1: checking srcQL result for MAX guard in <condition> ---
    no taint source -- warning/smell
    finding: /Users/afiaasante/Security-Code-Smells/linux/net/rxrpc/input.c:224:43 -- rxrpc_rotate_tx_window() adds without MAX guard

--- Stage 2: XPath destructor/constructor fallback ---
    no unguarded destructor/constructor addition found

[ unchecked_add ] 1 finding(s) written to /tmp/cwe190_findings_4n2gHO
=== Detector 3: unchecked_increment ===
    input  : /Users/afiaasante/Security-Code-Smells/linux/net/rxrpc/input.c.xml
    output : /tmp/cwe190_findings_4n2gHO

    strategy : XPath on srcML XML -- ancestor-scoped guard check

--- extracting finding via XPath ---
    function : rxrpc_congestion_management
    position : 83:40

    no taint source -- warning/smell
    finding: /Users/afiaasante/Security-Code-Smells/linux/net/rxrpc/input.c:83:40 -- rxrpc_congestion_management() increments without MAX guard

[ unchecked_increment ] 1 finding(s) written to /tmp/cwe190_findings_4n2gHO
========================================
 Findings JSON
========================================
{
  "detector": "unchecked_add",
  "severity": "warning",
  "classification": "smell",
  "rule": "integerOverflow",
  "file": "/Users/afiaasante/Security-Code-Smells/linux/net/rxrpc/input.c",
  "line": 224,
  "col": 43,
  "varname": "rxrpc_rotate_tx_window",
  "note": {
    "line": 224,
    "col": 43,
    "message": "addition in rxrpc_rotate_tx_window() -- no upper-bound guard before adding"
  }
}
{
  "detector": "unchecked_increment",
  "severity": "warning",
  "classification": "smell",
  "rule": "integerOverflow",
  "file": "/Users/afiaasante/Security-Code-Smells/linux/net/rxrpc/input.c",
  "line": 83,
  "col": 40,
  "varname": "rxrpc_congestion_management",
  "note": {
    "line": 83,
    "col": 40,
    "message": "increment (++) in rxrpc_congestion_management() -- no upper-bound guard (INT_MAX check)"
  }
}

========================================
 Summary
 Total findings : 2
 Errors         : 0
 Warnings       : 2

 Breakdown by detector:
   unchecked_add             1
   unchecked_increment       1
========================================
