========================================
 CWE-190 Integer Overflow Risk Detector
 Source  : /Users/afiaasante/Security-Code-Smells/linux/net/phonet/pep-gprs.c
 Report  : /Users/afiaasante/Security-Code-Smells/results/net_scan/SCS006/phonet__pep-gprs.c/pep-gprs_report_20260417_174332.txt
 Findings: /Users/afiaasante/Security-Code-Smells/results/net_scan/SCS006/phonet__pep-gprs.c/pep-gprs_findings_20260417_174332.json
 Date    : Fri Apr 17 17:43:32 EDT 2026
========================================

=== Stage 1: srcml ===

real	0m0.025s
user	0m0.020s
sys	0m0.004s

=== Stage 2: srcslice ===
Writing to :: /Users/afiaasante/Security-Code-Smells/linux/net/phonet/pep-gprs.c.json
Output Saved to :: /Users/afiaasante/Security-Code-Smells/linux/net/phonet/pep-gprs.c.json

real	0m0.182s
user	0m0.047s
sys	0m0.004s

=== Stage 3: srcattributor ===

real	0m0.179s
user	0m0.163s
sys	0m0.008s

=== Detector 1: unchecked_multiply ===
    input  : /Users/afiaasante/Security-Code-Smells/linux/net/phonet/pep-gprs.c.xml
    output : /tmp/cwe190_findings_1dHBsi

    query  : FIND $T $FUNC($PARAMS) {} CONTAINS $TYPE $RESULT = $A * $B
    note   : destructor/constructor blocks covered by XPath fallback


real	0m0.018s
user	0m0.010s
sys	0m0.004s


--- Stage 2: XPath destructor/constructor fallback ---
    no unguarded destructor/constructor multiply found

[ unchecked_multiply ] 0 finding(s) written to /tmp/cwe190_findings_1dHBsi
=== Detector 2: unchecked_add ===
    input  : /Users/afiaasante/Security-Code-Smells/linux/net/phonet/pep-gprs.c.xml
    output : /tmp/cwe190_findings_1dHBsi

    query  : FIND $T $FUNC($PARAMS) {} CONTAINS $TYPE $RESULT = $A + $B
    note   : destructor/constructor blocks covered by XPath fallback


real	0m0.017s
user	0m0.010s
sys	0m0.004s


--- Stage 2: XPath destructor/constructor fallback ---
    no unguarded destructor/constructor addition found

[ unchecked_add ] 0 finding(s) written to /tmp/cwe190_findings_1dHBsi
=== Detector 3: unchecked_increment ===
    input  : /Users/afiaasante/Security-Code-Smells/linux/net/phonet/pep-gprs.c.xml
    output : /tmp/cwe190_findings_1dHBsi

    strategy : XPath on srcML XML -- ancestor-scoped guard check

--- extracting finding via XPath ---
    function : gprs_recv
    position : 123:38

    no taint source -- warning/smell
    finding: /Users/afiaasante/Security-Code-Smells/linux/net/phonet/pep-gprs.c:123:38 -- gprs_recv() increments without MAX guard

[ unchecked_increment ] 1 finding(s) written to /tmp/cwe190_findings_1dHBsi
========================================
 Findings JSON
========================================
{
  "detector": "unchecked_increment",
  "severity": "warning",
  "classification": "smell",
  "rule": "integerOverflow",
  "file": "/Users/afiaasante/Security-Code-Smells/linux/net/phonet/pep-gprs.c",
  "line": 123,
  "col": 38,
  "varname": "gprs_recv",
  "note": {
    "line": 123,
    "col": 38,
    "message": "increment (++) in gprs_recv() -- no upper-bound guard (INT_MAX check)"
  }
}

========================================
 Summary
 Total findings : 1
 Errors         : 0
 Warnings       : 1

 Breakdown by detector:
   unchecked_increment       1
========================================
