========================================
 CWE-190 Integer Overflow Risk Detector
 Source  : /Users/afiaasante/Security-Code-Smells/linux/net/caif/cfcnfg.c
 Report  : /Users/afiaasante/Security-Code-Smells/results/net_scan/SCS006/caif__cfcnfg.c/cfcnfg_report_20260417_173611.txt
 Findings: /Users/afiaasante/Security-Code-Smells/results/net_scan/SCS006/caif__cfcnfg.c/cfcnfg_findings_20260417_173611.json
 Date    : Fri Apr 17 17:36:11 EDT 2026
========================================

=== Stage 1: srcml ===

real	0m0.048s
user	0m0.029s
sys	0m0.004s

=== Stage 2: srcslice ===
Writing to :: /Users/afiaasante/Security-Code-Smells/linux/net/caif/cfcnfg.c.json
Output Saved to :: /Users/afiaasante/Security-Code-Smells/linux/net/caif/cfcnfg.c.json

real	0m0.191s
user	0m0.057s
sys	0m0.005s

=== Stage 3: srcattributor ===

real	0m0.570s
user	0m0.509s
sys	0m0.011s

=== Detector 1: unchecked_multiply ===
    input  : /Users/afiaasante/Security-Code-Smells/linux/net/caif/cfcnfg.c.xml
    output : /tmp/cwe190_findings_I3x5KE

    query  : FIND $T $FUNC($PARAMS) {} CONTAINS $TYPE $RESULT = $A * $B
    note   : destructor/constructor blocks covered by XPath fallback


real	0m0.015s
user	0m0.010s
sys	0m0.004s


--- Stage 2: XPath destructor/constructor fallback ---
    no unguarded destructor/constructor multiply found

[ unchecked_multiply ] 0 finding(s) written to /tmp/cwe190_findings_I3x5KE
=== Detector 2: unchecked_add ===
    input  : /Users/afiaasante/Security-Code-Smells/linux/net/caif/cfcnfg.c.xml
    output : /tmp/cwe190_findings_I3x5KE

    query  : FIND $T $FUNC($PARAMS) {} CONTAINS $TYPE $RESULT = $A + $B
    note   : destructor/constructor blocks covered by XPath fallback


real	0m0.018s
user	0m0.010s
sys	0m0.004s


--- Stage 2: XPath destructor/constructor fallback ---
    no unguarded destructor/constructor addition found

[ unchecked_add ] 0 finding(s) written to /tmp/cwe190_findings_I3x5KE
=== Detector 3: unchecked_increment ===
    input  : /Users/afiaasante/Security-Code-Smells/linux/net/caif/cfcnfg.c.xml
    output : /tmp/cwe190_findings_I3x5KE

    strategy : XPath on srcML XML -- ancestor-scoped guard check

--- extracting finding via XPath ---
    function : cfcnfg_add_phy_layer
    position : 468:29

    no taint source -- warning/smell
    finding: /Users/afiaasante/Security-Code-Smells/linux/net/caif/cfcnfg.c:468:29 -- cfcnfg_add_phy_layer() increments without MAX guard

[ unchecked_increment ] 1 finding(s) written to /tmp/cwe190_findings_I3x5KE
========================================
 Findings JSON
========================================
{
  "detector": "unchecked_increment",
  "severity": "warning",
  "classification": "smell",
  "rule": "integerOverflow",
  "file": "/Users/afiaasante/Security-Code-Smells/linux/net/caif/cfcnfg.c",
  "line": 468,
  "col": 29,
  "varname": "cfcnfg_add_phy_layer",
  "note": {
    "line": 468,
    "col": 29,
    "message": "increment (++) in cfcnfg_add_phy_layer() -- no upper-bound guard (INT_MAX check)"
  }
}

========================================
 Summary
 Total findings : 1
 Errors         : 0
 Warnings       : 1

 Breakdown by detector:
   unchecked_increment       1
========================================
