========================================
 CWE-195 Signed-to-Unsigned Conversion Detector
 Source  : /Users/afiaasante/Security-Code-Smells/linux/net/packet/af_packet.c
 Report  : /Users/afiaasante/Security-Code-Smells/results/net_scan/SCS007/packet__af_packet.c/af_packet_report_20260417_180400.txt
 Findings: /Users/afiaasante/Security-Code-Smells/results/net_scan/SCS007/packet__af_packet.c/af_packet_findings_20260417_180400.json
 Date    : Fri Apr 17 18:04:00 EDT 2026
========================================

=== Stage 1: srcml ===

real	0m0.382s
user	0m0.297s
sys	0m0.014s

=== Stage 2: srcslice ===
Writing to :: /Users/afiaasante/Security-Code-Smells/linux/net/packet/af_packet.c.json
Output Saved to :: /Users/afiaasante/Security-Code-Smells/linux/net/packet/af_packet.c.json

real	0m0.922s
user	0m0.598s
sys	0m0.021s

=== Stage 3: srcattributor ===

real	0m54.161s
user	0m49.224s
sys	0m0.607s

=== Detector 1: signed_malloc ===
    input  : /Users/afiaasante/Security-Code-Smells/linux/net/packet/af_packet.c.xml
    output : /tmp/cwe195_findings_24LB0j

    query  : FIND $T $FUNC($PARAMS) {} CONTAINS malloc($A)
    note   : destructor/constructor blocks covered by XPath fallback


real	0m0.099s
user	0m0.081s
sys	0m0.011s


--- Stage 2: XPath destructor/constructor fallback ---
    no unguarded destructor/constructor malloc found

[ signed_malloc ] 0 finding(s) written to /tmp/cwe195_findings_24LB0j
=== Detector 2: signed_memcpy ===
    input  : /Users/afiaasante/Security-Code-Smells/linux/net/packet/af_packet.c.xml
    output : /tmp/cwe195_findings_24LB0j

    query  : FIND $T $FUNC($PARAMS) {} CONTAINS memcpy($A, $B, $C)

real	0m0.104s
user	0m0.085s
sys	0m0.012s

--- Stage 1 (memcpy): checking srcQL result for positivity guard in <condition> ---
    guarded -- > operator found in condition, no finding
    query  : FIND $T $FUNC($PARAMS) {} CONTAINS memmove($A, $B, $C)

real	0m0.104s
user	0m0.082s
sys	0m0.011s


--- Stage 2: XPath destructor/constructor fallback ---
    no unguarded destructor/constructor memcpy/memmove found

[ signed_memcpy ] 0 finding(s) written to /tmp/cwe195_findings_24LB0j
=== Detector 3: signed_strncpy ===
    input  : /Users/afiaasante/Security-Code-Smells/linux/net/packet/af_packet.c.xml
    output : /tmp/cwe195_findings_24LB0j

    query  : FIND $T $FUNC($PARAMS) {} CONTAINS strncpy($A, $B, $C)
    note   : destructor/constructor blocks covered by XPath fallback


real	0m0.103s
user	0m0.083s
sys	0m0.010s


--- Stage 2: XPath destructor/constructor fallback ---
    no unguarded destructor/constructor strncpy found

[ signed_strncpy ] 0 finding(s) written to /tmp/cwe195_findings_24LB0j
========================================
 Findings JSON
========================================

========================================
 Summary
 Total findings : 0
 Errors         : 0
 Warnings       : 0
========================================
