========================================
 CWE-195 Signed-to-Unsigned Conversion Detector
 Source  : /Users/afiaasante/Security-Code-Smells/linux/net/can/raw.c
 Report  : /Users/afiaasante/Security-Code-Smells/results/net_scan/SCS007/can__raw.c/raw_report_20260417_175358.txt
 Findings: /Users/afiaasante/Security-Code-Smells/results/net_scan/SCS007/can__raw.c/raw_findings_20260417_175358.json
 Date    : Fri Apr 17 17:53:58 EDT 2026
========================================

=== Stage 1: srcml ===

real	0m0.090s
user	0m0.071s
sys	0m0.006s

=== Stage 2: srcslice ===
Writing to :: /Users/afiaasante/Security-Code-Smells/linux/net/can/raw.c.json
Output Saved to :: /Users/afiaasante/Security-Code-Smells/linux/net/can/raw.c.json

real	0m0.258s
user	0m0.143s
sys	0m0.006s

=== Stage 3: srcattributor ===

real	0m3.166s
user	0m2.529s
sys	0m0.035s

=== Detector 1: signed_malloc ===
    input  : /Users/afiaasante/Security-Code-Smells/linux/net/can/raw.c.xml
    output : /tmp/cwe195_findings_uue28a

    query  : FIND $T $FUNC($PARAMS) {} CONTAINS malloc($A)
    note   : destructor/constructor blocks covered by XPath fallback


real	0m0.041s
user	0m0.023s
sys	0m0.005s


--- Stage 2: XPath destructor/constructor fallback ---
    no unguarded destructor/constructor malloc found

[ signed_malloc ] 0 finding(s) written to /tmp/cwe195_findings_uue28a
=== Detector 2: signed_memcpy ===
    input  : /Users/afiaasante/Security-Code-Smells/linux/net/can/raw.c.xml
    output : /tmp/cwe195_findings_uue28a

    query  : FIND $T $FUNC($PARAMS) {} CONTAINS memcpy($A, $B, $C)

real	0m0.031s
user	0m0.023s
sys	0m0.005s

--- Stage 1 (memcpy): checking srcQL result for positivity guard in <condition> ---
    no taint source -- warning/smell
    finding: /Users/afiaasante/Security-Code-Smells/linux/net/can/raw.c:1048:17 -- raw_recvmsg() memcpy without positivity guard
    query  : FIND $T $FUNC($PARAMS) {} CONTAINS memmove($A, $B, $C)

real	0m0.034s
user	0m0.024s
sys	0m0.005s


--- Stage 2: XPath destructor/constructor fallback ---

[ signed_memcpy ] 1 finding(s) written to /tmp/cwe195_findings_uue28a
=== Detector 3: signed_strncpy ===
    input  : /Users/afiaasante/Security-Code-Smells/linux/net/can/raw.c.xml
    output : /tmp/cwe195_findings_uue28a

    query  : FIND $T $FUNC($PARAMS) {} CONTAINS strncpy($A, $B, $C)
    note   : destructor/constructor blocks covered by XPath fallback


real	0m0.032s
user	0m0.024s
sys	0m0.005s


--- Stage 2: XPath destructor/constructor fallback ---
    no unguarded destructor/constructor strncpy found

[ signed_strncpy ] 0 finding(s) written to /tmp/cwe195_findings_uue28a
========================================
 Findings JSON
========================================
{
  "detector": "signed_memcpy",
  "severity": "warning",
  "classification": "smell",
  "rule": "signedUnsignedConversion",
  "file": "/Users/afiaasante/Security-Code-Smells/linux/net/can/raw.c",
  "line": 1048,
  "col": 17,
  "varname": "raw_recvmsg",
  "note": {
    "line": 1048,
    "col": 17,
    "message": "memcpy() in raw_recvmsg() -- signed int passed as byte count with no positivity guard (data > 0)"
  }
}

========================================
 Summary
 Total findings : 1
 Errors         : 0
 Warnings       : 1

 Breakdown by detector:
   signed_memcpy             1
========================================
