========================================
 CWE-195 Signed-to-Unsigned Conversion Detector
 Source  : /Users/afiaasante/Security-Code-Smells/linux/net/xfrm/xfrm_input.c
 Report  : /Users/afiaasante/Security-Code-Smells/results/net_scan/SCS007/xfrm__xfrm_input.c/xfrm_input_report_20260417_180830.txt
 Findings: /Users/afiaasante/Security-Code-Smells/results/net_scan/SCS007/xfrm__xfrm_input.c/xfrm_input_findings_20260417_180830.json
 Date    : Fri Apr 17 18:08:30 EDT 2026
========================================

=== Stage 1: srcml ===

real	0m0.069s
user	0m0.057s
sys	0m0.006s

=== Stage 2: srcslice ===
Writing to :: /Users/afiaasante/Security-Code-Smells/linux/net/xfrm/xfrm_input.c.json
Output Saved to :: /Users/afiaasante/Security-Code-Smells/linux/net/xfrm/xfrm_input.c.json

real	0m0.256s
user	0m0.130s
sys	0m0.006s

=== Stage 3: srcattributor ===

real	0m1.702s
user	0m1.617s
sys	0m0.021s

=== Detector 1: signed_malloc ===
    input  : /Users/afiaasante/Security-Code-Smells/linux/net/xfrm/xfrm_input.c.xml
    output : /tmp/cwe195_findings_sRyj9o

    query  : FIND $T $FUNC($PARAMS) {} CONTAINS malloc($A)
    note   : destructor/constructor blocks covered by XPath fallback


real	0m0.025s
user	0m0.020s
sys	0m0.004s


--- Stage 2: XPath destructor/constructor fallback ---
    no unguarded destructor/constructor malloc found

[ signed_malloc ] 0 finding(s) written to /tmp/cwe195_findings_sRyj9o
=== Detector 2: signed_memcpy ===
    input  : /Users/afiaasante/Security-Code-Smells/linux/net/xfrm/xfrm_input.c.xml
    output : /tmp/cwe195_findings_sRyj9o

    query  : FIND $T $FUNC($PARAMS) {} CONTAINS memcpy($A, $B, $C)

real	0m0.028s
user	0m0.020s
sys	0m0.005s

    query  : FIND $T $FUNC($PARAMS) {} CONTAINS memmove($A, $B, $C)

real	0m0.028s
user	0m0.021s
sys	0m0.005s

--- Stage 1 (memmove): checking srcQL result for positivity guard in <condition> ---
    no taint source -- warning/smell
    finding: /Users/afiaasante/Security-Code-Smells/linux/net/xfrm/xfrm_input.c:399:17 -- xfrm4_transport_input() memmove without positivity guard

--- Stage 2: XPath destructor/constructor fallback ---

[ signed_memcpy ] 1 finding(s) written to /tmp/cwe195_findings_sRyj9o
=== Detector 3: signed_strncpy ===
    input  : /Users/afiaasante/Security-Code-Smells/linux/net/xfrm/xfrm_input.c.xml
    output : /tmp/cwe195_findings_sRyj9o

    query  : FIND $T $FUNC($PARAMS) {} CONTAINS strncpy($A, $B, $C)
    note   : destructor/constructor blocks covered by XPath fallback


real	0m0.029s
user	0m0.021s
sys	0m0.005s


--- Stage 2: XPath destructor/constructor fallback ---
    no unguarded destructor/constructor strncpy found

[ signed_strncpy ] 0 finding(s) written to /tmp/cwe195_findings_sRyj9o
========================================
 Findings JSON
========================================
{
  "detector": "signed_memcpy",
  "severity": "warning",
  "classification": "smell",
  "rule": "signedUnsignedConversion",
  "file": "/Users/afiaasante/Security-Code-Smells/linux/net/xfrm/xfrm_input.c",
  "line": 399,
  "col": 17,
  "varname": "xfrm4_transport_input",
  "note": {
    "line": 399,
    "col": 17,
    "message": "memmove() in xfrm4_transport_input() -- signed int passed as byte count with no positivity guard (data > 0)"
  }
}

========================================
 Summary
 Total findings : 1
 Errors         : 0
 Warnings       : 1

 Breakdown by detector:
   signed_memcpy             1
========================================
