========================================
 CWE-195 Signed-to-Unsigned Conversion Detector
 Source  : /Users/afiaasante/Security-Code-Smells/linux/net/sunrpc/auth_gss/gss_krb5_wrap.c
 Report  : /Users/afiaasante/Security-Code-Smells/results/net_scan/SCS007/sunrpc__auth_gss__gss_krb5_wrap.c/gss_krb5_wrap_report_20260417_180622.txt
 Findings: /Users/afiaasante/Security-Code-Smells/results/net_scan/SCS007/sunrpc__auth_gss__gss_krb5_wrap.c/gss_krb5_wrap_findings_20260417_180622.json
 Date    : Fri Apr 17 18:06:22 EDT 2026
========================================

=== Stage 1: srcml ===

real	0m0.120s
user	0m0.023s
sys	0m0.008s

=== Stage 2: srcslice ===
Writing to :: /Users/afiaasante/Security-Code-Smells/linux/net/sunrpc/auth_gss/gss_krb5_wrap.c.json
Output Saved to :: /Users/afiaasante/Security-Code-Smells/linux/net/sunrpc/auth_gss/gss_krb5_wrap.c.json

real	0m0.270s
user	0m0.049s
sys	0m0.006s

=== Stage 3: srcattributor ===

real	0m0.473s
user	0m0.135s
sys	0m0.009s

=== Detector 1: signed_malloc ===
    input  : /Users/afiaasante/Security-Code-Smells/linux/net/sunrpc/auth_gss/gss_krb5_wrap.c.xml
    output : /tmp/cwe195_findings_j9EyCH

    query  : FIND $T $FUNC($PARAMS) {} CONTAINS malloc($A)
    note   : destructor/constructor blocks covered by XPath fallback


real	0m0.047s
user	0m0.011s
sys	0m0.006s


--- Stage 2: XPath destructor/constructor fallback ---
    no unguarded destructor/constructor malloc found

[ signed_malloc ] 0 finding(s) written to /tmp/cwe195_findings_j9EyCH
=== Detector 2: signed_memcpy ===
    input  : /Users/afiaasante/Security-Code-Smells/linux/net/sunrpc/auth_gss/gss_krb5_wrap.c.xml
    output : /tmp/cwe195_findings_j9EyCH

    query  : FIND $T $FUNC($PARAMS) {} CONTAINS memcpy($A, $B, $C)

real	0m0.039s
user	0m0.011s
sys	0m0.006s

    query  : FIND $T $FUNC($PARAMS) {} CONTAINS memmove($A, $B, $C)

real	0m0.039s
user	0m0.012s
sys	0m0.006s

--- Stage 1 (memmove): checking srcQL result for positivity guard in <condition> ---
    guarded -- > operator found in condition, no finding

--- Stage 2: XPath destructor/constructor fallback ---
    no unguarded destructor/constructor memcpy/memmove found

[ signed_memcpy ] 0 finding(s) written to /tmp/cwe195_findings_j9EyCH
=== Detector 3: signed_strncpy ===
    input  : /Users/afiaasante/Security-Code-Smells/linux/net/sunrpc/auth_gss/gss_krb5_wrap.c.xml
    output : /tmp/cwe195_findings_j9EyCH

    query  : FIND $T $FUNC($PARAMS) {} CONTAINS strncpy($A, $B, $C)
    note   : destructor/constructor blocks covered by XPath fallback


real	0m0.048s
user	0m0.012s
sys	0m0.006s


--- Stage 2: XPath destructor/constructor fallback ---
    no unguarded destructor/constructor strncpy found

[ signed_strncpy ] 0 finding(s) written to /tmp/cwe195_findings_j9EyCH
========================================
 Findings JSON
========================================

========================================
 Summary
 Total findings : 0
 Errors         : 0
 Warnings       : 0
========================================
