========================================
 CWE-195 Signed-to-Unsigned Conversion Detector
 Source  : /Users/afiaasante/Security-Code-Smells/linux/net/core/rtnetlink.c
 Report  : /Users/afiaasante/Security-Code-Smells/results/net_scan/SCS007/core__rtnetlink.c/rtnetlink_report_20260417_175509.txt
 Findings: /Users/afiaasante/Security-Code-Smells/results/net_scan/SCS007/core__rtnetlink.c/rtnetlink_findings_20260417_175509.json
 Date    : Fri Apr 17 17:55:09 EDT 2026
========================================

=== Stage 1: srcml ===

real	0m0.518s
user	0m0.424s
sys	0m0.012s

=== Stage 2: srcslice ===
Writing to :: /Users/afiaasante/Security-Code-Smells/linux/net/core/rtnetlink.c.json
Output Saved to :: /Users/afiaasante/Security-Code-Smells/linux/net/core/rtnetlink.c.json

real	0m0.982s
user	0m0.814s
sys	0m0.016s

=== Stage 3: srcattributor ===

real	1m52.345s
user	1m45.253s
sys	0m0.921s

=== Detector 1: signed_malloc ===
    input  : /Users/afiaasante/Security-Code-Smells/linux/net/core/rtnetlink.c.xml
    output : /tmp/cwe195_findings_FOCVdh

    query  : FIND $T $FUNC($PARAMS) {} CONTAINS malloc($A)
    note   : destructor/constructor blocks covered by XPath fallback


real	0m0.146s
user	0m0.120s
sys	0m0.012s


--- Stage 2: XPath destructor/constructor fallback ---
    no unguarded destructor/constructor malloc found

[ signed_malloc ] 0 finding(s) written to /tmp/cwe195_findings_FOCVdh
=== Detector 2: signed_memcpy ===
    input  : /Users/afiaasante/Security-Code-Smells/linux/net/core/rtnetlink.c.xml
    output : /tmp/cwe195_findings_FOCVdh

    query  : FIND $T $FUNC($PARAMS) {} CONTAINS memcpy($A, $B, $C)

real	0m0.146s
user	0m0.124s
sys	0m0.013s

--- Stage 1 (memcpy): checking srcQL result for positivity guard in <condition> ---
    guarded -- > operator found in condition, no finding
    query  : FIND $T $FUNC($PARAMS) {} CONTAINS memmove($A, $B, $C)

real	0m0.156s
user	0m0.120s
sys	0m0.012s


--- Stage 2: XPath destructor/constructor fallback ---
    no unguarded destructor/constructor memcpy/memmove found

[ signed_memcpy ] 0 finding(s) written to /tmp/cwe195_findings_FOCVdh
=== Detector 3: signed_strncpy ===
    input  : /Users/afiaasante/Security-Code-Smells/linux/net/core/rtnetlink.c.xml
    output : /tmp/cwe195_findings_FOCVdh

    query  : FIND $T $FUNC($PARAMS) {} CONTAINS strncpy($A, $B, $C)
    note   : destructor/constructor blocks covered by XPath fallback


real	0m0.137s
user	0m0.118s
sys	0m0.013s


--- Stage 2: XPath destructor/constructor fallback ---
    no unguarded destructor/constructor strncpy found

[ signed_strncpy ] 0 finding(s) written to /tmp/cwe195_findings_FOCVdh
========================================
 Findings JSON
========================================

========================================
 Summary
 Total findings : 0
 Errors         : 0
 Warnings       : 0
========================================
