========================================
 CWE-195 Signed-to-Unsigned Conversion Detector
 Source  : /Users/afiaasante/Security-Code-Smells/linux/net/atm/clip.c
 Report  : /Users/afiaasante/Security-Code-Smells/results/net_scan/SCS007/atm__clip.c/clip_report_20260417_175228.txt
 Findings: /Users/afiaasante/Security-Code-Smells/results/net_scan/SCS007/atm__clip.c/clip_findings_20260417_175228.json
 Date    : Fri Apr 17 17:52:28 EDT 2026
========================================

=== Stage 1: srcml ===

real	0m0.043s
user	0m0.037s
sys	0m0.004s

=== Stage 2: srcslice ===
Writing to :: /Users/afiaasante/Security-Code-Smells/linux/net/atm/clip.c.json
Output Saved to :: /Users/afiaasante/Security-Code-Smells/linux/net/atm/clip.c.json

real	0m0.187s
user	0m0.071s
sys	0m0.003s

=== Stage 3: srcattributor ===

real	0m1.084s
user	0m1.054s
sys	0m0.011s

=== Detector 1: signed_malloc ===
    input  : /Users/afiaasante/Security-Code-Smells/linux/net/atm/clip.c.xml
    output : /tmp/cwe195_findings_AxYCJf

    query  : FIND $T $FUNC($PARAMS) {} CONTAINS malloc($A)
    note   : destructor/constructor blocks covered by XPath fallback


real	0m0.021s
user	0m0.016s
sys	0m0.003s


--- Stage 2: XPath destructor/constructor fallback ---
    no unguarded destructor/constructor malloc found

[ signed_malloc ] 0 finding(s) written to /tmp/cwe195_findings_AxYCJf
=== Detector 2: signed_memcpy ===
    input  : /Users/afiaasante/Security-Code-Smells/linux/net/atm/clip.c.xml
    output : /tmp/cwe195_findings_AxYCJf

    query  : FIND $T $FUNC($PARAMS) {} CONTAINS memcpy($A, $B, $C)

real	0m0.018s
user	0m0.012s
sys	0m0.003s

--- Stage 1 (memcpy): checking srcQL result for positivity guard in <condition> ---
    no taint source -- warning/smell
    finding: /Users/afiaasante/Security-Code-Smells/linux/net/atm/clip.c:393:17 -- clip_start_xmit() memcpy without positivity guard
    query  : FIND $T $FUNC($PARAMS) {} CONTAINS memmove($A, $B, $C)

real	0m0.017s
user	0m0.013s
sys	0m0.003s


--- Stage 2: XPath destructor/constructor fallback ---

[ signed_memcpy ] 1 finding(s) written to /tmp/cwe195_findings_AxYCJf
=== Detector 3: signed_strncpy ===
    input  : /Users/afiaasante/Security-Code-Smells/linux/net/atm/clip.c.xml
    output : /tmp/cwe195_findings_AxYCJf

    query  : FIND $T $FUNC($PARAMS) {} CONTAINS strncpy($A, $B, $C)
    note   : destructor/constructor blocks covered by XPath fallback


real	0m0.016s
user	0m0.012s
sys	0m0.003s


--- Stage 2: XPath destructor/constructor fallback ---
    no unguarded destructor/constructor strncpy found

[ signed_strncpy ] 0 finding(s) written to /tmp/cwe195_findings_AxYCJf
========================================
 Findings JSON
========================================
{
  "detector": "signed_memcpy",
  "severity": "warning",
  "classification": "smell",
  "rule": "signedUnsignedConversion",
  "file": "/Users/afiaasante/Security-Code-Smells/linux/net/atm/clip.c",
  "line": 393,
  "col": 17,
  "varname": "clip_start_xmit",
  "note": {
    "line": 393,
    "col": 17,
    "message": "memcpy() in clip_start_xmit() -- signed int passed as byte count with no positivity guard (data > 0)"
  }
}

========================================
 Summary
 Total findings : 1
 Errors         : 0
 Warnings       : 1

 Breakdown by detector:
   signed_memcpy             1
========================================
