========================================
 CWE-190 Integer Overflow Risk Detector
 Source  : /Users/afiaasante/Security-Code-Smells/linux/net/unix/sysctl_net_unix.c
 Report  : /Users/afiaasante/Security-Code-Smells/results/net_scan/SCS006/unix__sysctl_net_unix.c/sysctl_net_unix_report_20260417_174617.txt
 Findings: /Users/afiaasante/Security-Code-Smells/results/net_scan/SCS006/unix__sysctl_net_unix.c/sysctl_net_unix_findings_20260417_174617.json
 Date    : Fri Apr 17 17:46:17 EDT 2026
========================================

=== Stage 1: srcml ===

real	0m0.015s
user	0m0.009s
sys	0m0.004s

=== Stage 2: srcslice ===
Writing to :: /Users/afiaasante/Security-Code-Smells/linux/net/unix/sysctl_net_unix.c.json
Output Saved to :: /Users/afiaasante/Security-Code-Smells/linux/net/unix/sysctl_net_unix.c.json

real	0m0.188s
user	0m0.028s
sys	0m0.004s

=== Stage 3: srcattributor ===

real	0m0.020s
user	0m0.015s
sys	0m0.004s

=== Detector 1: unchecked_multiply ===
    input  : /Users/afiaasante/Security-Code-Smells/linux/net/unix/sysctl_net_unix.c.xml
    output : /tmp/cwe190_findings_p17wF7

    query  : FIND $T $FUNC($PARAMS) {} CONTAINS $TYPE $RESULT = $A * $B
    note   : destructor/constructor blocks covered by XPath fallback


real	0m0.013s
user	0m0.008s
sys	0m0.004s


--- Stage 2: XPath destructor/constructor fallback ---
    no unguarded destructor/constructor multiply found

[ unchecked_multiply ] 0 finding(s) written to /tmp/cwe190_findings_p17wF7
=== Detector 2: unchecked_add ===
    input  : /Users/afiaasante/Security-Code-Smells/linux/net/unix/sysctl_net_unix.c.xml
    output : /tmp/cwe190_findings_p17wF7

    query  : FIND $T $FUNC($PARAMS) {} CONTAINS $TYPE $RESULT = $A + $B
    note   : destructor/constructor blocks covered by XPath fallback


real	0m0.012s
user	0m0.007s
sys	0m0.004s


--- Stage 2: XPath destructor/constructor fallback ---
    no unguarded destructor/constructor addition found

[ unchecked_add ] 0 finding(s) written to /tmp/cwe190_findings_p17wF7
=== Detector 3: unchecked_increment ===
    input  : /Users/afiaasante/Security-Code-Smells/linux/net/unix/sysctl_net_unix.c.xml
    output : /tmp/cwe190_findings_p17wF7

    strategy : XPath on srcML XML -- ancestor-scoped guard check

[ unchecked_increment ] No smell detected.
========================================
 Findings JSON
========================================

========================================
 Summary
 Total findings : 0
 Errors         : 0
 Warnings       : 0
========================================
