========================================
 CWE-190 Integer Overflow Risk Detector
 Source  : /Users/afiaasante/Security-Code-Smells/linux/net/mac802154/main.c
 Report  : /Users/afiaasante/Security-Code-Smells/results/net_scan/SCS006/mac802154__main.c/main_report_20260417_174129.txt
 Findings: /Users/afiaasante/Security-Code-Smells/results/net_scan/SCS006/mac802154__main.c/main_findings_20260417_174129.json
 Date    : Fri Apr 17 17:41:29 EDT 2026
========================================

=== Stage 1: srcml ===

real	0m0.025s
user	0m0.019s
sys	0m0.004s

=== Stage 2: srcslice ===
Writing to :: /Users/afiaasante/Security-Code-Smells/linux/net/mac802154/main.c.json
Output Saved to :: /Users/afiaasante/Security-Code-Smells/linux/net/mac802154/main.c.json

real	0m0.187s
user	0m0.045s
sys	0m0.004s

=== Stage 3: srcattributor ===

real	0m0.098s
user	0m0.087s
sys	0m0.004s

=== Detector 1: unchecked_multiply ===
    input  : /Users/afiaasante/Security-Code-Smells/linux/net/mac802154/main.c.xml
    output : /tmp/cwe190_findings_7EgIwd

    query  : FIND $T $FUNC($PARAMS) {} CONTAINS $TYPE $RESULT = $A * $B
    note   : destructor/constructor blocks covered by XPath fallback


real	0m0.015s
user	0m0.010s
sys	0m0.004s


--- Stage 2: XPath destructor/constructor fallback ---
    no unguarded destructor/constructor multiply found

[ unchecked_multiply ] 0 finding(s) written to /tmp/cwe190_findings_7EgIwd
=== Detector 2: unchecked_add ===
    input  : /Users/afiaasante/Security-Code-Smells/linux/net/mac802154/main.c.xml
    output : /tmp/cwe190_findings_7EgIwd

    query  : FIND $T $FUNC($PARAMS) {} CONTAINS $TYPE $RESULT = $A + $B
    note   : destructor/constructor blocks covered by XPath fallback


real	0m0.015s
user	0m0.010s
sys	0m0.004s


--- Stage 2: XPath destructor/constructor fallback ---
    no unguarded destructor/constructor addition found

[ unchecked_add ] 0 finding(s) written to /tmp/cwe190_findings_7EgIwd
=== Detector 3: unchecked_increment ===
    input  : /Users/afiaasante/Security-Code-Smells/linux/net/mac802154/main.c.xml
    output : /tmp/cwe190_findings_7EgIwd

    strategy : XPath on srcML XML -- ancestor-scoped guard check

[ unchecked_increment ] No smell detected.
========================================
 Findings JSON
========================================

========================================
 Summary
 Total findings : 0
 Errors         : 0
 Warnings       : 0
========================================
