========================================
 CWE-190 Integer Overflow Risk Detector
 Source  : /Users/afiaasante/Security-Code-Smells/linux/net/hsr/hsr_device.c
 Report  : /Users/afiaasante/Security-Code-Smells/results/net_scan/SCS006/hsr__hsr_device.c/hsr_device_report_20260417_173818.txt
 Findings: /Users/afiaasante/Security-Code-Smells/results/net_scan/SCS006/hsr__hsr_device.c/hsr_device_findings_20260417_173818.json
 Date    : Fri Apr 17 17:38:18 EDT 2026
========================================

=== Stage 1: srcml ===

real	0m0.039s
user	0m0.034s
sys	0m0.004s

=== Stage 2: srcslice ===
Writing to :: /Users/afiaasante/Security-Code-Smells/linux/net/hsr/hsr_device.c.json
Output Saved to :: /Users/afiaasante/Security-Code-Smells/linux/net/hsr/hsr_device.c.json

real	0m0.179s
user	0m0.070s
sys	0m0.003s

=== Stage 3: srcattributor ===

real	0m0.711s
user	0m0.697s
sys	0m0.007s

=== Detector 1: unchecked_multiply ===
    input  : /Users/afiaasante/Security-Code-Smells/linux/net/hsr/hsr_device.c.xml
    output : /tmp/cwe190_findings_oBKHFa

    query  : FIND $T $FUNC($PARAMS) {} CONTAINS $TYPE $RESULT = $A * $B
    note   : destructor/constructor blocks covered by XPath fallback


real	0m0.016s
user	0m0.012s
sys	0m0.003s


--- Stage 2: XPath destructor/constructor fallback ---
    no unguarded destructor/constructor multiply found

[ unchecked_multiply ] 0 finding(s) written to /tmp/cwe190_findings_oBKHFa
=== Detector 2: unchecked_add ===
    input  : /Users/afiaasante/Security-Code-Smells/linux/net/hsr/hsr_device.c.xml
    output : /tmp/cwe190_findings_oBKHFa

    query  : FIND $T $FUNC($PARAMS) {} CONTAINS $TYPE $RESULT = $A + $B
    note   : destructor/constructor blocks covered by XPath fallback


real	0m0.026s
user	0m0.013s
sys	0m0.003s


--- Stage 2: XPath destructor/constructor fallback ---
    no unguarded destructor/constructor addition found

[ unchecked_add ] 0 finding(s) written to /tmp/cwe190_findings_oBKHFa
=== Detector 3: unchecked_increment ===
    input  : /Users/afiaasante/Security-Code-Smells/linux/net/hsr/hsr_device.c.xml
    output : /tmp/cwe190_findings_oBKHFa

    strategy : XPath on srcML XML -- ancestor-scoped guard check

--- extracting finding via XPath ---
    function : send_hsr_supervision_frame
    position : 309:36

    no taint source -- warning/smell
    finding: /Users/afiaasante/Security-Code-Smells/linux/net/hsr/hsr_device.c:309:36 -- send_hsr_supervision_frame() increments without MAX guard

[ unchecked_increment ] 1 finding(s) written to /tmp/cwe190_findings_oBKHFa
========================================
 Findings JSON
========================================
{
  "detector": "unchecked_increment",
  "severity": "warning",
  "classification": "smell",
  "rule": "integerOverflow",
  "file": "/Users/afiaasante/Security-Code-Smells/linux/net/hsr/hsr_device.c",
  "line": 309,
  "col": 36,
  "varname": "send_hsr_supervision_frame",
  "note": {
    "line": 309,
    "col": 36,
    "message": "increment (++) in send_hsr_supervision_frame() -- no upper-bound guard (INT_MAX check)"
  }
}

========================================
 Summary
 Total findings : 1
 Errors         : 0
 Warnings       : 1

 Breakdown by detector:
   unchecked_increment       1
========================================
