========================================
 CWE-190 Integer Overflow Risk Detector
 Source  : /Users/afiaasante/Security-Code-Smells/linux/net/netfilter/nf_conntrack_expect.c
 Report  : /Users/afiaasante/Security-Code-Smells/results/net_scan/SCS006/netfilter__nf_conntrack_expect.c/nf_conntrack_expect_report_20260417_174220.txt
 Findings: /Users/afiaasante/Security-Code-Smells/results/net_scan/SCS006/netfilter__nf_conntrack_expect.c/nf_conntrack_expect_findings_20260417_174220.json
 Date    : Fri Apr 17 17:42:20 EDT 2026
========================================

=== Stage 1: srcml ===

real	0m0.053s
user	0m0.044s
sys	0m0.006s

=== Stage 2: srcslice ===
Writing to :: /Users/afiaasante/Security-Code-Smells/linux/net/netfilter/nf_conntrack_expect.c.json
Output Saved to :: /Users/afiaasante/Security-Code-Smells/linux/net/netfilter/nf_conntrack_expect.c.json

real	0m0.260s
user	0m0.098s
sys	0m0.006s

=== Stage 3: srcattributor ===

real	0m0.967s
user	0m0.836s
sys	0m0.023s

=== Detector 1: unchecked_multiply ===
    input  : /Users/afiaasante/Security-Code-Smells/linux/net/netfilter/nf_conntrack_expect.c.xml
    output : /tmp/cwe190_findings_1m7OyN

    query  : FIND $T $FUNC($PARAMS) {} CONTAINS $TYPE $RESULT = $A * $B
    note   : destructor/constructor blocks covered by XPath fallback


real	0m0.027s
user	0m0.017s
sys	0m0.006s


--- Stage 2: XPath destructor/constructor fallback ---
    no unguarded destructor/constructor multiply found

[ unchecked_multiply ] 0 finding(s) written to /tmp/cwe190_findings_1m7OyN
=== Detector 2: unchecked_add ===
    input  : /Users/afiaasante/Security-Code-Smells/linux/net/netfilter/nf_conntrack_expect.c.xml
    output : /tmp/cwe190_findings_1m7OyN

    query  : FIND $T $FUNC($PARAMS) {} CONTAINS $TYPE $RESULT = $A + $B
    note   : destructor/constructor blocks covered by XPath fallback


real	0m0.033s
user	0m0.017s
sys	0m0.005s


--- Stage 2: XPath destructor/constructor fallback ---
    no unguarded destructor/constructor addition found

[ unchecked_add ] 0 finding(s) written to /tmp/cwe190_findings_1m7OyN
=== Detector 3: unchecked_increment ===
    input  : /Users/afiaasante/Security-Code-Smells/linux/net/netfilter/nf_conntrack_expect.c.xml
    output : /tmp/cwe190_findings_1m7OyN

    strategy : XPath on srcML XML -- ancestor-scoped guard check

--- extracting finding via XPath ---
    function : expect_clash
    position : 262:58

    no taint source -- warning/smell
    finding: /Users/afiaasante/Security-Code-Smells/linux/net/netfilter/nf_conntrack_expect.c:262:58 -- expect_clash() increments without MAX guard

[ unchecked_increment ] 1 finding(s) written to /tmp/cwe190_findings_1m7OyN
========================================
 Findings JSON
========================================
{
  "detector": "unchecked_increment",
  "severity": "warning",
  "classification": "smell",
  "rule": "integerOverflow",
  "file": "/Users/afiaasante/Security-Code-Smells/linux/net/netfilter/nf_conntrack_expect.c",
  "line": 262,
  "col": 58,
  "varname": "expect_clash",
  "note": {
    "line": 262,
    "col": 58,
    "message": "increment (++) in expect_clash() -- no upper-bound guard (INT_MAX check)"
  }
}

========================================
 Summary
 Total findings : 1
 Errors         : 0
 Warnings       : 1

 Breakdown by detector:
   unchecked_increment       1
========================================
