========================================
 CWE-190 Integer Overflow Risk Detector
 Source  : /Users/afiaasante/Security-Code-Smells/linux/net/llc/llc_core.c
 Report  : /Users/afiaasante/Security-Code-Smells/results/net_scan/SCS006/llc__llc_core.c/llc_core_report_20260417_174039.txt
 Findings: /Users/afiaasante/Security-Code-Smells/results/net_scan/SCS006/llc__llc_core.c/llc_core_findings_20260417_174039.json
 Date    : Fri Apr 17 17:40:39 EDT 2026
========================================

=== Stage 1: srcml ===

real	0m0.018s
user	0m0.011s
sys	0m0.004s

=== Stage 2: srcslice ===
Writing to :: /Users/afiaasante/Security-Code-Smells/linux/net/llc/llc_core.c.json
Output Saved to :: /Users/afiaasante/Security-Code-Smells/linux/net/llc/llc_core.c.json

real	0m0.187s
user	0m0.027s
sys	0m0.003s

=== Stage 3: srcattributor ===

real	0m0.029s
user	0m0.021s
sys	0m0.004s

=== Detector 1: unchecked_multiply ===
    input  : /Users/afiaasante/Security-Code-Smells/linux/net/llc/llc_core.c.xml
    output : /tmp/cwe190_findings_YqttNB

    query  : FIND $T $FUNC($PARAMS) {} CONTAINS $TYPE $RESULT = $A * $B
    note   : destructor/constructor blocks covered by XPath fallback


real	0m0.021s
user	0m0.008s
sys	0m0.005s


--- Stage 2: XPath destructor/constructor fallback ---
    no unguarded destructor/constructor multiply found

[ unchecked_multiply ] 0 finding(s) written to /tmp/cwe190_findings_YqttNB
=== Detector 2: unchecked_add ===
    input  : /Users/afiaasante/Security-Code-Smells/linux/net/llc/llc_core.c.xml
    output : /tmp/cwe190_findings_YqttNB

    query  : FIND $T $FUNC($PARAMS) {} CONTAINS $TYPE $RESULT = $A + $B
    note   : destructor/constructor blocks covered by XPath fallback


real	0m0.013s
user	0m0.008s
sys	0m0.004s


--- Stage 2: XPath destructor/constructor fallback ---
    no unguarded destructor/constructor addition found

[ unchecked_add ] 0 finding(s) written to /tmp/cwe190_findings_YqttNB
=== Detector 3: unchecked_increment ===
    input  : /Users/afiaasante/Security-Code-Smells/linux/net/llc/llc_core.c.xml
    output : /tmp/cwe190_findings_YqttNB

    strategy : XPath on srcML XML -- ancestor-scoped guard check

--- extracting finding via XPath ---
    function : llc_sap_alloc
    position : 42:61

    no taint source -- warning/smell
    finding: /Users/afiaasante/Security-Code-Smells/linux/net/llc/llc_core.c:42:61 -- llc_sap_alloc() increments without MAX guard

[ unchecked_increment ] 1 finding(s) written to /tmp/cwe190_findings_YqttNB
========================================
 Findings JSON
========================================
{
  "detector": "unchecked_increment",
  "severity": "warning",
  "classification": "smell",
  "rule": "integerOverflow",
  "file": "/Users/afiaasante/Security-Code-Smells/linux/net/llc/llc_core.c",
  "line": 42,
  "col": 61,
  "varname": "llc_sap_alloc",
  "note": {
    "line": 42,
    "col": 61,
    "message": "increment (++) in llc_sap_alloc() -- no upper-bound guard (INT_MAX check)"
  }
}

========================================
 Summary
 Total findings : 1
 Errors         : 0
 Warnings       : 1

 Breakdown by detector:
   unchecked_increment       1
========================================
