========================================
 CWE-190 Integer Overflow Risk Detector
 Source  : /Users/afiaasante/Security-Code-Smells/linux/net/ieee802154/netlink.c
 Report  : /Users/afiaasante/Security-Code-Smells/results/net_scan/SCS006/ieee802154__netlink.c/netlink_report_20260417_173820.txt
 Findings: /Users/afiaasante/Security-Code-Smells/results/net_scan/SCS006/ieee802154__netlink.c/netlink_findings_20260417_173820.json
 Date    : Fri Apr 17 17:38:20 EDT 2026
========================================

=== Stage 1: srcml ===

real	0m0.016s
user	0m0.010s
sys	0m0.004s

=== Stage 2: srcslice ===
Writing to :: /Users/afiaasante/Security-Code-Smells/linux/net/ieee802154/netlink.c.json
Output Saved to :: /Users/afiaasante/Security-Code-Smells/linux/net/ieee802154/netlink.c.json

real	0m0.182s
user	0m0.027s
sys	0m0.004s

=== Stage 3: srcattributor ===

real	0m0.032s
user	0m0.023s
sys	0m0.003s

=== Detector 1: unchecked_multiply ===
    input  : /Users/afiaasante/Security-Code-Smells/linux/net/ieee802154/netlink.c.xml
    output : /tmp/cwe190_findings_nd3zK7

    query  : FIND $T $FUNC($PARAMS) {} CONTAINS $TYPE $RESULT = $A * $B
    note   : destructor/constructor blocks covered by XPath fallback


real	0m0.014s
user	0m0.008s
sys	0m0.005s


--- Stage 2: XPath destructor/constructor fallback ---
    no unguarded destructor/constructor multiply found

[ unchecked_multiply ] 0 finding(s) written to /tmp/cwe190_findings_nd3zK7
=== Detector 2: unchecked_add ===
    input  : /Users/afiaasante/Security-Code-Smells/linux/net/ieee802154/netlink.c.xml
    output : /tmp/cwe190_findings_nd3zK7

    query  : FIND $T $FUNC($PARAMS) {} CONTAINS $TYPE $RESULT = $A + $B
    note   : destructor/constructor blocks covered by XPath fallback


real	0m0.011s
user	0m0.006s
sys	0m0.003s


--- Stage 2: XPath destructor/constructor fallback ---
    no unguarded destructor/constructor addition found

[ unchecked_add ] 0 finding(s) written to /tmp/cwe190_findings_nd3zK7
=== Detector 3: unchecked_increment ===
    input  : /Users/afiaasante/Security-Code-Smells/linux/net/ieee802154/netlink.c.xml
    output : /tmp/cwe190_findings_nd3zK7

    strategy : XPath on srcML XML -- ancestor-scoped guard check

--- extracting finding via XPath ---
    function : ieee802154_nl_create
    position : 34:53

    no taint source -- warning/smell
    finding: /Users/afiaasante/Security-Code-Smells/linux/net/ieee802154/netlink.c:34:53 -- ieee802154_nl_create() increments without MAX guard

[ unchecked_increment ] 1 finding(s) written to /tmp/cwe190_findings_nd3zK7
========================================
 Findings JSON
========================================
{
  "detector": "unchecked_increment",
  "severity": "warning",
  "classification": "smell",
  "rule": "integerOverflow",
  "file": "/Users/afiaasante/Security-Code-Smells/linux/net/ieee802154/netlink.c",
  "line": 34,
  "col": 53,
  "varname": "ieee802154_nl_create",
  "note": {
    "line": 34,
    "col": 53,
    "message": "increment (++) in ieee802154_nl_create() -- no upper-bound guard (INT_MAX check)"
  }
}

========================================
 Summary
 Total findings : 1
 Errors         : 0
 Warnings       : 1

 Breakdown by detector:
   unchecked_increment       1
========================================
