========================================
 CWE-190 Integer Overflow Risk Detector
 Source  : /Users/afiaasante/Security-Code-Smells/linux/net/bridge/br_mrp.c
 Report  : /Users/afiaasante/Security-Code-Smells/results/net_scan/SCS006/bridge__br_mrp.c/br_mrp_report_20260417_173549.txt
 Findings: /Users/afiaasante/Security-Code-Smells/results/net_scan/SCS006/bridge__br_mrp.c/br_mrp_findings_20260417_173549.json
 Date    : Fri Apr 17 17:35:49 EDT 2026
========================================

=== Stage 1: srcml ===

real	0m0.048s
user	0m0.042s
sys	0m0.003s

=== Stage 2: srcslice ===
Writing to :: /Users/afiaasante/Security-Code-Smells/linux/net/bridge/br_mrp.c.json
Output Saved to :: /Users/afiaasante/Security-Code-Smells/linux/net/bridge/br_mrp.c.json

real	0m0.243s
user	0m0.082s
sys	0m0.005s

=== Stage 3: srcattributor ===

real	0m1.429s
user	0m1.339s
sys	0m0.017s

=== Detector 1: unchecked_multiply ===
    input  : /Users/afiaasante/Security-Code-Smells/linux/net/bridge/br_mrp.c.xml
    output : /tmp/cwe190_findings_BihKVc

    query  : FIND $T $FUNC($PARAMS) {} CONTAINS $TYPE $RESULT = $A * $B
    note   : destructor/constructor blocks covered by XPath fallback


real	0m0.028s
user	0m0.017s
sys	0m0.005s


--- Stage 2: XPath destructor/constructor fallback ---
    no unguarded destructor/constructor multiply found

[ unchecked_multiply ] 0 finding(s) written to /tmp/cwe190_findings_BihKVc
=== Detector 2: unchecked_add ===
    input  : /Users/afiaasante/Security-Code-Smells/linux/net/bridge/br_mrp.c.xml
    output : /tmp/cwe190_findings_BihKVc

    query  : FIND $T $FUNC($PARAMS) {} CONTAINS $TYPE $RESULT = $A + $B
    note   : destructor/constructor blocks covered by XPath fallback


real	0m0.031s
user	0m0.014s
sys	0m0.004s


--- Stage 2: XPath destructor/constructor fallback ---
    no unguarded destructor/constructor addition found

[ unchecked_add ] 0 finding(s) written to /tmp/cwe190_findings_BihKVc
=== Detector 3: unchecked_increment ===
    input  : /Users/afiaasante/Security-Code-Smells/linux/net/bridge/br_mrp.c.xml
    output : /tmp/cwe190_findings_BihKVc

    strategy : XPath on srcML XML -- ancestor-scoped guard check

--- extracting finding via XPath ---
    function : br_mrp_next_seq
    position : 129:20

    no taint source -- warning/smell
    finding: /Users/afiaasante/Security-Code-Smells/linux/net/bridge/br_mrp.c:129:20 -- br_mrp_next_seq() increments without MAX guard

[ unchecked_increment ] 1 finding(s) written to /tmp/cwe190_findings_BihKVc
========================================
 Findings JSON
========================================
{
  "detector": "unchecked_increment",
  "severity": "warning",
  "classification": "smell",
  "rule": "integerOverflow",
  "file": "/Users/afiaasante/Security-Code-Smells/linux/net/bridge/br_mrp.c",
  "line": 129,
  "col": 20,
  "varname": "br_mrp_next_seq",
  "note": {
    "line": 129,
    "col": 20,
    "message": "increment (++) in br_mrp_next_seq() -- no upper-bound guard (INT_MAX check)"
  }
}

========================================
 Summary
 Total findings : 1
 Errors         : 0
 Warnings       : 1

 Breakdown by detector:
   unchecked_increment       1
========================================
