========================================
 CWE-195 Signed-to-Unsigned Conversion Detector
 Source  : /Users/afiaasante/Security-Code-Smells/linux/net/dsa/port.c
 Report  : /Users/afiaasante/Security-Code-Smells/results/net_scan/SCS007/dsa__port.c/port_report_20260417_175632.txt
 Findings: /Users/afiaasante/Security-Code-Smells/results/net_scan/SCS007/dsa__port.c/port_findings_20260417_175632.json
 Date    : Fri Apr 17 17:56:32 EDT 2026
========================================

=== Stage 1: srcml ===

real	0m0.117s
user	0m0.103s
sys	0m0.007s

=== Stage 2: srcslice ===
Writing to :: /Users/afiaasante/Security-Code-Smells/linux/net/dsa/port.c.json
Output Saved to :: /Users/afiaasante/Security-Code-Smells/linux/net/dsa/port.c.json

real	0m0.333s
user	0m0.213s
sys	0m0.008s

=== Stage 3: srcattributor ===

real	0m7.053s
user	0m6.518s
sys	0m0.059s

=== Detector 1: signed_malloc ===
    input  : /Users/afiaasante/Security-Code-Smells/linux/net/dsa/port.c.xml
    output : /tmp/cwe195_findings_xW2ll5

    query  : FIND $T $FUNC($PARAMS) {} CONTAINS malloc($A)
    note   : destructor/constructor blocks covered by XPath fallback


real	0m0.041s
user	0m0.033s
sys	0m0.006s


--- Stage 2: XPath destructor/constructor fallback ---
    no unguarded destructor/constructor malloc found

[ signed_malloc ] 0 finding(s) written to /tmp/cwe195_findings_xW2ll5
=== Detector 2: signed_memcpy ===
    input  : /Users/afiaasante/Security-Code-Smells/linux/net/dsa/port.c.xml
    output : /tmp/cwe195_findings_xW2ll5

    query  : FIND $T $FUNC($PARAMS) {} CONTAINS memcpy($A, $B, $C)

real	0m0.042s
user	0m0.033s
sys	0m0.006s

    query  : FIND $T $FUNC($PARAMS) {} CONTAINS memmove($A, $B, $C)

real	0m0.046s
user	0m0.034s
sys	0m0.006s


--- Stage 2: XPath destructor/constructor fallback ---
    no unguarded destructor/constructor memcpy/memmove found

[ signed_memcpy ] 0 finding(s) written to /tmp/cwe195_findings_xW2ll5
=== Detector 3: signed_strncpy ===
    input  : /Users/afiaasante/Security-Code-Smells/linux/net/dsa/port.c.xml
    output : /tmp/cwe195_findings_xW2ll5

    query  : FIND $T $FUNC($PARAMS) {} CONTAINS strncpy($A, $B, $C)
    note   : destructor/constructor blocks covered by XPath fallback


real	0m0.043s
user	0m0.034s
sys	0m0.006s


--- Stage 2: XPath destructor/constructor fallback ---
    no unguarded destructor/constructor strncpy found

[ signed_strncpy ] 0 finding(s) written to /tmp/cwe195_findings_xW2ll5
========================================
 Findings JSON
========================================

========================================
 Summary
 Total findings : 0
 Errors         : 0
 Warnings       : 0
========================================
