========================================
 CWE-190 Integer Overflow Risk Detector
 Source  : /Users/afiaasante/Security-Code-Smells/linux/net/netfilter/nft_set_pipapo.c
 Report  : /Users/afiaasante/Security-Code-Smells/results/net_scan/SCS006/netfilter__nft_set_pipapo.c/nft_set_pipapo_report_20260417_174255.txt
 Findings: /Users/afiaasante/Security-Code-Smells/results/net_scan/SCS006/netfilter__nft_set_pipapo.c/nft_set_pipapo_findings_20260417_174255.json
 Date    : Fri Apr 17 17:42:55 EDT 2026
========================================

=== Stage 1: srcml ===

real	0m0.102s
user	0m0.092s
sys	0m0.006s

=== Stage 2: srcslice ===
Writing to :: /Users/afiaasante/Security-Code-Smells/linux/net/netfilter/nft_set_pipapo.c.json
Output Saved to :: /Users/afiaasante/Security-Code-Smells/linux/net/netfilter/nft_set_pipapo.c.json

real	0m0.309s
user	0m0.157s
sys	0m0.006s

=== Stage 3: srcattributor ===

real	0m1.393s
user	0m1.328s
sys	0m0.015s

=== Detector 1: unchecked_multiply ===
    input  : /Users/afiaasante/Security-Code-Smells/linux/net/netfilter/nft_set_pipapo.c.xml
    output : /tmp/cwe190_findings_jgFhuq

    query  : FIND $T $FUNC($PARAMS) {} CONTAINS $TYPE $RESULT = $A * $B
    note   : destructor/constructor blocks covered by XPath fallback


real	0m0.041s
user	0m0.033s
sys	0m0.006s

--- Stage 1: checking srcQL result for MAX guard in <condition> ---
    guarded -- MAX constant found in condition, no finding

--- Stage 2: XPath destructor/constructor fallback ---
    no unguarded destructor/constructor multiply found

[ unchecked_multiply ] 0 finding(s) written to /tmp/cwe190_findings_jgFhuq
=== Detector 2: unchecked_add ===
    input  : /Users/afiaasante/Security-Code-Smells/linux/net/netfilter/nft_set_pipapo.c.xml
    output : /tmp/cwe190_findings_jgFhuq

    query  : FIND $T $FUNC($PARAMS) {} CONTAINS $TYPE $RESULT = $A + $B
    note   : destructor/constructor blocks covered by XPath fallback


real	0m0.039s
user	0m0.029s
sys	0m0.005s

--- Stage 1: checking srcQL result for MAX guard in <condition> ---
    no taint source -- warning/smell
    finding: /Users/afiaasante/Security-Code-Smells/linux/net/netfilter/nft_set_pipapo.c:375:51 -- pipapo_refill() adds without MAX guard

--- Stage 2: XPath destructor/constructor fallback ---
    no unguarded destructor/constructor addition found

[ unchecked_add ] 1 finding(s) written to /tmp/cwe190_findings_jgFhuq
=== Detector 3: unchecked_increment ===
    input  : /Users/afiaasante/Security-Code-Smells/linux/net/netfilter/nft_set_pipapo.c.xml
    output : /tmp/cwe190_findings_jgFhuq

    strategy : XPath on srcML XML -- ancestor-scoped guard check

--- extracting finding via XPath ---
    function : pipapo_refill
    position : 370:31

    no taint source -- warning/smell
    finding: /Users/afiaasante/Security-Code-Smells/linux/net/netfilter/nft_set_pipapo.c:370:31 -- pipapo_refill() increments without MAX guard

[ unchecked_increment ] 1 finding(s) written to /tmp/cwe190_findings_jgFhuq
========================================
 Findings JSON
========================================
{
  "detector": "unchecked_add",
  "severity": "warning",
  "classification": "smell",
  "rule": "integerOverflow",
  "file": "/Users/afiaasante/Security-Code-Smells/linux/net/netfilter/nft_set_pipapo.c",
  "line": 375,
  "col": 51,
  "varname": "pipapo_refill",
  "note": {
    "line": 375,
    "col": 51,
    "message": "addition in pipapo_refill() -- no upper-bound guard before adding"
  }
}
{
  "detector": "unchecked_increment",
  "severity": "warning",
  "classification": "smell",
  "rule": "integerOverflow",
  "file": "/Users/afiaasante/Security-Code-Smells/linux/net/netfilter/nft_set_pipapo.c",
  "line": 370,
  "col": 31,
  "varname": "pipapo_refill",
  "note": {
    "line": 370,
    "col": 31,
    "message": "increment (++) in pipapo_refill() -- no upper-bound guard (INT_MAX check)"
  }
}

========================================
 Summary
 Total findings : 2
 Errors         : 0
 Warnings       : 2

 Breakdown by detector:
   unchecked_add             1
   unchecked_increment       1
========================================
