========================================
 CWE-190 Integer Overflow Risk Detector
 Source  : /Users/afiaasante/Security-Code-Smells/linux/net/ethtool/pse-pd.c
 Report  : /Users/afiaasante/Security-Code-Smells/results/net_scan/SCS006/ethtool__pse-pd.c/pse-pd_report_20260417_173813.txt
 Findings: /Users/afiaasante/Security-Code-Smells/results/net_scan/SCS006/ethtool__pse-pd.c/pse-pd_findings_20260417_173813.json
 Date    : Fri Apr 17 17:38:13 EDT 2026
========================================

=== Stage 1: srcml ===

real	0m0.028s
user	0m0.018s
sys	0m0.005s

=== Stage 2: srcslice ===
Writing to :: /Users/afiaasante/Security-Code-Smells/linux/net/ethtool/pse-pd.c.json
Output Saved to :: /Users/afiaasante/Security-Code-Smells/linux/net/ethtool/pse-pd.c.json

real	0m0.184s
user	0m0.043s
sys	0m0.004s

=== Stage 3: srcattributor ===

real	0m0.203s
user	0m0.187s
sys	0m0.007s

=== Detector 1: unchecked_multiply ===
    input  : /Users/afiaasante/Security-Code-Smells/linux/net/ethtool/pse-pd.c.xml
    output : /tmp/cwe190_findings_nZQ2lh

    query  : FIND $T $FUNC($PARAMS) {} CONTAINS $TYPE $RESULT = $A * $B
    note   : destructor/constructor blocks covered by XPath fallback


real	0m0.013s
user	0m0.008s
sys	0m0.003s


--- Stage 2: XPath destructor/constructor fallback ---
    no unguarded destructor/constructor multiply found

[ unchecked_multiply ] 0 finding(s) written to /tmp/cwe190_findings_nZQ2lh
=== Detector 2: unchecked_add ===
    input  : /Users/afiaasante/Security-Code-Smells/linux/net/ethtool/pse-pd.c.xml
    output : /tmp/cwe190_findings_nZQ2lh

    query  : FIND $T $FUNC($PARAMS) {} CONTAINS $TYPE $RESULT = $A + $B
    note   : destructor/constructor blocks covered by XPath fallback


real	0m0.016s
user	0m0.009s
sys	0m0.004s


--- Stage 2: XPath destructor/constructor fallback ---
    no unguarded destructor/constructor addition found

[ unchecked_add ] 0 finding(s) written to /tmp/cwe190_findings_nZQ2lh
=== Detector 3: unchecked_increment ===
    input  : /Users/afiaasante/Security-Code-Smells/linux/net/ethtool/pse-pd.c.xml
    output : /tmp/cwe190_findings_nZQ2lh

    strategy : XPath on srcML XML -- ancestor-scoped guard check

--- extracting finding via XPath ---
    function : pse_put_pw_limit_ranges
    position : 129:54

    no taint source -- warning/smell
    finding: /Users/afiaasante/Security-Code-Smells/linux/net/ethtool/pse-pd.c:129:54 -- pse_put_pw_limit_ranges() increments without MAX guard

[ unchecked_increment ] 1 finding(s) written to /tmp/cwe190_findings_nZQ2lh
========================================
 Findings JSON
========================================
{
  "detector": "unchecked_increment",
  "severity": "warning",
  "classification": "smell",
  "rule": "integerOverflow",
  "file": "/Users/afiaasante/Security-Code-Smells/linux/net/ethtool/pse-pd.c",
  "line": 129,
  "col": 54,
  "varname": "pse_put_pw_limit_ranges",
  "note": {
    "line": 129,
    "col": 54,
    "message": "increment (++) in pse_put_pw_limit_ranges() -- no upper-bound guard (INT_MAX check)"
  }
}

========================================
 Summary
 Total findings : 1
 Errors         : 0
 Warnings       : 1

 Breakdown by detector:
   unchecked_increment       1
========================================
