========================================
 CWE-190 Integer Overflow Risk Detector
 Source  : /Users/afiaasante/Security-Code-Smells/linux/net/sched/cls_flower.c
 Report  : /Users/afiaasante/Security-Code-Smells/results/net_scan/SCS006/sched__cls_flower.c/cls_flower_report_20260417_174412.txt
 Findings: /Users/afiaasante/Security-Code-Smells/results/net_scan/SCS006/sched__cls_flower.c/cls_flower_findings_20260417_174412.json
 Date    : Fri Apr 17 17:44:12 EDT 2026
========================================

=== Stage 1: srcml ===

real	0m0.218s
user	0m0.206s
sys	0m0.006s

=== Stage 2: srcslice ===
Writing to :: /Users/afiaasante/Security-Code-Smells/linux/net/sched/cls_flower.c.json
Output Saved to :: /Users/afiaasante/Security-Code-Smells/linux/net/sched/cls_flower.c.json

real	0m0.557s
user	0m0.426s
sys	0m0.011s

=== Stage 3: srcattributor ===

real	0m27.016s
user	0m26.152s
sys	0m0.246s

=== Detector 1: unchecked_multiply ===
    input  : /Users/afiaasante/Security-Code-Smells/linux/net/sched/cls_flower.c.xml
    output : /tmp/cwe190_findings_OBEyiC

    query  : FIND $T $FUNC($PARAMS) {} CONTAINS $TYPE $RESULT = $A * $B
    note   : destructor/constructor blocks covered by XPath fallback


real	0m0.075s
user	0m0.062s
sys	0m0.009s

--- Stage 1: checking srcQL result for MAX guard in <condition> ---
    no taint source -- warning/smell
    finding: /Users/afiaasante/Security-Code-Smells/linux/net/sched/cls_flower.c:162:37 -- fl_mask_update_range() multiplies without MAX guard

--- Stage 2: XPath destructor/constructor fallback ---
    no unguarded destructor/constructor multiply found

[ unchecked_multiply ] 1 finding(s) written to /tmp/cwe190_findings_OBEyiC
=== Detector 2: unchecked_add ===
    input  : /Users/afiaasante/Security-Code-Smells/linux/net/sched/cls_flower.c.xml
    output : /tmp/cwe190_findings_OBEyiC

    query  : FIND $T $FUNC($PARAMS) {} CONTAINS $TYPE $RESULT = $A + $B
    note   : destructor/constructor blocks covered by XPath fallback


real	0m0.076s
user	0m0.064s
sys	0m0.009s


--- Stage 2: XPath destructor/constructor fallback ---
    no unguarded destructor/constructor addition found

[ unchecked_add ] 0 finding(s) written to /tmp/cwe190_findings_OBEyiC
=== Detector 3: unchecked_increment ===
    input  : /Users/afiaasante/Security-Code-Smells/linux/net/sched/cls_flower.c.xml
    output : /tmp/cwe190_findings_OBEyiC

    strategy : XPath on srcML XML -- ancestor-scoped guard check

--- extracting finding via XPath ---
    function : fl_mask_update_range
    position : 166:32

    no taint source -- warning/smell
    finding: /Users/afiaasante/Security-Code-Smells/linux/net/sched/cls_flower.c:166:32 -- fl_mask_update_range() increments without MAX guard

[ unchecked_increment ] 1 finding(s) written to /tmp/cwe190_findings_OBEyiC
========================================
 Findings JSON
========================================
{
  "detector": "unchecked_multiply",
  "severity": "warning",
  "classification": "smell",
  "rule": "integerOverflow",
  "file": "/Users/afiaasante/Security-Code-Smells/linux/net/sched/cls_flower.c",
  "line": 162,
  "col": 37,
  "varname": "fl_mask_update_range",
  "note": {
    "line": 162,
    "col": 37,
    "message": "multiplication in fl_mask_update_range() -- no upper-bound guard (INT_MAX / 2)"
  }
}
{
  "detector": "unchecked_increment",
  "severity": "warning",
  "classification": "smell",
  "rule": "integerOverflow",
  "file": "/Users/afiaasante/Security-Code-Smells/linux/net/sched/cls_flower.c",
  "line": 166,
  "col": 32,
  "varname": "fl_mask_update_range",
  "note": {
    "line": 166,
    "col": 32,
    "message": "increment (++) in fl_mask_update_range() -- no upper-bound guard (INT_MAX check)"
  }
}

========================================
 Summary
 Total findings : 2
 Errors         : 0
 Warnings       : 2

 Breakdown by detector:
   unchecked_increment       1
   unchecked_multiply        1
========================================
