========================================
 CWE-190 Integer Overflow Risk Detector
 Source  : /Users/afiaasante/Security-Code-Smells/linux/net/nfc/netlink.c
 Report  : /Users/afiaasante/Security-Code-Smells/results/net_scan/SCS006/nfc__netlink.c/netlink_report_20260417_174322.txt
 Findings: /Users/afiaasante/Security-Code-Smells/results/net_scan/SCS006/nfc__netlink.c/netlink_findings_20260417_174322.json
 Date    : Fri Apr 17 17:43:22 EDT 2026
========================================

=== Stage 1: srcml ===

real	0m0.103s
user	0m0.092s
sys	0m0.005s

=== Stage 2: srcslice ===
Writing to :: /Users/afiaasante/Security-Code-Smells/linux/net/nfc/netlink.c.json
Output Saved to :: /Users/afiaasante/Security-Code-Smells/linux/net/nfc/netlink.c.json

real	0m0.305s
user	0m0.190s
sys	0m0.006s

=== Stage 3: srcattributor ===

real	0m4.965s
user	0m4.795s
sys	0m0.050s

=== Detector 1: unchecked_multiply ===
    input  : /Users/afiaasante/Security-Code-Smells/linux/net/nfc/netlink.c.xml
    output : /tmp/cwe190_findings_ULwheo

    query  : FIND $T $FUNC($PARAMS) {} CONTAINS $TYPE $RESULT = $A * $B
    note   : destructor/constructor blocks covered by XPath fallback


real	0m0.038s
user	0m0.031s
sys	0m0.005s

--- Stage 1: checking srcQL result for MAX guard in <condition> ---
    no taint source -- warning/smell
    finding: /Users/afiaasante/Security-Code-Smells/linux/net/nfc/netlink.c:134:47 -- nfc_genl_dump_targets() multiplies without MAX guard

--- Stage 2: XPath destructor/constructor fallback ---
    no unguarded destructor/constructor multiply found

[ unchecked_multiply ] 1 finding(s) written to /tmp/cwe190_findings_ULwheo
=== Detector 2: unchecked_add ===
    input  : /Users/afiaasante/Security-Code-Smells/linux/net/nfc/netlink.c.xml
    output : /tmp/cwe190_findings_ULwheo

    query  : FIND $T $FUNC($PARAMS) {} CONTAINS $TYPE $RESULT = $A + $B
    note   : destructor/constructor blocks covered by XPath fallback


real	0m0.035s
user	0m0.029s
sys	0m0.005s


--- Stage 2: XPath destructor/constructor fallback ---
    no unguarded destructor/constructor addition found

[ unchecked_add ] 0 finding(s) written to /tmp/cwe190_findings_ULwheo
=== Detector 3: unchecked_increment ===
    input  : /Users/afiaasante/Security-Code-Smells/linux/net/nfc/netlink.c.xml
    output : /tmp/cwe190_findings_ULwheo

    strategy : XPath on srcML XML -- ancestor-scoped guard check

--- extracting finding via XPath ---
    function : nfc_genl_dump_targets
    position : 155:18

    no taint source -- warning/smell
    finding: /Users/afiaasante/Security-Code-Smells/linux/net/nfc/netlink.c:155:18 -- nfc_genl_dump_targets() increments without MAX guard

[ unchecked_increment ] 1 finding(s) written to /tmp/cwe190_findings_ULwheo
========================================
 Findings JSON
========================================
{
  "detector": "unchecked_multiply",
  "severity": "warning",
  "classification": "smell",
  "rule": "integerOverflow",
  "file": "/Users/afiaasante/Security-Code-Smells/linux/net/nfc/netlink.c",
  "line": 134,
  "col": 47,
  "varname": "nfc_genl_dump_targets",
  "note": {
    "line": 134,
    "col": 47,
    "message": "multiplication in nfc_genl_dump_targets() -- no upper-bound guard (INT_MAX / 2)"
  }
}
{
  "detector": "unchecked_increment",
  "severity": "warning",
  "classification": "smell",
  "rule": "integerOverflow",
  "file": "/Users/afiaasante/Security-Code-Smells/linux/net/nfc/netlink.c",
  "line": 155,
  "col": 18,
  "varname": "nfc_genl_dump_targets",
  "note": {
    "line": 155,
    "col": 18,
    "message": "increment (++) in nfc_genl_dump_targets() -- no upper-bound guard (INT_MAX check)"
  }
}

========================================
 Summary
 Total findings : 2
 Errors         : 0
 Warnings       : 2

 Breakdown by detector:
   unchecked_increment       1
   unchecked_multiply        1
========================================
