========================================
 CWE-190 Integer Overflow Risk Detector
 Source  : /Users/afiaasante/Security-Code-Smells/linux/net/mptcp/pm_kernel.c
 Report  : /Users/afiaasante/Security-Code-Smells/results/net_scan/SCS006/mptcp__pm_kernel.c/pm_kernel_report_20260417_174148.txt
 Findings: /Users/afiaasante/Security-Code-Smells/results/net_scan/SCS006/mptcp__pm_kernel.c/pm_kernel_findings_20260417_174148.json
 Date    : Fri Apr 17 17:41:48 EDT 2026
========================================

=== Stage 1: srcml ===

real	0m0.092s
user	0m0.085s
sys	0m0.005s

=== Stage 2: srcslice ===
Writing to :: /Users/afiaasante/Security-Code-Smells/linux/net/mptcp/pm_kernel.c.json
Output Saved to :: /Users/afiaasante/Security-Code-Smells/linux/net/mptcp/pm_kernel.c.json

real	0m0.306s
user	0m0.177s
sys	0m0.006s

=== Stage 3: srcattributor ===

real	0m5.612s
user	0m5.313s
sys	0m0.052s

=== Detector 1: unchecked_multiply ===
    input  : /Users/afiaasante/Security-Code-Smells/linux/net/mptcp/pm_kernel.c.xml
    output : /tmp/cwe190_findings_qMFVw4

    query  : FIND $T $FUNC($PARAMS) {} CONTAINS $TYPE $RESULT = $A * $B
    note   : destructor/constructor blocks covered by XPath fallback


real	0m0.040s
user	0m0.031s
sys	0m0.006s

--- Stage 1: checking srcQL result for MAX guard in <condition> ---
    no taint source -- warning/smell
    finding: /Users/afiaasante/Security-Code-Smells/linux/net/mptcp/pm_kernel.c:185:40 -- fill_remote_addr() multiplies without MAX guard

--- Stage 2: XPath destructor/constructor fallback ---
    no unguarded destructor/constructor multiply found

[ unchecked_multiply ] 1 finding(s) written to /tmp/cwe190_findings_qMFVw4
=== Detector 2: unchecked_add ===
    input  : /Users/afiaasante/Security-Code-Smells/linux/net/mptcp/pm_kernel.c.xml
    output : /tmp/cwe190_findings_qMFVw4

    query  : FIND $T $FUNC($PARAMS) {} CONTAINS $TYPE $RESULT = $A + $B
    note   : destructor/constructor blocks covered by XPath fallback


real	0m0.035s
user	0m0.028s
sys	0m0.005s


--- Stage 2: XPath destructor/constructor fallback ---
    no unguarded destructor/constructor addition found

[ unchecked_add ] 0 finding(s) written to /tmp/cwe190_findings_qMFVw4
=== Detector 3: unchecked_increment ===
    input  : /Users/afiaasante/Security-Code-Smells/linux/net/mptcp/pm_kernel.c.xml
    output : /tmp/cwe190_findings_qMFVw4

    strategy : XPath on srcML XML -- ancestor-scoped guard check

--- extracting finding via XPath ---
    function : fill_remote_addr
    position : 195:31

    no taint source -- warning/smell
    finding: /Users/afiaasante/Security-Code-Smells/linux/net/mptcp/pm_kernel.c:195:31 -- fill_remote_addr() increments without MAX guard

[ unchecked_increment ] 1 finding(s) written to /tmp/cwe190_findings_qMFVw4
========================================
 Findings JSON
========================================
{
  "detector": "unchecked_multiply",
  "severity": "warning",
  "classification": "smell",
  "rule": "integerOverflow",
  "file": "/Users/afiaasante/Security-Code-Smells/linux/net/mptcp/pm_kernel.c",
  "line": 185,
  "col": 40,
  "varname": "fill_remote_addr",
  "note": {
    "line": 185,
    "col": 40,
    "message": "multiplication in fill_remote_addr() -- no upper-bound guard (INT_MAX / 2)"
  }
}
{
  "detector": "unchecked_increment",
  "severity": "warning",
  "classification": "smell",
  "rule": "integerOverflow",
  "file": "/Users/afiaasante/Security-Code-Smells/linux/net/mptcp/pm_kernel.c",
  "line": 195,
  "col": 31,
  "varname": "fill_remote_addr",
  "note": {
    "line": 195,
    "col": 31,
    "message": "increment (++) in fill_remote_addr() -- no upper-bound guard (INT_MAX check)"
  }
}

========================================
 Summary
 Total findings : 2
 Errors         : 0
 Warnings       : 2

 Breakdown by detector:
   unchecked_increment       1
   unchecked_multiply        1
========================================
