========================================
 CWE-190 Integer Overflow Risk Detector
 Source  : /Users/afiaasante/Security-Code-Smells/linux/net/ethtool/tsinfo.c
 Report  : /Users/afiaasante/Security-Code-Smells/results/net_scan/SCS006/ethtool__tsinfo.c/tsinfo_report_20260417_173816.txt
 Findings: /Users/afiaasante/Security-Code-Smells/results/net_scan/SCS006/ethtool__tsinfo.c/tsinfo_findings_20260417_173816.json
 Date    : Fri Apr 17 17:38:16 EDT 2026
========================================

=== Stage 1: srcml ===

real	0m0.039s
user	0m0.023s
sys	0m0.004s

=== Stage 2: srcslice ===
Writing to :: /Users/afiaasante/Security-Code-Smells/linux/net/ethtool/tsinfo.c.json
Output Saved to :: /Users/afiaasante/Security-Code-Smells/linux/net/ethtool/tsinfo.c.json

real	0m0.187s
user	0m0.058s
sys	0m0.004s

=== Stage 3: srcattributor ===

real	0m0.448s
user	0m0.437s
sys	0m0.006s

=== Detector 1: unchecked_multiply ===
    input  : /Users/afiaasante/Security-Code-Smells/linux/net/ethtool/tsinfo.c.xml
    output : /tmp/cwe190_findings_gOxxT5

    query  : FIND $T $FUNC($PARAMS) {} CONTAINS $TYPE $RESULT = $A * $B
    note   : destructor/constructor blocks covered by XPath fallback


real	0m0.015s
user	0m0.011s
sys	0m0.003s

--- Stage 1: checking srcQL result for MAX guard in <condition> ---
    no taint source -- warning/smell
    finding: /Users/afiaasante/Security-Code-Smells/linux/net/ethtool/tsinfo.c:299:51 -- ethnl_tsinfo_prepare_dump() multiplies without MAX guard

--- Stage 2: XPath destructor/constructor fallback ---
    no unguarded destructor/constructor multiply found

[ unchecked_multiply ] 1 finding(s) written to /tmp/cwe190_findings_gOxxT5
=== Detector 2: unchecked_add ===
    input  : /Users/afiaasante/Security-Code-Smells/linux/net/ethtool/tsinfo.c.xml
    output : /tmp/cwe190_findings_gOxxT5

    query  : FIND $T $FUNC($PARAMS) {} CONTAINS $TYPE $RESULT = $A + $B
    note   : destructor/constructor blocks covered by XPath fallback


real	0m0.016s
user	0m0.011s
sys	0m0.003s


--- Stage 2: XPath destructor/constructor fallback ---
    no unguarded destructor/constructor addition found

[ unchecked_add ] 0 finding(s) written to /tmp/cwe190_findings_gOxxT5
=== Detector 3: unchecked_increment ===
    input  : /Users/afiaasante/Security-Code-Smells/linux/net/ethtool/tsinfo.c.xml
    output : /tmp/cwe190_findings_gOxxT5

    strategy : XPath on srcML XML -- ancestor-scoped guard check

--- extracting finding via XPath ---
    function : ethnl_tsinfo_dump_one_netdev
    position : 397:35

    no taint source -- warning/smell
    finding: /Users/afiaasante/Security-Code-Smells/linux/net/ethtool/tsinfo.c:397:35 -- ethnl_tsinfo_dump_one_netdev() increments without MAX guard

[ unchecked_increment ] 1 finding(s) written to /tmp/cwe190_findings_gOxxT5
========================================
 Findings JSON
========================================
{
  "detector": "unchecked_multiply",
  "severity": "warning",
  "classification": "smell",
  "rule": "integerOverflow",
  "file": "/Users/afiaasante/Security-Code-Smells/linux/net/ethtool/tsinfo.c",
  "line": 299,
  "col": 51,
  "varname": "ethnl_tsinfo_prepare_dump",
  "note": {
    "line": 299,
    "col": 51,
    "message": "multiplication in ethnl_tsinfo_prepare_dump() -- no upper-bound guard (INT_MAX / 2)"
  }
}
{
  "detector": "unchecked_increment",
  "severity": "warning",
  "classification": "smell",
  "rule": "integerOverflow",
  "file": "/Users/afiaasante/Security-Code-Smells/linux/net/ethtool/tsinfo.c",
  "line": 397,
  "col": 35,
  "varname": "ethnl_tsinfo_dump_one_netdev",
  "note": {
    "line": 397,
    "col": 35,
    "message": "increment (++) in ethnl_tsinfo_dump_one_netdev() -- no upper-bound guard (INT_MAX check)"
  }
}

========================================
 Summary
 Total findings : 2
 Errors         : 0
 Warnings       : 2

 Breakdown by detector:
   unchecked_increment       1
   unchecked_multiply        1
========================================
