========================================
 CWE-190 Integer Overflow Risk Detector
 Source  : /Users/afiaasante/Security-Code-Smells/linux/net/dns_resolver/dns_key.c
 Report  : /Users/afiaasante/Security-Code-Smells/results/net_scan/SCS006/dns_resolver__dns_key.c/dns_key_report_20260417_173752.txt
 Findings: /Users/afiaasante/Security-Code-Smells/results/net_scan/SCS006/dns_resolver__dns_key.c/dns_key_findings_20260417_173752.json
 Date    : Fri Apr 17 17:37:52 EDT 2026
========================================

=== Stage 1: srcml ===

real	0m0.016s
user	0m0.012s
sys	0m0.003s

=== Stage 2: srcslice ===
Writing to :: /Users/afiaasante/Security-Code-Smells/linux/net/dns_resolver/dns_key.c.json
Output Saved to :: /Users/afiaasante/Security-Code-Smells/linux/net/dns_resolver/dns_key.c.json

real	0m0.179s
user	0m0.039s
sys	0m0.003s

=== Stage 3: srcattributor ===

real	0m0.132s
user	0m0.122s
sys	0m0.004s

=== Detector 1: unchecked_multiply ===
    input  : /Users/afiaasante/Security-Code-Smells/linux/net/dns_resolver/dns_key.c.xml
    output : /tmp/cwe190_findings_2tAdcZ

    query  : FIND $T $FUNC($PARAMS) {} CONTAINS $TYPE $RESULT = $A * $B
    note   : destructor/constructor blocks covered by XPath fallback


real	0m0.023s
user	0m0.009s
sys	0m0.004s


--- Stage 2: XPath destructor/constructor fallback ---
    no unguarded destructor/constructor multiply found

[ unchecked_multiply ] 0 finding(s) written to /tmp/cwe190_findings_2tAdcZ
=== Detector 2: unchecked_add ===
    input  : /Users/afiaasante/Security-Code-Smells/linux/net/dns_resolver/dns_key.c.xml
    output : /tmp/cwe190_findings_2tAdcZ

    query  : FIND $T $FUNC($PARAMS) {} CONTAINS $TYPE $RESULT = $A + $B
    note   : destructor/constructor blocks covered by XPath fallback


real	0m0.013s
user	0m0.008s
sys	0m0.003s


--- Stage 2: XPath destructor/constructor fallback ---
    no unguarded destructor/constructor addition found

[ unchecked_add ] 0 finding(s) written to /tmp/cwe190_findings_2tAdcZ
=== Detector 3: unchecked_increment ===
    input  : /Users/afiaasante/Security-Code-Smells/linux/net/dns_resolver/dns_key.c.xml
    output : /tmp/cwe190_findings_2tAdcZ

    strategy : XPath on srcML XML -- ancestor-scoped guard check

--- extracting finding via XPath ---
    function : dns_resolver_preparse
    position : 153:20

    no taint source -- warning/smell
    finding: /Users/afiaasante/Security-Code-Smells/linux/net/dns_resolver/dns_key.c:153:20 -- dns_resolver_preparse() increments without MAX guard

[ unchecked_increment ] 1 finding(s) written to /tmp/cwe190_findings_2tAdcZ
========================================
 Findings JSON
========================================
{
  "detector": "unchecked_increment",
  "severity": "warning",
  "classification": "smell",
  "rule": "integerOverflow",
  "file": "/Users/afiaasante/Security-Code-Smells/linux/net/dns_resolver/dns_key.c",
  "line": 153,
  "col": 20,
  "varname": "dns_resolver_preparse",
  "note": {
    "line": 153,
    "col": 20,
    "message": "increment (++) in dns_resolver_preparse() -- no upper-bound guard (INT_MAX check)"
  }
}

========================================
 Summary
 Total findings : 1
 Errors         : 0
 Warnings       : 1

 Breakdown by detector:
   unchecked_increment       1
========================================
