========================================
 CWE-195 Signed-to-Unsigned Conversion Detector
 Source  : /Users/afiaasante/Security-Code-Smells/linux/net/kcm/kcmproc.c
 Report  : /Users/afiaasante/Security-Code-Smells/results/net_scan/SCS007/kcm__kcmproc.c/kcmproc_report_20260417_180004.txt
 Findings: /Users/afiaasante/Security-Code-Smells/results/net_scan/SCS007/kcm__kcmproc.c/kcmproc_findings_20260417_180004.json
 Date    : Fri Apr 17 18:00:04 EDT 2026
========================================

=== Stage 1: srcml ===

real	0m0.032s
user	0m0.024s
sys	0m0.005s

=== Stage 2: srcslice ===
Writing to :: /Users/afiaasante/Security-Code-Smells/linux/net/kcm/kcmproc.c.json
Output Saved to :: /Users/afiaasante/Security-Code-Smells/linux/net/kcm/kcmproc.c.json

real	0m0.197s
user	0m0.062s
sys	0m0.004s

=== Stage 3: srcattributor ===

real	0m0.190s
user	0m0.174s
sys	0m0.005s

=== Detector 1: signed_malloc ===
    input  : /Users/afiaasante/Security-Code-Smells/linux/net/kcm/kcmproc.c.xml
    output : /tmp/cwe195_findings_TwEMvA

    query  : FIND $T $FUNC($PARAMS) {} CONTAINS malloc($A)
    note   : destructor/constructor blocks covered by XPath fallback


real	0m0.025s
user	0m0.013s
sys	0m0.005s


--- Stage 2: XPath destructor/constructor fallback ---
    no unguarded destructor/constructor malloc found

[ signed_malloc ] 0 finding(s) written to /tmp/cwe195_findings_TwEMvA
=== Detector 2: signed_memcpy ===
    input  : /Users/afiaasante/Security-Code-Smells/linux/net/kcm/kcmproc.c.xml
    output : /tmp/cwe195_findings_TwEMvA

    query  : FIND $T $FUNC($PARAMS) {} CONTAINS memcpy($A, $B, $C)

real	0m0.021s
user	0m0.012s
sys	0m0.005s

    query  : FIND $T $FUNC($PARAMS) {} CONTAINS memmove($A, $B, $C)

real	0m0.019s
user	0m0.012s
sys	0m0.004s


--- Stage 2: XPath destructor/constructor fallback ---
    no unguarded destructor/constructor memcpy/memmove found

[ signed_memcpy ] 0 finding(s) written to /tmp/cwe195_findings_TwEMvA
=== Detector 3: signed_strncpy ===
    input  : /Users/afiaasante/Security-Code-Smells/linux/net/kcm/kcmproc.c.xml
    output : /tmp/cwe195_findings_TwEMvA

    query  : FIND $T $FUNC($PARAMS) {} CONTAINS strncpy($A, $B, $C)
    note   : destructor/constructor blocks covered by XPath fallback


real	0m0.027s
user	0m0.013s
sys	0m0.005s


--- Stage 2: XPath destructor/constructor fallback ---
    no unguarded destructor/constructor strncpy found

[ signed_strncpy ] 0 finding(s) written to /tmp/cwe195_findings_TwEMvA
========================================
 Findings JSON
========================================

========================================
 Summary
 Total findings : 0
 Errors         : 0
 Warnings       : 0
========================================
