========================================
 CWE-190 Integer Overflow Risk Detector
 Source  : /Users/afiaasante/Security-Code-Smells/linux/net/bridge/br_vlan_options.c
 Report  : /Users/afiaasante/Security-Code-Smells/results/net_scan/SCS006/bridge__br_vlan_options.c/br_vlan_options_report_20260417_173602.txt
 Findings: /Users/afiaasante/Security-Code-Smells/results/net_scan/SCS006/bridge__br_vlan_options.c/br_vlan_options_findings_20260417_173602.json
 Date    : Fri Apr 17 17:36:02 EDT 2026
========================================

=== Stage 1: srcml ===

real	0m0.030s
user	0m0.024s
sys	0m0.004s

=== Stage 2: srcslice ===
Writing to :: /Users/afiaasante/Security-Code-Smells/linux/net/bridge/br_vlan_options.c.json
Output Saved to :: /Users/afiaasante/Security-Code-Smells/linux/net/bridge/br_vlan_options.c.json

real	0m0.188s
user	0m0.070s
sys	0m0.004s

=== Stage 3: srcattributor ===

real	0m0.627s
user	0m0.607s
sys	0m0.007s

=== Detector 1: unchecked_multiply ===
    input  : /Users/afiaasante/Security-Code-Smells/linux/net/bridge/br_vlan_options.c.xml
    output : /tmp/cwe190_findings_8USyLU

    query  : FIND $T $FUNC($PARAMS) {} CONTAINS $TYPE $RESULT = $A * $B
    note   : destructor/constructor blocks covered by XPath fallback


real	0m0.020s
user	0m0.014s
sys	0m0.004s


--- Stage 2: XPath destructor/constructor fallback ---
    no unguarded destructor/constructor multiply found

[ unchecked_multiply ] 0 finding(s) written to /tmp/cwe190_findings_8USyLU
=== Detector 2: unchecked_add ===
    input  : /Users/afiaasante/Security-Code-Smells/linux/net/bridge/br_vlan_options.c.xml
    output : /tmp/cwe190_findings_8USyLU

    query  : FIND $T $FUNC($PARAMS) {} CONTAINS $TYPE $RESULT = $A + $B
    note   : destructor/constructor blocks covered by XPath fallback


real	0m0.020s
user	0m0.014s
sys	0m0.004s


--- Stage 2: XPath destructor/constructor fallback ---
    no unguarded destructor/constructor addition found

[ unchecked_add ] 0 finding(s) written to /tmp/cwe190_findings_8USyLU
=== Detector 3: unchecked_increment ===
    input  : /Users/afiaasante/Security-Code-Smells/linux/net/bridge/br_vlan_options.c.xml
    output : /tmp/cwe190_findings_8USyLU

    strategy : XPath on srcML XML -- ancestor-scoped guard check

--- extracting finding via XPath ---
    function : br_vlan_process_options
    position : 310:64

    no taint source -- warning/smell
    finding: /Users/afiaasante/Security-Code-Smells/linux/net/bridge/br_vlan_options.c:310:64 -- br_vlan_process_options() increments without MAX guard

[ unchecked_increment ] 1 finding(s) written to /tmp/cwe190_findings_8USyLU
========================================
 Findings JSON
========================================
{
  "detector": "unchecked_increment",
  "severity": "warning",
  "classification": "smell",
  "rule": "integerOverflow",
  "file": "/Users/afiaasante/Security-Code-Smells/linux/net/bridge/br_vlan_options.c",
  "line": 310,
  "col": 64,
  "varname": "br_vlan_process_options",
  "note": {
    "line": 310,
    "col": 64,
    "message": "increment (++) in br_vlan_process_options() -- no upper-bound guard (INT_MAX check)"
  }
}

========================================
 Summary
 Total findings : 1
 Errors         : 0
 Warnings       : 1

 Breakdown by detector:
   unchecked_increment       1
========================================
