========================================
 CWE-195 Signed-to-Unsigned Conversion Detector
 Source  : /Users/afiaasante/Security-Code-Smells/linux/net/l2tp/l2tp_ip.c
 Report  : /Users/afiaasante/Security-Code-Smells/results/net_scan/SCS007/l2tp__l2tp_ip.c/l2tp_ip_report_20260417_180012.txt
 Findings: /Users/afiaasante/Security-Code-Smells/results/net_scan/SCS007/l2tp__l2tp_ip.c/l2tp_ip_findings_20260417_180012.json
 Date    : Fri Apr 17 18:00:12 EDT 2026
========================================

=== Stage 1: srcml ===

real	0m0.051s
user	0m0.044s
sys	0m0.005s

=== Stage 2: srcslice ===
Writing to :: /Users/afiaasante/Security-Code-Smells/linux/net/l2tp/l2tp_ip.c.json
Output Saved to :: /Users/afiaasante/Security-Code-Smells/linux/net/l2tp/l2tp_ip.c.json

real	0m0.251s
user	0m0.090s
sys	0m0.005s

=== Stage 3: srcattributor ===

real	0m0.754s
user	0m0.730s
sys	0m0.009s

=== Detector 1: signed_malloc ===
    input  : /Users/afiaasante/Security-Code-Smells/linux/net/l2tp/l2tp_ip.c.xml
    output : /tmp/cwe195_findings_ol5yX8

    query  : FIND $T $FUNC($PARAMS) {} CONTAINS malloc($A)
    note   : destructor/constructor blocks covered by XPath fallback


real	0m0.024s
user	0m0.017s
sys	0m0.005s


--- Stage 2: XPath destructor/constructor fallback ---
    no unguarded destructor/constructor malloc found

[ signed_malloc ] 0 finding(s) written to /tmp/cwe195_findings_ol5yX8
=== Detector 2: signed_memcpy ===
    input  : /Users/afiaasante/Security-Code-Smells/linux/net/l2tp/l2tp_ip.c.xml
    output : /tmp/cwe195_findings_ol5yX8

    query  : FIND $T $FUNC($PARAMS) {} CONTAINS memcpy($A, $B, $C)

real	0m0.024s
user	0m0.017s
sys	0m0.004s

    query  : FIND $T $FUNC($PARAMS) {} CONTAINS memmove($A, $B, $C)

real	0m0.023s
user	0m0.017s
sys	0m0.006s


--- Stage 2: XPath destructor/constructor fallback ---
    no unguarded destructor/constructor memcpy/memmove found

[ signed_memcpy ] 0 finding(s) written to /tmp/cwe195_findings_ol5yX8
=== Detector 3: signed_strncpy ===
    input  : /Users/afiaasante/Security-Code-Smells/linux/net/l2tp/l2tp_ip.c.xml
    output : /tmp/cwe195_findings_ol5yX8

    query  : FIND $T $FUNC($PARAMS) {} CONTAINS strncpy($A, $B, $C)
    note   : destructor/constructor blocks covered by XPath fallback


real	0m0.022s
user	0m0.017s
sys	0m0.005s


--- Stage 2: XPath destructor/constructor fallback ---
    no unguarded destructor/constructor strncpy found

[ signed_strncpy ] 0 finding(s) written to /tmp/cwe195_findings_ol5yX8
========================================
 Findings JSON
========================================

========================================
 Summary
 Total findings : 0
 Errors         : 0
 Warnings       : 0
========================================
