========================================
 CWE-195 Signed-to-Unsigned Conversion Detector
 Source  : /Users/afiaasante/Security-Code-Smells/linux/net/vmw_vsock/hyperv_transport.c
 Report  : /Users/afiaasante/Security-Code-Smells/results/net_scan/SCS007/vmw_vsock__hyperv_transport.c/hyperv_transport_report_20260417_180734.txt
 Findings: /Users/afiaasante/Security-Code-Smells/results/net_scan/SCS007/vmw_vsock__hyperv_transport.c/hyperv_transport_findings_20260417_180734.json
 Date    : Fri Apr 17 18:07:34 EDT 2026
========================================

=== Stage 1: srcml ===

real	0m0.066s
user	0m0.054s
sys	0m0.006s

=== Stage 2: srcslice ===
Writing to :: /Users/afiaasante/Security-Code-Smells/linux/net/vmw_vsock/hyperv_transport.c.json
Output Saved to :: /Users/afiaasante/Security-Code-Smells/linux/net/vmw_vsock/hyperv_transport.c.json

real	0m0.252s
user	0m0.106s
sys	0m0.007s

=== Stage 3: srcattributor ===

real	0m1.216s
user	0m1.127s
sys	0m0.018s

=== Detector 1: signed_malloc ===
    input  : /Users/afiaasante/Security-Code-Smells/linux/net/vmw_vsock/hyperv_transport.c.xml
    output : /tmp/cwe195_findings_f6X1SO

    query  : FIND $T $FUNC($PARAMS) {} CONTAINS malloc($A)
    note   : destructor/constructor blocks covered by XPath fallback


real	0m0.031s
user	0m0.019s
sys	0m0.005s


--- Stage 2: XPath destructor/constructor fallback ---
    no unguarded destructor/constructor malloc found

[ signed_malloc ] 0 finding(s) written to /tmp/cwe195_findings_f6X1SO
=== Detector 2: signed_memcpy ===
    input  : /Users/afiaasante/Security-Code-Smells/linux/net/vmw_vsock/hyperv_transport.c.xml
    output : /tmp/cwe195_findings_f6X1SO

    query  : FIND $T $FUNC($PARAMS) {} CONTAINS memcpy($A, $B, $C)

real	0m0.039s
user	0m0.019s
sys	0m0.005s

    query  : FIND $T $FUNC($PARAMS) {} CONTAINS memmove($A, $B, $C)

real	0m0.027s
user	0m0.019s
sys	0m0.005s


--- Stage 2: XPath destructor/constructor fallback ---
    no unguarded destructor/constructor memcpy/memmove found

[ signed_memcpy ] 0 finding(s) written to /tmp/cwe195_findings_f6X1SO
=== Detector 3: signed_strncpy ===
    input  : /Users/afiaasante/Security-Code-Smells/linux/net/vmw_vsock/hyperv_transport.c.xml
    output : /tmp/cwe195_findings_f6X1SO

    query  : FIND $T $FUNC($PARAMS) {} CONTAINS strncpy($A, $B, $C)
    note   : destructor/constructor blocks covered by XPath fallback


real	0m0.031s
user	0m0.019s
sys	0m0.005s


--- Stage 2: XPath destructor/constructor fallback ---
    no unguarded destructor/constructor strncpy found

[ signed_strncpy ] 0 finding(s) written to /tmp/cwe195_findings_f6X1SO
========================================
 Findings JSON
========================================

========================================
 Summary
 Total findings : 0
 Errors         : 0
 Warnings       : 0
========================================
