========================================
 CWE-190 Integer Overflow Risk Detector
 Source  : /Users/afiaasante/Security-Code-Smells/linux/net/devlink/health.c
 Report  : /Users/afiaasante/Security-Code-Smells/results/net_scan/SCS006/devlink__health.c/health_report_20260417_173745.txt
 Findings: /Users/afiaasante/Security-Code-Smells/results/net_scan/SCS006/devlink__health.c/health_findings_20260417_173745.json
 Date    : Fri Apr 17 17:37:45 EDT 2026
========================================

=== Stage 1: srcml ===

real	0m0.061s
user	0m0.056s
sys	0m0.004s

=== Stage 2: srcslice ===
Writing to :: /Users/afiaasante/Security-Code-Smells/linux/net/devlink/health.c.json
Output Saved to :: /Users/afiaasante/Security-Code-Smells/linux/net/devlink/health.c.json

real	0m0.242s
user	0m0.110s
sys	0m0.004s

=== Stage 3: srcattributor ===

real	0m2.318s
user	0m2.269s
sys	0m0.020s

=== Detector 1: unchecked_multiply ===
    input  : /Users/afiaasante/Security-Code-Smells/linux/net/devlink/health.c.xml
    output : /tmp/cwe190_findings_mZAL0W

    query  : FIND $T $FUNC($PARAMS) {} CONTAINS $TYPE $RESULT = $A * $B
    note   : destructor/constructor blocks covered by XPath fallback


real	0m0.020s
user	0m0.015s
sys	0m0.004s


--- Stage 2: XPath destructor/constructor fallback ---
    no unguarded destructor/constructor multiply found

[ unchecked_multiply ] 0 finding(s) written to /tmp/cwe190_findings_mZAL0W
=== Detector 2: unchecked_add ===
    input  : /Users/afiaasante/Security-Code-Smells/linux/net/devlink/health.c.xml
    output : /tmp/cwe190_findings_mZAL0W

    query  : FIND $T $FUNC($PARAMS) {} CONTAINS $TYPE $RESULT = $A + $B
    note   : destructor/constructor blocks covered by XPath fallback


real	0m0.023s
user	0m0.018s
sys	0m0.004s

--- Stage 1: checking srcQL result for MAX guard in <condition> ---
    no taint source -- warning/smell
    finding: /Users/afiaasante/Security-Code-Smells/linux/net/devlink/health.c:540:68 -- devlink_health_reporter_in_burst() adds without MAX guard

--- Stage 2: XPath destructor/constructor fallback ---
    no unguarded destructor/constructor addition found

[ unchecked_add ] 1 finding(s) written to /tmp/cwe190_findings_mZAL0W
=== Detector 3: unchecked_increment ===
    input  : /Users/afiaasante/Security-Code-Smells/linux/net/devlink/health.c.xml
    output : /tmp/cwe190_findings_mZAL0W

    strategy : XPath on srcML XML -- ancestor-scoped guard check

--- extracting finding via XPath ---
    function : devlink_nl_health_reporter_get_dump_one
    position : 411:28

    no taint source -- warning/smell
    finding: /Users/afiaasante/Security-Code-Smells/linux/net/devlink/health.c:411:28 -- devlink_nl_health_reporter_get_dump_one() increments without MAX guard

[ unchecked_increment ] 1 finding(s) written to /tmp/cwe190_findings_mZAL0W
========================================
 Findings JSON
========================================
{
  "detector": "unchecked_add",
  "severity": "warning",
  "classification": "smell",
  "rule": "integerOverflow",
  "file": "/Users/afiaasante/Security-Code-Smells/linux/net/devlink/health.c",
  "line": 540,
  "col": 68,
  "varname": "devlink_health_reporter_in_burst",
  "note": {
    "line": 540,
    "col": 68,
    "message": "addition in devlink_health_reporter_in_burst() -- no upper-bound guard before adding"
  }
}
{
  "detector": "unchecked_increment",
  "severity": "warning",
  "classification": "smell",
  "rule": "integerOverflow",
  "file": "/Users/afiaasante/Security-Code-Smells/linux/net/devlink/health.c",
  "line": 411,
  "col": 28,
  "varname": "devlink_nl_health_reporter_get_dump_one",
  "note": {
    "line": 411,
    "col": 28,
    "message": "increment (++) in devlink_nl_health_reporter_get_dump_one() -- no upper-bound guard (INT_MAX check)"
  }
}

========================================
 Summary
 Total findings : 2
 Errors         : 0
 Warnings       : 2

 Breakdown by detector:
   unchecked_add             1
   unchecked_increment       1
========================================
