========================================
 CWE-190 Integer Overflow Risk Detector
 Source  : /Users/afiaasante/Security-Code-Smells/linux/net/netfilter/ipset/ip_set_hash_ipportnet.c
 Report  : /Users/afiaasante/Security-Code-Smells/results/net_scan/SCS006/netfilter__ipset__ip_set_hash_ipportnet.c/ip_set_hash_ipportnet_report_20260417_174203.txt
 Findings: /Users/afiaasante/Security-Code-Smells/results/net_scan/SCS006/netfilter__ipset__ip_set_hash_ipportnet.c/ip_set_hash_ipportnet_findings_20260417_174203.json
 Date    : Fri Apr 17 17:42:03 EDT 2026
========================================

=== Stage 1: srcml ===

real	0m0.041s
user	0m0.034s
sys	0m0.004s

=== Stage 2: srcslice ===
Writing to :: /Users/afiaasante/Security-Code-Smells/linux/net/netfilter/ipset/ip_set_hash_ipportnet.c.json
Output Saved to :: /Users/afiaasante/Security-Code-Smells/linux/net/netfilter/ipset/ip_set_hash_ipportnet.c.json

real	0m0.188s
user	0m0.081s
sys	0m0.004s

=== Stage 3: srcattributor ===

real	0m0.631s
user	0m0.600s
sys	0m0.010s

=== Detector 1: unchecked_multiply ===
    input  : /Users/afiaasante/Security-Code-Smells/linux/net/netfilter/ipset/ip_set_hash_ipportnet.c.xml
    output : /tmp/cwe190_findings_qb74Fu

    query  : FIND $T $FUNC($PARAMS) {} CONTAINS $TYPE $RESULT = $A * $B
    note   : destructor/constructor blocks covered by XPath fallback


real	0m0.025s
user	0m0.015s
sys	0m0.005s


--- Stage 2: XPath destructor/constructor fallback ---
    no unguarded destructor/constructor multiply found

[ unchecked_multiply ] 0 finding(s) written to /tmp/cwe190_findings_qb74Fu
=== Detector 2: unchecked_add ===
    input  : /Users/afiaasante/Security-Code-Smells/linux/net/netfilter/ipset/ip_set_hash_ipportnet.c.xml
    output : /tmp/cwe190_findings_qb74Fu

    query  : FIND $T $FUNC($PARAMS) {} CONTAINS $TYPE $RESULT = $A + $B
    note   : destructor/constructor blocks covered by XPath fallback


real	0m0.021s
user	0m0.015s
sys	0m0.004s


--- Stage 2: XPath destructor/constructor fallback ---
    no unguarded destructor/constructor addition found

[ unchecked_add ] 0 finding(s) written to /tmp/cwe190_findings_qb74Fu
=== Detector 3: unchecked_increment ===
    input  : /Users/afiaasante/Security-Code-Smells/linux/net/netfilter/ipset/ip_set_hash_ipportnet.c.xml
    output : /tmp/cwe190_findings_qb74Fu

    strategy : XPath on srcML XML -- ancestor-scoped guard check

--- extracting finding via XPath ---
    function : hash_ipportnet6_uadt
    position : 502:37

    no taint source -- warning/smell
    finding: /Users/afiaasante/Security-Code-Smells/linux/net/netfilter/ipset/ip_set_hash_ipportnet.c:502:37 -- hash_ipportnet6_uadt() increments without MAX guard

[ unchecked_increment ] 1 finding(s) written to /tmp/cwe190_findings_qb74Fu
========================================
 Findings JSON
========================================
{
  "detector": "unchecked_increment",
  "severity": "warning",
  "classification": "smell",
  "rule": "integerOverflow",
  "file": "/Users/afiaasante/Security-Code-Smells/linux/net/netfilter/ipset/ip_set_hash_ipportnet.c",
  "line": 502,
  "col": 37,
  "varname": "hash_ipportnet6_uadt",
  "note": {
    "line": 502,
    "col": 37,
    "message": "increment (++) in hash_ipportnet6_uadt() -- no upper-bound guard (INT_MAX check)"
  }
}

========================================
 Summary
 Total findings : 1
 Errors         : 0
 Warnings       : 1

 Breakdown by detector:
   unchecked_increment       1
========================================
