========================================
 CWE-190 Integer Overflow Risk Detector
 Source  : /Users/afiaasante/Security-Code-Smells/linux/net/sctp/auth.c
 Report  : /Users/afiaasante/Security-Code-Smells/results/net_scan/SCS006/sctp__auth.c/auth_report_20260417_174446.txt
 Findings: /Users/afiaasante/Security-Code-Smells/results/net_scan/SCS006/sctp__auth.c/auth_findings_20260417_174446.json
 Date    : Fri Apr 17 17:44:46 EDT 2026
========================================

=== Stage 1: srcml ===

real	0m0.052s
user	0m0.044s
sys	0m0.004s

=== Stage 2: srcslice ===
Writing to :: /Users/afiaasante/Security-Code-Smells/linux/net/sctp/auth.c.json
Output Saved to :: /Users/afiaasante/Security-Code-Smells/linux/net/sctp/auth.c.json

real	0m0.239s
user	0m0.091s
sys	0m0.004s

=== Stage 3: srcattributor ===

real	0m1.062s
user	0m1.034s
sys	0m0.012s

=== Detector 1: unchecked_multiply ===
    input  : /Users/afiaasante/Security-Code-Smells/linux/net/sctp/auth.c.xml
    output : /tmp/cwe190_findings_CQW5Kr

    query  : FIND $T $FUNC($PARAMS) {} CONTAINS $TYPE $RESULT = $A * $B
    note   : destructor/constructor blocks covered by XPath fallback


real	0m0.021s
user	0m0.015s
sys	0m0.004s


--- Stage 2: XPath destructor/constructor fallback ---
    no unguarded destructor/constructor multiply found

[ unchecked_multiply ] 0 finding(s) written to /tmp/cwe190_findings_CQW5Kr
=== Detector 2: unchecked_add ===
    input  : /Users/afiaasante/Security-Code-Smells/linux/net/sctp/auth.c.xml
    output : /tmp/cwe190_findings_CQW5Kr

    query  : FIND $T $FUNC($PARAMS) {} CONTAINS $TYPE $RESULT = $A + $B
    note   : destructor/constructor blocks covered by XPath fallback


real	0m0.022s
user	0m0.016s
sys	0m0.004s


--- Stage 2: XPath destructor/constructor fallback ---
    no unguarded destructor/constructor addition found

[ unchecked_add ] 0 finding(s) written to /tmp/cwe190_findings_CQW5Kr
=== Detector 3: unchecked_increment ===
    input  : /Users/afiaasante/Security-Code-Smells/linux/net/sctp/auth.c.xml
    output : /tmp/cwe190_findings_CQW5Kr

    strategy : XPath on srcML XML -- ancestor-scoped guard check

--- extracting finding via XPath ---
    function : sctp_auth_compare_vectors
    position : 164:45

    no taint source -- warning/smell
    finding: /Users/afiaasante/Security-Code-Smells/linux/net/sctp/auth.c:164:45 -- sctp_auth_compare_vectors() increments without MAX guard

[ unchecked_increment ] 1 finding(s) written to /tmp/cwe190_findings_CQW5Kr
========================================
 Findings JSON
========================================
{
  "detector": "unchecked_increment",
  "severity": "warning",
  "classification": "smell",
  "rule": "integerOverflow",
  "file": "/Users/afiaasante/Security-Code-Smells/linux/net/sctp/auth.c",
  "line": 164,
  "col": 45,
  "varname": "sctp_auth_compare_vectors",
  "note": {
    "line": 164,
    "col": 45,
    "message": "increment (++) in sctp_auth_compare_vectors() -- no upper-bound guard (INT_MAX check)"
  }
}

========================================
 Summary
 Total findings : 1
 Errors         : 0
 Warnings       : 1

 Breakdown by detector:
   unchecked_increment       1
========================================
