========================================
 CWE-190 Integer Overflow Risk Detector
 Source  : /Users/afiaasante/Security-Code-Smells/linux/net/sctp/transport.c
 Report  : /Users/afiaasante/Security-Code-Smells/results/net_scan/SCS006/sctp__transport.c/transport_report_20260417_174457.txt
 Findings: /Users/afiaasante/Security-Code-Smells/results/net_scan/SCS006/sctp__transport.c/transport_findings_20260417_174457.json
 Date    : Fri Apr 17 17:44:57 EDT 2026
========================================

=== Stage 1: srcml ===

real	0m0.053s
user	0m0.044s
sys	0m0.004s

=== Stage 2: srcslice ===
Writing to :: /Users/afiaasante/Security-Code-Smells/linux/net/sctp/transport.c.json
Output Saved to :: /Users/afiaasante/Security-Code-Smells/linux/net/sctp/transport.c.json

real	0m0.243s
user	0m0.100s
sys	0m0.005s

=== Stage 3: srcattributor ===

real	0m0.839s
user	0m0.820s
sys	0m0.011s

=== Detector 1: unchecked_multiply ===
    input  : /Users/afiaasante/Security-Code-Smells/linux/net/sctp/transport.c.xml
    output : /tmp/cwe190_findings_nJ2TrK

    query  : FIND $T $FUNC($PARAMS) {} CONTAINS $TYPE $RESULT = $A * $B
    note   : destructor/constructor blocks covered by XPath fallback


real	0m0.024s
user	0m0.017s
sys	0m0.005s


--- Stage 2: XPath destructor/constructor fallback ---
    no unguarded destructor/constructor multiply found

[ unchecked_multiply ] 0 finding(s) written to /tmp/cwe190_findings_nJ2TrK
=== Detector 2: unchecked_add ===
    input  : /Users/afiaasante/Security-Code-Smells/linux/net/sctp/transport.c.xml
    output : /tmp/cwe190_findings_nJ2TrK

    query  : FIND $T $FUNC($PARAMS) {} CONTAINS $TYPE $RESULT = $A + $B
    note   : destructor/constructor blocks covered by XPath fallback


real	0m0.021s
user	0m0.015s
sys	0m0.004s


--- Stage 2: XPath destructor/constructor fallback ---
    no unguarded destructor/constructor addition found

[ unchecked_add ] 0 finding(s) written to /tmp/cwe190_findings_nJ2TrK
=== Detector 3: unchecked_increment ===
    input  : /Users/afiaasante/Security-Code-Smells/linux/net/sctp/transport.c.xml
    output : /tmp/cwe190_findings_nJ2TrK

    strategy : XPath on srcML XML -- ancestor-scoped guard check

--- extracting finding via XPath ---
    function : sctp_transport_pl_send
    position : 298:26

    no taint source -- warning/smell
    finding: /Users/afiaasante/Security-Code-Smells/linux/net/sctp/transport.c:298:26 -- sctp_transport_pl_send() increments without MAX guard

[ unchecked_increment ] 1 finding(s) written to /tmp/cwe190_findings_nJ2TrK
========================================
 Findings JSON
========================================
{
  "detector": "unchecked_increment",
  "severity": "warning",
  "classification": "smell",
  "rule": "integerOverflow",
  "file": "/Users/afiaasante/Security-Code-Smells/linux/net/sctp/transport.c",
  "line": 298,
  "col": 26,
  "varname": "sctp_transport_pl_send",
  "note": {
    "line": 298,
    "col": 26,
    "message": "increment (++) in sctp_transport_pl_send() -- no upper-bound guard (INT_MAX check)"
  }
}

========================================
 Summary
 Total findings : 1
 Errors         : 0
 Warnings       : 1

 Breakdown by detector:
   unchecked_increment       1
========================================
