========================================
 CWE-190 Integer Overflow Risk Detector
 Source  : /Users/afiaasante/Security-Code-Smells/linux/net/ipv6/addrconf.c
 Report  : /Users/afiaasante/Security-Code-Smells/results/net_scan/SCS006/ipv6__addrconf.c/addrconf_report_20260417_173926.txt
 Findings: /Users/afiaasante/Security-Code-Smells/results/net_scan/SCS006/ipv6__addrconf.c/addrconf_findings_20260417_173926.json
 Date    : Fri Apr 17 17:39:26 EDT 2026
========================================

=== Stage 1: srcml ===

real	0m0.349s
user	0m0.335s
sys	0m0.009s

=== Stage 2: srcslice ===
Writing to :: /Users/afiaasante/Security-Code-Smells/linux/net/ipv6/addrconf.c.json
Output Saved to :: /Users/afiaasante/Security-Code-Smells/linux/net/ipv6/addrconf.c.json

real	0m0.776s
user	0m0.658s
sys	0m0.014s

=== Stage 3: srcattributor ===

real	1m17.966s
user	1m13.460s
sys	0m0.740s

=== Detector 1: unchecked_multiply ===
    input  : /Users/afiaasante/Security-Code-Smells/linux/net/ipv6/addrconf.c.xml
    output : /tmp/cwe190_findings_pATc6L

    query  : FIND $T $FUNC($PARAMS) {} CONTAINS $TYPE $RESULT = $A * $B
    note   : destructor/constructor blocks covered by XPath fallback


real	0m0.144s
user	0m0.106s
sys	0m0.013s

--- Stage 1: checking srcQL result for MAX guard in <condition> ---
    no taint source -- warning/smell
    finding: /Users/afiaasante/Security-Code-Smells/linux/net/ipv6/addrconf.c:107:61 -- rfc3315_s14_backoff_init() multiplies without MAX guard

--- Stage 2: XPath destructor/constructor fallback ---
    no unguarded destructor/constructor multiply found

[ unchecked_multiply ] 1 finding(s) written to /tmp/cwe190_findings_pATc6L
=== Detector 2: unchecked_add ===
    input  : /Users/afiaasante/Security-Code-Smells/linux/net/ipv6/addrconf.c.xml
    output : /tmp/cwe190_findings_pATc6L

    query  : FIND $T $FUNC($PARAMS) {} CONTAINS $TYPE $RESULT = $A + $B
    note   : destructor/constructor blocks covered by XPath fallback


real	0m0.190s
user	0m0.107s
sys	0m0.019s

--- Stage 1: checking srcQL result for MAX guard in <condition> ---
    no taint source -- warning/smell
    finding: /Users/afiaasante/Security-Code-Smells/linux/net/ipv6/addrconf.c:510:21 -- inet6_netconf_msgsize_devconf() adds without MAX guard

--- Stage 2: XPath destructor/constructor fallback ---
    no unguarded destructor/constructor addition found

[ unchecked_add ] 1 finding(s) written to /tmp/cwe190_findings_pATc6L
=== Detector 3: unchecked_increment ===
    input  : /Users/afiaasante/Security-Code-Smells/linux/net/ipv6/addrconf.c.xml
    output : /tmp/cwe190_findings_pATc6L

    strategy : XPath on srcML XML -- ancestor-scoped guard check

--- extracting finding via XPath ---
    function : inet6_netconf_valid_get_req
    position : 640:41

    no taint source -- warning/smell
    finding: /Users/afiaasante/Security-Code-Smells/linux/net/ipv6/addrconf.c:640:41 -- inet6_netconf_valid_get_req() increments without MAX guard

[ unchecked_increment ] 1 finding(s) written to /tmp/cwe190_findings_pATc6L
========================================
 Findings JSON
========================================
{
  "detector": "unchecked_multiply",
  "severity": "warning",
  "classification": "smell",
  "rule": "integerOverflow",
  "file": "/Users/afiaasante/Security-Code-Smells/linux/net/ipv6/addrconf.c",
  "line": 107,
  "col": 61,
  "varname": "rfc3315_s14_backoff_init",
  "note": {
    "line": 107,
    "col": 61,
    "message": "multiplication in rfc3315_s14_backoff_init() -- no upper-bound guard (INT_MAX / 2)"
  }
}
{
  "detector": "unchecked_add",
  "severity": "warning",
  "classification": "smell",
  "rule": "integerOverflow",
  "file": "/Users/afiaasante/Security-Code-Smells/linux/net/ipv6/addrconf.c",
  "line": 510,
  "col": 21,
  "varname": "inet6_netconf_msgsize_devconf",
  "note": {
    "line": 510,
    "col": 21,
    "message": "addition in inet6_netconf_msgsize_devconf() -- no upper-bound guard before adding"
  }
}
{
  "detector": "unchecked_increment",
  "severity": "warning",
  "classification": "smell",
  "rule": "integerOverflow",
  "file": "/Users/afiaasante/Security-Code-Smells/linux/net/ipv6/addrconf.c",
  "line": 640,
  "col": 41,
  "varname": "inet6_netconf_valid_get_req",
  "note": {
    "line": 640,
    "col": 41,
    "message": "increment (++) in inet6_netconf_valid_get_req() -- no upper-bound guard (INT_MAX check)"
  }
}

========================================
 Summary
 Total findings : 3
 Errors         : 0
 Warnings       : 3

 Breakdown by detector:
   unchecked_add             1
   unchecked_increment       1
   unchecked_multiply        1
========================================
