========================================
 CWE-190 Integer Overflow Risk Detector
 Source  : /Users/afiaasante/Security-Code-Smells/linux/net/sunrpc/xprtrdma/svc_rdma_sendto.c
 Report  : /Users/afiaasante/Security-Code-Smells/results/net_scan/SCS006/sunrpc__xprtrdma__svc_rdma_sendto.c/svc_rdma_sendto_report_20260417_174548.txt
 Findings: /Users/afiaasante/Security-Code-Smells/results/net_scan/SCS006/sunrpc__xprtrdma__svc_rdma_sendto.c/svc_rdma_sendto_findings_20260417_174548.json
 Date    : Fri Apr 17 17:45:48 EDT 2026
========================================

=== Stage 1: srcml ===

real	0m0.056s
user	0m0.050s
sys	0m0.005s

=== Stage 2: srcslice ===
Writing to :: /Users/afiaasante/Security-Code-Smells/linux/net/sunrpc/xprtrdma/svc_rdma_sendto.c.json
Output Saved to :: /Users/afiaasante/Security-Code-Smells/linux/net/sunrpc/xprtrdma/svc_rdma_sendto.c.json

real	0m0.248s
user	0m0.105s
sys	0m0.005s

=== Stage 3: srcattributor ===

real	0m1.514s
user	0m1.469s
sys	0m0.019s

=== Detector 1: unchecked_multiply ===
    input  : /Users/afiaasante/Security-Code-Smells/linux/net/sunrpc/xprtrdma/svc_rdma_sendto.c.xml
    output : /tmp/cwe190_findings_fREH3N

    query  : FIND $T $FUNC($PARAMS) {} CONTAINS $TYPE $RESULT = $A * $B
    note   : destructor/constructor blocks covered by XPath fallback


real	0m0.022s
user	0m0.016s
sys	0m0.004s

--- Stage 1: checking srcQL result for MAX guard in <condition> ---
    no taint source -- warning/smell
    finding: /Users/afiaasante/Security-Code-Smells/linux/net/sunrpc/xprtrdma/svc_rdma_sendto.c:435:50 -- svc_rdma_encode_write_segment() multiplies without MAX guard

--- Stage 2: XPath destructor/constructor fallback ---
    no unguarded destructor/constructor multiply found

[ unchecked_multiply ] 1 finding(s) written to /tmp/cwe190_findings_fREH3N
=== Detector 2: unchecked_add ===
    input  : /Users/afiaasante/Security-Code-Smells/linux/net/sunrpc/xprtrdma/svc_rdma_sendto.c.xml
    output : /tmp/cwe190_findings_fREH3N

    query  : FIND $T $FUNC($PARAMS) {} CONTAINS $TYPE $RESULT = $A + $B
    note   : destructor/constructor blocks covered by XPath fallback


real	0m0.024s
user	0m0.018s
sys	0m0.004s


--- Stage 2: XPath destructor/constructor fallback ---
    no unguarded destructor/constructor addition found

[ unchecked_add ] 0 finding(s) written to /tmp/cwe190_findings_fREH3N
=== Detector 3: unchecked_increment ===
    input  : /Users/afiaasante/Security-Code-Smells/linux/net/sunrpc/xprtrdma/svc_rdma_sendto.c.xml
    output : /tmp/cwe190_findings_fREH3N

    strategy : XPath on srcML XML -- ancestor-scoped guard check

--- extracting finding via XPath ---
    function : svc_rdma_send_ctxt_alloc
    position : 157:50

    no taint source -- warning/smell
    finding: /Users/afiaasante/Security-Code-Smells/linux/net/sunrpc/xprtrdma/svc_rdma_sendto.c:157:50 -- svc_rdma_send_ctxt_alloc() increments without MAX guard

[ unchecked_increment ] 1 finding(s) written to /tmp/cwe190_findings_fREH3N
========================================
 Findings JSON
========================================
{
  "detector": "unchecked_multiply",
  "severity": "warning",
  "classification": "smell",
  "rule": "integerOverflow",
  "file": "/Users/afiaasante/Security-Code-Smells/linux/net/sunrpc/xprtrdma/svc_rdma_sendto.c",
  "line": 435,
  "col": 50,
  "varname": "svc_rdma_encode_write_segment",
  "note": {
    "line": 435,
    "col": 50,
    "message": "multiplication in svc_rdma_encode_write_segment() -- no upper-bound guard (INT_MAX / 2)"
  }
}
{
  "detector": "unchecked_increment",
  "severity": "warning",
  "classification": "smell",
  "rule": "integerOverflow",
  "file": "/Users/afiaasante/Security-Code-Smells/linux/net/sunrpc/xprtrdma/svc_rdma_sendto.c",
  "line": 157,
  "col": 50,
  "varname": "svc_rdma_send_ctxt_alloc",
  "note": {
    "line": 157,
    "col": 50,
    "message": "increment (++) in svc_rdma_send_ctxt_alloc() -- no upper-bound guard (INT_MAX check)"
  }
}

========================================
 Summary
 Total findings : 2
 Errors         : 0
 Warnings       : 2

 Breakdown by detector:
   unchecked_increment       1
   unchecked_multiply        1
========================================
