========================================
 CWE-190 Integer Overflow Risk Detector
 Source  : /Users/afiaasante/Security-Code-Smells/linux/net/core/lwt_bpf.c
 Report  : /Users/afiaasante/Security-Code-Smells/results/net_scan/SCS006/core__lwt_bpf.c/lwt_bpf_report_20260417_173653.txt
 Findings: /Users/afiaasante/Security-Code-Smells/results/net_scan/SCS006/core__lwt_bpf.c/lwt_bpf_findings_20260417_173653.json
 Date    : Fri Apr 17 17:36:53 EDT 2026
========================================

=== Stage 1: srcml ===

real	0m0.024s
user	0m0.020s
sys	0m0.003s

=== Stage 2: srcslice ===
Writing to :: /Users/afiaasante/Security-Code-Smells/linux/net/core/lwt_bpf.c.json
Output Saved to :: /Users/afiaasante/Security-Code-Smells/linux/net/core/lwt_bpf.c.json

real	0m0.184s
user	0m0.054s
sys	0m0.003s

=== Stage 3: srcattributor ===

real	0m0.590s
user	0m0.574s
sys	0m0.008s

=== Detector 1: unchecked_multiply ===
    input  : /Users/afiaasante/Security-Code-Smells/linux/net/core/lwt_bpf.c.xml
    output : /tmp/cwe190_findings_Zo5SWP

    query  : FIND $T $FUNC($PARAMS) {} CONTAINS $TYPE $RESULT = $A * $B
    note   : destructor/constructor blocks covered by XPath fallback


real	0m0.020s
user	0m0.014s
sys	0m0.004s


--- Stage 2: XPath destructor/constructor fallback ---
    no unguarded destructor/constructor multiply found

[ unchecked_multiply ] 0 finding(s) written to /tmp/cwe190_findings_Zo5SWP
=== Detector 2: unchecked_add ===
    input  : /Users/afiaasante/Security-Code-Smells/linux/net/core/lwt_bpf.c.xml
    output : /tmp/cwe190_findings_Zo5SWP

    query  : FIND $T $FUNC($PARAMS) {} CONTAINS $TYPE $RESULT = $A + $B
    note   : destructor/constructor blocks covered by XPath fallback


real	0m0.019s
user	0m0.011s
sys	0m0.004s

--- Stage 1: checking srcQL result for MAX guard in <condition> ---
    no taint source -- warning/smell
    finding: /Users/afiaasante/Security-Code-Smells/linux/net/core/lwt_bpf.c:481:62 -- bpf_encap_nlsize() adds without MAX guard

--- Stage 2: XPath destructor/constructor fallback ---
    no unguarded destructor/constructor addition found

[ unchecked_add ] 1 finding(s) written to /tmp/cwe190_findings_Zo5SWP
=== Detector 3: unchecked_increment ===
    input  : /Users/afiaasante/Security-Code-Smells/linux/net/core/lwt_bpf.c.xml
    output : /tmp/cwe190_findings_Zo5SWP

    strategy : XPath on srcML XML -- ancestor-scoped guard check

[ unchecked_increment ] No smell detected.
========================================
 Findings JSON
========================================
{
  "detector": "unchecked_add",
  "severity": "warning",
  "classification": "smell",
  "rule": "integerOverflow",
  "file": "/Users/afiaasante/Security-Code-Smells/linux/net/core/lwt_bpf.c",
  "line": 481,
  "col": 62,
  "varname": "bpf_encap_nlsize",
  "note": {
    "line": 481,
    "col": 62,
    "message": "addition in bpf_encap_nlsize() -- no upper-bound guard before adding"
  }
}

========================================
 Summary
 Total findings : 1
 Errors         : 0
 Warnings       : 1

 Breakdown by detector:
   unchecked_add             1
========================================
