========================================
 CWE-195 Signed-to-Unsigned Conversion Detector
 Source  : /Users/afiaasante/Security-Code-Smells/linux/net/sctp/diag.c
 Report  : /Users/afiaasante/Security-Code-Smells/results/net_scan/SCS007/sctp__diag.c/diag_report_20260417_180534.txt
 Findings: /Users/afiaasante/Security-Code-Smells/results/net_scan/SCS007/sctp__diag.c/diag_findings_20260417_180534.json
 Date    : Fri Apr 17 18:05:34 EDT 2026
========================================

=== Stage 1: srcml ===

real	0m0.047s
user	0m0.040s
sys	0m0.005s

=== Stage 2: srcslice ===
Writing to :: /Users/afiaasante/Security-Code-Smells/linux/net/sctp/diag.c.json
Output Saved to :: /Users/afiaasante/Security-Code-Smells/linux/net/sctp/diag.c.json

real	0m0.244s
user	0m0.094s
sys	0m0.006s

=== Stage 3: srcattributor ===

real	0m0.724s
user	0m0.667s
sys	0m0.014s

=== Detector 1: signed_malloc ===
    input  : /Users/afiaasante/Security-Code-Smells/linux/net/sctp/diag.c.xml
    output : /tmp/cwe195_findings_O1jPiv

    query  : FIND $T $FUNC($PARAMS) {} CONTAINS malloc($A)
    note   : destructor/constructor blocks covered by XPath fallback


real	0m0.025s
user	0m0.017s
sys	0m0.005s


--- Stage 2: XPath destructor/constructor fallback ---
    no unguarded destructor/constructor malloc found

[ signed_malloc ] 0 finding(s) written to /tmp/cwe195_findings_O1jPiv
=== Detector 2: signed_memcpy ===
    input  : /Users/afiaasante/Security-Code-Smells/linux/net/sctp/diag.c.xml
    output : /tmp/cwe195_findings_O1jPiv

    query  : FIND $T $FUNC($PARAMS) {} CONTAINS memcpy($A, $B, $C)

real	0m0.025s
user	0m0.017s
sys	0m0.005s

--- Stage 1 (memcpy): checking srcQL result for positivity guard in <condition> ---
    no taint source -- warning/smell
    finding: /Users/afiaasante/Security-Code-Smells/linux/net/sctp/diag.c:88:17 -- inet_diag_msg_sctpladdrs_fill() memcpy without positivity guard
    query  : FIND $T $FUNC($PARAMS) {} CONTAINS memmove($A, $B, $C)

real	0m0.023s
user	0m0.017s
sys	0m0.005s


--- Stage 2: XPath destructor/constructor fallback ---

[ signed_memcpy ] 1 finding(s) written to /tmp/cwe195_findings_O1jPiv
=== Detector 3: signed_strncpy ===
    input  : /Users/afiaasante/Security-Code-Smells/linux/net/sctp/diag.c.xml
    output : /tmp/cwe195_findings_O1jPiv

    query  : FIND $T $FUNC($PARAMS) {} CONTAINS strncpy($A, $B, $C)
    note   : destructor/constructor blocks covered by XPath fallback


real	0m0.028s
user	0m0.017s
sys	0m0.005s


--- Stage 2: XPath destructor/constructor fallback ---
    no unguarded destructor/constructor strncpy found

[ signed_strncpy ] 0 finding(s) written to /tmp/cwe195_findings_O1jPiv
========================================
 Findings JSON
========================================
{
  "detector": "signed_memcpy",
  "severity": "warning",
  "classification": "smell",
  "rule": "signedUnsignedConversion",
  "file": "/Users/afiaasante/Security-Code-Smells/linux/net/sctp/diag.c",
  "line": 88,
  "col": 17,
  "varname": "inet_diag_msg_sctpladdrs_fill",
  "note": {
    "line": 88,
    "col": 17,
    "message": "memcpy() in inet_diag_msg_sctpladdrs_fill() -- signed int passed as byte count with no positivity guard (data > 0)"
  }
}

========================================
 Summary
 Total findings : 1
 Errors         : 0
 Warnings       : 1

 Breakdown by detector:
   signed_memcpy             1
========================================
