========================================
 CWE-195 Signed-to-Unsigned Conversion Detector
 Source  : /Users/afiaasante/Security-Code-Smells/linux/net/netfilter/nft_socket.c
 Report  : /Users/afiaasante/Security-Code-Smells/results/net_scan/SCS007/netfilter__nft_socket.c/nft_socket_report_20260417_180315.txt
 Findings: /Users/afiaasante/Security-Code-Smells/results/net_scan/SCS007/netfilter__nft_socket.c/nft_socket_findings_20260417_180315.json
 Date    : Fri Apr 17 18:03:15 EDT 2026
========================================

=== Stage 1: srcml ===

real	0m0.029s
user	0m0.021s
sys	0m0.004s

=== Stage 2: srcslice ===
Writing to :: /Users/afiaasante/Security-Code-Smells/linux/net/netfilter/nft_socket.c.json
Output Saved to :: /Users/afiaasante/Security-Code-Smells/linux/net/netfilter/nft_socket.c.json

real	0m0.195s
user	0m0.058s
sys	0m0.005s

=== Stage 3: srcattributor ===

real	0m0.191s
user	0m0.168s
sys	0m0.006s

=== Detector 1: signed_malloc ===
    input  : /Users/afiaasante/Security-Code-Smells/linux/net/netfilter/nft_socket.c.xml
    output : /tmp/cwe195_findings_D8P99M

    query  : FIND $T $FUNC($PARAMS) {} CONTAINS malloc($A)
    note   : destructor/constructor blocks covered by XPath fallback


real	0m0.039s
user	0m0.012s
sys	0m0.005s


--- Stage 2: XPath destructor/constructor fallback ---
    no unguarded destructor/constructor malloc found

[ signed_malloc ] 0 finding(s) written to /tmp/cwe195_findings_D8P99M
=== Detector 2: signed_memcpy ===
    input  : /Users/afiaasante/Security-Code-Smells/linux/net/netfilter/nft_socket.c.xml
    output : /tmp/cwe195_findings_D8P99M

    query  : FIND $T $FUNC($PARAMS) {} CONTAINS memcpy($A, $B, $C)

real	0m0.020s
user	0m0.012s
sys	0m0.005s

--- Stage 1 (memcpy): checking srcQL result for positivity guard in <condition> ---
    no taint source -- warning/smell
    finding: /Users/afiaasante/Security-Code-Smells/linux/net/netfilter/nft_socket.c:54:9 -- nft_sock_get_eval_cgroupv2() memcpy without positivity guard
    query  : FIND $T $FUNC($PARAMS) {} CONTAINS memmove($A, $B, $C)

real	0m0.018s
user	0m0.012s
sys	0m0.004s


--- Stage 2: XPath destructor/constructor fallback ---

[ signed_memcpy ] 1 finding(s) written to /tmp/cwe195_findings_D8P99M
=== Detector 3: signed_strncpy ===
    input  : /Users/afiaasante/Security-Code-Smells/linux/net/netfilter/nft_socket.c.xml
    output : /tmp/cwe195_findings_D8P99M

    query  : FIND $T $FUNC($PARAMS) {} CONTAINS strncpy($A, $B, $C)
    note   : destructor/constructor blocks covered by XPath fallback


real	0m0.018s
user	0m0.012s
sys	0m0.005s


--- Stage 2: XPath destructor/constructor fallback ---
    no unguarded destructor/constructor strncpy found

[ signed_strncpy ] 0 finding(s) written to /tmp/cwe195_findings_D8P99M
========================================
 Findings JSON
========================================
{
  "detector": "signed_memcpy",
  "severity": "warning",
  "classification": "smell",
  "rule": "signedUnsignedConversion",
  "file": "/Users/afiaasante/Security-Code-Smells/linux/net/netfilter/nft_socket.c",
  "line": 54,
  "col": 9,
  "varname": "nft_sock_get_eval_cgroupv2",
  "note": {
    "line": 54,
    "col": 9,
    "message": "memcpy() in nft_sock_get_eval_cgroupv2() -- signed int passed as byte count with no positivity guard (data > 0)"
  }
}

========================================
 Summary
 Total findings : 1
 Errors         : 0
 Warnings       : 1

 Breakdown by detector:
   signed_memcpy             1
========================================
