========================================
 CWE-190 Integer Overflow Risk Detector
 Source  : /Users/afiaasante/Security-Code-Smells/linux/net/sunrpc/auth_gss/gss_krb5_seal.c
 Report  : /Users/afiaasante/Security-Code-Smells/results/net_scan/SCS006/sunrpc__auth_gss__gss_krb5_seal.c/gss_krb5_seal_report_20260417_174524.txt
 Findings: /Users/afiaasante/Security-Code-Smells/results/net_scan/SCS006/sunrpc__auth_gss__gss_krb5_seal.c/gss_krb5_seal_findings_20260417_174524.json
 Date    : Fri Apr 17 17:45:24 EDT 2026
========================================

=== Stage 1: srcml ===

real	0m0.014s
user	0m0.009s
sys	0m0.004s

=== Stage 2: srcslice ===
Writing to :: /Users/afiaasante/Security-Code-Smells/linux/net/sunrpc/auth_gss/gss_krb5_seal.c.json
Output Saved to :: /Users/afiaasante/Security-Code-Smells/linux/net/sunrpc/auth_gss/gss_krb5_seal.c.json

real	0m0.185s
user	0m0.028s
sys	0m0.004s

=== Stage 3: srcattributor ===

real	0m0.027s
user	0m0.023s
sys	0m0.004s

=== Detector 1: unchecked_multiply ===
    input  : /Users/afiaasante/Security-Code-Smells/linux/net/sunrpc/auth_gss/gss_krb5_seal.c.xml
    output : /tmp/cwe190_findings_5e3hcj

    query  : FIND $T $FUNC($PARAMS) {} CONTAINS $TYPE $RESULT = $A * $B
    note   : destructor/constructor blocks covered by XPath fallback


real	0m0.012s
user	0m0.007s
sys	0m0.004s


--- Stage 2: XPath destructor/constructor fallback ---
    no unguarded destructor/constructor multiply found

[ unchecked_multiply ] 0 finding(s) written to /tmp/cwe190_findings_5e3hcj
=== Detector 2: unchecked_add ===
    input  : /Users/afiaasante/Security-Code-Smells/linux/net/sunrpc/auth_gss/gss_krb5_seal.c.xml
    output : /tmp/cwe190_findings_5e3hcj

    query  : FIND $T $FUNC($PARAMS) {} CONTAINS $TYPE $RESULT = $A + $B
    note   : destructor/constructor blocks covered by XPath fallback


real	0m0.013s
user	0m0.007s
sys	0m0.004s


--- Stage 2: XPath destructor/constructor fallback ---
    no unguarded destructor/constructor addition found

[ unchecked_add ] 0 finding(s) written to /tmp/cwe190_findings_5e3hcj
=== Detector 3: unchecked_increment ===
    input  : /Users/afiaasante/Security-Code-Smells/linux/net/sunrpc/auth_gss/gss_krb5_seal.c.xml
    output : /tmp/cwe190_findings_5e3hcj

    strategy : XPath on srcML XML -- ancestor-scoped guard check

--- extracting finding via XPath ---
    function : setup_token_v2
    position : 92:13

    no taint source -- warning/smell
    finding: /Users/afiaasante/Security-Code-Smells/linux/net/sunrpc/auth_gss/gss_krb5_seal.c:92:13 -- setup_token_v2() increments without MAX guard

[ unchecked_increment ] 1 finding(s) written to /tmp/cwe190_findings_5e3hcj
========================================
 Findings JSON
========================================
{
  "detector": "unchecked_increment",
  "severity": "warning",
  "classification": "smell",
  "rule": "integerOverflow",
  "file": "/Users/afiaasante/Security-Code-Smells/linux/net/sunrpc/auth_gss/gss_krb5_seal.c",
  "line": 92,
  "col": 13,
  "varname": "setup_token_v2",
  "note": {
    "line": 92,
    "col": 13,
    "message": "increment (++) in setup_token_v2() -- no upper-bound guard (INT_MAX check)"
  }
}

========================================
 Summary
 Total findings : 1
 Errors         : 0
 Warnings       : 1

 Breakdown by detector:
   unchecked_increment       1
========================================
