========================================
 CWE-190 Integer Overflow Risk Detector
 Source  : /Users/afiaasante/Security-Code-Smells/linux/net/ethtool/module.c
 Report  : /Users/afiaasante/Security-Code-Smells/results/net_scan/SCS006/ethtool__module.c/module_report_20260417_173810.txt
 Findings: /Users/afiaasante/Security-Code-Smells/results/net_scan/SCS006/ethtool__module.c/module_findings_20260417_173810.json
 Date    : Fri Apr 17 17:38:10 EDT 2026
========================================

=== Stage 1: srcml ===

real	0m0.031s
user	0m0.025s
sys	0m0.004s

=== Stage 2: srcslice ===
Writing to :: /Users/afiaasante/Security-Code-Smells/linux/net/ethtool/module.c.json
Output Saved to :: /Users/afiaasante/Security-Code-Smells/linux/net/ethtool/module.c.json

real	0m0.188s
user	0m0.054s
sys	0m0.003s

=== Stage 3: srcattributor ===

real	0m0.408s
user	0m0.379s
sys	0m0.006s

=== Detector 1: unchecked_multiply ===
    input  : /Users/afiaasante/Security-Code-Smells/linux/net/ethtool/module.c.xml
    output : /tmp/cwe190_findings_aJ4cMv

    query  : FIND $T $FUNC($PARAMS) {} CONTAINS $TYPE $RESULT = $A * $B
    note   : destructor/constructor blocks covered by XPath fallback


real	0m0.016s
user	0m0.011s
sys	0m0.004s


--- Stage 2: XPath destructor/constructor fallback ---
    no unguarded destructor/constructor multiply found

[ unchecked_multiply ] 0 finding(s) written to /tmp/cwe190_findings_aJ4cMv
=== Detector 2: unchecked_add ===
    input  : /Users/afiaasante/Security-Code-Smells/linux/net/ethtool/module.c.xml
    output : /tmp/cwe190_findings_aJ4cMv

    query  : FIND $T $FUNC($PARAMS) {} CONTAINS $TYPE $RESULT = $A + $B
    note   : destructor/constructor blocks covered by XPath fallback


real	0m0.014s
user	0m0.010s
sys	0m0.003s


--- Stage 2: XPath destructor/constructor fallback ---
    no unguarded destructor/constructor addition found

[ unchecked_add ] 0 finding(s) written to /tmp/cwe190_findings_aJ4cMv
=== Detector 3: unchecked_increment ===
    input  : /Users/afiaasante/Security-Code-Smells/linux/net/ethtool/module.c.xml
    output : /tmp/cwe190_findings_aJ4cMv

    strategy : XPath on srcML XML -- ancestor-scoped guard check

--- extracting finding via XPath ---
    function : ethnl_module_fw_flash_ntf
    position : 494:58

    no taint source -- warning/smell
    finding: /Users/afiaasante/Security-Code-Smells/linux/net/ethtool/module.c:494:58 -- ethnl_module_fw_flash_ntf() increments without MAX guard

[ unchecked_increment ] 1 finding(s) written to /tmp/cwe190_findings_aJ4cMv
========================================
 Findings JSON
========================================
{
  "detector": "unchecked_increment",
  "severity": "warning",
  "classification": "smell",
  "rule": "integerOverflow",
  "file": "/Users/afiaasante/Security-Code-Smells/linux/net/ethtool/module.c",
  "line": 494,
  "col": 58,
  "varname": "ethnl_module_fw_flash_ntf",
  "note": {
    "line": 494,
    "col": 58,
    "message": "increment (++) in ethnl_module_fw_flash_ntf() -- no upper-bound guard (INT_MAX check)"
  }
}

========================================
 Summary
 Total findings : 1
 Errors         : 0
 Warnings       : 1

 Breakdown by detector:
   unchecked_increment       1
========================================
