========================================
 CWE-190 Integer Overflow Risk Detector
 Source  : /Users/afiaasante/Security-Code-Smells/linux/net/nfc/digital_dep.c
 Report  : /Users/afiaasante/Security-Code-Smells/results/net_scan/SCS006/nfc__digital_dep.c/digital_dep_report_20260417_174313.txt
 Findings: /Users/afiaasante/Security-Code-Smells/results/net_scan/SCS006/nfc__digital_dep.c/digital_dep_findings_20260417_174313.json
 Date    : Fri Apr 17 17:43:13 EDT 2026
========================================

=== Stage 1: srcml ===

real	0m0.093s
user	0m0.077s
sys	0m0.006s

=== Stage 2: srcslice ===
Writing to :: /Users/afiaasante/Security-Code-Smells/linux/net/nfc/digital_dep.c.json
Output Saved to :: /Users/afiaasante/Security-Code-Smells/linux/net/nfc/digital_dep.c.json

real	0m0.312s
user	0m0.154s
sys	0m0.008s

=== Stage 3: srcattributor ===

real	0m3.800s
user	0m3.542s
sys	0m0.042s

=== Detector 1: unchecked_multiply ===
    input  : /Users/afiaasante/Security-Code-Smells/linux/net/nfc/digital_dep.c.xml
    output : /tmp/cwe190_findings_JXy6p3

    query  : FIND $T $FUNC($PARAMS) {} CONTAINS $TYPE $RESULT = $A * $B
    note   : destructor/constructor blocks covered by XPath fallback


real	0m0.032s
user	0m0.025s
sys	0m0.005s


--- Stage 2: XPath destructor/constructor fallback ---
    no unguarded destructor/constructor multiply found

[ unchecked_multiply ] 0 finding(s) written to /tmp/cwe190_findings_JXy6p3
=== Detector 2: unchecked_add ===
    input  : /Users/afiaasante/Security-Code-Smells/linux/net/nfc/digital_dep.c.xml
    output : /tmp/cwe190_findings_JXy6p3

    query  : FIND $T $FUNC($PARAMS) {} CONTAINS $TYPE $RESULT = $A + $B
    note   : destructor/constructor blocks covered by XPath fallback


real	0m0.030s
user	0m0.023s
sys	0m0.005s


--- Stage 2: XPath destructor/constructor fallback ---
    no unguarded destructor/constructor addition found

[ unchecked_add ] 0 finding(s) written to /tmp/cwe190_findings_JXy6p3
=== Detector 3: unchecked_increment ===
    input  : /Users/afiaasante/Security-Code-Smells/linux/net/nfc/digital_dep.c.xml
    output : /tmp/cwe190_findings_JXy6p3

    strategy : XPath on srcML XML -- ancestor-scoped guard check

--- extracting finding via XPath ---
    function : digital_payload_size_to_bits
    position : 161:64

    no taint source -- warning/smell
    finding: /Users/afiaasante/Security-Code-Smells/linux/net/nfc/digital_dep.c:161:64 -- digital_payload_size_to_bits() increments without MAX guard

[ unchecked_increment ] 1 finding(s) written to /tmp/cwe190_findings_JXy6p3
========================================
 Findings JSON
========================================
{
  "detector": "unchecked_increment",
  "severity": "warning",
  "classification": "smell",
  "rule": "integerOverflow",
  "file": "/Users/afiaasante/Security-Code-Smells/linux/net/nfc/digital_dep.c",
  "line": 161,
  "col": 64,
  "varname": "digital_payload_size_to_bits",
  "note": {
    "line": 161,
    "col": 64,
    "message": "increment (++) in digital_payload_size_to_bits() -- no upper-bound guard (INT_MAX check)"
  }
}

========================================
 Summary
 Total findings : 1
 Errors         : 0
 Warnings       : 1

 Breakdown by detector:
   unchecked_increment       1
========================================
