========================================
 CWE-190 Integer Overflow Risk Detector
 Source  : /Users/afiaasante/Security-Code-Smells/linux/net/netfilter/ipvs/ip_vs_mh.c
 Report  : /Users/afiaasante/Security-Code-Smells/results/net_scan/SCS006/netfilter__ipvs__ip_vs_mh.c/ip_vs_mh_report_20260417_174211.txt
 Findings: /Users/afiaasante/Security-Code-Smells/results/net_scan/SCS006/netfilter__ipvs__ip_vs_mh.c/ip_vs_mh_findings_20260417_174211.json
 Date    : Fri Apr 17 17:42:11 EDT 2026
========================================

=== Stage 1: srcml ===

real	0m0.036s
user	0m0.030s
sys	0m0.005s

=== Stage 2: srcslice ===
Writing to :: /Users/afiaasante/Security-Code-Smells/linux/net/netfilter/ipvs/ip_vs_mh.c.json
Output Saved to :: /Users/afiaasante/Security-Code-Smells/linux/net/netfilter/ipvs/ip_vs_mh.c.json

real	0m0.190s
user	0m0.070s
sys	0m0.005s

=== Stage 3: srcattributor ===

real	0m0.459s
user	0m0.428s
sys	0m0.012s

=== Detector 1: unchecked_multiply ===
    input  : /Users/afiaasante/Security-Code-Smells/linux/net/netfilter/ipvs/ip_vs_mh.c.xml
    output : /tmp/cwe190_findings_47b5er

    query  : FIND $T $FUNC($PARAMS) {} CONTAINS $TYPE $RESULT = $A * $B
    note   : destructor/constructor blocks covered by XPath fallback


real	0m0.020s
user	0m0.013s
sys	0m0.005s


--- Stage 2: XPath destructor/constructor fallback ---
    no unguarded destructor/constructor multiply found

[ unchecked_multiply ] 0 finding(s) written to /tmp/cwe190_findings_47b5er
=== Detector 2: unchecked_add ===
    input  : /Users/afiaasante/Security-Code-Smells/linux/net/netfilter/ipvs/ip_vs_mh.c.xml
    output : /tmp/cwe190_findings_47b5er

    query  : FIND $T $FUNC($PARAMS) {} CONTAINS $TYPE $RESULT = $A + $B
    note   : destructor/constructor blocks covered by XPath fallback


real	0m0.018s
user	0m0.012s
sys	0m0.004s


--- Stage 2: XPath destructor/constructor fallback ---
    no unguarded destructor/constructor addition found

[ unchecked_add ] 0 finding(s) written to /tmp/cwe190_findings_47b5er
=== Detector 3: unchecked_increment ===
    input  : /Users/afiaasante/Security-Code-Smells/linux/net/netfilter/ipvs/ip_vs_mh.c.xml
    output : /tmp/cwe190_findings_47b5er

    strategy : XPath on srcML XML -- ancestor-scoped guard check

--- extracting finding via XPath ---
    function : ip_vs_mh_reset
    position : 111:45

    no taint source -- warning/smell
    finding: /Users/afiaasante/Security-Code-Smells/linux/net/netfilter/ipvs/ip_vs_mh.c:111:45 -- ip_vs_mh_reset() increments without MAX guard

[ unchecked_increment ] 1 finding(s) written to /tmp/cwe190_findings_47b5er
========================================
 Findings JSON
========================================
{
  "detector": "unchecked_increment",
  "severity": "warning",
  "classification": "smell",
  "rule": "integerOverflow",
  "file": "/Users/afiaasante/Security-Code-Smells/linux/net/netfilter/ipvs/ip_vs_mh.c",
  "line": 111,
  "col": 45,
  "varname": "ip_vs_mh_reset",
  "note": {
    "line": 111,
    "col": 45,
    "message": "increment (++) in ip_vs_mh_reset() -- no upper-bound guard (INT_MAX check)"
  }
}

========================================
 Summary
 Total findings : 1
 Errors         : 0
 Warnings       : 1

 Breakdown by detector:
   unchecked_increment       1
========================================
