========================================
 CWE-190 Integer Overflow Risk Detector
 Source  : /Users/afiaasante/Security-Code-Smells/linux/net/sched/act_mirred.c
 Report  : /Users/afiaasante/Security-Code-Smells/results/net_scan/SCS006/sched__act_mirred.c/act_mirred_report_20260417_174407.txt
 Findings: /Users/afiaasante/Security-Code-Smells/results/net_scan/SCS006/sched__act_mirred.c/act_mirred_findings_20260417_174407.json
 Date    : Fri Apr 17 17:44:07 EDT 2026
========================================

=== Stage 1: srcml ===

real	0m0.064s
user	0m0.041s
sys	0m0.005s

=== Stage 2: srcslice ===
Writing to :: /Users/afiaasante/Security-Code-Smells/linux/net/sched/act_mirred.c.json
Output Saved to :: /Users/afiaasante/Security-Code-Smells/linux/net/sched/act_mirred.c.json

real	0m0.253s
user	0m0.088s
sys	0m0.005s

=== Stage 3: srcattributor ===

real	0m1.001s
user	0m0.943s
sys	0m0.019s

=== Detector 1: unchecked_multiply ===
    input  : /Users/afiaasante/Security-Code-Smells/linux/net/sched/act_mirred.c.xml
    output : /tmp/cwe190_findings_fc3yHK

    query  : FIND $T $FUNC($PARAMS) {} CONTAINS $TYPE $RESULT = $A * $B
    note   : destructor/constructor blocks covered by XPath fallback


real	0m0.022s
user	0m0.016s
sys	0m0.004s


--- Stage 2: XPath destructor/constructor fallback ---
    no unguarded destructor/constructor multiply found

[ unchecked_multiply ] 0 finding(s) written to /tmp/cwe190_findings_fc3yHK
=== Detector 2: unchecked_add ===
    input  : /Users/afiaasante/Security-Code-Smells/linux/net/sched/act_mirred.c.xml
    output : /tmp/cwe190_findings_fc3yHK

    query  : FIND $T $FUNC($PARAMS) {} CONTAINS $TYPE $RESULT = $A + $B
    note   : destructor/constructor blocks covered by XPath fallback


real	0m0.022s
user	0m0.016s
sys	0m0.005s


--- Stage 2: XPath destructor/constructor fallback ---
    no unguarded destructor/constructor addition found

[ unchecked_add ] 0 finding(s) written to /tmp/cwe190_findings_fc3yHK
=== Detector 3: unchecked_increment ===
    input  : /Users/afiaasante/Security-Code-Smells/linux/net/sched/act_mirred.c.xml
    output : /tmp/cwe190_findings_fc3yHK

    strategy : XPath on srcML XML -- ancestor-scoped guard check

--- extracting finding via XPath ---
    function : tcf_mirred_act
    position : 456:51

    no taint source -- warning/smell
    finding: /Users/afiaasante/Security-Code-Smells/linux/net/sched/act_mirred.c:456:51 -- tcf_mirred_act() increments without MAX guard

[ unchecked_increment ] 1 finding(s) written to /tmp/cwe190_findings_fc3yHK
========================================
 Findings JSON
========================================
{
  "detector": "unchecked_increment",
  "severity": "warning",
  "classification": "smell",
  "rule": "integerOverflow",
  "file": "/Users/afiaasante/Security-Code-Smells/linux/net/sched/act_mirred.c",
  "line": 456,
  "col": 51,
  "varname": "tcf_mirred_act",
  "note": {
    "line": 456,
    "col": 51,
    "message": "increment (++) in tcf_mirred_act() -- no upper-bound guard (INT_MAX check)"
  }
}

========================================
 Summary
 Total findings : 1
 Errors         : 0
 Warnings       : 1

 Breakdown by detector:
   unchecked_increment       1
========================================
