========================================
 CWE-195 Signed-to-Unsigned Conversion Detector
 Source  : /Users/afiaasante/Security-Code-Smells/linux/net/netfilter/nf_conntrack_proto_sctp.c
 Report  : /Users/afiaasante/Security-Code-Smells/results/net_scan/SCS007/netfilter__nf_conntrack_proto_sctp.c/nf_conntrack_proto_sctp_report_20260417_180243.txt
 Findings: /Users/afiaasante/Security-Code-Smells/results/net_scan/SCS007/netfilter__nf_conntrack_proto_sctp.c/nf_conntrack_proto_sctp_findings_20260417_180243.json
 Date    : Fri Apr 17 18:02:43 EDT 2026
========================================

=== Stage 1: srcml ===

real	0m0.071s
user	0m0.047s
sys	0m0.007s

=== Stage 2: srcslice ===
Writing to :: /Users/afiaasante/Security-Code-Smells/linux/net/netfilter/nf_conntrack_proto_sctp.c.json
Output Saved to :: /Users/afiaasante/Security-Code-Smells/linux/net/netfilter/nf_conntrack_proto_sctp.c.json

real	0m0.247s
user	0m0.095s
sys	0m0.005s

=== Stage 3: srcattributor ===

real	0m0.479s
user	0m0.438s
sys	0m0.010s

=== Detector 1: signed_malloc ===
    input  : /Users/afiaasante/Security-Code-Smells/linux/net/netfilter/nf_conntrack_proto_sctp.c.xml
    output : /tmp/cwe195_findings_UBVtad

    query  : FIND $T $FUNC($PARAMS) {} CONTAINS malloc($A)
    note   : destructor/constructor blocks covered by XPath fallback


real	0m0.043s
user	0m0.018s
sys	0m0.005s


--- Stage 2: XPath destructor/constructor fallback ---
    no unguarded destructor/constructor malloc found

[ signed_malloc ] 0 finding(s) written to /tmp/cwe195_findings_UBVtad
=== Detector 2: signed_memcpy ===
    input  : /Users/afiaasante/Security-Code-Smells/linux/net/netfilter/nf_conntrack_proto_sctp.c.xml
    output : /tmp/cwe195_findings_UBVtad

    query  : FIND $T $FUNC($PARAMS) {} CONTAINS memcpy($A, $B, $C)

real	0m0.043s
user	0m0.018s
sys	0m0.006s

    query  : FIND $T $FUNC($PARAMS) {} CONTAINS memmove($A, $B, $C)

real	0m0.026s
user	0m0.018s
sys	0m0.005s


--- Stage 2: XPath destructor/constructor fallback ---
    no unguarded destructor/constructor memcpy/memmove found

[ signed_memcpy ] 0 finding(s) written to /tmp/cwe195_findings_UBVtad
=== Detector 3: signed_strncpy ===
    input  : /Users/afiaasante/Security-Code-Smells/linux/net/netfilter/nf_conntrack_proto_sctp.c.xml
    output : /tmp/cwe195_findings_UBVtad

    query  : FIND $T $FUNC($PARAMS) {} CONTAINS strncpy($A, $B, $C)
    note   : destructor/constructor blocks covered by XPath fallback


real	0m0.025s
user	0m0.018s
sys	0m0.004s


--- Stage 2: XPath destructor/constructor fallback ---
    no unguarded destructor/constructor strncpy found

[ signed_strncpy ] 0 finding(s) written to /tmp/cwe195_findings_UBVtad
========================================
 Findings JSON
========================================

========================================
 Summary
 Total findings : 0
 Errors         : 0
 Warnings       : 0
========================================
