========================================
 CWE-190 Integer Overflow Risk Detector
 Source  : /Users/afiaasante/Security-Code-Smells/linux/net/netfilter/core.c
 Report  : /Users/afiaasante/Security-Code-Smells/results/net_scan/SCS006/netfilter__core.c/core_report_20260417_174158.txt
 Findings: /Users/afiaasante/Security-Code-Smells/results/net_scan/SCS006/netfilter__core.c/core_findings_20260417_174158.json
 Date    : Fri Apr 17 17:41:58 EDT 2026
========================================

=== Stage 1: srcml ===

real	0m0.050s
user	0m0.042s
sys	0m0.005s

=== Stage 2: srcslice ===
Writing to :: /Users/afiaasante/Security-Code-Smells/linux/net/netfilter/core.c.json
Output Saved to :: /Users/afiaasante/Security-Code-Smells/linux/net/netfilter/core.c.json

real	0m0.241s
user	0m0.091s
sys	0m0.005s

=== Stage 3: srcattributor ===

real	0m1.049s
user	0m1.025s
sys	0m0.010s

=== Detector 1: unchecked_multiply ===
    input  : /Users/afiaasante/Security-Code-Smells/linux/net/netfilter/core.c.xml
    output : /tmp/cwe190_findings_8Or2u3

    query  : FIND $T $FUNC($PARAMS) {} CONTAINS $TYPE $RESULT = $A * $B
    note   : destructor/constructor blocks covered by XPath fallback


real	0m0.027s
user	0m0.017s
sys	0m0.006s

--- Stage 1: checking srcQL result for MAX guard in <condition> ---
    no taint source -- warning/smell
    finding: /Users/afiaasante/Security-Code-Smells/linux/net/netfilter/core.c:50:31 -- allocate_hook_entries_size() multiplies without MAX guard

--- Stage 2: XPath destructor/constructor fallback ---
    no unguarded destructor/constructor multiply found

[ unchecked_multiply ] 1 finding(s) written to /tmp/cwe190_findings_8Or2u3
=== Detector 2: unchecked_add ===
    input  : /Users/afiaasante/Security-Code-Smells/linux/net/netfilter/core.c.xml
    output : /tmp/cwe190_findings_8Or2u3

    query  : FIND $T $FUNC($PARAMS) {} CONTAINS $TYPE $RESULT = $A + $B
    note   : destructor/constructor blocks covered by XPath fallback


real	0m0.025s
user	0m0.017s
sys	0m0.004s

--- Stage 1: checking srcQL result for MAX guard in <condition> ---
    no taint source -- warning/smell
    finding: /Users/afiaasante/Security-Code-Smells/linux/net/netfilter/core.c:50:35 -- allocate_hook_entries_size() adds without MAX guard

--- Stage 2: XPath destructor/constructor fallback ---
    no unguarded destructor/constructor addition found

[ unchecked_add ] 1 finding(s) written to /tmp/cwe190_findings_8Or2u3
=== Detector 3: unchecked_increment ===
    input  : /Users/afiaasante/Security-Code-Smells/linux/net/netfilter/core.c.xml
    output : /tmp/cwe190_findings_8Or2u3

    strategy : XPath on srcML XML -- ancestor-scoped guard check

--- extracting finding via XPath ---
    function : nf_hook_entries_grow
    position : 116:47

    no taint source -- warning/smell
    finding: /Users/afiaasante/Security-Code-Smells/linux/net/netfilter/core.c:116:47 -- nf_hook_entries_grow() increments without MAX guard

[ unchecked_increment ] 1 finding(s) written to /tmp/cwe190_findings_8Or2u3
========================================
 Findings JSON
========================================
{
  "detector": "unchecked_multiply",
  "severity": "warning",
  "classification": "smell",
  "rule": "integerOverflow",
  "file": "/Users/afiaasante/Security-Code-Smells/linux/net/netfilter/core.c",
  "line": 50,
  "col": 31,
  "varname": "allocate_hook_entries_size",
  "note": {
    "line": 50,
    "col": 31,
    "message": "multiplication in allocate_hook_entries_size() -- no upper-bound guard (INT_MAX / 2)"
  }
}
{
  "detector": "unchecked_add",
  "severity": "warning",
  "classification": "smell",
  "rule": "integerOverflow",
  "file": "/Users/afiaasante/Security-Code-Smells/linux/net/netfilter/core.c",
  "line": 50,
  "col": 35,
  "varname": "allocate_hook_entries_size",
  "note": {
    "line": 50,
    "col": 35,
    "message": "addition in allocate_hook_entries_size() -- no upper-bound guard before adding"
  }
}
{
  "detector": "unchecked_increment",
  "severity": "warning",
  "classification": "smell",
  "rule": "integerOverflow",
  "file": "/Users/afiaasante/Security-Code-Smells/linux/net/netfilter/core.c",
  "line": 116,
  "col": 47,
  "varname": "nf_hook_entries_grow",
  "note": {
    "line": 116,
    "col": 47,
    "message": "increment (++) in nf_hook_entries_grow() -- no upper-bound guard (INT_MAX check)"
  }
}

========================================
 Summary
 Total findings : 3
 Errors         : 0
 Warnings       : 3

 Breakdown by detector:
   unchecked_add             1
   unchecked_increment       1
   unchecked_multiply        1
========================================
