========================================
 CWE-190 Integer Overflow Risk Detector
 Source  : /Users/afiaasante/Security-Code-Smells/linux/net/sched/act_meta_skbtcindex.c
 Report  : /Users/afiaasante/Security-Code-Smells/results/net_scan/SCS006/sched__act_meta_skbtcindex.c/act_meta_skbtcindex_report_20260417_174406.txt
 Findings: /Users/afiaasante/Security-Code-Smells/results/net_scan/SCS006/sched__act_meta_skbtcindex.c/act_meta_skbtcindex_findings_20260417_174406.json
 Date    : Fri Apr 17 17:44:06 EDT 2026
========================================

=== Stage 1: srcml ===

real	0m0.013s
user	0m0.008s
sys	0m0.004s

=== Stage 2: srcslice ===
Writing to :: /Users/afiaasante/Security-Code-Smells/linux/net/sched/act_meta_skbtcindex.c.json
Output Saved to :: /Users/afiaasante/Security-Code-Smells/linux/net/sched/act_meta_skbtcindex.c.json

real	0m0.191s
user	0m0.026s
sys	0m0.003s

=== Stage 3: srcattributor ===

real	0m0.018s
user	0m0.013s
sys	0m0.004s

=== Detector 1: unchecked_multiply ===
    input  : /Users/afiaasante/Security-Code-Smells/linux/net/sched/act_meta_skbtcindex.c.xml
    output : /tmp/cwe190_findings_tuQQLI

    query  : FIND $T $FUNC($PARAMS) {} CONTAINS $TYPE $RESULT = $A * $B
    note   : destructor/constructor blocks covered by XPath fallback


real	0m0.013s
user	0m0.007s
sys	0m0.004s

--- Stage 1: checking srcQL result for MAX guard in <condition> ---
    no taint source -- warning/smell
    finding: /Users/afiaasante/Security-Code-Smells/linux/net/sched/act_meta_skbtcindex.c:31:27 -- skbtcindex_decode() multiplies without MAX guard

--- Stage 2: XPath destructor/constructor fallback ---
    no unguarded destructor/constructor multiply found

[ unchecked_multiply ] 1 finding(s) written to /tmp/cwe190_findings_tuQQLI
=== Detector 2: unchecked_add ===
    input  : /Users/afiaasante/Security-Code-Smells/linux/net/sched/act_meta_skbtcindex.c.xml
    output : /tmp/cwe190_findings_tuQQLI

    query  : FIND $T $FUNC($PARAMS) {} CONTAINS $TYPE $RESULT = $A + $B
    note   : destructor/constructor blocks covered by XPath fallback


real	0m0.016s
user	0m0.007s
sys	0m0.004s


--- Stage 2: XPath destructor/constructor fallback ---
    no unguarded destructor/constructor addition found

[ unchecked_add ] 0 finding(s) written to /tmp/cwe190_findings_tuQQLI
=== Detector 3: unchecked_increment ===
    input  : /Users/afiaasante/Security-Code-Smells/linux/net/sched/act_meta_skbtcindex.c.xml
    output : /tmp/cwe190_findings_tuQQLI

    strategy : XPath on srcML XML -- ancestor-scoped guard check

[ unchecked_increment ] No smell detected.
========================================
 Findings JSON
========================================
{
  "detector": "unchecked_multiply",
  "severity": "warning",
  "classification": "smell",
  "rule": "integerOverflow",
  "file": "/Users/afiaasante/Security-Code-Smells/linux/net/sched/act_meta_skbtcindex.c",
  "line": 31,
  "col": 27,
  "varname": "skbtcindex_decode",
  "note": {
    "line": 31,
    "col": 27,
    "message": "multiplication in skbtcindex_decode() -- no upper-bound guard (INT_MAX / 2)"
  }
}

========================================
 Summary
 Total findings : 1
 Errors         : 0
 Warnings       : 1

 Breakdown by detector:
   unchecked_multiply        1
========================================
