========================================
 CWE-190 Integer Overflow Risk Detector
 Source  : /Users/afiaasante/Security-Code-Smells/linux/net/sched/sch_red.c
 Report  : /Users/afiaasante/Security-Code-Smells/results/net_scan/SCS006/sched__sch_red.c/sch_red_report_20260417_174442.txt
 Findings: /Users/afiaasante/Security-Code-Smells/results/net_scan/SCS006/sched__sch_red.c/sch_red_findings_20260417_174442.json
 Date    : Fri Apr 17 17:44:42 EDT 2026
========================================

=== Stage 1: srcml ===

real	0m0.040s
user	0m0.034s
sys	0m0.005s

=== Stage 2: srcslice ===
Writing to :: /Users/afiaasante/Security-Code-Smells/linux/net/sched/sch_red.c.json
Output Saved to :: /Users/afiaasante/Security-Code-Smells/linux/net/sched/sch_red.c.json

real	0m0.191s
user	0m0.083s
sys	0m0.004s

=== Stage 3: srcattributor ===

real	0m0.627s
user	0m0.611s
sys	0m0.009s

=== Detector 1: unchecked_multiply ===
    input  : /Users/afiaasante/Security-Code-Smells/linux/net/sched/sch_red.c.xml
    output : /tmp/cwe190_findings_dFPRXk

    query  : FIND $T $FUNC($PARAMS) {} CONTAINS $TYPE $RESULT = $A * $B
    note   : destructor/constructor blocks covered by XPath fallback


real	0m0.023s
user	0m0.015s
sys	0m0.004s


--- Stage 2: XPath destructor/constructor fallback ---
    no unguarded destructor/constructor multiply found

[ unchecked_multiply ] 0 finding(s) written to /tmp/cwe190_findings_dFPRXk
=== Detector 2: unchecked_add ===
    input  : /Users/afiaasante/Security-Code-Smells/linux/net/sched/sch_red.c.xml
    output : /tmp/cwe190_findings_dFPRXk

    query  : FIND $T $FUNC($PARAMS) {} CONTAINS $TYPE $RESULT = $A + $B
    note   : destructor/constructor blocks covered by XPath fallback


real	0m0.020s
user	0m0.014s
sys	0m0.005s


--- Stage 2: XPath destructor/constructor fallback ---
    no unguarded destructor/constructor addition found

[ unchecked_add ] 0 finding(s) written to /tmp/cwe190_findings_dFPRXk
=== Detector 3: unchecked_increment ===
    input  : /Users/afiaasante/Security-Code-Smells/linux/net/sched/sch_red.c.xml
    output : /tmp/cwe190_findings_dFPRXk

    strategy : XPath on srcML XML -- ancestor-scoped guard check

--- extracting finding via XPath ---
    function : red_enqueue
    position : 93:43

    no taint source -- warning/smell
    finding: /Users/afiaasante/Security-Code-Smells/linux/net/sched/sch_red.c:93:43 -- red_enqueue() increments without MAX guard

[ unchecked_increment ] 1 finding(s) written to /tmp/cwe190_findings_dFPRXk
========================================
 Findings JSON
========================================
{
  "detector": "unchecked_increment",
  "severity": "warning",
  "classification": "smell",
  "rule": "integerOverflow",
  "file": "/Users/afiaasante/Security-Code-Smells/linux/net/sched/sch_red.c",
  "line": 93,
  "col": 43,
  "varname": "red_enqueue",
  "note": {
    "line": 93,
    "col": 43,
    "message": "increment (++) in red_enqueue() -- no upper-bound guard (INT_MAX check)"
  }
}

========================================
 Summary
 Total findings : 1
 Errors         : 0
 Warnings       : 1

 Breakdown by detector:
   unchecked_increment       1
========================================
