========================================
 CWE-190 Integer Overflow Risk Detector
 Source  : /Users/afiaasante/Security-Code-Smells/linux/net/ipv4/esp4_offload.c
 Report  : /Users/afiaasante/Security-Code-Smells/results/net_scan/SCS006/ipv4__esp4_offload.c/esp4_offload_report_20260417_173829.txt
 Findings: /Users/afiaasante/Security-Code-Smells/results/net_scan/SCS006/ipv4__esp4_offload.c/esp4_offload_findings_20260417_173829.json
 Date    : Fri Apr 17 17:38:29 EDT 2026
========================================

=== Stage 1: srcml ===

real	0m0.024s
user	0m0.019s
sys	0m0.003s

=== Stage 2: srcslice ===
Writing to :: /Users/afiaasante/Security-Code-Smells/linux/net/ipv4/esp4_offload.c.json
Output Saved to :: /Users/afiaasante/Security-Code-Smells/linux/net/ipv4/esp4_offload.c.json

real	0m0.189s
user	0m0.055s
sys	0m0.004s

=== Stage 3: srcattributor ===

real	0m0.313s
user	0m0.303s
sys	0m0.005s

=== Detector 1: unchecked_multiply ===
    input  : /Users/afiaasante/Security-Code-Smells/linux/net/ipv4/esp4_offload.c.xml
    output : /tmp/cwe190_findings_Nu2Fmk

    query  : FIND $T $FUNC($PARAMS) {} CONTAINS $TYPE $RESULT = $A * $B
    note   : destructor/constructor blocks covered by XPath fallback


real	0m0.017s
user	0m0.011s
sys	0m0.004s

--- Stage 1: checking srcQL result for MAX guard in <condition> ---
    no taint source -- warning/smell
    finding: /Users/afiaasante/Security-Code-Smells/linux/net/ipv4/esp4_offload.c:163:54 -- xfrm4_beet_gso_segment() multiplies without MAX guard

--- Stage 2: XPath destructor/constructor fallback ---
    no unguarded destructor/constructor multiply found

[ unchecked_multiply ] 1 finding(s) written to /tmp/cwe190_findings_Nu2Fmk
=== Detector 2: unchecked_add ===
    input  : /Users/afiaasante/Security-Code-Smells/linux/net/ipv4/esp4_offload.c.xml
    output : /tmp/cwe190_findings_Nu2Fmk

    query  : FIND $T $FUNC($PARAMS) {} CONTAINS $TYPE $RESULT = $A + $B
    note   : destructor/constructor blocks covered by XPath fallback


real	0m0.016s
user	0m0.011s
sys	0m0.003s


--- Stage 2: XPath destructor/constructor fallback ---
    no unguarded destructor/constructor addition found

[ unchecked_add ] 0 finding(s) written to /tmp/cwe190_findings_Nu2Fmk
=== Detector 3: unchecked_increment ===
    input  : /Users/afiaasante/Security-Code-Smells/linux/net/ipv4/esp4_offload.c.xml
    output : /tmp/cwe190_findings_Nu2Fmk

    strategy : XPath on srcML XML -- ancestor-scoped guard check

--- extracting finding via XPath ---
    function : esp4_gro_receive
    position : 71:33

    no taint source -- warning/smell
    finding: /Users/afiaasante/Security-Code-Smells/linux/net/ipv4/esp4_offload.c:71:33 -- esp4_gro_receive() increments without MAX guard

[ unchecked_increment ] 1 finding(s) written to /tmp/cwe190_findings_Nu2Fmk
========================================
 Findings JSON
========================================
{
  "detector": "unchecked_multiply",
  "severity": "warning",
  "classification": "smell",
  "rule": "integerOverflow",
  "file": "/Users/afiaasante/Security-Code-Smells/linux/net/ipv4/esp4_offload.c",
  "line": 163,
  "col": 54,
  "varname": "xfrm4_beet_gso_segment",
  "note": {
    "line": 163,
    "col": 54,
    "message": "multiplication in xfrm4_beet_gso_segment() -- no upper-bound guard (INT_MAX / 2)"
  }
}
{
  "detector": "unchecked_increment",
  "severity": "warning",
  "classification": "smell",
  "rule": "integerOverflow",
  "file": "/Users/afiaasante/Security-Code-Smells/linux/net/ipv4/esp4_offload.c",
  "line": 71,
  "col": 33,
  "varname": "esp4_gro_receive",
  "note": {
    "line": 71,
    "col": 33,
    "message": "increment (++) in esp4_gro_receive() -- no upper-bound guard (INT_MAX check)"
  }
}

========================================
 Summary
 Total findings : 2
 Errors         : 0
 Warnings       : 2

 Breakdown by detector:
   unchecked_increment       1
   unchecked_multiply        1
========================================
