========================================
 CWE-195 Signed-to-Unsigned Conversion Detector
 Source  : /Users/afiaasante/Security-Code-Smells/linux/net/xfrm/xfrm_policy.c
 Report  : /Users/afiaasante/Security-Code-Smells/results/net_scan/SCS007/xfrm__xfrm_policy.c/xfrm_policy_report_20260417_180833.txt
 Findings: /Users/afiaasante/Security-Code-Smells/results/net_scan/SCS007/xfrm__xfrm_policy.c/xfrm_policy_findings_20260417_180833.json
 Date    : Fri Apr 17 18:08:33 EDT 2026
========================================

=== Stage 1: srcml ===

real	0m0.325s
user	0m0.298s
sys	0m0.010s

=== Stage 2: srcslice ===
Writing to :: /Users/afiaasante/Security-Code-Smells/linux/net/xfrm/xfrm_policy.c.json
Output Saved to :: /Users/afiaasante/Security-Code-Smells/linux/net/xfrm/xfrm_policy.c.json

real	0m0.789s
user	0m0.599s
sys	0m0.016s

=== Stage 3: srcattributor ===

real	0m43.688s
user	0m43.134s
sys	0m0.237s

=== Detector 1: signed_malloc ===
    input  : /Users/afiaasante/Security-Code-Smells/linux/net/xfrm/xfrm_policy.c.xml
    output : /tmp/cwe195_findings_eYzbpg

    query  : FIND $T $FUNC($PARAMS) {} CONTAINS malloc($A)
    note   : destructor/constructor blocks covered by XPath fallback


real	0m0.047s
user	0m0.041s
sys	0m0.005s


--- Stage 2: XPath destructor/constructor fallback ---
    no unguarded destructor/constructor malloc found

[ signed_malloc ] 0 finding(s) written to /tmp/cwe195_findings_eYzbpg
=== Detector 2: signed_memcpy ===
    input  : /Users/afiaasante/Security-Code-Smells/linux/net/xfrm/xfrm_policy.c.xml
    output : /tmp/cwe195_findings_eYzbpg

    query  : FIND $T $FUNC($PARAMS) {} CONTAINS memcpy($A, $B, $C)

real	0m0.048s
user	0m0.042s
sys	0m0.005s

--- Stage 1 (memcpy): checking srcQL result for positivity guard in <condition> ---
    guarded -- > operator found in condition, no finding
    query  : FIND $T $FUNC($PARAMS) {} CONTAINS memmove($A, $B, $C)

real	0m0.047s
user	0m0.041s
sys	0m0.005s


--- Stage 2: XPath destructor/constructor fallback ---
    no unguarded destructor/constructor memcpy/memmove found

[ signed_memcpy ] 0 finding(s) written to /tmp/cwe195_findings_eYzbpg
=== Detector 3: signed_strncpy ===
    input  : /Users/afiaasante/Security-Code-Smells/linux/net/xfrm/xfrm_policy.c.xml
    output : /tmp/cwe195_findings_eYzbpg

    query  : FIND $T $FUNC($PARAMS) {} CONTAINS strncpy($A, $B, $C)
    note   : destructor/constructor blocks covered by XPath fallback


real	0m0.049s
user	0m0.043s
sys	0m0.005s


--- Stage 2: XPath destructor/constructor fallback ---
    no unguarded destructor/constructor strncpy found

[ signed_strncpy ] 0 finding(s) written to /tmp/cwe195_findings_eYzbpg
========================================
 Findings JSON
========================================

========================================
 Summary
 Total findings : 0
 Errors         : 0
 Warnings       : 0
========================================
