========================================
 CWE-190 Integer Overflow Risk Detector
 Source  : /Users/afiaasante/Security-Code-Smells/linux/net/xfrm/xfrm_algo.c
 Report  : /Users/afiaasante/Security-Code-Smells/results/net_scan/SCS006/xfrm__xfrm_algo.c/xfrm_algo_report_20260417_174706.txt
 Findings: /Users/afiaasante/Security-Code-Smells/results/net_scan/SCS006/xfrm__xfrm_algo.c/xfrm_algo_findings_20260417_174706.json
 Date    : Fri Apr 17 17:47:06 EDT 2026
========================================

=== Stage 1: srcml ===

real	0m0.035s
user	0m0.028s
sys	0m0.006s

=== Stage 2: srcslice ===
Writing to :: /Users/afiaasante/Security-Code-Smells/linux/net/xfrm/xfrm_algo.c.json
Output Saved to :: /Users/afiaasante/Security-Code-Smells/linux/net/xfrm/xfrm_algo.c.json

real	0m0.190s
user	0m0.072s
sys	0m0.004s

=== Stage 3: srcattributor ===

real	0m0.176s
user	0m0.164s
sys	0m0.006s

=== Detector 1: unchecked_multiply ===
    input  : /Users/afiaasante/Security-Code-Smells/linux/net/xfrm/xfrm_algo.c.xml
    output : /tmp/cwe190_findings_c6p5hk

    query  : FIND $T $FUNC($PARAMS) {} CONTAINS $TYPE $RESULT = $A * $B
    note   : destructor/constructor blocks covered by XPath fallback


real	0m0.019s
user	0m0.013s
sys	0m0.004s


--- Stage 2: XPath destructor/constructor fallback ---
    no unguarded destructor/constructor multiply found

[ unchecked_multiply ] 0 finding(s) written to /tmp/cwe190_findings_c6p5hk
=== Detector 2: unchecked_add ===
    input  : /Users/afiaasante/Security-Code-Smells/linux/net/xfrm/xfrm_algo.c.xml
    output : /tmp/cwe190_findings_c6p5hk

    query  : FIND $T $FUNC($PARAMS) {} CONTAINS $TYPE $RESULT = $A + $B
    note   : destructor/constructor blocks covered by XPath fallback


real	0m0.019s
user	0m0.014s
sys	0m0.004s


--- Stage 2: XPath destructor/constructor fallback ---
    no unguarded destructor/constructor addition found

[ unchecked_add ] 0 finding(s) written to /tmp/cwe190_findings_c6p5hk
=== Detector 3: unchecked_increment ===
    input  : /Users/afiaasante/Security-Code-Smells/linux/net/xfrm/xfrm_algo.c.xml
    output : /tmp/cwe190_findings_c6p5hk

    strategy : XPath on srcML XML -- ancestor-scoped guard check

--- extracting finding via XPath ---
    function : xfrm_find_algo
    position : 685:46

    no taint source -- warning/smell
    finding: /Users/afiaasante/Security-Code-Smells/linux/net/xfrm/xfrm_algo.c:685:46 -- xfrm_find_algo() increments without MAX guard

[ unchecked_increment ] 1 finding(s) written to /tmp/cwe190_findings_c6p5hk
========================================
 Findings JSON
========================================
{
  "detector": "unchecked_increment",
  "severity": "warning",
  "classification": "smell",
  "rule": "integerOverflow",
  "file": "/Users/afiaasante/Security-Code-Smells/linux/net/xfrm/xfrm_algo.c",
  "line": 685,
  "col": 46,
  "varname": "xfrm_find_algo",
  "note": {
    "line": 685,
    "col": 46,
    "message": "increment (++) in xfrm_find_algo() -- no upper-bound guard (INT_MAX check)"
  }
}

========================================
 Summary
 Total findings : 1
 Errors         : 0
 Warnings       : 1

 Breakdown by detector:
   unchecked_increment       1
========================================
