========================================
 CWE-190 Integer Overflow Risk Detector
 Source  : /Users/afiaasante/Security-Code-Smells/linux/net/ethtool/netlink.c
 Report  : /Users/afiaasante/Security-Code-Smells/results/net_scan/SCS006/ethtool__netlink.c/netlink_report_20260417_173810.txt
 Findings: /Users/afiaasante/Security-Code-Smells/results/net_scan/SCS006/ethtool__netlink.c/netlink_findings_20260417_173810.json
 Date    : Fri Apr 17 17:38:10 EDT 2026
========================================

=== Stage 1: srcml ===

real	0m0.062s
user	0m0.056s
sys	0m0.005s

=== Stage 2: srcslice ===
Writing to :: /Users/afiaasante/Security-Code-Smells/linux/net/ethtool/netlink.c.json
Output Saved to :: /Users/afiaasante/Security-Code-Smells/linux/net/ethtool/netlink.c.json

real	0m0.242s
user	0m0.112s
sys	0m0.004s

=== Stage 3: srcattributor ===

real	0m1.582s
user	0m1.471s
sys	0m0.018s

=== Detector 1: unchecked_multiply ===
    input  : /Users/afiaasante/Security-Code-Smells/linux/net/ethtool/netlink.c.xml
    output : /tmp/cwe190_findings_gCArY3

    query  : FIND $T $FUNC($PARAMS) {} CONTAINS $TYPE $RESULT = $A * $B
    note   : destructor/constructor blocks covered by XPath fallback


real	0m0.024s
user	0m0.018s
sys	0m0.004s


--- Stage 2: XPath destructor/constructor fallback ---
    no unguarded destructor/constructor multiply found

[ unchecked_multiply ] 0 finding(s) written to /tmp/cwe190_findings_gCArY3
=== Detector 2: unchecked_add ===
    input  : /Users/afiaasante/Security-Code-Smells/linux/net/ethtool/netlink.c.xml
    output : /tmp/cwe190_findings_gCArY3

    query  : FIND $T $FUNC($PARAMS) {} CONTAINS $TYPE $RESULT = $A + $B
    note   : destructor/constructor blocks covered by XPath fallback


real	0m0.024s
user	0m0.018s
sys	0m0.005s


--- Stage 2: XPath destructor/constructor fallback ---
    no unguarded destructor/constructor addition found

[ unchecked_add ] 0 finding(s) written to /tmp/cwe190_findings_gCArY3
=== Detector 3: unchecked_increment ===
    input  : /Users/afiaasante/Security-Code-Smells/linux/net/ethtool/netlink.c.xml
    output : /tmp/cwe190_findings_gCArY3

    strategy : XPath on srcML XML -- ancestor-scoped guard check

--- extracting finding via XPath ---
    function : ethnl_bcast_seq_next
    position : 87:16

    no taint source -- warning/smell
    finding: /Users/afiaasante/Security-Code-Smells/linux/net/ethtool/netlink.c:87:16 -- ethnl_bcast_seq_next() increments without MAX guard

[ unchecked_increment ] 1 finding(s) written to /tmp/cwe190_findings_gCArY3
========================================
 Findings JSON
========================================
{
  "detector": "unchecked_increment",
  "severity": "warning",
  "classification": "smell",
  "rule": "integerOverflow",
  "file": "/Users/afiaasante/Security-Code-Smells/linux/net/ethtool/netlink.c",
  "line": 87,
  "col": 16,
  "varname": "ethnl_bcast_seq_next",
  "note": {
    "line": 87,
    "col": 16,
    "message": "increment (++) in ethnl_bcast_seq_next() -- no upper-bound guard (INT_MAX check)"
  }
}

========================================
 Summary
 Total findings : 1
 Errors         : 0
 Warnings       : 1

 Breakdown by detector:
   unchecked_increment       1
========================================
