========================================
 CWE-195 Signed-to-Unsigned Conversion Detector
 Source  : /Users/afiaasante/Security-Code-Smells/linux/net/phonet/pn_netlink.c
 Report  : /Users/afiaasante/Security-Code-Smells/results/net_scan/SCS007/phonet__pn_netlink.c/pn_netlink_report_20260417_180403.txt
 Findings: /Users/afiaasante/Security-Code-Smells/results/net_scan/SCS007/phonet__pn_netlink.c/pn_netlink_findings_20260417_180403.json
 Date    : Fri Apr 17 18:04:03 EDT 2026
========================================

=== Stage 1: srcml ===

real	0m0.041s
user	0m0.028s
sys	0m0.006s

=== Stage 2: srcslice ===
Writing to :: /Users/afiaasante/Security-Code-Smells/linux/net/phonet/pn_netlink.c.json
Output Saved to :: /Users/afiaasante/Security-Code-Smells/linux/net/phonet/pn_netlink.c.json

real	0m0.209s
user	0m0.068s
sys	0m0.006s

=== Stage 3: srcattributor ===

real	0m0.340s
user	0m0.278s
sys	0m0.010s

=== Detector 1: signed_malloc ===
    input  : /Users/afiaasante/Security-Code-Smells/linux/net/phonet/pn_netlink.c.xml
    output : /tmp/cwe195_findings_AnPTmP

    query  : FIND $T $FUNC($PARAMS) {} CONTAINS malloc($A)
    note   : destructor/constructor blocks covered by XPath fallback


real	0m0.025s
user	0m0.013s
sys	0m0.005s


--- Stage 2: XPath destructor/constructor fallback ---
    no unguarded destructor/constructor malloc found

[ signed_malloc ] 0 finding(s) written to /tmp/cwe195_findings_AnPTmP
=== Detector 2: signed_memcpy ===
    input  : /Users/afiaasante/Security-Code-Smells/linux/net/phonet/pn_netlink.c.xml
    output : /tmp/cwe195_findings_AnPTmP

    query  : FIND $T $FUNC($PARAMS) {} CONTAINS memcpy($A, $B, $C)

real	0m0.022s
user	0m0.013s
sys	0m0.005s

--- Stage 1 (memcpy): checking srcQL result for positivity guard in <condition> ---
    guarded -- > operator found in condition, no finding
    query  : FIND $T $FUNC($PARAMS) {} CONTAINS memmove($A, $B, $C)

real	0m0.019s
user	0m0.013s
sys	0m0.005s


--- Stage 2: XPath destructor/constructor fallback ---
    no unguarded destructor/constructor memcpy/memmove found

[ signed_memcpy ] 0 finding(s) written to /tmp/cwe195_findings_AnPTmP
=== Detector 3: signed_strncpy ===
    input  : /Users/afiaasante/Security-Code-Smells/linux/net/phonet/pn_netlink.c.xml
    output : /tmp/cwe195_findings_AnPTmP

    query  : FIND $T $FUNC($PARAMS) {} CONTAINS strncpy($A, $B, $C)
    note   : destructor/constructor blocks covered by XPath fallback


real	0m0.018s
user	0m0.013s
sys	0m0.004s


--- Stage 2: XPath destructor/constructor fallback ---
    no unguarded destructor/constructor strncpy found

[ signed_strncpy ] 0 finding(s) written to /tmp/cwe195_findings_AnPTmP
========================================
 Findings JSON
========================================

========================================
 Summary
 Total findings : 0
 Errors         : 0
 Warnings       : 0
========================================
