========================================
 CWE-190 Integer Overflow Risk Detector
 Source  : /Users/afiaasante/Security-Code-Smells/linux/net/batman-adv/routing.c
 Report  : /Users/afiaasante/Security-Code-Smells/results/net_scan/SCS006/batman-adv__routing.c/routing_report_20260417_173520.txt
 Findings: /Users/afiaasante/Security-Code-Smells/results/net_scan/SCS006/batman-adv__routing.c/routing_findings_20260417_173520.json
 Date    : Fri Apr 17 17:35:20 EDT 2026
========================================

=== Stage 1: srcml ===

real	0m0.034s
user	0m0.028s
sys	0m0.003s

=== Stage 2: srcslice ===
Writing to :: /Users/afiaasante/Security-Code-Smells/linux/net/batman-adv/routing.c.json
Output Saved to :: /Users/afiaasante/Security-Code-Smells/linux/net/batman-adv/routing.c.json

real	0m0.187s
user	0m0.063s
sys	0m0.004s

=== Stage 3: srcattributor ===

real	0m1.044s
user	0m1.012s
sys	0m0.011s

=== Detector 1: unchecked_multiply ===
    input  : /Users/afiaasante/Security-Code-Smells/linux/net/batman-adv/routing.c.xml
    output : /tmp/cwe190_findings_GTYros

    query  : FIND $T $FUNC($PARAMS) {} CONTAINS $TYPE $RESULT = $A * $B
    note   : destructor/constructor blocks covered by XPath fallback


real	0m0.016s
user	0m0.011s
sys	0m0.003s


--- Stage 2: XPath destructor/constructor fallback ---
    no unguarded destructor/constructor multiply found

[ unchecked_multiply ] 0 finding(s) written to /tmp/cwe190_findings_GTYros
=== Detector 2: unchecked_add ===
    input  : /Users/afiaasante/Security-Code-Smells/linux/net/batman-adv/routing.c.xml
    output : /tmp/cwe190_findings_GTYros

    query  : FIND $T $FUNC($PARAMS) {} CONTAINS $TYPE $RESULT = $A + $B
    note   : destructor/constructor blocks covered by XPath fallback


real	0m0.015s
user	0m0.011s
sys	0m0.003s


--- Stage 2: XPath destructor/constructor fallback ---
    no unguarded destructor/constructor addition found

[ unchecked_add ] 0 finding(s) written to /tmp/cwe190_findings_GTYros
=== Detector 3: unchecked_increment ===
    input  : /Users/afiaasante/Security-Code-Smells/linux/net/batman-adv/routing.c.xml
    output : /tmp/cwe190_findings_GTYros

    strategy : XPath on srcML XML -- ancestor-scoped guard check

--- extracting finding via XPath ---
    function : batadv_recv_icmp_packet
    position : 387:39

    no taint source -- warning/smell
    finding: /Users/afiaasante/Security-Code-Smells/linux/net/batman-adv/routing.c:387:39 -- batadv_recv_icmp_packet() increments without MAX guard

[ unchecked_increment ] 1 finding(s) written to /tmp/cwe190_findings_GTYros
========================================
 Findings JSON
========================================
{
  "detector": "unchecked_increment",
  "severity": "warning",
  "classification": "smell",
  "rule": "integerOverflow",
  "file": "/Users/afiaasante/Security-Code-Smells/linux/net/batman-adv/routing.c",
  "line": 387,
  "col": 39,
  "varname": "batadv_recv_icmp_packet",
  "note": {
    "line": 387,
    "col": 39,
    "message": "increment (++) in batadv_recv_icmp_packet() -- no upper-bound guard (INT_MAX check)"
  }
}

========================================
 Summary
 Total findings : 1
 Errors         : 0
 Warnings       : 1

 Breakdown by detector:
   unchecked_increment       1
========================================
