========================================
 CWE-190 Integer Overflow Risk Detector
 Source  : /Users/afiaasante/Security-Code-Smells/linux/net/wireless/wext-proc.c
 Report  : /Users/afiaasante/Security-Code-Smells/results/net_scan/SCS006/wireless__wext-proc.c/wext-proc_report_20260417_174650.txt
 Findings: /Users/afiaasante/Security-Code-Smells/results/net_scan/SCS006/wireless__wext-proc.c/wext-proc_findings_20260417_174650.json
 Date    : Fri Apr 17 17:46:50 EDT 2026
========================================

=== Stage 1: srcml ===

real	0m0.017s
user	0m0.011s
sys	0m0.004s

=== Stage 2: srcslice ===
Writing to :: /Users/afiaasante/Security-Code-Smells/linux/net/wireless/wext-proc.c.json
Output Saved to :: /Users/afiaasante/Security-Code-Smells/linux/net/wireless/wext-proc.c.json

real	0m0.191s
user	0m0.033s
sys	0m0.004s

=== Stage 3: srcattributor ===

real	0m0.039s
user	0m0.029s
sys	0m0.004s

=== Detector 1: unchecked_multiply ===
    input  : /Users/afiaasante/Security-Code-Smells/linux/net/wireless/wext-proc.c.xml
    output : /tmp/cwe190_findings_q1xuXB

    query  : FIND $T $FUNC($PARAMS) {} CONTAINS $TYPE $RESULT = $A * $B
    note   : destructor/constructor blocks covered by XPath fallback


real	0m0.018s
user	0m0.009s
sys	0m0.005s


--- Stage 2: XPath destructor/constructor fallback ---
    no unguarded destructor/constructor multiply found

[ unchecked_multiply ] 0 finding(s) written to /tmp/cwe190_findings_q1xuXB
=== Detector 2: unchecked_add ===
    input  : /Users/afiaasante/Security-Code-Smells/linux/net/wireless/wext-proc.c.xml
    output : /tmp/cwe190_findings_q1xuXB

    query  : FIND $T $FUNC($PARAMS) {} CONTAINS $TYPE $RESULT = $A + $B
    note   : destructor/constructor blocks covered by XPath fallback


real	0m0.013s
user	0m0.008s
sys	0m0.004s


--- Stage 2: XPath destructor/constructor fallback ---
    no unguarded destructor/constructor addition found

[ unchecked_add ] 0 finding(s) written to /tmp/cwe190_findings_q1xuXB
=== Detector 3: unchecked_increment ===
    input  : /Users/afiaasante/Security-Code-Smells/linux/net/wireless/wext-proc.c.xml
    output : /tmp/cwe190_findings_q1xuXB

    strategy : XPath on srcML XML -- ancestor-scoped guard check

--- extracting finding via XPath ---
    function : wireless_dev_seq_start
    position : 102:24

    no taint source -- warning/smell
    finding: /Users/afiaasante/Security-Code-Smells/linux/net/wireless/wext-proc.c:102:24 -- wireless_dev_seq_start() increments without MAX guard

[ unchecked_increment ] 1 finding(s) written to /tmp/cwe190_findings_q1xuXB
========================================
 Findings JSON
========================================
{
  "detector": "unchecked_increment",
  "severity": "warning",
  "classification": "smell",
  "rule": "integerOverflow",
  "file": "/Users/afiaasante/Security-Code-Smells/linux/net/wireless/wext-proc.c",
  "line": 102,
  "col": 24,
  "varname": "wireless_dev_seq_start",
  "note": {
    "line": 102,
    "col": 24,
    "message": "increment (++) in wireless_dev_seq_start() -- no upper-bound guard (INT_MAX check)"
  }
}

========================================
 Summary
 Total findings : 1
 Errors         : 0
 Warnings       : 1

 Breakdown by detector:
   unchecked_increment       1
========================================
