========================================
 CWE-190 Integer Overflow Risk Detector
 Source  : /Users/afiaasante/Security-Code-Smells/linux/net/ipv4/gre_offload.c
 Report  : /Users/afiaasante/Security-Code-Smells/results/net_scan/SCS006/ipv4__gre_offload.c/gre_offload_report_20260417_173836.txt
 Findings: /Users/afiaasante/Security-Code-Smells/results/net_scan/SCS006/ipv4__gre_offload.c/gre_offload_findings_20260417_173836.json
 Date    : Fri Apr 17 17:38:36 EDT 2026
========================================

=== Stage 1: srcml ===

real	0m0.023s
user	0m0.015s
sys	0m0.004s

=== Stage 2: srcslice ===
Writing to :: /Users/afiaasante/Security-Code-Smells/linux/net/ipv4/gre_offload.c.json
Output Saved to :: /Users/afiaasante/Security-Code-Smells/linux/net/ipv4/gre_offload.c.json

real	0m0.184s
user	0m0.039s
sys	0m0.004s

=== Stage 3: srcattributor ===

real	0m0.102s
user	0m0.095s
sys	0m0.005s

=== Detector 1: unchecked_multiply ===
    input  : /Users/afiaasante/Security-Code-Smells/linux/net/ipv4/gre_offload.c.xml
    output : /tmp/cwe190_findings_G5blCB

    query  : FIND $T $FUNC($PARAMS) {} CONTAINS $TYPE $RESULT = $A * $B
    note   : destructor/constructor blocks covered by XPath fallback


real	0m0.015s
user	0m0.009s
sys	0m0.005s

--- Stage 1: checking srcQL result for MAX guard in <condition> ---
    no taint source -- warning/smell
    finding: /Users/afiaasante/Security-Code-Smells/linux/net/ipv4/gre_offload.c:238:58 -- gre_gro_complete() multiplies without MAX guard

--- Stage 2: XPath destructor/constructor fallback ---
    no unguarded destructor/constructor multiply found

[ unchecked_multiply ] 1 finding(s) written to /tmp/cwe190_findings_G5blCB
=== Detector 2: unchecked_add ===
    input  : /Users/afiaasante/Security-Code-Smells/linux/net/ipv4/gre_offload.c.xml
    output : /tmp/cwe190_findings_G5blCB

    query  : FIND $T $FUNC($PARAMS) {} CONTAINS $TYPE $RESULT = $A + $B
    note   : destructor/constructor blocks covered by XPath fallback


real	0m0.014s
user	0m0.008s
sys	0m0.004s

--- Stage 1: checking srcQL result for MAX guard in <condition> ---
    no taint source -- warning/smell
    finding: /Users/afiaasante/Security-Code-Smells/linux/net/ipv4/gre_offload.c:238:71 -- gre_gro_complete() adds without MAX guard

--- Stage 2: XPath destructor/constructor fallback ---
    no unguarded destructor/constructor addition found

[ unchecked_add ] 1 finding(s) written to /tmp/cwe190_findings_G5blCB
=== Detector 3: unchecked_increment ===
    input  : /Users/afiaasante/Security-Code-Smells/linux/net/ipv4/gre_offload.c.xml
    output : /tmp/cwe190_findings_G5blCB

    strategy : XPath on srcML XML -- ancestor-scoped guard check

[ unchecked_increment ] No smell detected.
========================================
 Findings JSON
========================================
{
  "detector": "unchecked_multiply",
  "severity": "warning",
  "classification": "smell",
  "rule": "integerOverflow",
  "file": "/Users/afiaasante/Security-Code-Smells/linux/net/ipv4/gre_offload.c",
  "line": 238,
  "col": 58,
  "varname": "gre_gro_complete",
  "note": {
    "line": 238,
    "col": 58,
    "message": "multiplication in gre_gro_complete() -- no upper-bound guard (INT_MAX / 2)"
  }
}
{
  "detector": "unchecked_add",
  "severity": "warning",
  "classification": "smell",
  "rule": "integerOverflow",
  "file": "/Users/afiaasante/Security-Code-Smells/linux/net/ipv4/gre_offload.c",
  "line": 238,
  "col": 71,
  "varname": "gre_gro_complete",
  "note": {
    "line": 238,
    "col": 71,
    "message": "addition in gre_gro_complete() -- no upper-bound guard before adding"
  }
}

========================================
 Summary
 Total findings : 2
 Errors         : 0
 Warnings       : 2

 Breakdown by detector:
   unchecked_add             1
   unchecked_multiply        1
========================================
