========================================
 CWE-190 Integer Overflow Risk Detector
 Source  : /Users/afiaasante/Security-Code-Smells/linux/net/rds/ib_send.c
 Report  : /Users/afiaasante/Security-Code-Smells/results/net_scan/SCS006/rds__ib_send.c/ib_send_report_20260417_174342.txt
 Findings: /Users/afiaasante/Security-Code-Smells/results/net_scan/SCS006/rds__ib_send.c/ib_send_findings_20260417_174342.json
 Date    : Fri Apr 17 17:43:42 EDT 2026
========================================

=== Stage 1: srcml ===

real	0m0.059s
user	0m0.053s
sys	0m0.005s

=== Stage 2: srcslice ===
Writing to :: /Users/afiaasante/Security-Code-Smells/linux/net/rds/ib_send.c.json
Output Saved to :: /Users/afiaasante/Security-Code-Smells/linux/net/rds/ib_send.c.json

real	0m0.241s
user	0m0.125s
sys	0m0.005s

=== Stage 3: srcattributor ===

real	0m2.369s
user	0m2.313s
sys	0m0.021s

=== Detector 1: unchecked_multiply ===
    input  : /Users/afiaasante/Security-Code-Smells/linux/net/rds/ib_send.c.xml
    output : /tmp/cwe190_findings_7EBLbc

    query  : FIND $T $FUNC($PARAMS) {} CONTAINS $TYPE $RESULT = $A * $B
    note   : destructor/constructor blocks covered by XPath fallback


real	0m0.027s
user	0m0.020s
sys	0m0.005s


--- Stage 2: XPath destructor/constructor fallback ---
    no unguarded destructor/constructor multiply found

[ unchecked_multiply ] 0 finding(s) written to /tmp/cwe190_findings_7EBLbc
=== Detector 2: unchecked_add ===
    input  : /Users/afiaasante/Security-Code-Smells/linux/net/rds/ib_send.c.xml
    output : /tmp/cwe190_findings_7EBLbc

    query  : FIND $T $FUNC($PARAMS) {} CONTAINS $TYPE $RESULT = $A + $B
    note   : destructor/constructor blocks covered by XPath fallback


real	0m0.026s
user	0m0.018s
sys	0m0.005s


--- Stage 2: XPath destructor/constructor fallback ---
    no unguarded destructor/constructor addition found

[ unchecked_add ] 0 finding(s) written to /tmp/cwe190_findings_7EBLbc
=== Detector 3: unchecked_increment ===
    input  : /Users/afiaasante/Security-Code-Smells/linux/net/rds/ib_send.c.xml
    output : /tmp/cwe190_findings_7EBLbc

    strategy : XPath on srcML XML -- ancestor-scoped guard check

--- extracting finding via XPath ---
    function : rds_ib_send_init_ring
    position : 195:68

    no taint source -- warning/smell
    finding: /Users/afiaasante/Security-Code-Smells/linux/net/rds/ib_send.c:195:68 -- rds_ib_send_init_ring() increments without MAX guard

[ unchecked_increment ] 1 finding(s) written to /tmp/cwe190_findings_7EBLbc
========================================
 Findings JSON
========================================
{
  "detector": "unchecked_increment",
  "severity": "warning",
  "classification": "smell",
  "rule": "integerOverflow",
  "file": "/Users/afiaasante/Security-Code-Smells/linux/net/rds/ib_send.c",
  "line": 195,
  "col": 68,
  "varname": "rds_ib_send_init_ring",
  "note": {
    "line": 195,
    "col": 68,
    "message": "increment (++) in rds_ib_send_init_ring() -- no upper-bound guard (INT_MAX check)"
  }
}

========================================
 Summary
 Total findings : 1
 Errors         : 0
 Warnings       : 1

 Breakdown by detector:
   unchecked_increment       1
========================================
