========================================
 CWE-195 Signed-to-Unsigned Conversion Detector
 Source  : /Users/afiaasante/Security-Code-Smells/linux/net/wireless/reg.c
 Report  : /Users/afiaasante/Security-Code-Smells/results/net_scan/SCS007/wireless__reg.c/reg_report_20260417_180759.txt
 Findings: /Users/afiaasante/Security-Code-Smells/results/net_scan/SCS007/wireless__reg.c/reg_findings_20260417_180759.json
 Date    : Fri Apr 17 18:07:59 EDT 2026
========================================

=== Stage 1: srcml ===

real	0m0.253s
user	0m0.227s
sys	0m0.009s

=== Stage 2: srcslice ===
Writing to :: /Users/afiaasante/Security-Code-Smells/linux/net/wireless/reg.c.json
Output Saved to :: /Users/afiaasante/Security-Code-Smells/linux/net/wireless/reg.c.json

real	0m0.551s
user	0m0.430s
sys	0m0.012s

=== Stage 3: srcattributor ===

real	0m30.950s
user	0m28.646s
sys	0m0.293s

=== Detector 1: signed_malloc ===
    input  : /Users/afiaasante/Security-Code-Smells/linux/net/wireless/reg.c.xml
    output : /tmp/cwe195_findings_9qvF4F

    query  : FIND $T $FUNC($PARAMS) {} CONTAINS malloc($A)
    note   : destructor/constructor blocks covered by XPath fallback


real	0m0.079s
user	0m0.067s
sys	0m0.009s


--- Stage 2: XPath destructor/constructor fallback ---
    no unguarded destructor/constructor malloc found

[ signed_malloc ] 0 finding(s) written to /tmp/cwe195_findings_9qvF4F
=== Detector 2: signed_memcpy ===
    input  : /Users/afiaasante/Security-Code-Smells/linux/net/wireless/reg.c.xml
    output : /tmp/cwe195_findings_9qvF4F

    query  : FIND $T $FUNC($PARAMS) {} CONTAINS memcpy($A, $B, $C)

real	0m0.083s
user	0m0.067s
sys	0m0.010s

--- Stage 1 (memcpy): checking srcQL result for positivity guard in <condition> ---
    no taint source -- warning/smell
    finding: /Users/afiaasante/Security-Code-Smells/linux/net/wireless/reg.c:459:9 -- reg_copy_regd() memcpy without positivity guard
    query  : FIND $T $FUNC($PARAMS) {} CONTAINS memmove($A, $B, $C)

real	0m0.082s
user	0m0.071s
sys	0m0.009s


--- Stage 2: XPath destructor/constructor fallback ---

[ signed_memcpy ] 1 finding(s) written to /tmp/cwe195_findings_9qvF4F
=== Detector 3: signed_strncpy ===
    input  : /Users/afiaasante/Security-Code-Smells/linux/net/wireless/reg.c.xml
    output : /tmp/cwe195_findings_9qvF4F

    query  : FIND $T $FUNC($PARAMS) {} CONTAINS strncpy($A, $B, $C)
    note   : destructor/constructor blocks covered by XPath fallback


real	0m0.083s
user	0m0.069s
sys	0m0.009s


--- Stage 2: XPath destructor/constructor fallback ---
    no unguarded destructor/constructor strncpy found

[ signed_strncpy ] 0 finding(s) written to /tmp/cwe195_findings_9qvF4F
========================================
 Findings JSON
========================================
{
  "detector": "signed_memcpy",
  "severity": "warning",
  "classification": "smell",
  "rule": "signedUnsignedConversion",
  "file": "/Users/afiaasante/Security-Code-Smells/linux/net/wireless/reg.c",
  "line": 459,
  "col": 9,
  "varname": "reg_copy_regd",
  "note": {
    "line": 459,
    "col": 9,
    "message": "memcpy() in reg_copy_regd() -- signed int passed as byte count with no positivity guard (data > 0)"
  }
}

========================================
 Summary
 Total findings : 1
 Errors         : 0
 Warnings       : 1

 Breakdown by detector:
   signed_memcpy             1
========================================
