========================================
 CWE-195 Signed-to-Unsigned Conversion Detector
 Source  : /Users/afiaasante/Security-Code-Smells/linux/net/sched/em_canid.c
 Report  : /Users/afiaasante/Security-Code-Smells/results/net_scan/SCS007/sched__em_canid.c/em_canid_report_20260417_180456.txt
 Findings: /Users/afiaasante/Security-Code-Smells/results/net_scan/SCS007/sched__em_canid.c/em_canid_findings_20260417_180456.json
 Date    : Fri Apr 17 18:04:56 EDT 2026
========================================

=== Stage 1: srcml ===

real	0m0.030s
user	0m0.017s
sys	0m0.004s

=== Stage 2: srcslice ===
Writing to :: /Users/afiaasante/Security-Code-Smells/linux/net/sched/em_canid.c.json
Output Saved to :: /Users/afiaasante/Security-Code-Smells/linux/net/sched/em_canid.c.json

real	0m0.193s
user	0m0.044s
sys	0m0.004s

=== Stage 3: srcattributor ===

real	0m0.099s
user	0m0.081s
sys	0m0.005s

=== Detector 1: signed_malloc ===
    input  : /Users/afiaasante/Security-Code-Smells/linux/net/sched/em_canid.c.xml
    output : /tmp/cwe195_findings_4OnLiQ

    query  : FIND $T $FUNC($PARAMS) {} CONTAINS malloc($A)
    note   : destructor/constructor blocks covered by XPath fallback


real	0m0.019s
user	0m0.010s
sys	0m0.004s


--- Stage 2: XPath destructor/constructor fallback ---
    no unguarded destructor/constructor malloc found

[ signed_malloc ] 0 finding(s) written to /tmp/cwe195_findings_4OnLiQ
=== Detector 2: signed_memcpy ===
    input  : /Users/afiaasante/Security-Code-Smells/linux/net/sched/em_canid.c.xml
    output : /tmp/cwe195_findings_4OnLiQ

    query  : FIND $T $FUNC($PARAMS) {} CONTAINS memcpy($A, $B, $C)

real	0m0.016s
user	0m0.010s
sys	0m0.005s

--- Stage 1 (memcpy): checking srcQL result for positivity guard in <condition> ---
    guarded -- > operator found in condition, no finding
    query  : FIND $T $FUNC($PARAMS) {} CONTAINS memmove($A, $B, $C)

real	0m0.017s
user	0m0.010s
sys	0m0.005s


--- Stage 2: XPath destructor/constructor fallback ---
    no unguarded destructor/constructor memcpy/memmove found

[ signed_memcpy ] 0 finding(s) written to /tmp/cwe195_findings_4OnLiQ
=== Detector 3: signed_strncpy ===
    input  : /Users/afiaasante/Security-Code-Smells/linux/net/sched/em_canid.c.xml
    output : /tmp/cwe195_findings_4OnLiQ

    query  : FIND $T $FUNC($PARAMS) {} CONTAINS strncpy($A, $B, $C)
    note   : destructor/constructor blocks covered by XPath fallback


real	0m0.018s
user	0m0.010s
sys	0m0.004s


--- Stage 2: XPath destructor/constructor fallback ---
    no unguarded destructor/constructor strncpy found

[ signed_strncpy ] 0 finding(s) written to /tmp/cwe195_findings_4OnLiQ
========================================
 Findings JSON
========================================

========================================
 Summary
 Total findings : 0
 Errors         : 0
 Warnings       : 0
========================================
