========================================
 CWE-190 Integer Overflow Risk Detector
 Source  : /Users/afiaasante/Security-Code-Smells/linux/net/mac80211/wbrf.c
 Report  : /Users/afiaasante/Security-Code-Smells/results/net_scan/SCS006/mac80211__wbrf.c/wbrf_report_20260417_174119.txt
 Findings: /Users/afiaasante/Security-Code-Smells/results/net_scan/SCS006/mac80211__wbrf.c/wbrf_findings_20260417_174119.json
 Date    : Fri Apr 17 17:41:19 EDT 2026
========================================

=== Stage 1: srcml ===

real	0m0.018s
user	0m0.009s
sys	0m0.004s

=== Stage 2: srcslice ===
Writing to :: /Users/afiaasante/Security-Code-Smells/linux/net/mac80211/wbrf.c.json
Output Saved to :: /Users/afiaasante/Security-Code-Smells/linux/net/mac80211/wbrf.c.json

real	0m0.187s
user	0m0.027s
sys	0m0.004s

=== Stage 3: srcattributor ===

real	0m0.038s
user	0m0.032s
sys	0m0.004s

=== Detector 1: unchecked_multiply ===
    input  : /Users/afiaasante/Security-Code-Smells/linux/net/mac80211/wbrf.c.xml
    output : /tmp/cwe190_findings_SIwfwk

    query  : FIND $T $FUNC($PARAMS) {} CONTAINS $TYPE $RESULT = $A * $B
    note   : destructor/constructor blocks covered by XPath fallback


real	0m0.013s
user	0m0.006s
sys	0m0.003s


--- Stage 2: XPath destructor/constructor fallback ---
    no unguarded destructor/constructor multiply found

[ unchecked_multiply ] 0 finding(s) written to /tmp/cwe190_findings_SIwfwk
=== Detector 2: unchecked_add ===
    input  : /Users/afiaasante/Security-Code-Smells/linux/net/mac80211/wbrf.c.xml
    output : /tmp/cwe190_findings_SIwfwk

    query  : FIND $T $FUNC($PARAMS) {} CONTAINS $TYPE $RESULT = $A + $B
    note   : destructor/constructor blocks covered by XPath fallback


real	0m0.017s
user	0m0.007s
sys	0m0.005s


--- Stage 2: XPath destructor/constructor fallback ---
    no unguarded destructor/constructor addition found

[ unchecked_add ] 0 finding(s) written to /tmp/cwe190_findings_SIwfwk
=== Detector 3: unchecked_increment ===
    input  : /Users/afiaasante/Security-Code-Smells/linux/net/mac80211/wbrf.c.xml
    output : /tmp/cwe190_findings_SIwfwk

    strategy : XPath on srcML XML -- ancestor-scoped guard check

--- extracting finding via XPath ---
    function : get_ranges_from_chandef
    position : 62:41

    no taint source -- warning/smell
    finding: /Users/afiaasante/Security-Code-Smells/linux/net/mac80211/wbrf.c:62:41 -- get_ranges_from_chandef() increments without MAX guard

[ unchecked_increment ] 1 finding(s) written to /tmp/cwe190_findings_SIwfwk
========================================
 Findings JSON
========================================
{
  "detector": "unchecked_increment",
  "severity": "warning",
  "classification": "smell",
  "rule": "integerOverflow",
  "file": "/Users/afiaasante/Security-Code-Smells/linux/net/mac80211/wbrf.c",
  "line": 62,
  "col": 41,
  "varname": "get_ranges_from_chandef",
  "note": {
    "line": 62,
    "col": 41,
    "message": "increment (++) in get_ranges_from_chandef() -- no upper-bound guard (INT_MAX check)"
  }
}

========================================
 Summary
 Total findings : 1
 Errors         : 0
 Warnings       : 1

 Breakdown by detector:
   unchecked_increment       1
========================================
