========================================
 CWE-190 Integer Overflow Risk Detector
 Source  : /Users/afiaasante/Security-Code-Smells/linux/net/sched/sch_etf.c
 Report  : /Users/afiaasante/Security-Code-Smells/results/net_scan/SCS006/sched__sch_etf.c/sch_etf_report_20260417_174422.txt
 Findings: /Users/afiaasante/Security-Code-Smells/results/net_scan/SCS006/sched__sch_etf.c/sch_etf_findings_20260417_174422.json
 Date    : Fri Apr 17 17:44:22 EDT 2026
========================================

=== Stage 1: srcml ===

real	0m0.036s
user	0m0.030s
sys	0m0.005s

=== Stage 2: srcslice ===
Writing to :: /Users/afiaasante/Security-Code-Smells/linux/net/sched/sch_etf.c.json
Output Saved to :: /Users/afiaasante/Security-Code-Smells/linux/net/sched/sch_etf.c.json

real	0m0.195s
user	0m0.070s
sys	0m0.004s

=== Stage 3: srcattributor ===

real	0m0.453s
user	0m0.432s
sys	0m0.007s

=== Detector 1: unchecked_multiply ===
    input  : /Users/afiaasante/Security-Code-Smells/linux/net/sched/sch_etf.c.xml
    output : /tmp/cwe190_findings_FXZGpR

    query  : FIND $T $FUNC($PARAMS) {} CONTAINS $TYPE $RESULT = $A * $B
    note   : destructor/constructor blocks covered by XPath fallback


real	0m0.025s
user	0m0.013s
sys	0m0.004s


--- Stage 2: XPath destructor/constructor fallback ---
    no unguarded destructor/constructor multiply found

[ unchecked_multiply ] 0 finding(s) written to /tmp/cwe190_findings_FXZGpR
=== Detector 2: unchecked_add ===
    input  : /Users/afiaasante/Security-Code-Smells/linux/net/sched/sch_etf.c.xml
    output : /tmp/cwe190_findings_FXZGpR

    query  : FIND $T $FUNC($PARAMS) {} CONTAINS $TYPE $RESULT = $A + $B
    note   : destructor/constructor blocks covered by XPath fallback


real	0m0.019s
user	0m0.013s
sys	0m0.004s


--- Stage 2: XPath destructor/constructor fallback ---
    no unguarded destructor/constructor addition found

[ unchecked_add ] 0 finding(s) written to /tmp/cwe190_findings_FXZGpR
=== Detector 3: unchecked_increment ===
    input  : /Users/afiaasante/Security-Code-Smells/linux/net/sched/sch_etf.c.xml
    output : /tmp/cwe190_findings_FXZGpR

    strategy : XPath on srcML XML -- ancestor-scoped guard check

--- extracting finding via XPath ---
    function : etf_enqueue_timesortedlist
    position : 192:20

    no taint source -- warning/smell
    finding: /Users/afiaasante/Security-Code-Smells/linux/net/sched/sch_etf.c:192:20 -- etf_enqueue_timesortedlist() increments without MAX guard

[ unchecked_increment ] 1 finding(s) written to /tmp/cwe190_findings_FXZGpR
========================================
 Findings JSON
========================================
{
  "detector": "unchecked_increment",
  "severity": "warning",
  "classification": "smell",
  "rule": "integerOverflow",
  "file": "/Users/afiaasante/Security-Code-Smells/linux/net/sched/sch_etf.c",
  "line": 192,
  "col": 20,
  "varname": "etf_enqueue_timesortedlist",
  "note": {
    "line": 192,
    "col": 20,
    "message": "increment (++) in etf_enqueue_timesortedlist() -- no upper-bound guard (INT_MAX check)"
  }
}

========================================
 Summary
 Total findings : 1
 Errors         : 0
 Warnings       : 1

 Breakdown by detector:
   unchecked_increment       1
========================================
