========================================
 CWE-190 Integer Overflow Risk Detector
 Source  : /Users/afiaasante/Security-Code-Smells/linux/net/sched/cls_u32.c
 Report  : /Users/afiaasante/Security-Code-Smells/results/net_scan/SCS006/sched__cls_u32.c/cls_u32_report_20260417_174414.txt
 Findings: /Users/afiaasante/Security-Code-Smells/results/net_scan/SCS006/sched__cls_u32.c/cls_u32_findings_20260417_174414.json
 Date    : Fri Apr 17 17:44:14 EDT 2026
========================================

=== Stage 1: srcml ===

real	0m0.089s
user	0m0.082s
sys	0m0.005s

=== Stage 2: srcslice ===
Writing to :: /Users/afiaasante/Security-Code-Smells/linux/net/sched/cls_u32.c.json
Output Saved to :: /Users/afiaasante/Security-Code-Smells/linux/net/sched/cls_u32.c.json

real	0m0.306s
user	0m0.188s
sys	0m0.006s

=== Stage 3: srcattributor ===

real	0m5.128s
user	0m4.974s
sys	0m0.043s

=== Detector 1: unchecked_multiply ===
    input  : /Users/afiaasante/Security-Code-Smells/linux/net/sched/cls_u32.c.xml
    output : /tmp/cwe190_findings_q7fO9s

    query  : FIND $T $FUNC($PARAMS) {} CONTAINS $TYPE $RESULT = $A * $B
    note   : destructor/constructor blocks covered by XPath fallback


real	0m0.033s
user	0m0.026s
sys	0m0.005s


--- Stage 2: XPath destructor/constructor fallback ---
    no unguarded destructor/constructor multiply found

[ unchecked_multiply ] 0 finding(s) written to /tmp/cwe190_findings_q7fO9s
=== Detector 2: unchecked_add ===
    input  : /Users/afiaasante/Security-Code-Smells/linux/net/sched/cls_u32.c.xml
    output : /tmp/cwe190_findings_q7fO9s

    query  : FIND $T $FUNC($PARAMS) {} CONTAINS $TYPE $RESULT = $A + $B
    note   : destructor/constructor blocks covered by XPath fallback


real	0m0.043s
user	0m0.030s
sys	0m0.006s

--- Stage 1: checking srcQL result for MAX guard in <condition> ---
    no taint source -- warning/smell
    finding: /Users/afiaasante/Security-Code-Smells/linux/net/sched/cls_u32.c:161:40 -- u32_classify() adds without MAX guard

--- Stage 2: XPath destructor/constructor fallback ---
    no unguarded destructor/constructor addition found

[ unchecked_add ] 1 finding(s) written to /tmp/cwe190_findings_q7fO9s
=== Detector 3: unchecked_increment ===
    input  : /Users/afiaasante/Security-Code-Smells/linux/net/sched/cls_u32.c.xml
    output : /tmp/cwe190_findings_q7fO9s

    strategy : XPath on srcML XML -- ancestor-scoped guard check

--- extracting finding via XPath ---
    function : u32_classify
    position : 160:55

    no taint source -- warning/smell
    finding: /Users/afiaasante/Security-Code-Smells/linux/net/sched/cls_u32.c:160:55 -- u32_classify() increments without MAX guard

[ unchecked_increment ] 1 finding(s) written to /tmp/cwe190_findings_q7fO9s
========================================
 Findings JSON
========================================
{
  "detector": "unchecked_add",
  "severity": "warning",
  "classification": "smell",
  "rule": "integerOverflow",
  "file": "/Users/afiaasante/Security-Code-Smells/linux/net/sched/cls_u32.c",
  "line": 161,
  "col": 40,
  "varname": "u32_classify",
  "note": {
    "line": 161,
    "col": 40,
    "message": "addition in u32_classify() -- no upper-bound guard before adding"
  }
}
{
  "detector": "unchecked_increment",
  "severity": "warning",
  "classification": "smell",
  "rule": "integerOverflow",
  "file": "/Users/afiaasante/Security-Code-Smells/linux/net/sched/cls_u32.c",
  "line": 160,
  "col": 55,
  "varname": "u32_classify",
  "note": {
    "line": 160,
    "col": 55,
    "message": "increment (++) in u32_classify() -- no upper-bound guard (INT_MAX check)"
  }
}

========================================
 Summary
 Total findings : 2
 Errors         : 0
 Warnings       : 2

 Breakdown by detector:
   unchecked_add             1
   unchecked_increment       1
========================================
