========================================
 CWE-190 Integer Overflow Risk Detector
 Source  : /Users/afiaasante/Security-Code-Smells/linux/net/sctp/sysctl.c
 Report  : /Users/afiaasante/Security-Code-Smells/results/net_scan/SCS006/sctp__sysctl.c/sysctl_report_20260417_174457.txt
 Findings: /Users/afiaasante/Security-Code-Smells/results/net_scan/SCS006/sctp__sysctl.c/sysctl_findings_20260417_174457.json
 Date    : Fri Apr 17 17:44:57 EDT 2026
========================================

=== Stage 1: srcml ===

real	0m0.045s
user	0m0.037s
sys	0m0.005s

=== Stage 2: srcslice ===
Writing to :: /Users/afiaasante/Security-Code-Smells/linux/net/sctp/sysctl.c.json
Output Saved to :: /Users/afiaasante/Security-Code-Smells/linux/net/sctp/sysctl.c.json

real	0m0.198s
user	0m0.087s
sys	0m0.005s

=== Stage 3: srcattributor ===

real	0m0.429s
user	0m0.415s
sys	0m0.007s

=== Detector 1: unchecked_multiply ===
    input  : /Users/afiaasante/Security-Code-Smells/linux/net/sctp/sysctl.c.xml
    output : /tmp/cwe190_findings_rXetn6

    query  : FIND $T $FUNC($PARAMS) {} CONTAINS $TYPE $RESULT = $A * $B
    note   : destructor/constructor blocks covered by XPath fallback


real	0m0.022s
user	0m0.016s
sys	0m0.005s

--- Stage 1: checking srcQL result for MAX guard in <condition> ---
    no taint source -- warning/smell
    finding: /Users/afiaasante/Security-Code-Smells/linux/net/sctp/sysctl.c:426:28 -- proc_sctp_do_rto_min() multiplies without MAX guard

--- Stage 2: XPath destructor/constructor fallback ---
    no unguarded destructor/constructor multiply found

[ unchecked_multiply ] 1 finding(s) written to /tmp/cwe190_findings_rXetn6
=== Detector 2: unchecked_add ===
    input  : /Users/afiaasante/Security-Code-Smells/linux/net/sctp/sysctl.c.xml
    output : /tmp/cwe190_findings_rXetn6

    query  : FIND $T $FUNC($PARAMS) {} CONTAINS $TYPE $RESULT = $A + $B
    note   : destructor/constructor blocks covered by XPath fallback


real	0m0.020s
user	0m0.014s
sys	0m0.004s


--- Stage 2: XPath destructor/constructor fallback ---
    no unguarded destructor/constructor addition found

[ unchecked_add ] 0 finding(s) written to /tmp/cwe190_findings_rXetn6
=== Detector 3: unchecked_increment ===
    input  : /Users/afiaasante/Security-Code-Smells/linux/net/sctp/sysctl.c.xml
    output : /tmp/cwe190_findings_rXetn6

    strategy : XPath on srcML XML -- ancestor-scoped guard check

--- extracting finding via XPath ---
    function : sctp_sysctl_net_register
    position : 599:38

    no taint source -- warning/smell
    finding: /Users/afiaasante/Security-Code-Smells/linux/net/sctp/sysctl.c:599:38 -- sctp_sysctl_net_register() increments without MAX guard

[ unchecked_increment ] 1 finding(s) written to /tmp/cwe190_findings_rXetn6
========================================
 Findings JSON
========================================
{
  "detector": "unchecked_multiply",
  "severity": "warning",
  "classification": "smell",
  "rule": "integerOverflow",
  "file": "/Users/afiaasante/Security-Code-Smells/linux/net/sctp/sysctl.c",
  "line": 426,
  "col": 28,
  "varname": "proc_sctp_do_rto_min",
  "note": {
    "line": 426,
    "col": 28,
    "message": "multiplication in proc_sctp_do_rto_min() -- no upper-bound guard (INT_MAX / 2)"
  }
}
{
  "detector": "unchecked_increment",
  "severity": "warning",
  "classification": "smell",
  "rule": "integerOverflow",
  "file": "/Users/afiaasante/Security-Code-Smells/linux/net/sctp/sysctl.c",
  "line": 599,
  "col": 38,
  "varname": "sctp_sysctl_net_register",
  "note": {
    "line": 599,
    "col": 38,
    "message": "increment (++) in sctp_sysctl_net_register() -- no upper-bound guard (INT_MAX check)"
  }
}

========================================
 Summary
 Total findings : 2
 Errors         : 0
 Warnings       : 2

 Breakdown by detector:
   unchecked_increment       1
   unchecked_multiply        1
========================================
