========================================
 CWE-190 Integer Overflow Risk Detector
 Source  : /Users/afiaasante/Security-Code-Smells/linux/net/batman-adv/bridge_loop_avoidance.c
 Report  : /Users/afiaasante/Security-Code-Smells/results/net_scan/SCS006/batman-adv__bridge_loop_avoidance.c/bridge_loop_avoidance_report_20260417_173517.txt
 Findings: /Users/afiaasante/Security-Code-Smells/results/net_scan/SCS006/batman-adv__bridge_loop_avoidance.c/bridge_loop_avoidance_findings_20260417_173517.json
 Date    : Fri Apr 17 17:35:17 EDT 2026
========================================

=== Stage 1: srcml ===

real	0m0.050s
user	0m0.045s
sys	0m0.004s

=== Stage 2: srcslice ===
Writing to :: /Users/afiaasante/Security-Code-Smells/linux/net/batman-adv/bridge_loop_avoidance.c.json
Output Saved to :: /Users/afiaasante/Security-Code-Smells/linux/net/batman-adv/bridge_loop_avoidance.c.json

real	0m0.244s
user	0m0.098s
sys	0m0.004s

=== Stage 3: srcattributor ===

real	0m3.723s
user	0m3.530s
sys	0m0.037s

=== Detector 1: unchecked_multiply ===
    input  : /Users/afiaasante/Security-Code-Smells/linux/net/batman-adv/bridge_loop_avoidance.c.xml
    output : /tmp/cwe190_findings_YDecwe

    query  : FIND $T $FUNC($PARAMS) {} CONTAINS $TYPE $RESULT = $A * $B
    note   : destructor/constructor blocks covered by XPath fallback


real	0m0.025s
user	0m0.019s
sys	0m0.004s


--- Stage 2: XPath destructor/constructor fallback ---
    no unguarded destructor/constructor multiply found

[ unchecked_multiply ] 0 finding(s) written to /tmp/cwe190_findings_YDecwe
=== Detector 2: unchecked_add ===
    input  : /Users/afiaasante/Security-Code-Smells/linux/net/batman-adv/bridge_loop_avoidance.c.xml
    output : /tmp/cwe190_findings_YDecwe

    query  : FIND $T $FUNC($PARAMS) {} CONTAINS $TYPE $RESULT = $A + $B
    note   : destructor/constructor blocks covered by XPath fallback


real	0m0.029s
user	0m0.023s
sys	0m0.005s


--- Stage 2: XPath destructor/constructor fallback ---
    no unguarded destructor/constructor addition found

[ unchecked_add ] 0 finding(s) written to /tmp/cwe190_findings_YDecwe
=== Detector 3: unchecked_increment ===
    input  : /Users/afiaasante/Security-Code-Smells/linux/net/batman-adv/bridge_loop_avoidance.c.xml
    output : /tmp/cwe190_findings_YDecwe

    strategy : XPath on srcML XML -- ancestor-scoped guard check

--- extracting finding via XPath ---
    function : batadv_bla_del_backbone_claims
    position : 311:38

    no taint source -- warning/smell
    finding: /Users/afiaasante/Security-Code-Smells/linux/net/batman-adv/bridge_loop_avoidance.c:311:38 -- batadv_bla_del_backbone_claims() increments without MAX guard

[ unchecked_increment ] 1 finding(s) written to /tmp/cwe190_findings_YDecwe
========================================
 Findings JSON
========================================
{
  "detector": "unchecked_increment",
  "severity": "warning",
  "classification": "smell",
  "rule": "integerOverflow",
  "file": "/Users/afiaasante/Security-Code-Smells/linux/net/batman-adv/bridge_loop_avoidance.c",
  "line": 311,
  "col": 38,
  "varname": "batadv_bla_del_backbone_claims",
  "note": {
    "line": 311,
    "col": 38,
    "message": "increment (++) in batadv_bla_del_backbone_claims() -- no upper-bound guard (INT_MAX check)"
  }
}

========================================
 Summary
 Total findings : 1
 Errors         : 0
 Warnings       : 1

 Breakdown by detector:
   unchecked_increment       1
========================================
