========================================
 CWE-190 Integer Overflow Risk Detector
 Source  : /Users/afiaasante/Security-Code-Smells/linux/net/bridge/br_netfilter_hooks.c
 Report  : /Users/afiaasante/Security-Code-Smells/results/net_scan/SCS006/bridge__br_netfilter_hooks.c/br_netfilter_hooks_report_20260417_173553.txt
 Findings: /Users/afiaasante/Security-Code-Smells/results/net_scan/SCS006/bridge__br_netfilter_hooks.c/br_netfilter_hooks_findings_20260417_173553.json
 Date    : Fri Apr 17 17:35:53 EDT 2026
========================================

=== Stage 1: srcml ===

real	0m0.057s
user	0m0.045s
sys	0m0.003s

=== Stage 2: srcslice ===
Writing to :: /Users/afiaasante/Security-Code-Smells/linux/net/bridge/br_netfilter_hooks.c.json
Output Saved to :: /Users/afiaasante/Security-Code-Smells/linux/net/bridge/br_netfilter_hooks.c.json

real	0m0.249s
user	0m0.085s
sys	0m0.005s

=== Stage 3: srcattributor ===

real	0m1.596s
user	0m1.477s
sys	0m0.018s

=== Detector 1: unchecked_multiply ===
    input  : /Users/afiaasante/Security-Code-Smells/linux/net/bridge/br_netfilter_hooks.c.xml
    output : /tmp/cwe190_findings_40Age0

    query  : FIND $T $FUNC($PARAMS) {} CONTAINS $TYPE $RESULT = $A * $B
    note   : destructor/constructor blocks covered by XPath fallback


real	0m0.024s
user	0m0.017s
sys	0m0.005s

--- Stage 1: checking srcQL result for MAX guard in <condition> ---
    no taint source -- warning/smell
    finding: /Users/afiaasante/Security-Code-Smells/linux/net/bridge/br_netfilter_hooks.c:728:52 -- br_nf_forward_arp() multiplies without MAX guard

--- Stage 2: XPath destructor/constructor fallback ---
    no unguarded destructor/constructor multiply found

[ unchecked_multiply ] 1 finding(s) written to /tmp/cwe190_findings_40Age0
=== Detector 2: unchecked_add ===
    input  : /Users/afiaasante/Security-Code-Smells/linux/net/bridge/br_netfilter_hooks.c.xml
    output : /tmp/cwe190_findings_40Age0

    query  : FIND $T $FUNC($PARAMS) {} CONTAINS $TYPE $RESULT = $A + $B
    note   : destructor/constructor blocks covered by XPath fallback


real	0m0.025s
user	0m0.016s
sys	0m0.004s


--- Stage 2: XPath destructor/constructor fallback ---
    no unguarded destructor/constructor addition found

[ unchecked_add ] 0 finding(s) written to /tmp/cwe190_findings_40Age0
=== Detector 3: unchecked_increment ===
    input  : /Users/afiaasante/Security-Code-Smells/linux/net/bridge/br_netfilter_hooks.c.xml
    output : /tmp/cwe190_findings_40Age0

    strategy : XPath on srcML XML -- ancestor-scoped guard check

--- extracting finding via XPath ---
    function : br_nf_hook_thresh
    position : 1143:47

    no taint source -- warning/smell
    finding: /Users/afiaasante/Security-Code-Smells/linux/net/bridge/br_netfilter_hooks.c:1143:47 -- br_nf_hook_thresh() increments without MAX guard

[ unchecked_increment ] 1 finding(s) written to /tmp/cwe190_findings_40Age0
========================================
 Findings JSON
========================================
{
  "detector": "unchecked_multiply",
  "severity": "warning",
  "classification": "smell",
  "rule": "integerOverflow",
  "file": "/Users/afiaasante/Security-Code-Smells/linux/net/bridge/br_netfilter_hooks.c",
  "line": 728,
  "col": 52,
  "varname": "br_nf_forward_arp",
  "note": {
    "line": 728,
    "col": 52,
    "message": "multiplication in br_nf_forward_arp() -- no upper-bound guard (INT_MAX / 2)"
  }
}
{
  "detector": "unchecked_increment",
  "severity": "warning",
  "classification": "smell",
  "rule": "integerOverflow",
  "file": "/Users/afiaasante/Security-Code-Smells/linux/net/bridge/br_netfilter_hooks.c",
  "line": 1143,
  "col": 47,
  "varname": "br_nf_hook_thresh",
  "note": {
    "line": 1143,
    "col": 47,
    "message": "increment (++) in br_nf_hook_thresh() -- no upper-bound guard (INT_MAX check)"
  }
}

========================================
 Summary
 Total findings : 2
 Errors         : 0
 Warnings       : 2

 Breakdown by detector:
   unchecked_increment       1
   unchecked_multiply        1
========================================
