========================================
 CWE-190 Integer Overflow Risk Detector
 Source  : /Users/afiaasante/Security-Code-Smells/linux/net/netfilter/nf_flow_table_procfs.c
 Report  : /Users/afiaasante/Security-Code-Smells/results/net_scan/SCS006/netfilter__nf_flow_table_procfs.c/nf_flow_table_procfs_report_20260417_174236.txt
 Findings: /Users/afiaasante/Security-Code-Smells/results/net_scan/SCS006/netfilter__nf_flow_table_procfs.c/nf_flow_table_procfs_findings_20260417_174236.json
 Date    : Fri Apr 17 17:42:36 EDT 2026
========================================

=== Stage 1: srcml ===

real	0m0.015s
user	0m0.008s
sys	0m0.005s

=== Stage 2: srcslice ===
Writing to :: /Users/afiaasante/Security-Code-Smells/linux/net/netfilter/nf_flow_table_procfs.c.json
Output Saved to :: /Users/afiaasante/Security-Code-Smells/linux/net/netfilter/nf_flow_table_procfs.c.json

real	0m0.186s
user	0m0.027s
sys	0m0.003s

=== Stage 3: srcattributor ===

real	0m0.028s
user	0m0.023s
sys	0m0.003s

=== Detector 1: unchecked_multiply ===
    input  : /Users/afiaasante/Security-Code-Smells/linux/net/netfilter/nf_flow_table_procfs.c.xml
    output : /tmp/cwe190_findings_zNwscl

    query  : FIND $T $FUNC($PARAMS) {} CONTAINS $TYPE $RESULT = $A * $B
    note   : destructor/constructor blocks covered by XPath fallback


real	0m0.012s
user	0m0.007s
sys	0m0.004s


--- Stage 2: XPath destructor/constructor fallback ---
    no unguarded destructor/constructor multiply found

[ unchecked_multiply ] 0 finding(s) written to /tmp/cwe190_findings_zNwscl
=== Detector 2: unchecked_add ===
    input  : /Users/afiaasante/Security-Code-Smells/linux/net/netfilter/nf_flow_table_procfs.c.xml
    output : /tmp/cwe190_findings_zNwscl

    query  : FIND $T $FUNC($PARAMS) {} CONTAINS $TYPE $RESULT = $A + $B
    note   : destructor/constructor blocks covered by XPath fallback


real	0m0.012s
user	0m0.007s
sys	0m0.004s


--- Stage 2: XPath destructor/constructor fallback ---
    no unguarded destructor/constructor addition found

[ unchecked_add ] 0 finding(s) written to /tmp/cwe190_findings_zNwscl
=== Detector 3: unchecked_increment ===
    input  : /Users/afiaasante/Security-Code-Smells/linux/net/netfilter/nf_flow_table_procfs.c.xml
    output : /tmp/cwe190_findings_zNwscl

    strategy : XPath on srcML XML -- ancestor-scoped guard check

--- extracting finding via XPath ---
    function : nf_flow_table_cpu_seq_start
    position : 14:48

    no taint source -- warning/smell
    finding: /Users/afiaasante/Security-Code-Smells/linux/net/netfilter/nf_flow_table_procfs.c:14:48 -- nf_flow_table_cpu_seq_start() increments without MAX guard

[ unchecked_increment ] 1 finding(s) written to /tmp/cwe190_findings_zNwscl
========================================
 Findings JSON
========================================
{
  "detector": "unchecked_increment",
  "severity": "warning",
  "classification": "smell",
  "rule": "integerOverflow",
  "file": "/Users/afiaasante/Security-Code-Smells/linux/net/netfilter/nf_flow_table_procfs.c",
  "line": 14,
  "col": 48,
  "varname": "nf_flow_table_cpu_seq_start",
  "note": {
    "line": 14,
    "col": 48,
    "message": "increment (++) in nf_flow_table_cpu_seq_start() -- no upper-bound guard (INT_MAX check)"
  }
}

========================================
 Summary
 Total findings : 1
 Errors         : 0
 Warnings       : 1

 Breakdown by detector:
   unchecked_increment       1
========================================
