========================================
 CWE-195 Signed-to-Unsigned Conversion Detector
 Source  : /Users/afiaasante/Security-Code-Smells/linux/net/atm/pppoatm.c
 Report  : /Users/afiaasante/Security-Code-Smells/results/net_scan/SCS007/atm__pppoatm.c/pppoatm_report_20260417_175229.txt
 Findings: /Users/afiaasante/Security-Code-Smells/results/net_scan/SCS007/atm__pppoatm.c/pppoatm_findings_20260417_175229.json
 Date    : Fri Apr 17 17:52:29 EDT 2026
========================================

=== Stage 1: srcml ===

real	0m0.031s
user	0m0.024s
sys	0m0.004s

=== Stage 2: srcslice ===
Writing to :: /Users/afiaasante/Security-Code-Smells/linux/net/atm/pppoatm.c.json
Output Saved to :: /Users/afiaasante/Security-Code-Smells/linux/net/atm/pppoatm.c.json

real	0m0.181s
user	0m0.041s
sys	0m0.003s

=== Stage 3: srcattributor ===

real	0m0.123s
user	0m0.119s
sys	0m0.003s

=== Detector 1: signed_malloc ===
    input  : /Users/afiaasante/Security-Code-Smells/linux/net/atm/pppoatm.c.xml
    output : /tmp/cwe195_findings_w79x70

    query  : FIND $T $FUNC($PARAMS) {} CONTAINS malloc($A)
    note   : destructor/constructor blocks covered by XPath fallback


real	0m0.014s
user	0m0.009s
sys	0m0.004s


--- Stage 2: XPath destructor/constructor fallback ---
    no unguarded destructor/constructor malloc found

[ signed_malloc ] 0 finding(s) written to /tmp/cwe195_findings_w79x70
=== Detector 2: signed_memcpy ===
    input  : /Users/afiaasante/Security-Code-Smells/linux/net/atm/pppoatm.c.xml
    output : /tmp/cwe195_findings_w79x70

    query  : FIND $T $FUNC($PARAMS) {} CONTAINS memcpy($A, $B, $C)

real	0m0.015s
user	0m0.010s
sys	0m0.003s

--- Stage 1 (memcpy): checking srcQL result for positivity guard in <condition> ---
    guarded -- > operator found in condition, no finding
    query  : FIND $T $FUNC($PARAMS) {} CONTAINS memmove($A, $B, $C)

real	0m0.017s
user	0m0.010s
sys	0m0.003s


--- Stage 2: XPath destructor/constructor fallback ---
    no unguarded destructor/constructor memcpy/memmove found

[ signed_memcpy ] 0 finding(s) written to /tmp/cwe195_findings_w79x70
=== Detector 3: signed_strncpy ===
    input  : /Users/afiaasante/Security-Code-Smells/linux/net/atm/pppoatm.c.xml
    output : /tmp/cwe195_findings_w79x70

    query  : FIND $T $FUNC($PARAMS) {} CONTAINS strncpy($A, $B, $C)
    note   : destructor/constructor blocks covered by XPath fallback


real	0m0.015s
user	0m0.010s
sys	0m0.003s


--- Stage 2: XPath destructor/constructor fallback ---
    no unguarded destructor/constructor strncpy found

[ signed_strncpy ] 0 finding(s) written to /tmp/cwe195_findings_w79x70
========================================
 Findings JSON
========================================

========================================
 Summary
 Total findings : 0
 Errors         : 0
 Warnings       : 0
========================================
