========================================
 CWE-190 Integer Overflow Risk Detector
 Source  : /Users/afiaasante/Security-Code-Smells/linux/net/sched/em_nbyte.c
 Report  : /Users/afiaasante/Security-Code-Smells/results/net_scan/SCS006/sched__em_nbyte.c/em_nbyte_report_20260417_174417.txt
 Findings: /Users/afiaasante/Security-Code-Smells/results/net_scan/SCS006/sched__em_nbyte.c/em_nbyte_findings_20260417_174417.json
 Date    : Fri Apr 17 17:44:17 EDT 2026
========================================

=== Stage 1: srcml ===

real	0m0.015s
user	0m0.009s
sys	0m0.004s

=== Stage 2: srcslice ===
Writing to :: /Users/afiaasante/Security-Code-Smells/linux/net/sched/em_nbyte.c.json
Output Saved to :: /Users/afiaasante/Security-Code-Smells/linux/net/sched/em_nbyte.c.json

real	0m0.190s
user	0m0.028s
sys	0m0.004s

=== Stage 3: srcattributor ===

real	0m0.024s
user	0m0.019s
sys	0m0.004s

=== Detector 1: unchecked_multiply ===
    input  : /Users/afiaasante/Security-Code-Smells/linux/net/sched/em_nbyte.c.xml
    output : /tmp/cwe190_findings_hix9IM

    query  : FIND $T $FUNC($PARAMS) {} CONTAINS $TYPE $RESULT = $A * $B
    note   : destructor/constructor blocks covered by XPath fallback


real	0m0.013s
user	0m0.008s
sys	0m0.004s

--- Stage 1: checking srcQL result for MAX guard in <condition> ---
    no taint source -- warning/smell
    finding: /Users/afiaasante/Security-Code-Smells/linux/net/sched/em_nbyte.c:42:55 -- em_nbyte_match() multiplies without MAX guard

--- Stage 2: XPath destructor/constructor fallback ---
    no unguarded destructor/constructor multiply found

[ unchecked_multiply ] 1 finding(s) written to /tmp/cwe190_findings_hix9IM
=== Detector 2: unchecked_add ===
    input  : /Users/afiaasante/Security-Code-Smells/linux/net/sched/em_nbyte.c.xml
    output : /tmp/cwe190_findings_hix9IM

    query  : FIND $T $FUNC($PARAMS) {} CONTAINS $TYPE $RESULT = $A + $B
    note   : destructor/constructor blocks covered by XPath fallback


real	0m0.011s
user	0m0.007s
sys	0m0.004s


--- Stage 2: XPath destructor/constructor fallback ---
    no unguarded destructor/constructor addition found

[ unchecked_add ] 0 finding(s) written to /tmp/cwe190_findings_hix9IM
=== Detector 3: unchecked_increment ===
    input  : /Users/afiaasante/Security-Code-Smells/linux/net/sched/em_nbyte.c.xml
    output : /tmp/cwe190_findings_hix9IM

    strategy : XPath on srcML XML -- ancestor-scoped guard check

[ unchecked_increment ] No smell detected.
========================================
 Findings JSON
========================================
{
  "detector": "unchecked_multiply",
  "severity": "warning",
  "classification": "smell",
  "rule": "integerOverflow",
  "file": "/Users/afiaasante/Security-Code-Smells/linux/net/sched/em_nbyte.c",
  "line": 42,
  "col": 55,
  "varname": "em_nbyte_match",
  "note": {
    "line": 42,
    "col": 55,
    "message": "multiplication in em_nbyte_match() -- no upper-bound guard (INT_MAX / 2)"
  }
}

========================================
 Summary
 Total findings : 1
 Errors         : 0
 Warnings       : 1

 Breakdown by detector:
   unchecked_multiply        1
========================================
