========================================
 CWE-190 Integer Overflow Risk Detector
 Source  : /Users/afiaasante/Security-Code-Smells/linux/net/wireless/mesh.c
 Report  : /Users/afiaasante/Security-Code-Smells/results/net_scan/SCS006/wireless__mesh.c/mesh_report_20260417_174635.txt
 Findings: /Users/afiaasante/Security-Code-Smells/results/net_scan/SCS006/wireless__mesh.c/mesh_findings_20260417_174635.json
 Date    : Fri Apr 17 17:46:35 EDT 2026
========================================

=== Stage 1: srcml ===

real	0m0.024s
user	0m0.016s
sys	0m0.006s

=== Stage 2: srcslice ===
Writing to :: /Users/afiaasante/Security-Code-Smells/linux/net/wireless/mesh.c.json
Output Saved to :: /Users/afiaasante/Security-Code-Smells/linux/net/wireless/mesh.c.json

real	0m0.196s
user	0m0.046s
sys	0m0.005s

=== Stage 3: srcattributor ===

real	0m0.087s
user	0m0.079s
sys	0m0.005s

=== Detector 1: unchecked_multiply ===
    input  : /Users/afiaasante/Security-Code-Smells/linux/net/wireless/mesh.c.xml
    output : /tmp/cwe190_findings_JlyNa2

    query  : FIND $T $FUNC($PARAMS) {} CONTAINS $TYPE $RESULT = $A * $B
    note   : destructor/constructor blocks covered by XPath fallback


real	0m0.021s
user	0m0.009s
sys	0m0.006s


--- Stage 2: XPath destructor/constructor fallback ---
    no unguarded destructor/constructor multiply found

[ unchecked_multiply ] 0 finding(s) written to /tmp/cwe190_findings_JlyNa2
=== Detector 2: unchecked_add ===
    input  : /Users/afiaasante/Security-Code-Smells/linux/net/wireless/mesh.c.xml
    output : /tmp/cwe190_findings_JlyNa2

    query  : FIND $T $FUNC($PARAMS) {} CONTAINS $TYPE $RESULT = $A + $B
    note   : destructor/constructor blocks covered by XPath fallback


real	0m0.015s
user	0m0.009s
sys	0m0.004s


--- Stage 2: XPath destructor/constructor fallback ---
    no unguarded destructor/constructor addition found

[ unchecked_add ] 0 finding(s) written to /tmp/cwe190_findings_JlyNa2
=== Detector 3: unchecked_increment ===
    input  : /Users/afiaasante/Security-Code-Smells/linux/net/wireless/mesh.c.xml
    output : /tmp/cwe190_findings_JlyNa2

    strategy : XPath on srcML XML -- ancestor-scoped guard check

--- extracting finding via XPath ---
    function : __cfg80211_join_mesh
    position : 142:62

    no taint source -- warning/smell
    finding: /Users/afiaasante/Security-Code-Smells/linux/net/wireless/mesh.c:142:62 -- __cfg80211_join_mesh() increments without MAX guard

[ unchecked_increment ] 1 finding(s) written to /tmp/cwe190_findings_JlyNa2
========================================
 Findings JSON
========================================
{
  "detector": "unchecked_increment",
  "severity": "warning",
  "classification": "smell",
  "rule": "integerOverflow",
  "file": "/Users/afiaasante/Security-Code-Smells/linux/net/wireless/mesh.c",
  "line": 142,
  "col": 62,
  "varname": "__cfg80211_join_mesh",
  "note": {
    "line": 142,
    "col": 62,
    "message": "increment (++) in __cfg80211_join_mesh() -- no upper-bound guard (INT_MAX check)"
  }
}

========================================
 Summary
 Total findings : 1
 Errors         : 0
 Warnings       : 1

 Breakdown by detector:
   unchecked_increment       1
========================================
