========================================
 CWE-190 Integer Overflow Risk Detector
 Source  : /Users/afiaasante/Security-Code-Smells/linux/net/netlabel/netlabel_domainhash.c
 Report  : /Users/afiaasante/Security-Code-Smells/results/net_scan/SCS006/netlabel__netlabel_domainhash.c/netlabel_domainhash_report_20260417_174307.txt
 Findings: /Users/afiaasante/Security-Code-Smells/results/net_scan/SCS006/netlabel__netlabel_domainhash.c/netlabel_domainhash_findings_20260417_174307.json
 Date    : Fri Apr 17 17:43:07 EDT 2026
========================================

=== Stage 1: srcml ===

real	0m0.046s
user	0m0.040s
sys	0m0.005s

=== Stage 2: srcslice ===
Writing to :: /Users/afiaasante/Security-Code-Smells/linux/net/netlabel/netlabel_domainhash.c.json
Output Saved to :: /Users/afiaasante/Security-Code-Smells/linux/net/netlabel/netlabel_domainhash.c.json

real	0m0.188s
user	0m0.084s
sys	0m0.004s

=== Stage 3: srcattributor ===

real	0m0.787s
user	0m0.752s
sys	0m0.010s

=== Detector 1: unchecked_multiply ===
    input  : /Users/afiaasante/Security-Code-Smells/linux/net/netlabel/netlabel_domainhash.c.xml
    output : /tmp/cwe190_findings_fJF96n

    query  : FIND $T $FUNC($PARAMS) {} CONTAINS $TYPE $RESULT = $A * $B
    note   : destructor/constructor blocks covered by XPath fallback


real	0m0.020s
user	0m0.015s
sys	0m0.004s


--- Stage 2: XPath destructor/constructor fallback ---
    no unguarded destructor/constructor multiply found

[ unchecked_multiply ] 0 finding(s) written to /tmp/cwe190_findings_fJF96n
=== Detector 2: unchecked_add ===
    input  : /Users/afiaasante/Security-Code-Smells/linux/net/netlabel/netlabel_domainhash.c.xml
    output : /tmp/cwe190_findings_fJF96n

    query  : FIND $T $FUNC($PARAMS) {} CONTAINS $TYPE $RESULT = $A + $B
    note   : destructor/constructor blocks covered by XPath fallback


real	0m0.024s
user	0m0.015s
sys	0m0.005s


--- Stage 2: XPath destructor/constructor fallback ---
    no unguarded destructor/constructor addition found

[ unchecked_add ] 0 finding(s) written to /tmp/cwe190_findings_fJF96n
=== Detector 3: unchecked_increment ===
    input  : /Users/afiaasante/Security-Code-Smells/linux/net/netlabel/netlabel_domainhash.c.xml
    output : /tmp/cwe190_findings_fJF96n

    strategy : XPath on srcML XML -- ancestor-scoped guard check

--- extracting finding via XPath ---
    function : netlbl_domhsh_hash
    position : 114:68

    no taint source -- warning/smell
    finding: /Users/afiaasante/Security-Code-Smells/linux/net/netlabel/netlabel_domainhash.c:114:68 -- netlbl_domhsh_hash() increments without MAX guard

[ unchecked_increment ] 1 finding(s) written to /tmp/cwe190_findings_fJF96n
========================================
 Findings JSON
========================================
{
  "detector": "unchecked_increment",
  "severity": "warning",
  "classification": "smell",
  "rule": "integerOverflow",
  "file": "/Users/afiaasante/Security-Code-Smells/linux/net/netlabel/netlabel_domainhash.c",
  "line": 114,
  "col": 68,
  "varname": "netlbl_domhsh_hash",
  "note": {
    "line": 114,
    "col": 68,
    "message": "increment (++) in netlbl_domhsh_hash() -- no upper-bound guard (INT_MAX check)"
  }
}

========================================
 Summary
 Total findings : 1
 Errors         : 0
 Warnings       : 1

 Breakdown by detector:
   unchecked_increment       1
========================================
