========================================
 CWE-190 Integer Overflow Risk Detector
 Source  : /Users/afiaasante/Security-Code-Smells/linux/net/bridge/netfilter/ebtables.c
 Report  : /Users/afiaasante/Security-Code-Smells/results/net_scan/SCS006/bridge__netfilter__ebtables.c/ebtables_report_20260417_173608.txt
 Findings: /Users/afiaasante/Security-Code-Smells/results/net_scan/SCS006/bridge__netfilter__ebtables.c/ebtables_findings_20260417_173608.json
 Date    : Fri Apr 17 17:36:08 EDT 2026
========================================

=== Stage 1: srcml ===

real	0m0.113s
user	0m0.103s
sys	0m0.005s

=== Stage 2: srcslice ===
Writing to :: /Users/afiaasante/Security-Code-Smells/linux/net/bridge/netfilter/ebtables.c.json
Output Saved to :: /Users/afiaasante/Security-Code-Smells/linux/net/bridge/netfilter/ebtables.c.json

real	0m0.298s
user	0m0.183s
sys	0m0.006s

=== Stage 3: srcattributor ===

real	0m12.180s
user	0m11.209s
sys	0m0.154s

=== Detector 1: unchecked_multiply ===
    input  : /Users/afiaasante/Security-Code-Smells/linux/net/bridge/netfilter/ebtables.c.xml
    output : /tmp/cwe190_findings_qiarPn

    query  : FIND $T $FUNC($PARAMS) {} CONTAINS $TYPE $RESULT = $A * $B
    note   : destructor/constructor blocks covered by XPath fallback


real	0m0.042s
user	0m0.034s
sys	0m0.005s

--- Stage 1: checking srcQL result for MAX guard in <condition> ---
    no taint source -- warning/smell
    finding: /Users/afiaasante/Security-Code-Smells/linux/net/bridge/netfilter/ebtables.c:62:17 -- ebt_standard_compat_from_user() multiplies without MAX guard

--- Stage 2: XPath destructor/constructor fallback ---
    no unguarded destructor/constructor multiply found

[ unchecked_multiply ] 1 finding(s) written to /tmp/cwe190_findings_qiarPn
=== Detector 2: unchecked_add ===
    input  : /Users/afiaasante/Security-Code-Smells/linux/net/bridge/netfilter/ebtables.c.xml
    output : /tmp/cwe190_findings_qiarPn

    query  : FIND $T $FUNC($PARAMS) {} CONTAINS $TYPE $RESULT = $A + $B
    note   : destructor/constructor blocks covered by XPath fallback


real	0m0.042s
user	0m0.035s
sys	0m0.006s

--- Stage 1: checking srcQL result for MAX guard in <condition> ---
    no taint source -- warning/smell
    finding: /Users/afiaasante/Security-Code-Smells/linux/net/bridge/netfilter/ebtables.c:398:34 -- ebt_check_match() adds without MAX guard

--- Stage 2: XPath destructor/constructor fallback ---
    no unguarded destructor/constructor addition found

[ unchecked_add ] 1 finding(s) written to /tmp/cwe190_findings_qiarPn
=== Detector 3: unchecked_increment ===
    input  : /Users/afiaasante/Security-Code-Smells/linux/net/bridge/netfilter/ebtables.c.xml
    output : /tmp/cwe190_findings_qiarPn

    strategy : XPath on srcML XML -- ancestor-scoped guard check

--- extracting finding via XPath ---
    function : ebt_dev_check
    position : 125:18

    no taint source -- warning/smell
    finding: /Users/afiaasante/Security-Code-Smells/linux/net/bridge/netfilter/ebtables.c:125:18 -- ebt_dev_check() increments without MAX guard

[ unchecked_increment ] 1 finding(s) written to /tmp/cwe190_findings_qiarPn
========================================
 Findings JSON
========================================
{
  "detector": "unchecked_multiply",
  "severity": "warning",
  "classification": "smell",
  "rule": "integerOverflow",
  "file": "/Users/afiaasante/Security-Code-Smells/linux/net/bridge/netfilter/ebtables.c",
  "line": 62,
  "col": 17,
  "varname": "ebt_standard_compat_from_user",
  "note": {
    "line": 62,
    "col": 17,
    "message": "multiplication in ebt_standard_compat_from_user() -- no upper-bound guard (INT_MAX / 2)"
  }
}
{
  "detector": "unchecked_add",
  "severity": "warning",
  "classification": "smell",
  "rule": "integerOverflow",
  "file": "/Users/afiaasante/Security-Code-Smells/linux/net/bridge/netfilter/ebtables.c",
  "line": 398,
  "col": 34,
  "varname": "ebt_check_match",
  "note": {
    "line": 398,
    "col": 34,
    "message": "addition in ebt_check_match() -- no upper-bound guard before adding"
  }
}
{
  "detector": "unchecked_increment",
  "severity": "warning",
  "classification": "smell",
  "rule": "integerOverflow",
  "file": "/Users/afiaasante/Security-Code-Smells/linux/net/bridge/netfilter/ebtables.c",
  "line": 125,
  "col": 18,
  "varname": "ebt_dev_check",
  "note": {
    "line": 125,
    "col": 18,
    "message": "increment (++) in ebt_dev_check() -- no upper-bound guard (INT_MAX check)"
  }
}

========================================
 Summary
 Total findings : 3
 Errors         : 0
 Warnings       : 3

 Breakdown by detector:
   unchecked_add             1
   unchecked_increment       1
   unchecked_multiply        1
========================================
