========================================
 CWE-190 Integer Overflow Risk Detector
 Source  : /Users/afiaasante/Security-Code-Smells/linux/net/sunrpc/cache.c
 Report  : /Users/afiaasante/Security-Code-Smells/results/net_scan/SCS006/sunrpc__cache.c/cache_report_20260417_174529.txt
 Findings: /Users/afiaasante/Security-Code-Smells/results/net_scan/SCS006/sunrpc__cache.c/cache_findings_20260417_174529.json
 Date    : Fri Apr 17 17:45:29 EDT 2026
========================================

=== Stage 1: srcml ===

real	0m0.118s
user	0m0.107s
sys	0m0.006s

=== Stage 2: srcslice ===
Writing to :: /Users/afiaasante/Security-Code-Smells/linux/net/sunrpc/cache.c.json
Output Saved to :: /Users/afiaasante/Security-Code-Smells/linux/net/sunrpc/cache.c.json

real	0m0.356s
user	0m0.212s
sys	0m0.009s

=== Stage 3: srcattributor ===

real	0m7.299s
user	0m7.121s
sys	0m0.054s

=== Detector 1: unchecked_multiply ===
    input  : /Users/afiaasante/Security-Code-Smells/linux/net/sunrpc/cache.c.xml
    output : /tmp/cwe190_findings_Ui6eZq

    query  : FIND $T $FUNC($PARAMS) {} CONTAINS $TYPE $RESULT = $A * $B
    note   : destructor/constructor blocks covered by XPath fallback


real	0m0.039s
user	0m0.032s
sys	0m0.005s


--- Stage 2: XPath destructor/constructor fallback ---
    no unguarded destructor/constructor multiply found

[ unchecked_multiply ] 0 finding(s) written to /tmp/cwe190_findings_Ui6eZq
=== Detector 2: unchecked_add ===
    input  : /Users/afiaasante/Security-Code-Smells/linux/net/sunrpc/cache.c.xml
    output : /tmp/cwe190_findings_Ui6eZq

    query  : FIND $T $FUNC($PARAMS) {} CONTAINS $TYPE $RESULT = $A + $B
    note   : destructor/constructor blocks covered by XPath fallback


real	0m0.042s
user	0m0.033s
sys	0m0.006s


--- Stage 2: XPath destructor/constructor fallback ---
    no unguarded destructor/constructor addition found

[ unchecked_add ] 0 finding(s) written to /tmp/cwe190_findings_Ui6eZq
=== Detector 3: unchecked_increment ===
    input  : /Users/afiaasante/Security-Code-Smells/linux/net/sunrpc/cache.c.xml
    output : /tmp/cwe190_findings_Ui6eZq

    strategy : XPath on srcML XML -- ancestor-scoped guard check

--- extracting finding via XPath ---
    function : sunrpc_cache_add_entry
    position : 138:24

    no taint source -- warning/smell
    finding: /Users/afiaasante/Security-Code-Smells/linux/net/sunrpc/cache.c:138:24 -- sunrpc_cache_add_entry() increments without MAX guard

[ unchecked_increment ] 1 finding(s) written to /tmp/cwe190_findings_Ui6eZq
========================================
 Findings JSON
========================================
{
  "detector": "unchecked_increment",
  "severity": "warning",
  "classification": "smell",
  "rule": "integerOverflow",
  "file": "/Users/afiaasante/Security-Code-Smells/linux/net/sunrpc/cache.c",
  "line": 138,
  "col": 24,
  "varname": "sunrpc_cache_add_entry",
  "note": {
    "line": 138,
    "col": 24,
    "message": "increment (++) in sunrpc_cache_add_entry() -- no upper-bound guard (INT_MAX check)"
  }
}

========================================
 Summary
 Total findings : 1
 Errors         : 0
 Warnings       : 1

 Breakdown by detector:
   unchecked_increment       1
========================================
