========================================
 CWE-190 Integer Overflow Risk Detector
 Source  : /Users/afiaasante/Security-Code-Smells/linux/net/ipv6/sysctl_net_ipv6.c
 Report  : /Users/afiaasante/Security-Code-Smells/results/net_scan/SCS006/ipv6__sysctl_net_ipv6.c/sysctl_net_ipv6_report_20260417_174016.txt
 Findings: /Users/afiaasante/Security-Code-Smells/results/net_scan/SCS006/ipv6__sysctl_net_ipv6.c/sysctl_net_ipv6_findings_20260417_174016.json
 Date    : Fri Apr 17 17:40:16 EDT 2026
========================================

=== Stage 1: srcml ===

real	0m0.023s
user	0m0.018s
sys	0m0.004s

=== Stage 2: srcslice ===
Writing to :: /Users/afiaasante/Security-Code-Smells/linux/net/ipv6/sysctl_net_ipv6.c.json
Output Saved to :: /Users/afiaasante/Security-Code-Smells/linux/net/ipv6/sysctl_net_ipv6.c.json

real	0m0.190s
user	0m0.045s
sys	0m0.004s

=== Stage 3: srcattributor ===

real	0m0.069s
user	0m0.060s
sys	0m0.004s

=== Detector 1: unchecked_multiply ===
    input  : /Users/afiaasante/Security-Code-Smells/linux/net/ipv6/sysctl_net_ipv6.c.xml
    output : /tmp/cwe190_findings_jjEhAQ

    query  : FIND $T $FUNC($PARAMS) {} CONTAINS $TYPE $RESULT = $A * $B
    note   : destructor/constructor blocks covered by XPath fallback


real	0m0.017s
user	0m0.009s
sys	0m0.004s


--- Stage 2: XPath destructor/constructor fallback ---
    no unguarded destructor/constructor multiply found

[ unchecked_multiply ] 0 finding(s) written to /tmp/cwe190_findings_jjEhAQ
=== Detector 2: unchecked_add ===
    input  : /Users/afiaasante/Security-Code-Smells/linux/net/ipv6/sysctl_net_ipv6.c.xml
    output : /tmp/cwe190_findings_jjEhAQ

    query  : FIND $T $FUNC($PARAMS) {} CONTAINS $TYPE $RESULT = $A + $B
    note   : destructor/constructor blocks covered by XPath fallback


real	0m0.018s
user	0m0.009s
sys	0m0.004s


--- Stage 2: XPath destructor/constructor fallback ---
    no unguarded destructor/constructor addition found

[ unchecked_add ] 0 finding(s) written to /tmp/cwe190_findings_jjEhAQ
=== Detector 3: unchecked_increment ===
    input  : /Users/afiaasante/Security-Code-Smells/linux/net/ipv6/sysctl_net_ipv6.c.xml
    output : /tmp/cwe190_findings_jjEhAQ

    strategy : XPath on srcML XML -- ancestor-scoped guard check

--- extracting finding via XPath ---
    function : ipv6_sysctl_net_init
    position : 266:38

    no taint source -- warning/smell
    finding: /Users/afiaasante/Security-Code-Smells/linux/net/ipv6/sysctl_net_ipv6.c:266:38 -- ipv6_sysctl_net_init() increments without MAX guard

[ unchecked_increment ] 1 finding(s) written to /tmp/cwe190_findings_jjEhAQ
========================================
 Findings JSON
========================================
{
  "detector": "unchecked_increment",
  "severity": "warning",
  "classification": "smell",
  "rule": "integerOverflow",
  "file": "/Users/afiaasante/Security-Code-Smells/linux/net/ipv6/sysctl_net_ipv6.c",
  "line": 266,
  "col": 38,
  "varname": "ipv6_sysctl_net_init",
  "note": {
    "line": 266,
    "col": 38,
    "message": "increment (++) in ipv6_sysctl_net_init() -- no upper-bound guard (INT_MAX check)"
  }
}

========================================
 Summary
 Total findings : 1
 Errors         : 0
 Warnings       : 1

 Breakdown by detector:
   unchecked_increment       1
========================================
