========================================
 CWE-195 Signed-to-Unsigned Conversion Detector
 Source  : /Users/afiaasante/Security-Code-Smells/linux/net/smc/af_smc.c
 Report  : /Users/afiaasante/Security-Code-Smells/results/net_scan/SCS007/smc__af_smc.c/af_smc_report_20260417_180552.txt
 Findings: /Users/afiaasante/Security-Code-Smells/results/net_scan/SCS007/smc__af_smc.c/af_smc_findings_20260417_180552.json
 Date    : Fri Apr 17 18:05:52 EDT 2026
========================================

=== Stage 1: srcml ===

real	0m0.250s
user	0m0.223s
sys	0m0.009s

=== Stage 2: srcslice ===
Writing to :: /Users/afiaasante/Security-Code-Smells/linux/net/smc/af_smc.c.json
Output Saved to :: /Users/afiaasante/Security-Code-Smells/linux/net/smc/af_smc.c.json

real	0m0.543s
user	0m0.433s
sys	0m0.013s

=== Stage 3: srcattributor ===

real	0m28.045s
user	0m25.891s
sys	0m0.235s

=== Detector 1: signed_malloc ===
    input  : /Users/afiaasante/Security-Code-Smells/linux/net/smc/af_smc.c.xml
    output : /tmp/cwe195_findings_bZwyCv

    query  : FIND $T $FUNC($PARAMS) {} CONTAINS malloc($A)
    note   : destructor/constructor blocks covered by XPath fallback


real	0m0.086s
user	0m0.068s
sys	0m0.011s


--- Stage 2: XPath destructor/constructor fallback ---
    no unguarded destructor/constructor malloc found

[ signed_malloc ] 0 finding(s) written to /tmp/cwe195_findings_bZwyCv
=== Detector 2: signed_memcpy ===
    input  : /Users/afiaasante/Security-Code-Smells/linux/net/smc/af_smc.c.xml
    output : /tmp/cwe195_findings_bZwyCv

    query  : FIND $T $FUNC($PARAMS) {} CONTAINS memcpy($A, $B, $C)

real	0m0.090s
user	0m0.067s
sys	0m0.012s

--- Stage 1 (memcpy): checking srcQL result for positivity guard in <condition> ---
    guarded -- > operator found in condition, no finding
    query  : FIND $T $FUNC($PARAMS) {} CONTAINS memmove($A, $B, $C)

real	0m0.098s
user	0m0.067s
sys	0m0.011s


--- Stage 2: XPath destructor/constructor fallback ---
    no unguarded destructor/constructor memcpy/memmove found

[ signed_memcpy ] 0 finding(s) written to /tmp/cwe195_findings_bZwyCv
=== Detector 3: signed_strncpy ===
    input  : /Users/afiaasante/Security-Code-Smells/linux/net/smc/af_smc.c.xml
    output : /tmp/cwe195_findings_bZwyCv

    query  : FIND $T $FUNC($PARAMS) {} CONTAINS strncpy($A, $B, $C)
    note   : destructor/constructor blocks covered by XPath fallback


real	0m0.088s
user	0m0.068s
sys	0m0.012s


--- Stage 2: XPath destructor/constructor fallback ---
    no unguarded destructor/constructor strncpy found

[ signed_strncpy ] 0 finding(s) written to /tmp/cwe195_findings_bZwyCv
========================================
 Findings JSON
========================================

========================================
 Summary
 Total findings : 0
 Errors         : 0
 Warnings       : 0
========================================
