========================================
 CWE-190 Integer Overflow Risk Detector
 Source  : /Users/afiaasante/Security-Code-Smells/linux/net/6lowpan/core.c
 Report  : /Users/afiaasante/Security-Code-Smells/results/net_scan/SCS006/6lowpan__core.c/core_report_20260417_173509.txt
 Findings: /Users/afiaasante/Security-Code-Smells/results/net_scan/SCS006/6lowpan__core.c/core_findings_20260417_173509.json
 Date    : Fri Apr 17 17:35:09 EDT 2026
========================================

=== Stage 1: srcml ===

real	0m0.032s
user	0m0.006s
sys	0m0.004s

=== Stage 2: srcslice ===
Writing to :: /Users/afiaasante/Security-Code-Smells/linux/net/6lowpan/core.c.json
Output Saved to :: /Users/afiaasante/Security-Code-Smells/linux/net/6lowpan/core.c.json

real	0m0.181s
user	0m0.015s
sys	0m0.004s

=== Stage 3: srcattributor ===

real	0m0.050s
user	0m0.029s
sys	0m0.005s

=== Detector 1: unchecked_multiply ===
    input  : /Users/afiaasante/Security-Code-Smells/linux/net/6lowpan/core.c.xml
    output : /tmp/cwe190_findings_zfoey7

    query  : FIND $T $FUNC($PARAMS) {} CONTAINS $TYPE $RESULT = $A * $B
    note   : destructor/constructor blocks covered by XPath fallback


real	0m0.010s
user	0m0.005s
sys	0m0.003s


--- Stage 2: XPath destructor/constructor fallback ---
    no unguarded destructor/constructor multiply found

[ unchecked_multiply ] 0 finding(s) written to /tmp/cwe190_findings_zfoey7
=== Detector 2: unchecked_add ===
    input  : /Users/afiaasante/Security-Code-Smells/linux/net/6lowpan/core.c.xml
    output : /tmp/cwe190_findings_zfoey7

    query  : FIND $T $FUNC($PARAMS) {} CONTAINS $TYPE $RESULT = $A + $B
    note   : destructor/constructor blocks covered by XPath fallback


real	0m0.009s
user	0m0.004s
sys	0m0.003s


--- Stage 2: XPath destructor/constructor fallback ---
    no unguarded destructor/constructor addition found

[ unchecked_add ] 0 finding(s) written to /tmp/cwe190_findings_zfoey7
=== Detector 3: unchecked_increment ===
    input  : /Users/afiaasante/Security-Code-Smells/linux/net/6lowpan/core.c.xml
    output : /tmp/cwe190_findings_zfoey7

    strategy : XPath on srcML XML -- ancestor-scoped guard check

--- extracting finding via XPath ---
    function : lowpan_register_netdevice
    position : 37:54

    no taint source -- warning/smell
    finding: /Users/afiaasante/Security-Code-Smells/linux/net/6lowpan/core.c:37:54 -- lowpan_register_netdevice() increments without MAX guard

[ unchecked_increment ] 1 finding(s) written to /tmp/cwe190_findings_zfoey7
========================================
 Findings JSON
========================================
{
  "detector": "unchecked_increment",
  "severity": "warning",
  "classification": "smell",
  "rule": "integerOverflow",
  "file": "/Users/afiaasante/Security-Code-Smells/linux/net/6lowpan/core.c",
  "line": 37,
  "col": 54,
  "varname": "lowpan_register_netdevice",
  "note": {
    "line": 37,
    "col": 54,
    "message": "increment (++) in lowpan_register_netdevice() -- no upper-bound guard (INT_MAX check)"
  }
}

========================================
 Summary
 Total findings : 1
 Errors         : 0
 Warnings       : 1

 Breakdown by detector:
   unchecked_increment       1
========================================
