========================================
 CWE-190 Integer Overflow Risk Detector
 Source  : /Users/afiaasante/Security-Code-Smells/linux/net/mptcp/token.c
 Report  : /Users/afiaasante/Security-Code-Smells/results/net_scan/SCS006/mptcp__token.c/token_report_20260417_174155.txt
 Findings: /Users/afiaasante/Security-Code-Smells/results/net_scan/SCS006/mptcp__token.c/token_findings_20260417_174155.json
 Date    : Fri Apr 17 17:41:55 EDT 2026
========================================

=== Stage 1: srcml ===

real	0m0.031s
user	0m0.022s
sys	0m0.004s

=== Stage 2: srcslice ===
Writing to :: /Users/afiaasante/Security-Code-Smells/linux/net/mptcp/token.c.json
Output Saved to :: /Users/afiaasante/Security-Code-Smells/linux/net/mptcp/token.c.json

real	0m0.186s
user	0m0.053s
sys	0m0.004s

=== Stage 3: srcattributor ===

real	0m0.170s
user	0m0.162s
sys	0m0.006s

=== Detector 1: unchecked_multiply ===
    input  : /Users/afiaasante/Security-Code-Smells/linux/net/mptcp/token.c.xml
    output : /tmp/cwe190_findings_vIEWOj

    query  : FIND $T $FUNC($PARAMS) {} CONTAINS $TYPE $RESULT = $A * $B
    note   : destructor/constructor blocks covered by XPath fallback


real	0m0.018s
user	0m0.011s
sys	0m0.004s

--- Stage 1: checking srcQL result for MAX guard in <condition> ---
    no taint source -- warning/smell
    finding: /Users/afiaasante/Security-Code-Smells/linux/net/mptcp/token.c:195:40 -- mptcp_token_accept() multiplies without MAX guard

--- Stage 2: XPath destructor/constructor fallback ---
    no unguarded destructor/constructor multiply found

[ unchecked_multiply ] 1 finding(s) written to /tmp/cwe190_findings_vIEWOj
=== Detector 2: unchecked_add ===
    input  : /Users/afiaasante/Security-Code-Smells/linux/net/mptcp/token.c.xml
    output : /tmp/cwe190_findings_vIEWOj

    query  : FIND $T $FUNC($PARAMS) {} CONTAINS $TYPE $RESULT = $A + $B
    note   : destructor/constructor blocks covered by XPath fallback


real	0m0.016s
user	0m0.010s
sys	0m0.004s


--- Stage 2: XPath destructor/constructor fallback ---
    no unguarded destructor/constructor addition found

[ unchecked_add ] 0 finding(s) written to /tmp/cwe190_findings_vIEWOj
=== Detector 3: unchecked_increment ===
    input  : /Users/afiaasante/Security-Code-Smells/linux/net/mptcp/token.c.xml
    output : /tmp/cwe190_findings_vIEWOj

    strategy : XPath on srcML XML -- ancestor-scoped guard check

--- extracting finding via XPath ---
    function : mptcp_token_new_request
    position : 130:26

    no taint source -- warning/smell
    finding: /Users/afiaasante/Security-Code-Smells/linux/net/mptcp/token.c:130:26 -- mptcp_token_new_request() increments without MAX guard

[ unchecked_increment ] 1 finding(s) written to /tmp/cwe190_findings_vIEWOj
========================================
 Findings JSON
========================================
{
  "detector": "unchecked_multiply",
  "severity": "warning",
  "classification": "smell",
  "rule": "integerOverflow",
  "file": "/Users/afiaasante/Security-Code-Smells/linux/net/mptcp/token.c",
  "line": 195,
  "col": 40,
  "varname": "mptcp_token_accept",
  "note": {
    "line": 195,
    "col": 40,
    "message": "multiplication in mptcp_token_accept() -- no upper-bound guard (INT_MAX / 2)"
  }
}
{
  "detector": "unchecked_increment",
  "severity": "warning",
  "classification": "smell",
  "rule": "integerOverflow",
  "file": "/Users/afiaasante/Security-Code-Smells/linux/net/mptcp/token.c",
  "line": 130,
  "col": 26,
  "varname": "mptcp_token_new_request",
  "note": {
    "line": 130,
    "col": 26,
    "message": "increment (++) in mptcp_token_new_request() -- no upper-bound guard (INT_MAX check)"
  }
}

========================================
 Summary
 Total findings : 2
 Errors         : 0
 Warnings       : 2

 Breakdown by detector:
   unchecked_increment       1
   unchecked_multiply        1
========================================
