========================================
 CWE-195 Signed-to-Unsigned Conversion Detector
 Source  : /Users/afiaasante/Security-Code-Smells/linux/net/core/pktgen.c
 Report  : /Users/afiaasante/Security-Code-Smells/results/net_scan/SCS007/core__pktgen.c/pktgen_report_20260417_175506.txt
 Findings: /Users/afiaasante/Security-Code-Smells/results/net_scan/SCS007/core__pktgen.c/pktgen_findings_20260417_175506.json
 Date    : Fri Apr 17 17:55:06 EDT 2026
========================================

=== Stage 1: srcml ===

real	0m0.256s
user	0m0.231s
sys	0m0.008s

=== Stage 2: srcslice ===
Writing to :: /Users/afiaasante/Security-Code-Smells/linux/net/core/pktgen.c.json
Output Saved to :: /Users/afiaasante/Security-Code-Smells/linux/net/core/pktgen.c.json

real	0m0.620s
user	0m0.498s
sys	0m0.012s

=== Stage 3: srcattributor ===

real	0m39.524s
user	0m37.282s
sys	0m0.246s

=== Detector 1: signed_malloc ===
    input  : /Users/afiaasante/Security-Code-Smells/linux/net/core/pktgen.c.xml
    output : /tmp/cwe195_findings_SGr07P

    query  : FIND $T $FUNC($PARAMS) {} CONTAINS malloc($A)
    note   : destructor/constructor blocks covered by XPath fallback


real	0m0.094s
user	0m0.072s
sys	0m0.010s


--- Stage 2: XPath destructor/constructor fallback ---
    no unguarded destructor/constructor malloc found

[ signed_malloc ] 0 finding(s) written to /tmp/cwe195_findings_SGr07P
=== Detector 2: signed_memcpy ===
    input  : /Users/afiaasante/Security-Code-Smells/linux/net/core/pktgen.c.xml
    output : /tmp/cwe195_findings_SGr07P

    query  : FIND $T $FUNC($PARAMS) {} CONTAINS memcpy($A, $B, $C)

real	0m0.088s
user	0m0.071s
sys	0m0.010s

--- Stage 1 (memcpy): checking srcQL result for positivity guard in <condition> ---
    guarded -- > operator found in condition, no finding
    query  : FIND $T $FUNC($PARAMS) {} CONTAINS memmove($A, $B, $C)

real	0m0.083s
user	0m0.070s
sys	0m0.009s


--- Stage 2: XPath destructor/constructor fallback ---
    no unguarded destructor/constructor memcpy/memmove found

[ signed_memcpy ] 0 finding(s) written to /tmp/cwe195_findings_SGr07P
=== Detector 3: signed_strncpy ===
    input  : /Users/afiaasante/Security-Code-Smells/linux/net/core/pktgen.c.xml
    output : /tmp/cwe195_findings_SGr07P

    query  : FIND $T $FUNC($PARAMS) {} CONTAINS strncpy($A, $B, $C)
    note   : destructor/constructor blocks covered by XPath fallback


real	0m0.089s
user	0m0.070s
sys	0m0.009s


--- Stage 2: XPath destructor/constructor fallback ---
    no unguarded destructor/constructor strncpy found

[ signed_strncpy ] 0 finding(s) written to /tmp/cwe195_findings_SGr07P
========================================
 Findings JSON
========================================

========================================
 Summary
 Total findings : 0
 Errors         : 0
 Warnings       : 0
========================================
