========================================
 CWE-190 Integer Overflow Risk Detector
 Source  : /Users/afiaasante/Security-Code-Smells/linux/net/mptcp/subflow.c
 Report  : /Users/afiaasante/Security-Code-Smells/results/net_scan/SCS006/mptcp__subflow.c/subflow_report_20260417_174154.txt
 Findings: /Users/afiaasante/Security-Code-Smells/results/net_scan/SCS006/mptcp__subflow.c/subflow_findings_20260417_174154.json
 Date    : Fri Apr 17 17:41:54 EDT 2026
========================================

=== Stage 1: srcml ===

real	0m0.121s
user	0m0.110s
sys	0m0.006s

=== Stage 2: srcslice ===
Writing to :: /Users/afiaasante/Security-Code-Smells/linux/net/mptcp/subflow.c.json
Output Saved to :: /Users/afiaasante/Security-Code-Smells/linux/net/mptcp/subflow.c.json

real	0m0.360s
user	0m0.231s
sys	0m0.007s

=== Stage 3: srcattributor ===

real	0m8.295s
user	0m8.005s
sys	0m0.067s

=== Detector 1: unchecked_multiply ===
    input  : /Users/afiaasante/Security-Code-Smells/linux/net/mptcp/subflow.c.xml
    output : /tmp/cwe190_findings_BqXeW2

    query  : FIND $T $FUNC($PARAMS) {} CONTAINS $TYPE $RESULT = $A * $B
    note   : destructor/constructor blocks covered by XPath fallback


real	0m0.041s
user	0m0.034s
sys	0m0.005s

--- Stage 1: checking srcQL result for MAX guard in <condition> ---
    no taint source -- warning/smell
    finding: /Users/afiaasante/Security-Code-Smells/linux/net/mptcp/subflow.c:1292:40 -- subflow_sched_work_if_closed() multiplies without MAX guard

--- Stage 2: XPath destructor/constructor fallback ---
    no unguarded destructor/constructor multiply found

[ unchecked_multiply ] 1 finding(s) written to /tmp/cwe190_findings_BqXeW2
=== Detector 2: unchecked_add ===
    input  : /Users/afiaasante/Security-Code-Smells/linux/net/mptcp/subflow.c.xml
    output : /tmp/cwe190_findings_BqXeW2

    query  : FIND $T $FUNC($PARAMS) {} CONTAINS $TYPE $RESULT = $A + $B
    note   : destructor/constructor blocks covered by XPath fallback


real	0m0.043s
user	0m0.035s
sys	0m0.006s


--- Stage 2: XPath destructor/constructor fallback ---
    no unguarded destructor/constructor addition found

[ unchecked_add ] 0 finding(s) written to /tmp/cwe190_findings_BqXeW2
=== Detector 3: unchecked_increment ===
    input  : /Users/afiaasante/Security-Code-Smells/linux/net/mptcp/subflow.c.xml
    output : /tmp/cwe190_findings_BqXeW2

    strategy : XPath on srcML XML -- ancestor-scoped guard check

--- extracting finding via XPath ---
    function : subflow_set_remote_key
    position : 490:22

    no taint source -- warning/smell
    finding: /Users/afiaasante/Security-Code-Smells/linux/net/mptcp/subflow.c:490:22 -- subflow_set_remote_key() increments without MAX guard

[ unchecked_increment ] 1 finding(s) written to /tmp/cwe190_findings_BqXeW2
========================================
 Findings JSON
========================================
{
  "detector": "unchecked_multiply",
  "severity": "warning",
  "classification": "smell",
  "rule": "integerOverflow",
  "file": "/Users/afiaasante/Security-Code-Smells/linux/net/mptcp/subflow.c",
  "line": 1292,
  "col": 40,
  "varname": "subflow_sched_work_if_closed",
  "note": {
    "line": 1292,
    "col": 40,
    "message": "multiplication in subflow_sched_work_if_closed() -- no upper-bound guard (INT_MAX / 2)"
  }
}
{
  "detector": "unchecked_increment",
  "severity": "warning",
  "classification": "smell",
  "rule": "integerOverflow",
  "file": "/Users/afiaasante/Security-Code-Smells/linux/net/mptcp/subflow.c",
  "line": 490,
  "col": 22,
  "varname": "subflow_set_remote_key",
  "note": {
    "line": 490,
    "col": 22,
    "message": "increment (++) in subflow_set_remote_key() -- no upper-bound guard (INT_MAX check)"
  }
}

========================================
 Summary
 Total findings : 2
 Errors         : 0
 Warnings       : 2

 Breakdown by detector:
   unchecked_increment       1
   unchecked_multiply        1
========================================
