========================================
 CWE-190 Integer Overflow Risk Detector
 Source  : /Users/afiaasante/Security-Code-Smells/linux/net/atm/addr.c
 Report  : /Users/afiaasante/Security-Code-Smells/results/net_scan/SCS006/atm__addr.c/addr_report_20260417_173512.txt
 Findings: /Users/afiaasante/Security-Code-Smells/results/net_scan/SCS006/atm__addr.c/addr_findings_20260417_173512.json
 Date    : Fri Apr 17 17:35:12 EDT 2026
========================================

=== Stage 1: srcml ===

real	0m0.015s
user	0m0.011s
sys	0m0.003s

=== Stage 2: srcslice ===
Writing to :: /Users/afiaasante/Security-Code-Smells/linux/net/atm/addr.c.json
Output Saved to :: /Users/afiaasante/Security-Code-Smells/linux/net/atm/addr.c.json

real	0m0.173s
user	0m0.024s
sys	0m0.003s

=== Stage 3: srcattributor ===

real	0m0.044s
user	0m0.041s
sys	0m0.002s

=== Detector 1: unchecked_multiply ===
    input  : /Users/afiaasante/Security-Code-Smells/linux/net/atm/addr.c.xml
    output : /tmp/cwe190_findings_yGU6QP

    query  : FIND $T $FUNC($PARAMS) {} CONTAINS $TYPE $RESULT = $A * $B
    note   : destructor/constructor blocks covered by XPath fallback


real	0m0.010s
user	0m0.005s
sys	0m0.003s


--- Stage 2: XPath destructor/constructor fallback ---
    no unguarded destructor/constructor multiply found

[ unchecked_multiply ] 0 finding(s) written to /tmp/cwe190_findings_yGU6QP
=== Detector 2: unchecked_add ===
    input  : /Users/afiaasante/Security-Code-Smells/linux/net/atm/addr.c.xml
    output : /tmp/cwe190_findings_yGU6QP

    query  : FIND $T $FUNC($PARAMS) {} CONTAINS $TYPE $RESULT = $A + $B
    note   : destructor/constructor blocks covered by XPath fallback


real	0m0.010s
user	0m0.006s
sys	0m0.003s


--- Stage 2: XPath destructor/constructor fallback ---
    no unguarded destructor/constructor addition found

[ unchecked_add ] 0 finding(s) written to /tmp/cwe190_findings_yGU6QP
=== Detector 3: unchecked_increment ===
    input  : /Users/afiaasante/Security-Code-Smells/linux/net/atm/addr.c.xml
    output : /tmp/cwe190_findings_yGU6QP

    strategy : XPath on srcML XML -- ancestor-scoped guard check

--- extracting finding via XPath ---
    function : check_addr
    position : 22:44

    no taint source -- warning/smell
    finding: /Users/afiaasante/Security-Code-Smells/linux/net/atm/addr.c:22:44 -- check_addr() increments without MAX guard

[ unchecked_increment ] 1 finding(s) written to /tmp/cwe190_findings_yGU6QP
========================================
 Findings JSON
========================================
{
  "detector": "unchecked_increment",
  "severity": "warning",
  "classification": "smell",
  "rule": "integerOverflow",
  "file": "/Users/afiaasante/Security-Code-Smells/linux/net/atm/addr.c",
  "line": 22,
  "col": 44,
  "varname": "check_addr",
  "note": {
    "line": 22,
    "col": 44,
    "message": "increment (++) in check_addr() -- no upper-bound guard (INT_MAX check)"
  }
}

========================================
 Summary
 Total findings : 1
 Errors         : 0
 Warnings       : 1

 Breakdown by detector:
   unchecked_increment       1
========================================
