========================================
 CWE-190 Integer Overflow Risk Detector
 Source  : /Users/afiaasante/Security-Code-Smells/linux/net/bluetooth/mgmt_util.c
 Report  : /Users/afiaasante/Security-Code-Smells/results/net_scan/SCS006/bluetooth__mgmt_util.c/mgmt_util_report_20260417_173534.txt
 Findings: /Users/afiaasante/Security-Code-Smells/results/net_scan/SCS006/bluetooth__mgmt_util.c/mgmt_util_findings_20260417_173534.json
 Date    : Fri Apr 17 17:35:34 EDT 2026
========================================

=== Stage 1: srcml ===

real	0m0.029s
user	0m0.025s
sys	0m0.003s

=== Stage 2: srcslice ===
Writing to :: /Users/afiaasante/Security-Code-Smells/linux/net/bluetooth/mgmt_util.c.json
Output Saved to :: /Users/afiaasante/Security-Code-Smells/linux/net/bluetooth/mgmt_util.c.json

real	0m0.184s
user	0m0.044s
sys	0m0.004s

=== Stage 3: srcattributor ===

real	0m0.258s
user	0m0.248s
sys	0m0.005s

=== Detector 1: unchecked_multiply ===
    input  : /Users/afiaasante/Security-Code-Smells/linux/net/bluetooth/mgmt_util.c.xml
    output : /tmp/cwe190_findings_Sfxvw6

    query  : FIND $T $FUNC($PARAMS) {} CONTAINS $TYPE $RESULT = $A * $B
    note   : destructor/constructor blocks covered by XPath fallback


real	0m0.015s
user	0m0.010s
sys	0m0.004s


--- Stage 2: XPath destructor/constructor fallback ---
    no unguarded destructor/constructor multiply found

[ unchecked_multiply ] 0 finding(s) written to /tmp/cwe190_findings_Sfxvw6
=== Detector 2: unchecked_add ===
    input  : /Users/afiaasante/Security-Code-Smells/linux/net/bluetooth/mgmt_util.c.xml
    output : /tmp/cwe190_findings_Sfxvw6

    query  : FIND $T $FUNC($PARAMS) {} CONTAINS $TYPE $RESULT = $A + $B
    note   : destructor/constructor blocks covered by XPath fallback


real	0m0.014s
user	0m0.010s
sys	0m0.003s


--- Stage 2: XPath destructor/constructor fallback ---
    no unguarded destructor/constructor addition found

[ unchecked_add ] 0 finding(s) written to /tmp/cwe190_findings_Sfxvw6
=== Detector 3: unchecked_increment ===
    input  : /Users/afiaasante/Security-Code-Smells/linux/net/bluetooth/mgmt_util.c.xml
    output : /tmp/cwe190_findings_Sfxvw6

    strategy : XPath on srcML XML -- ancestor-scoped guard check

--- extracting finding via XPath ---
    function : mgmt_mesh_add
    position : 420:28

    no taint source -- warning/smell
    finding: /Users/afiaasante/Security-Code-Smells/linux/net/bluetooth/mgmt_util.c:420:28 -- mgmt_mesh_add() increments without MAX guard

[ unchecked_increment ] 1 finding(s) written to /tmp/cwe190_findings_Sfxvw6
========================================
 Findings JSON
========================================
{
  "detector": "unchecked_increment",
  "severity": "warning",
  "classification": "smell",
  "rule": "integerOverflow",
  "file": "/Users/afiaasante/Security-Code-Smells/linux/net/bluetooth/mgmt_util.c",
  "line": 420,
  "col": 28,
  "varname": "mgmt_mesh_add",
  "note": {
    "line": 420,
    "col": 28,
    "message": "increment (++) in mgmt_mesh_add() -- no upper-bound guard (INT_MAX check)"
  }
}

========================================
 Summary
 Total findings : 1
 Errors         : 0
 Warnings       : 1

 Breakdown by detector:
   unchecked_increment       1
========================================
