========================================
 CWE-190 Integer Overflow Risk Detector
 Source  : /Users/afiaasante/Security-Code-Smells/linux/net/handshake/tlshd.c
 Report  : /Users/afiaasante/Security-Code-Smells/results/net_scan/SCS006/handshake__tlshd.c/tlshd_report_20260417_173817.txt
 Findings: /Users/afiaasante/Security-Code-Smells/results/net_scan/SCS006/handshake__tlshd.c/tlshd_findings_20260417_173817.json
 Date    : Fri Apr 17 17:38:17 EDT 2026
========================================

=== Stage 1: srcml ===

real	0m0.021s
user	0m0.016s
sys	0m0.003s

=== Stage 2: srcslice ===
Writing to :: /Users/afiaasante/Security-Code-Smells/linux/net/handshake/tlshd.c.json
Output Saved to :: /Users/afiaasante/Security-Code-Smells/linux/net/handshake/tlshd.c.json

real	0m0.184s
user	0m0.042s
sys	0m0.003s

=== Stage 3: srcattributor ===

real	0m0.228s
user	0m0.219s
sys	0m0.005s

=== Detector 1: unchecked_multiply ===
    input  : /Users/afiaasante/Security-Code-Smells/linux/net/handshake/tlshd.c.xml
    output : /tmp/cwe190_findings_Qa9pS6

    query  : FIND $T $FUNC($PARAMS) {} CONTAINS $TYPE $RESULT = $A * $B
    note   : destructor/constructor blocks covered by XPath fallback


real	0m0.015s
user	0m0.010s
sys	0m0.004s


--- Stage 2: XPath destructor/constructor fallback ---
    no unguarded destructor/constructor multiply found

[ unchecked_multiply ] 0 finding(s) written to /tmp/cwe190_findings_Qa9pS6
=== Detector 2: unchecked_add ===
    input  : /Users/afiaasante/Security-Code-Smells/linux/net/handshake/tlshd.c.xml
    output : /tmp/cwe190_findings_Qa9pS6

    query  : FIND $T $FUNC($PARAMS) {} CONTAINS $TYPE $RESULT = $A + $B
    note   : destructor/constructor blocks covered by XPath fallback


real	0m0.014s
user	0m0.010s
sys	0m0.003s


--- Stage 2: XPath destructor/constructor fallback ---
    no unguarded destructor/constructor addition found

[ unchecked_add ] 0 finding(s) written to /tmp/cwe190_findings_Qa9pS6
=== Detector 3: unchecked_increment ===
    input  : /Users/afiaasante/Security-Code-Smells/linux/net/handshake/tlshd.c.xml
    output : /tmp/cwe190_findings_Qa9pS6

    strategy : XPath on srcML XML -- ancestor-scoped guard check

--- extracting finding via XPath ---
    function : tls_handshake_remote_peerids
    position : 72:26

    no taint source -- warning/smell
    finding: /Users/afiaasante/Security-Code-Smells/linux/net/handshake/tlshd.c:72:26 -- tls_handshake_remote_peerids() increments without MAX guard

[ unchecked_increment ] 1 finding(s) written to /tmp/cwe190_findings_Qa9pS6
========================================
 Findings JSON
========================================
{
  "detector": "unchecked_increment",
  "severity": "warning",
  "classification": "smell",
  "rule": "integerOverflow",
  "file": "/Users/afiaasante/Security-Code-Smells/linux/net/handshake/tlshd.c",
  "line": 72,
  "col": 26,
  "varname": "tls_handshake_remote_peerids",
  "note": {
    "line": 72,
    "col": 26,
    "message": "increment (++) in tls_handshake_remote_peerids() -- no upper-bound guard (INT_MAX check)"
  }
}

========================================
 Summary
 Total findings : 1
 Errors         : 0
 Warnings       : 1

 Breakdown by detector:
   unchecked_increment       1
========================================
