========================================
 CWE-195 Signed-to-Unsigned Conversion Detector
 Source  : /Users/afiaasante/Security-Code-Smells/linux/net/dsa/tag_8021q.c
 Report  : /Users/afiaasante/Security-Code-Smells/results/net_scan/SCS007/dsa__tag_8021q.c/tag_8021q_report_20260417_175638.txt
 Findings: /Users/afiaasante/Security-Code-Smells/results/net_scan/SCS007/dsa__tag_8021q.c/tag_8021q_findings_20260417_175638.json
 Date    : Fri Apr 17 17:56:38 EDT 2026
========================================

=== Stage 1: srcml ===

real	0m0.052s
user	0m0.036s
sys	0m0.005s

=== Stage 2: srcslice ===
Writing to :: /Users/afiaasante/Security-Code-Smells/linux/net/dsa/tag_8021q.c.json
Output Saved to :: /Users/afiaasante/Security-Code-Smells/linux/net/dsa/tag_8021q.c.json

real	0m0.197s
user	0m0.074s
sys	0m0.005s

=== Stage 3: srcattributor ===

real	0m0.520s
user	0m0.487s
sys	0m0.009s

=== Detector 1: signed_malloc ===
    input  : /Users/afiaasante/Security-Code-Smells/linux/net/dsa/tag_8021q.c.xml
    output : /tmp/cwe195_findings_E99ci7

    query  : FIND $T $FUNC($PARAMS) {} CONTAINS malloc($A)
    note   : destructor/constructor blocks covered by XPath fallback


real	0m0.021s
user	0m0.014s
sys	0m0.005s


--- Stage 2: XPath destructor/constructor fallback ---
    no unguarded destructor/constructor malloc found

[ signed_malloc ] 0 finding(s) written to /tmp/cwe195_findings_E99ci7
=== Detector 2: signed_memcpy ===
    input  : /Users/afiaasante/Security-Code-Smells/linux/net/dsa/tag_8021q.c.xml
    output : /tmp/cwe195_findings_E99ci7

    query  : FIND $T $FUNC($PARAMS) {} CONTAINS memcpy($A, $B, $C)

real	0m0.022s
user	0m0.014s
sys	0m0.005s

    query  : FIND $T $FUNC($PARAMS) {} CONTAINS memmove($A, $B, $C)

real	0m0.019s
user	0m0.014s
sys	0m0.004s


--- Stage 2: XPath destructor/constructor fallback ---
    no unguarded destructor/constructor memcpy/memmove found

[ signed_memcpy ] 0 finding(s) written to /tmp/cwe195_findings_E99ci7
=== Detector 3: signed_strncpy ===
    input  : /Users/afiaasante/Security-Code-Smells/linux/net/dsa/tag_8021q.c.xml
    output : /tmp/cwe195_findings_E99ci7

    query  : FIND $T $FUNC($PARAMS) {} CONTAINS strncpy($A, $B, $C)
    note   : destructor/constructor blocks covered by XPath fallback


real	0m0.035s
user	0m0.016s
sys	0m0.008s


--- Stage 2: XPath destructor/constructor fallback ---
    no unguarded destructor/constructor strncpy found

[ signed_strncpy ] 0 finding(s) written to /tmp/cwe195_findings_E99ci7
========================================
 Findings JSON
========================================

========================================
 Summary
 Total findings : 0
 Errors         : 0
 Warnings       : 0
========================================
