========================================
 CWE-195 Signed-to-Unsigned Conversion Detector
 Source  : /Users/afiaasante/Security-Code-Smells/linux/net/ipv6/icmp.c
 Report  : /Users/afiaasante/Security-Code-Smells/results/net_scan/SCS007/ipv6__icmp.c/icmp_report_20260417_175907.txt
 Findings: /Users/afiaasante/Security-Code-Smells/results/net_scan/SCS007/ipv6__icmp.c/icmp_findings_20260417_175907.json
 Date    : Fri Apr 17 17:59:07 EDT 2026
========================================

=== Stage 1: srcml ===

real	0m0.128s
user	0m0.089s
sys	0m0.008s

=== Stage 2: srcslice ===
Writing to :: /Users/afiaasante/Security-Code-Smells/linux/net/ipv6/icmp.c.json
Output Saved to :: /Users/afiaasante/Security-Code-Smells/linux/net/ipv6/icmp.c.json

real	0m0.324s
user	0m0.179s
sys	0m0.009s

=== Stage 3: srcattributor ===

real	0m4.725s
user	0m3.969s
sys	0m0.068s

=== Detector 1: signed_malloc ===
    input  : /Users/afiaasante/Security-Code-Smells/linux/net/ipv6/icmp.c.xml
    output : /tmp/cwe195_findings_Q3bAMx

    query  : FIND $T $FUNC($PARAMS) {} CONTAINS malloc($A)
    note   : destructor/constructor blocks covered by XPath fallback


real	0m0.036s
user	0m0.028s
sys	0m0.005s


--- Stage 2: XPath destructor/constructor fallback ---
    no unguarded destructor/constructor malloc found

[ signed_malloc ] 0 finding(s) written to /tmp/cwe195_findings_Q3bAMx
=== Detector 2: signed_memcpy ===
    input  : /Users/afiaasante/Security-Code-Smells/linux/net/ipv6/icmp.c.xml
    output : /tmp/cwe195_findings_Q3bAMx

    query  : FIND $T $FUNC($PARAMS) {} CONTAINS memcpy($A, $B, $C)

real	0m0.039s
user	0m0.030s
sys	0m0.006s

--- Stage 1 (memcpy): checking srcQL result for positivity guard in <condition> ---
    no taint source -- warning/smell
    finding: /Users/afiaasante/Security-Code-Smells/linux/net/ipv6/icmp.c:287:9 -- icmpv6_push_pending_frames() memcpy without positivity guard
    query  : FIND $T $FUNC($PARAMS) {} CONTAINS memmove($A, $B, $C)

real	0m0.036s
user	0m0.028s
sys	0m0.006s

--- Stage 1 (memmove): checking srcQL result for positivity guard in <condition> ---
    no taint source -- warning/smell
    finding: /Users/afiaasante/Security-Code-Smells/linux/net/ipv6/icmp.c:899:17 -- ip6_err_gen_icmpv6_unreach() memmove without positivity guard

--- Stage 2: XPath destructor/constructor fallback ---

[ signed_memcpy ] 2 finding(s) written to /tmp/cwe195_findings_Q3bAMx
=== Detector 3: signed_strncpy ===
    input  : /Users/afiaasante/Security-Code-Smells/linux/net/ipv6/icmp.c.xml
    output : /tmp/cwe195_findings_Q3bAMx

    query  : FIND $T $FUNC($PARAMS) {} CONTAINS strncpy($A, $B, $C)
    note   : destructor/constructor blocks covered by XPath fallback


real	0m0.037s
user	0m0.027s
sys	0m0.007s


--- Stage 2: XPath destructor/constructor fallback ---
    no unguarded destructor/constructor strncpy found

[ signed_strncpy ] 0 finding(s) written to /tmp/cwe195_findings_Q3bAMx
========================================
 Findings JSON
========================================
{
  "detector": "signed_memcpy",
  "severity": "warning",
  "classification": "smell",
  "rule": "signedUnsignedConversion",
  "file": "/Users/afiaasante/Security-Code-Smells/linux/net/ipv6/icmp.c",
  "line": 287,
  "col": 9,
  "varname": "icmpv6_push_pending_frames",
  "note": {
    "line": 287,
    "col": 9,
    "message": "memcpy() in icmpv6_push_pending_frames() -- signed int passed as byte count with no positivity guard (data > 0)"
  }
}
{
  "detector": "signed_memcpy",
  "severity": "warning",
  "classification": "smell",
  "rule": "signedUnsignedConversion",
  "file": "/Users/afiaasante/Security-Code-Smells/linux/net/ipv6/icmp.c",
  "line": 899,
  "col": 17,
  "varname": "ip6_err_gen_icmpv6_unreach",
  "note": {
    "line": 899,
    "col": 17,
    "message": "memmove() in ip6_err_gen_icmpv6_unreach() -- signed int passed as byte count with no positivity guard (data > 0)"
  }
}

========================================
 Summary
 Total findings : 2
 Errors         : 0
 Warnings       : 2

 Breakdown by detector:
   signed_memcpy             2
========================================
