========================================
 CWE-190 Integer Overflow Risk Detector
 Source  : /Users/afiaasante/Security-Code-Smells/linux/net/sunrpc/xprtrdma/svc_rdma_recvfrom.c
 Report  : /Users/afiaasante/Security-Code-Smells/results/net_scan/SCS006/sunrpc__xprtrdma__svc_rdma_recvfrom.c/svc_rdma_recvfrom_report_20260417_174546.txt
 Findings: /Users/afiaasante/Security-Code-Smells/results/net_scan/SCS006/sunrpc__xprtrdma__svc_rdma_recvfrom.c/svc_rdma_recvfrom_findings_20260417_174546.json
 Date    : Fri Apr 17 17:45:46 EDT 2026
========================================

=== Stage 1: srcml ===

real	0m0.049s
user	0m0.042s
sys	0m0.005s

=== Stage 2: srcslice ===
Writing to :: /Users/afiaasante/Security-Code-Smells/linux/net/sunrpc/xprtrdma/svc_rdma_recvfrom.c.json
Output Saved to :: /Users/afiaasante/Security-Code-Smells/linux/net/sunrpc/xprtrdma/svc_rdma_recvfrom.c.json

real	0m0.250s
user	0m0.093s
sys	0m0.005s

=== Stage 3: srcattributor ===

real	0m1.374s
user	0m1.343s
sys	0m0.013s

=== Detector 1: unchecked_multiply ===
    input  : /Users/afiaasante/Security-Code-Smells/linux/net/sunrpc/xprtrdma/svc_rdma_recvfrom.c.xml
    output : /tmp/cwe190_findings_EwjYa2

    query  : FIND $T $FUNC($PARAMS) {} CONTAINS $TYPE $RESULT = $A * $B
    note   : destructor/constructor blocks covered by XPath fallback


real	0m0.025s
user	0m0.017s
sys	0m0.004s


--- Stage 2: XPath destructor/constructor fallback ---
    no unguarded destructor/constructor multiply found

[ unchecked_multiply ] 0 finding(s) written to /tmp/cwe190_findings_EwjYa2
=== Detector 2: unchecked_add ===
    input  : /Users/afiaasante/Security-Code-Smells/linux/net/sunrpc/xprtrdma/svc_rdma_recvfrom.c.xml
    output : /tmp/cwe190_findings_EwjYa2

    query  : FIND $T $FUNC($PARAMS) {} CONTAINS $TYPE $RESULT = $A + $B
    note   : destructor/constructor blocks covered by XPath fallback


real	0m0.024s
user	0m0.018s
sys	0m0.005s


--- Stage 2: XPath destructor/constructor fallback ---
    no unguarded destructor/constructor addition found

[ unchecked_add ] 0 finding(s) written to /tmp/cwe190_findings_EwjYa2
=== Detector 3: unchecked_increment ===
    input  : /Users/afiaasante/Security-Code-Smells/linux/net/sunrpc/xprtrdma/svc_rdma_recvfrom.c.xml
    output : /tmp/cwe190_findings_EwjYa2

    strategy : XPath on srcML XML -- ancestor-scoped guard check

--- extracting finding via XPath ---
    function : svc_rdma_refresh_recvs
    position : 275:39

    no taint source -- warning/smell
    finding: /Users/afiaasante/Security-Code-Smells/linux/net/sunrpc/xprtrdma/svc_rdma_recvfrom.c:275:39 -- svc_rdma_refresh_recvs() increments without MAX guard

[ unchecked_increment ] 1 finding(s) written to /tmp/cwe190_findings_EwjYa2
========================================
 Findings JSON
========================================
{
  "detector": "unchecked_increment",
  "severity": "warning",
  "classification": "smell",
  "rule": "integerOverflow",
  "file": "/Users/afiaasante/Security-Code-Smells/linux/net/sunrpc/xprtrdma/svc_rdma_recvfrom.c",
  "line": 275,
  "col": 39,
  "varname": "svc_rdma_refresh_recvs",
  "note": {
    "line": 275,
    "col": 39,
    "message": "increment (++) in svc_rdma_refresh_recvs() -- no upper-bound guard (INT_MAX check)"
  }
}

========================================
 Summary
 Total findings : 1
 Errors         : 0
 Warnings       : 1

 Breakdown by detector:
   unchecked_increment       1
========================================
