========================================
 CWE-190 Integer Overflow Risk Detector
 Source  : /Users/afiaasante/Security-Code-Smells/linux/net/xfrm/xfrm_interface_core.c
 Report  : /Users/afiaasante/Security-Code-Smells/results/net_scan/SCS006/xfrm__xfrm_interface_core.c/xfrm_interface_core_report_20260417_174708.txt
 Findings: /Users/afiaasante/Security-Code-Smells/results/net_scan/SCS006/xfrm__xfrm_interface_core.c/xfrm_interface_core_findings_20260417_174708.json
 Date    : Fri Apr 17 17:47:08 EDT 2026
========================================

=== Stage 1: srcml ===

real	0m0.083s
user	0m0.074s
sys	0m0.005s

=== Stage 2: srcslice ===
Writing to :: /Users/afiaasante/Security-Code-Smells/linux/net/xfrm/xfrm_interface_core.c.json
Output Saved to :: /Users/afiaasante/Security-Code-Smells/linux/net/xfrm/xfrm_interface_core.c.json

real	0m0.250s
user	0m0.147s
sys	0m0.005s

=== Stage 3: srcattributor ===

real	0m2.633s
user	0m2.519s
sys	0m0.024s

=== Detector 1: unchecked_multiply ===
    input  : /Users/afiaasante/Security-Code-Smells/linux/net/xfrm/xfrm_interface_core.c.xml
    output : /tmp/cwe190_findings_1YRpL9

    query  : FIND $T $FUNC($PARAMS) {} CONTAINS $TYPE $RESULT = $A * $B
    note   : destructor/constructor blocks covered by XPath fallback


real	0m0.032s
user	0m0.025s
sys	0m0.005s

--- Stage 1: checking srcQL result for MAX guard in <condition> ---
    no taint source -- warning/smell
    finding: /Users/afiaasante/Security-Code-Smells/linux/net/xfrm/xfrm_interface_core.c:587:55 -- xfrmi4_err() multiplies without MAX guard

--- Stage 2: XPath destructor/constructor fallback ---
    no unguarded destructor/constructor multiply found

[ unchecked_multiply ] 1 finding(s) written to /tmp/cwe190_findings_1YRpL9
=== Detector 2: unchecked_add ===
    input  : /Users/afiaasante/Security-Code-Smells/linux/net/xfrm/xfrm_interface_core.c.xml
    output : /tmp/cwe190_findings_1YRpL9

    query  : FIND $T $FUNC($PARAMS) {} CONTAINS $TYPE $RESULT = $A + $B
    note   : destructor/constructor blocks covered by XPath fallback


real	0m0.031s
user	0m0.025s
sys	0m0.005s


--- Stage 2: XPath destructor/constructor fallback ---
    no unguarded destructor/constructor addition found

[ unchecked_add ] 0 finding(s) written to /tmp/cwe190_findings_1YRpL9
=== Detector 3: unchecked_increment ===
    input  : /Users/afiaasante/Security-Code-Smells/linux/net/xfrm/xfrm_interface_core.c.xml
    output : /tmp/cwe190_findings_1YRpL9

    strategy : XPath on srcML XML -- ancestor-scoped guard check

--- extracting finding via XPath ---
    function : xfrmi_exit_rtnl
    position : 958:43

    no taint source -- warning/smell
    finding: /Users/afiaasante/Security-Code-Smells/linux/net/xfrm/xfrm_interface_core.c:958:43 -- xfrmi_exit_rtnl() increments without MAX guard

[ unchecked_increment ] 1 finding(s) written to /tmp/cwe190_findings_1YRpL9
========================================
 Findings JSON
========================================
{
  "detector": "unchecked_multiply",
  "severity": "warning",
  "classification": "smell",
  "rule": "integerOverflow",
  "file": "/Users/afiaasante/Security-Code-Smells/linux/net/xfrm/xfrm_interface_core.c",
  "line": 587,
  "col": 55,
  "varname": "xfrmi4_err",
  "note": {
    "line": 587,
    "col": 55,
    "message": "multiplication in xfrmi4_err() -- no upper-bound guard (INT_MAX / 2)"
  }
}
{
  "detector": "unchecked_increment",
  "severity": "warning",
  "classification": "smell",
  "rule": "integerOverflow",
  "file": "/Users/afiaasante/Security-Code-Smells/linux/net/xfrm/xfrm_interface_core.c",
  "line": 958,
  "col": 43,
  "varname": "xfrmi_exit_rtnl",
  "note": {
    "line": 958,
    "col": 43,
    "message": "increment (++) in xfrmi_exit_rtnl() -- no upper-bound guard (INT_MAX check)"
  }
}

========================================
 Summary
 Total findings : 2
 Errors         : 0
 Warnings       : 2

 Breakdown by detector:
   unchecked_increment       1
   unchecked_multiply        1
========================================
