========================================
 CWE-195 Signed-to-Unsigned Conversion Detector
 Source  : /Users/afiaasante/Security-Code-Smells/linux/net/sched/sch_taprio.c
 Report  : /Users/afiaasante/Security-Code-Smells/results/net_scan/SCS007/sched__sch_taprio.c/sch_taprio_report_20260417_180530.txt
 Findings: /Users/afiaasante/Security-Code-Smells/results/net_scan/SCS007/sched__sch_taprio.c/sch_taprio_findings_20260417_180530.json
 Date    : Fri Apr 17 18:05:30 EDT 2026
========================================

=== Stage 1: srcml ===

real	0m0.165s
user	0m0.148s
sys	0m0.007s

=== Stage 2: srcslice ===
Writing to :: /Users/afiaasante/Security-Code-Smells/linux/net/sched/sch_taprio.c.json
Output Saved to :: /Users/afiaasante/Security-Code-Smells/linux/net/sched/sch_taprio.c.json

real	0m0.425s
user	0m0.302s
sys	0m0.009s

=== Stage 3: srcattributor ===

real	0m18.069s
user	0m14.941s
sys	0m0.185s

=== Detector 1: signed_malloc ===
    input  : /Users/afiaasante/Security-Code-Smells/linux/net/sched/sch_taprio.c.xml
    output : /tmp/cwe195_findings_mA4ogy

    query  : FIND $T $FUNC($PARAMS) {} CONTAINS malloc($A)
    note   : destructor/constructor blocks covered by XPath fallback


real	0m0.067s
user	0m0.046s
sys	0m0.008s


--- Stage 2: XPath destructor/constructor fallback ---
    no unguarded destructor/constructor malloc found

[ signed_malloc ] 0 finding(s) written to /tmp/cwe195_findings_mA4ogy
=== Detector 2: signed_memcpy ===
    input  : /Users/afiaasante/Security-Code-Smells/linux/net/sched/sch_taprio.c.xml
    output : /tmp/cwe195_findings_mA4ogy

    query  : FIND $T $FUNC($PARAMS) {} CONTAINS memcpy($A, $B, $C)

real	0m0.059s
user	0m0.045s
sys	0m0.006s

    query  : FIND $T $FUNC($PARAMS) {} CONTAINS memmove($A, $B, $C)

real	0m0.055s
user	0m0.045s
sys	0m0.008s


--- Stage 2: XPath destructor/constructor fallback ---
    no unguarded destructor/constructor memcpy/memmove found

[ signed_memcpy ] 0 finding(s) written to /tmp/cwe195_findings_mA4ogy
=== Detector 3: signed_strncpy ===
    input  : /Users/afiaasante/Security-Code-Smells/linux/net/sched/sch_taprio.c.xml
    output : /tmp/cwe195_findings_mA4ogy

    query  : FIND $T $FUNC($PARAMS) {} CONTAINS strncpy($A, $B, $C)
    note   : destructor/constructor blocks covered by XPath fallback


real	0m0.062s
user	0m0.049s
sys	0m0.007s


--- Stage 2: XPath destructor/constructor fallback ---
    no unguarded destructor/constructor strncpy found

[ signed_strncpy ] 0 finding(s) written to /tmp/cwe195_findings_mA4ogy
========================================
 Findings JSON
========================================

========================================
 Summary
 Total findings : 0
 Errors         : 0
 Warnings       : 0
========================================
