========================================
 CWE-190 Integer Overflow Risk Detector
 Source  : /Users/afiaasante/Security-Code-Smells/linux/net/ipv6/inet6_hashtables.c
 Report  : /Users/afiaasante/Security-Code-Smells/results/net_scan/SCS006/ipv6__inet6_hashtables.c/inet6_hashtables_report_20260417_173945.txt
 Findings: /Users/afiaasante/Security-Code-Smells/results/net_scan/SCS006/ipv6__inet6_hashtables.c/inet6_hashtables_findings_20260417_173945.json
 Date    : Fri Apr 17 17:39:45 EDT 2026
========================================

=== Stage 1: srcml ===

real	0m0.030s
user	0m0.025s
sys	0m0.004s

=== Stage 2: srcslice ===
Writing to :: /Users/afiaasante/Security-Code-Smells/linux/net/ipv6/inet6_hashtables.c.json
Output Saved to :: /Users/afiaasante/Security-Code-Smells/linux/net/ipv6/inet6_hashtables.c.json

real	0m0.184s
user	0m0.056s
sys	0m0.004s

=== Stage 3: srcattributor ===

real	0m0.369s
user	0m0.353s
sys	0m0.006s

=== Detector 1: unchecked_multiply ===
    input  : /Users/afiaasante/Security-Code-Smells/linux/net/ipv6/inet6_hashtables.c.xml
    output : /tmp/cwe190_findings_In0kXN

    query  : FIND $T $FUNC($PARAMS) {} CONTAINS $TYPE $RESULT = $A * $B
    note   : destructor/constructor blocks covered by XPath fallback


real	0m0.017s
user	0m0.012s
sys	0m0.004s


--- Stage 2: XPath destructor/constructor fallback ---
    no unguarded destructor/constructor multiply found

[ unchecked_multiply ] 0 finding(s) written to /tmp/cwe190_findings_In0kXN
=== Detector 2: unchecked_add ===
    input  : /Users/afiaasante/Security-Code-Smells/linux/net/ipv6/inet6_hashtables.c.xml
    output : /tmp/cwe190_findings_In0kXN

    query  : FIND $T $FUNC($PARAMS) {} CONTAINS $TYPE $RESULT = $A + $B
    note   : destructor/constructor blocks covered by XPath fallback


real	0m0.016s
user	0m0.011s
sys	0m0.004s


--- Stage 2: XPath destructor/constructor fallback ---
    no unguarded destructor/constructor addition found

[ unchecked_add ] 0 finding(s) written to /tmp/cwe190_findings_In0kXN
=== Detector 3: unchecked_increment ===
    input  : /Users/afiaasante/Security-Code-Smells/linux/net/ipv6/inet6_hashtables.c.xml
    output : /tmp/cwe190_findings_In0kXN

    strategy : XPath on srcML XML -- ancestor-scoped guard check

--- extracting finding via XPath ---
    function : compute_score
    position : 109:30

    no taint source -- warning/smell
    finding: /Users/afiaasante/Security-Code-Smells/linux/net/ipv6/inet6_hashtables.c:109:30 -- compute_score() increments without MAX guard

[ unchecked_increment ] 1 finding(s) written to /tmp/cwe190_findings_In0kXN
========================================
 Findings JSON
========================================
{
  "detector": "unchecked_increment",
  "severity": "warning",
  "classification": "smell",
  "rule": "integerOverflow",
  "file": "/Users/afiaasante/Security-Code-Smells/linux/net/ipv6/inet6_hashtables.c",
  "line": 109,
  "col": 30,
  "varname": "compute_score",
  "note": {
    "line": 109,
    "col": 30,
    "message": "increment (++) in compute_score() -- no upper-bound guard (INT_MAX check)"
  }
}

========================================
 Summary
 Total findings : 1
 Errors         : 0
 Warnings       : 1

 Breakdown by detector:
   unchecked_increment       1
========================================
