========================================
 CWE-190 Integer Overflow Risk Detector
 Source  : /Users/afiaasante/Security-Code-Smells/linux/net/netfilter/nf_conntrack_core.c
 Report  : /Users/afiaasante/Security-Code-Smells/results/net_scan/SCS006/netfilter__nf_conntrack_core.c/nf_conntrack_core_report_20260417_174219.txt
 Findings: /Users/afiaasante/Security-Code-Smells/results/net_scan/SCS006/netfilter__nf_conntrack_core.c/nf_conntrack_core_findings_20260417_174219.json
 Date    : Fri Apr 17 17:42:19 EDT 2026
========================================

=== Stage 1: srcml ===

real	0m0.142s
user	0m0.132s
sys	0m0.006s

=== Stage 2: srcslice ===
Writing to :: /Users/afiaasante/Security-Code-Smells/linux/net/netfilter/nf_conntrack_core.c.json
Output Saved to :: /Users/afiaasante/Security-Code-Smells/linux/net/netfilter/nf_conntrack_core.c.json

real	0m0.360s
user	0m0.237s
sys	0m0.007s

=== Stage 3: srcattributor ===

real	0m9.994s
user	0m9.329s
sys	0m0.126s

=== Detector 1: unchecked_multiply ===
    input  : /Users/afiaasante/Security-Code-Smells/linux/net/netfilter/nf_conntrack_core.c.xml
    output : /tmp/cwe190_findings_mOJR9S

    query  : FIND $T $FUNC($PARAMS) {} CONTAINS $TYPE $RESULT = $A * $B
    note   : destructor/constructor blocks covered by XPath fallback


real	0m0.043s
user	0m0.035s
sys	0m0.007s

--- Stage 1: checking srcQL result for MAX guard in <condition> ---
    no taint source -- warning/smell
    finding: /Users/afiaasante/Security-Code-Smells/linux/net/netfilter/nf_conntrack_core.c:576:46 -- nf_ct_destroy() multiplies without MAX guard

--- Stage 2: XPath destructor/constructor fallback ---
    no unguarded destructor/constructor multiply found

[ unchecked_multiply ] 1 finding(s) written to /tmp/cwe190_findings_mOJR9S
=== Detector 2: unchecked_add ===
    input  : /Users/afiaasante/Security-Code-Smells/linux/net/netfilter/nf_conntrack_core.c.xml
    output : /tmp/cwe190_findings_mOJR9S

    query  : FIND $T $FUNC($PARAMS) {} CONTAINS $TYPE $RESULT = $A + $B
    note   : destructor/constructor blocks covered by XPath fallback


real	0m0.046s
user	0m0.037s
sys	0m0.007s

--- Stage 1: checking srcQL result for MAX guard in <condition> ---
    no taint source -- warning/smell
    finding: /Users/afiaasante/Security-Code-Smells/linux/net/netfilter/nf_conntrack_core.c:375:37 -- ipv6_get_l4proto() adds without MAX guard

--- Stage 2: XPath destructor/constructor fallback ---
    no unguarded destructor/constructor addition found

[ unchecked_add ] 1 finding(s) written to /tmp/cwe190_findings_mOJR9S
=== Detector 3: unchecked_increment ===
    input  : /Users/afiaasante/Security-Code-Smells/linux/net/netfilter/nf_conntrack_core.c.xml
    output : /tmp/cwe190_findings_mOJR9S

    strategy : XPath on srcML XML -- ancestor-scoped guard check

--- extracting finding via XPath ---
    function : nf_conntrack_all_lock
    position : 178:43

    no taint source -- warning/smell
    finding: /Users/afiaasante/Security-Code-Smells/linux/net/netfilter/nf_conntrack_core.c:178:43 -- nf_conntrack_all_lock() increments without MAX guard

[ unchecked_increment ] 1 finding(s) written to /tmp/cwe190_findings_mOJR9S
========================================
 Findings JSON
========================================
{
  "detector": "unchecked_multiply",
  "severity": "warning",
  "classification": "smell",
  "rule": "integerOverflow",
  "file": "/Users/afiaasante/Security-Code-Smells/linux/net/netfilter/nf_conntrack_core.c",
  "line": 576,
  "col": 46,
  "varname": "nf_ct_destroy",
  "note": {
    "line": 576,
    "col": 46,
    "message": "multiplication in nf_ct_destroy() -- no upper-bound guard (INT_MAX / 2)"
  }
}
{
  "detector": "unchecked_add",
  "severity": "warning",
  "classification": "smell",
  "rule": "integerOverflow",
  "file": "/Users/afiaasante/Security-Code-Smells/linux/net/netfilter/nf_conntrack_core.c",
  "line": 375,
  "col": 37,
  "varname": "ipv6_get_l4proto",
  "note": {
    "line": 375,
    "col": 37,
    "message": "addition in ipv6_get_l4proto() -- no upper-bound guard before adding"
  }
}
{
  "detector": "unchecked_increment",
  "severity": "warning",
  "classification": "smell",
  "rule": "integerOverflow",
  "file": "/Users/afiaasante/Security-Code-Smells/linux/net/netfilter/nf_conntrack_core.c",
  "line": 178,
  "col": 43,
  "varname": "nf_conntrack_all_lock",
  "note": {
    "line": 178,
    "col": 43,
    "message": "increment (++) in nf_conntrack_all_lock() -- no upper-bound guard (INT_MAX check)"
  }
}

========================================
 Summary
 Total findings : 3
 Errors         : 0
 Warnings       : 3

 Breakdown by detector:
   unchecked_add             1
   unchecked_increment       1
   unchecked_multiply        1
========================================
