========================================
 CWE-195 Signed-to-Unsigned Conversion Detector
 Source  : /Users/afiaasante/Security-Code-Smells/linux/net/sctp/sm_statefuns.c
 Report  : /Users/afiaasante/Security-Code-Smells/results/net_scan/SCS007/sctp__sm_statefuns.c/sm_statefuns_report_20260417_180539.txt
 Findings: /Users/afiaasante/Security-Code-Smells/results/net_scan/SCS007/sctp__sm_statefuns.c/sm_statefuns_findings_20260417_180539.json
 Date    : Fri Apr 17 18:05:39 EDT 2026
========================================

=== Stage 1: srcml ===

real	0m0.332s
user	0m0.298s
sys	0m0.012s

=== Stage 2: srcslice ===
Writing to :: /Users/afiaasante/Security-Code-Smells/linux/net/sctp/sm_statefuns.c.json
Output Saved to :: /Users/afiaasante/Security-Code-Smells/linux/net/sctp/sm_statefuns.c.json

real	0m1.000s
user	0m0.651s
sys	0m0.020s

=== Stage 3: srcattributor ===

real	0m50.730s
user	0m43.204s
sys	0m0.491s

=== Detector 1: signed_malloc ===
    input  : /Users/afiaasante/Security-Code-Smells/linux/net/sctp/sm_statefuns.c.xml
    output : /tmp/cwe195_findings_2uquly

    query  : FIND $T $FUNC($PARAMS) {} CONTAINS malloc($A)
    note   : destructor/constructor blocks covered by XPath fallback


real	0m0.107s
user	0m0.085s
sys	0m0.010s


--- Stage 2: XPath destructor/constructor fallback ---
    no unguarded destructor/constructor malloc found

[ signed_malloc ] 0 finding(s) written to /tmp/cwe195_findings_2uquly
=== Detector 2: signed_memcpy ===
    input  : /Users/afiaasante/Security-Code-Smells/linux/net/sctp/sm_statefuns.c.xml
    output : /tmp/cwe195_findings_2uquly

    query  : FIND $T $FUNC($PARAMS) {} CONTAINS memcpy($A, $B, $C)

real	0m0.115s
user	0m0.088s
sys	0m0.011s

    query  : FIND $T $FUNC($PARAMS) {} CONTAINS memmove($A, $B, $C)

real	0m0.122s
user	0m0.087s
sys	0m0.012s


--- Stage 2: XPath destructor/constructor fallback ---
    no unguarded destructor/constructor memcpy/memmove found

[ signed_memcpy ] 0 finding(s) written to /tmp/cwe195_findings_2uquly
=== Detector 3: signed_strncpy ===
    input  : /Users/afiaasante/Security-Code-Smells/linux/net/sctp/sm_statefuns.c.xml
    output : /tmp/cwe195_findings_2uquly

    query  : FIND $T $FUNC($PARAMS) {} CONTAINS strncpy($A, $B, $C)
    note   : destructor/constructor blocks covered by XPath fallback


real	0m0.105s
user	0m0.083s
sys	0m0.012s


--- Stage 2: XPath destructor/constructor fallback ---
    no unguarded destructor/constructor strncpy found

[ signed_strncpy ] 0 finding(s) written to /tmp/cwe195_findings_2uquly
========================================
 Findings JSON
========================================

========================================
 Summary
 Total findings : 0
 Errors         : 0
 Warnings       : 0
========================================
