========================================
 CWE-190 Integer Overflow Risk Detector
 Source  : /Users/afiaasante/Security-Code-Smells/linux/net/rxrpc/peer_object.c
 Report  : /Users/afiaasante/Security-Code-Smells/results/net_scan/SCS006/rxrpc__peer_object.c/peer_object_report_20260417_174357.txt
 Findings: /Users/afiaasante/Security-Code-Smells/results/net_scan/SCS006/rxrpc__peer_object.c/peer_object_findings_20260417_174357.json
 Date    : Fri Apr 17 17:43:57 EDT 2026
========================================

=== Stage 1: srcml ===

real	0m0.036s
user	0m0.029s
sys	0m0.004s

=== Stage 2: srcslice ===
Writing to :: /Users/afiaasante/Security-Code-Smells/linux/net/rxrpc/peer_object.c.json
Output Saved to :: /Users/afiaasante/Security-Code-Smells/linux/net/rxrpc/peer_object.c.json

real	0m0.186s
user	0m0.071s
sys	0m0.005s

=== Stage 3: srcattributor ===

real	0m0.379s
user	0m0.363s
sys	0m0.007s

=== Detector 1: unchecked_multiply ===
    input  : /Users/afiaasante/Security-Code-Smells/linux/net/rxrpc/peer_object.c.xml
    output : /tmp/cwe190_findings_LAB540

    query  : FIND $T $FUNC($PARAMS) {} CONTAINS $TYPE $RESULT = $A * $B
    note   : destructor/constructor blocks covered by XPath fallback


real	0m0.020s
user	0m0.014s
sys	0m0.004s


--- Stage 2: XPath destructor/constructor fallback ---
    no unguarded destructor/constructor multiply found

[ unchecked_multiply ] 0 finding(s) written to /tmp/cwe190_findings_LAB540
=== Detector 2: unchecked_add ===
    input  : /Users/afiaasante/Security-Code-Smells/linux/net/rxrpc/peer_object.c.xml
    output : /tmp/cwe190_findings_LAB540

    query  : FIND $T $FUNC($PARAMS) {} CONTAINS $TYPE $RESULT = $A + $B
    note   : destructor/constructor blocks covered by XPath fallback


real	0m0.019s
user	0m0.013s
sys	0m0.004s


--- Stage 2: XPath destructor/constructor fallback ---
    no unguarded destructor/constructor addition found

[ unchecked_add ] 0 finding(s) written to /tmp/cwe190_findings_LAB540
=== Detector 3: unchecked_increment ===
    input  : /Users/afiaasante/Security-Code-Smells/linux/net/rxrpc/peer_object.c.xml
    output : /tmp/cwe190_findings_LAB540

    strategy : XPath on srcML XML -- ancestor-scoped guard check

--- extracting finding via XPath ---
    function : rxrpc_peer_hash_key
    position : 63:49

    no taint source -- warning/smell
    finding: /Users/afiaasante/Security-Code-Smells/linux/net/rxrpc/peer_object.c:63:49 -- rxrpc_peer_hash_key() increments without MAX guard

[ unchecked_increment ] 1 finding(s) written to /tmp/cwe190_findings_LAB540
========================================
 Findings JSON
========================================
{
  "detector": "unchecked_increment",
  "severity": "warning",
  "classification": "smell",
  "rule": "integerOverflow",
  "file": "/Users/afiaasante/Security-Code-Smells/linux/net/rxrpc/peer_object.c",
  "line": 63,
  "col": 49,
  "varname": "rxrpc_peer_hash_key",
  "note": {
    "line": 63,
    "col": 49,
    "message": "increment (++) in rxrpc_peer_hash_key() -- no upper-bound guard (INT_MAX check)"
  }
}

========================================
 Summary
 Total findings : 1
 Errors         : 0
 Warnings       : 1

 Breakdown by detector:
   unchecked_increment       1
========================================
