========================================
 CWE-190 Integer Overflow Risk Detector
 Source  : /Users/afiaasante/Security-Code-Smells/linux/net/wireless/core.c
 Report  : /Users/afiaasante/Security-Code-Smells/results/net_scan/SCS006/wireless__core.c/core_report_20260417_174632.txt
 Findings: /Users/afiaasante/Security-Code-Smells/results/net_scan/SCS006/wireless__core.c/core_findings_20260417_174632.json
 Date    : Fri Apr 17 17:46:32 EDT 2026
========================================

=== Stage 1: srcml ===

real	0m0.108s
user	0m0.095s
sys	0m0.007s

=== Stage 2: srcslice ===
Writing to :: /Users/afiaasante/Security-Code-Smells/linux/net/wireless/core.c.json
Output Saved to :: /Users/afiaasante/Security-Code-Smells/linux/net/wireless/core.c.json

real	0m0.305s
user	0m0.194s
sys	0m0.009s

=== Stage 3: srcattributor ===

real	0m5.358s
user	0m5.133s
sys	0m0.061s

=== Detector 1: unchecked_multiply ===
    input  : /Users/afiaasante/Security-Code-Smells/linux/net/wireless/core.c.xml
    output : /tmp/cwe190_findings_zAIwEY

    query  : FIND $T $FUNC($PARAMS) {} CONTAINS $TYPE $RESULT = $A * $B
    note   : destructor/constructor blocks covered by XPath fallback


real	0m0.039s
user	0m0.031s
sys	0m0.006s


--- Stage 2: XPath destructor/constructor fallback ---
    no unguarded destructor/constructor multiply found

[ unchecked_multiply ] 0 finding(s) written to /tmp/cwe190_findings_zAIwEY
=== Detector 2: unchecked_add ===
    input  : /Users/afiaasante/Security-Code-Smells/linux/net/wireless/core.c.xml
    output : /tmp/cwe190_findings_zAIwEY

    query  : FIND $T $FUNC($PARAMS) {} CONTAINS $TYPE $RESULT = $A + $B
    note   : destructor/constructor blocks covered by XPath fallback


real	0m0.041s
user	0m0.033s
sys	0m0.005s


--- Stage 2: XPath destructor/constructor fallback ---
    no unguarded destructor/constructor addition found

[ unchecked_add ] 0 finding(s) written to /tmp/cwe190_findings_zAIwEY
=== Detector 3: unchecked_increment ===
    input  : /Users/afiaasante/Security-Code-Smells/linux/net/wireless/core.c.xml
    output : /tmp/cwe190_findings_zAIwEY

    strategy : XPath on srcML XML -- ancestor-scoped guard check

--- extracting finding via XPath ---
    function : cfg80211_dev_check_name
    position : 112:31

    no taint source -- warning/smell
    finding: /Users/afiaasante/Security-Code-Smells/linux/net/wireless/core.c:112:31 -- cfg80211_dev_check_name() increments without MAX guard

[ unchecked_increment ] 1 finding(s) written to /tmp/cwe190_findings_zAIwEY
========================================
 Findings JSON
========================================
{
  "detector": "unchecked_increment",
  "severity": "warning",
  "classification": "smell",
  "rule": "integerOverflow",
  "file": "/Users/afiaasante/Security-Code-Smells/linux/net/wireless/core.c",
  "line": 112,
  "col": 31,
  "varname": "cfg80211_dev_check_name",
  "note": {
    "line": 112,
    "col": 31,
    "message": "increment (++) in cfg80211_dev_check_name() -- no upper-bound guard (INT_MAX check)"
  }
}

========================================
 Summary
 Total findings : 1
 Errors         : 0
 Warnings       : 1

 Breakdown by detector:
   unchecked_increment       1
========================================
