========================================
 CWE-190 Integer Overflow Risk Detector
 Source  : /Users/afiaasante/Security-Code-Smells/linux/net/ax25/ax25_std_in.c
 Report  : /Users/afiaasante/Security-Code-Smells/results/net_scan/SCS006/ax25__ax25_std_in.c/ax25_std_in_report_20260417_173516.txt
 Findings: /Users/afiaasante/Security-Code-Smells/results/net_scan/SCS006/ax25__ax25_std_in.c/ax25_std_in_findings_20260417_173516.json
 Date    : Fri Apr 17 17:35:16 EDT 2026
========================================

=== Stage 1: srcml ===

real	0m0.021s
user	0m0.016s
sys	0m0.003s

=== Stage 2: srcslice ===
Writing to :: /Users/afiaasante/Security-Code-Smells/linux/net/ax25/ax25_std_in.c.json
Output Saved to :: /Users/afiaasante/Security-Code-Smells/linux/net/ax25/ax25_std_in.c.json

real	0m0.176s
user	0m0.046s
sys	0m0.003s

=== Stage 3: srcattributor ===

real	0m0.205s
user	0m0.193s
sys	0m0.005s

=== Detector 1: unchecked_multiply ===
    input  : /Users/afiaasante/Security-Code-Smells/linux/net/ax25/ax25_std_in.c.xml
    output : /tmp/cwe190_findings_YflifL

    query  : FIND $T $FUNC($PARAMS) {} CONTAINS $TYPE $RESULT = $A * $B
    note   : destructor/constructor blocks covered by XPath fallback


real	0m0.013s
user	0m0.008s
sys	0m0.003s


--- Stage 2: XPath destructor/constructor fallback ---
    no unguarded destructor/constructor multiply found

[ unchecked_multiply ] 0 finding(s) written to /tmp/cwe190_findings_YflifL
=== Detector 2: unchecked_add ===
    input  : /Users/afiaasante/Security-Code-Smells/linux/net/ax25/ax25_std_in.c.xml
    output : /tmp/cwe190_findings_YflifL

    query  : FIND $T $FUNC($PARAMS) {} CONTAINS $TYPE $RESULT = $A + $B
    note   : destructor/constructor blocks covered by XPath fallback


real	0m0.012s
user	0m0.007s
sys	0m0.003s


--- Stage 2: XPath destructor/constructor fallback ---
    no unguarded destructor/constructor addition found

[ unchecked_add ] 0 finding(s) written to /tmp/cwe190_findings_YflifL
=== Detector 3: unchecked_increment ===
    input  : /Users/afiaasante/Security-Code-Smells/linux/net/ax25/ax25_std_in.c.xml
    output : /tmp/cwe190_findings_YflifL

    strategy : XPath on srcML XML -- ancestor-scoped guard check

[ unchecked_increment ] No smell detected.
========================================
 Findings JSON
========================================

========================================
 Summary
 Total findings : 0
 Errors         : 0
 Warnings       : 0
========================================
