========================================
 CWE-190 Integer Overflow Risk Detector
 Source  : /Users/afiaasante/Security-Code-Smells/linux/net/devlink/region.c
 Report  : /Users/afiaasante/Security-Code-Smells/results/net_scan/SCS006/devlink__region.c/region_report_20260417_173749.txt
 Findings: /Users/afiaasante/Security-Code-Smells/results/net_scan/SCS006/devlink__region.c/region_findings_20260417_173749.json
 Date    : Fri Apr 17 17:37:49 EDT 2026
========================================

=== Stage 1: srcml ===

real	0m0.042s
user	0m0.037s
sys	0m0.003s

=== Stage 2: srcslice ===
Writing to :: /Users/afiaasante/Security-Code-Smells/linux/net/devlink/region.c.json
Output Saved to :: /Users/afiaasante/Security-Code-Smells/linux/net/devlink/region.c.json

real	0m0.186s
user	0m0.081s
sys	0m0.006s

=== Stage 3: srcattributor ===

real	0m1.692s
user	0m1.658s
sys	0m0.013s

=== Detector 1: unchecked_multiply ===
    input  : /Users/afiaasante/Security-Code-Smells/linux/net/devlink/region.c.xml
    output : /tmp/cwe190_findings_cTooXB

    query  : FIND $T $FUNC($PARAMS) {} CONTAINS $TYPE $RESULT = $A * $B
    note   : destructor/constructor blocks covered by XPath fallback


real	0m0.019s
user	0m0.014s
sys	0m0.004s


--- Stage 2: XPath destructor/constructor fallback ---
    no unguarded destructor/constructor multiply found

[ unchecked_multiply ] 0 finding(s) written to /tmp/cwe190_findings_cTooXB
=== Detector 2: unchecked_add ===
    input  : /Users/afiaasante/Security-Code-Smells/linux/net/devlink/region.c.xml
    output : /tmp/cwe190_findings_cTooXB

    query  : FIND $T $FUNC($PARAMS) {} CONTAINS $TYPE $RESULT = $A + $B
    note   : destructor/constructor blocks covered by XPath fallback


real	0m0.022s
user	0m0.017s
sys	0m0.004s


--- Stage 2: XPath destructor/constructor fallback ---
    no unguarded destructor/constructor addition found

[ unchecked_add ] 0 finding(s) written to /tmp/cwe190_findings_cTooXB
=== Detector 3: unchecked_increment ===
    input  : /Users/afiaasante/Security-Code-Smells/linux/net/devlink/region.c.xml
    output : /tmp/cwe190_findings_cTooXB

    strategy : XPath on srcML XML -- ancestor-scoped guard check

--- extracting finding via XPath ---
    function : __devlink_snapshot_id_increment
    position : 296:14

    no taint source -- warning/smell
    finding: /Users/afiaasante/Security-Code-Smells/linux/net/devlink/region.c:296:14 -- __devlink_snapshot_id_increment() increments without MAX guard

[ unchecked_increment ] 1 finding(s) written to /tmp/cwe190_findings_cTooXB
========================================
 Findings JSON
========================================
{
  "detector": "unchecked_increment",
  "severity": "warning",
  "classification": "smell",
  "rule": "integerOverflow",
  "file": "/Users/afiaasante/Security-Code-Smells/linux/net/devlink/region.c",
  "line": 296,
  "col": 14,
  "varname": "__devlink_snapshot_id_increment",
  "note": {
    "line": 296,
    "col": 14,
    "message": "increment (++) in __devlink_snapshot_id_increment() -- no upper-bound guard (INT_MAX check)"
  }
}

========================================
 Summary
 Total findings : 1
 Errors         : 0
 Warnings       : 1

 Breakdown by detector:
   unchecked_increment       1
========================================
