========================================
 CWE-195 Signed-to-Unsigned Conversion Detector
 Source  : /Users/afiaasante/Security-Code-Smells/linux/net/ax25/ax25_std_timer.c
 Report  : /Users/afiaasante/Security-Code-Smells/results/net_scan/SCS007/ax25__ax25_std_timer.c/ax25_std_timer_report_20260417_175232.txt
 Findings: /Users/afiaasante/Security-Code-Smells/results/net_scan/SCS007/ax25__ax25_std_timer.c/ax25_std_timer_findings_20260417_175232.json
 Date    : Fri Apr 17 17:52:32 EDT 2026
========================================

=== Stage 1: srcml ===

real	0m0.015s
user	0m0.010s
sys	0m0.004s

=== Stage 2: srcslice ===
Writing to :: /Users/afiaasante/Security-Code-Smells/linux/net/ax25/ax25_std_timer.c.json
Output Saved to :: /Users/afiaasante/Security-Code-Smells/linux/net/ax25/ax25_std_timer.c.json

real	0m0.180s
user	0m0.022s
sys	0m0.002s

=== Stage 3: srcattributor ===

real	0m0.032s
user	0m0.028s
sys	0m0.003s

=== Detector 1: signed_malloc ===
    input  : /Users/afiaasante/Security-Code-Smells/linux/net/ax25/ax25_std_timer.c.xml
    output : /tmp/cwe195_findings_UkobjN

    query  : FIND $T $FUNC($PARAMS) {} CONTAINS malloc($A)
    note   : destructor/constructor blocks covered by XPath fallback


real	0m0.010s
user	0m0.006s
sys	0m0.003s


--- Stage 2: XPath destructor/constructor fallback ---
    no unguarded destructor/constructor malloc found

[ signed_malloc ] 0 finding(s) written to /tmp/cwe195_findings_UkobjN
=== Detector 2: signed_memcpy ===
    input  : /Users/afiaasante/Security-Code-Smells/linux/net/ax25/ax25_std_timer.c.xml
    output : /tmp/cwe195_findings_UkobjN

    query  : FIND $T $FUNC($PARAMS) {} CONTAINS memcpy($A, $B, $C)

real	0m0.010s
user	0m0.005s
sys	0m0.003s

    query  : FIND $T $FUNC($PARAMS) {} CONTAINS memmove($A, $B, $C)

real	0m0.009s
user	0m0.005s
sys	0m0.003s


--- Stage 2: XPath destructor/constructor fallback ---
    no unguarded destructor/constructor memcpy/memmove found

[ signed_memcpy ] 0 finding(s) written to /tmp/cwe195_findings_UkobjN
=== Detector 3: signed_strncpy ===
    input  : /Users/afiaasante/Security-Code-Smells/linux/net/ax25/ax25_std_timer.c.xml
    output : /tmp/cwe195_findings_UkobjN

    query  : FIND $T $FUNC($PARAMS) {} CONTAINS strncpy($A, $B, $C)
    note   : destructor/constructor blocks covered by XPath fallback


real	0m0.010s
user	0m0.005s
sys	0m0.003s


--- Stage 2: XPath destructor/constructor fallback ---
    no unguarded destructor/constructor strncpy found

[ signed_strncpy ] 0 finding(s) written to /tmp/cwe195_findings_UkobjN
========================================
 Findings JSON
========================================

========================================
 Summary
 Total findings : 0
 Errors         : 0
 Warnings       : 0
========================================
