========================================
 CWE-190 Integer Overflow Risk Detector
 Source  : /Users/afiaasante/Security-Code-Smells/linux/net/rose/af_rose.c
 Report  : /Users/afiaasante/Security-Code-Smells/results/net_scan/SCS006/rose__af_rose.c/af_rose_report_20260417_174349.txt
 Findings: /Users/afiaasante/Security-Code-Smells/results/net_scan/SCS006/rose__af_rose.c/af_rose_findings_20260417_174349.json
 Date    : Fri Apr 17 17:43:49 EDT 2026
========================================

=== Stage 1: srcml ===

real	0m0.091s
user	0m0.084s
sys	0m0.005s

=== Stage 2: srcslice ===
Writing to :: /Users/afiaasante/Security-Code-Smells/linux/net/rose/af_rose.c.json
Output Saved to :: /Users/afiaasante/Security-Code-Smells/linux/net/rose/af_rose.c.json

real	0m0.307s
user	0m0.177s
sys	0m0.006s

=== Stage 3: srcattributor ===

real	0m4.964s
user	0m4.853s
sys	0m0.040s

=== Detector 1: unchecked_multiply ===
    input  : /Users/afiaasante/Security-Code-Smells/linux/net/rose/af_rose.c.xml
    output : /tmp/cwe190_findings_jcaBX4

    query  : FIND $T $FUNC($PARAMS) {} CONTAINS $TYPE $RESULT = $A * $B
    note   : destructor/constructor blocks covered by XPath fallback


real	0m0.038s
user	0m0.031s
sys	0m0.005s

--- Stage 1: checking srcQL result for MAX guard in <condition> ---
    no taint source -- warning/smell
    finding: /Users/afiaasante/Security-Code-Smells/linux/net/rose/af_rose.c:700:60 -- rose_bind() multiplies without MAX guard

--- Stage 2: XPath destructor/constructor fallback ---
    no unguarded destructor/constructor multiply found

[ unchecked_multiply ] 1 finding(s) written to /tmp/cwe190_findings_jcaBX4
=== Detector 2: unchecked_add ===
    input  : /Users/afiaasante/Security-Code-Smells/linux/net/rose/af_rose.c.xml
    output : /tmp/cwe190_findings_jcaBX4

    query  : FIND $T $FUNC($PARAMS) {} CONTAINS $TYPE $RESULT = $A + $B
    note   : destructor/constructor blocks covered by XPath fallback


real	0m0.034s
user	0m0.027s
sys	0m0.005s


--- Stage 2: XPath destructor/constructor fallback ---
    no unguarded destructor/constructor addition found

[ unchecked_add ] 0 finding(s) written to /tmp/cwe190_findings_jcaBX4
=== Detector 3: unchecked_increment ===
    input  : /Users/afiaasante/Security-Code-Smells/linux/net/rose/af_rose.c.xml
    output : /tmp/cwe190_findings_jcaBX4

    strategy : XPath on srcML XML -- ancestor-scoped guard check

--- extracting finding via XPath ---
    function : rosecmp
    position : 116:29

    no taint source -- warning/smell
    finding: /Users/afiaasante/Security-Code-Smells/linux/net/rose/af_rose.c:116:29 -- rosecmp() increments without MAX guard

[ unchecked_increment ] 1 finding(s) written to /tmp/cwe190_findings_jcaBX4
========================================
 Findings JSON
========================================
{
  "detector": "unchecked_multiply",
  "severity": "warning",
  "classification": "smell",
  "rule": "integerOverflow",
  "file": "/Users/afiaasante/Security-Code-Smells/linux/net/rose/af_rose.c",
  "line": 700,
  "col": 60,
  "varname": "rose_bind",
  "note": {
    "line": 700,
    "col": 60,
    "message": "multiplication in rose_bind() -- no upper-bound guard (INT_MAX / 2)"
  }
}
{
  "detector": "unchecked_increment",
  "severity": "warning",
  "classification": "smell",
  "rule": "integerOverflow",
  "file": "/Users/afiaasante/Security-Code-Smells/linux/net/rose/af_rose.c",
  "line": 116,
  "col": 29,
  "varname": "rosecmp",
  "note": {
    "line": 116,
    "col": 29,
    "message": "increment (++) in rosecmp() -- no upper-bound guard (INT_MAX check)"
  }
}

========================================
 Summary
 Total findings : 2
 Errors         : 0
 Warnings       : 2

 Breakdown by detector:
   unchecked_increment       1
   unchecked_multiply        1
========================================
