========================================
 CWE-195 Signed-to-Unsigned Conversion Detector
 Source  : /Users/afiaasante/Security-Code-Smells/linux/net/tipc/name_distr.c
 Report  : /Users/afiaasante/Security-Code-Smells/results/net_scan/SCS007/tipc__name_distr.c/name_distr_report_20260417_180706.txt
 Findings: /Users/afiaasante/Security-Code-Smells/results/net_scan/SCS007/tipc__name_distr.c/name_distr_findings_20260417_180706.json
 Date    : Fri Apr 17 18:07:06 EDT 2026
========================================

=== Stage 1: srcml ===

real	0m0.038s
user	0m0.030s
sys	0m0.005s

=== Stage 2: srcslice ===
Writing to :: /Users/afiaasante/Security-Code-Smells/linux/net/tipc/name_distr.c.json
Output Saved to :: /Users/afiaasante/Security-Code-Smells/linux/net/tipc/name_distr.c.json

real	0m0.189s
user	0m0.067s
sys	0m0.005s

=== Stage 3: srcattributor ===

real	0m0.389s
user	0m0.357s
sys	0m0.010s

=== Detector 1: signed_malloc ===
    input  : /Users/afiaasante/Security-Code-Smells/linux/net/tipc/name_distr.c.xml
    output : /tmp/cwe195_findings_5hm7v8

    query  : FIND $T $FUNC($PARAMS) {} CONTAINS malloc($A)
    note   : destructor/constructor blocks covered by XPath fallback


real	0m0.019s
user	0m0.013s
sys	0m0.005s


--- Stage 2: XPath destructor/constructor fallback ---
    no unguarded destructor/constructor malloc found

[ signed_malloc ] 0 finding(s) written to /tmp/cwe195_findings_5hm7v8
=== Detector 2: signed_memcpy ===
    input  : /Users/afiaasante/Security-Code-Smells/linux/net/tipc/name_distr.c.xml
    output : /tmp/cwe195_findings_5hm7v8

    query  : FIND $T $FUNC($PARAMS) {} CONTAINS memcpy($A, $B, $C)

real	0m0.026s
user	0m0.013s
sys	0m0.005s

    query  : FIND $T $FUNC($PARAMS) {} CONTAINS memmove($A, $B, $C)

real	0m0.020s
user	0m0.013s
sys	0m0.005s


--- Stage 2: XPath destructor/constructor fallback ---
    no unguarded destructor/constructor memcpy/memmove found

[ signed_memcpy ] 0 finding(s) written to /tmp/cwe195_findings_5hm7v8
=== Detector 3: signed_strncpy ===
    input  : /Users/afiaasante/Security-Code-Smells/linux/net/tipc/name_distr.c.xml
    output : /tmp/cwe195_findings_5hm7v8

    query  : FIND $T $FUNC($PARAMS) {} CONTAINS strncpy($A, $B, $C)
    note   : destructor/constructor blocks covered by XPath fallback


real	0m0.023s
user	0m0.014s
sys	0m0.005s


--- Stage 2: XPath destructor/constructor fallback ---
    no unguarded destructor/constructor strncpy found

[ signed_strncpy ] 0 finding(s) written to /tmp/cwe195_findings_5hm7v8
========================================
 Findings JSON
========================================

========================================
 Summary
 Total findings : 0
 Errors         : 0
 Warnings       : 0
========================================
