========================================
 CWE-190 Integer Overflow Risk Detector
 Source  : /Users/afiaasante/Security-Code-Smells/linux/net/mac80211/mesh_pathtbl.c
 Report  : /Users/afiaasante/Security-Code-Smells/results/net_scan/SCS006/mac80211__mesh_pathtbl.c/mesh_pathtbl_report_20260417_174059.txt
 Findings: /Users/afiaasante/Security-Code-Smells/results/net_scan/SCS006/mac80211__mesh_pathtbl.c/mesh_pathtbl_findings_20260417_174059.json
 Date    : Fri Apr 17 17:40:59 EDT 2026
========================================

=== Stage 1: srcml ===

real	0m0.060s
user	0m0.053s
sys	0m0.004s

=== Stage 2: srcslice ===
Writing to :: /Users/afiaasante/Security-Code-Smells/linux/net/mac80211/mesh_pathtbl.c.json
Output Saved to :: /Users/afiaasante/Security-Code-Smells/linux/net/mac80211/mesh_pathtbl.c.json

real	0m0.248s
user	0m0.116s
sys	0m0.005s

=== Stage 3: srcattributor ===

real	0m2.067s
user	0m1.974s
sys	0m0.020s

=== Detector 1: unchecked_multiply ===
    input  : /Users/afiaasante/Security-Code-Smells/linux/net/mac80211/mesh_pathtbl.c.xml
    output : /tmp/cwe190_findings_QDp2tR

    query  : FIND $T $FUNC($PARAMS) {} CONTAINS $TYPE $RESULT = $A * $B
    note   : destructor/constructor blocks covered by XPath fallback


real	0m0.029s
user	0m0.020s
sys	0m0.006s

--- Stage 1: checking srcQL result for MAX guard in <condition> ---
    no taint source -- warning/smell
    finding: /Users/afiaasante/Security-Code-Smells/linux/net/mac80211/mesh_pathtbl.c:466:59 -- mesh_fast_tx_cache() multiplies without MAX guard

--- Stage 2: XPath destructor/constructor fallback ---
    no unguarded destructor/constructor multiply found

[ unchecked_multiply ] 1 finding(s) written to /tmp/cwe190_findings_QDp2tR
=== Detector 2: unchecked_add ===
    input  : /Users/afiaasante/Security-Code-Smells/linux/net/mac80211/mesh_pathtbl.c.xml
    output : /tmp/cwe190_findings_QDp2tR

    query  : FIND $T $FUNC($PARAMS) {} CONTAINS $TYPE $RESULT = $A + $B
    note   : destructor/constructor blocks covered by XPath fallback


real	0m0.048s
user	0m0.021s
sys	0m0.005s


--- Stage 2: XPath destructor/constructor fallback ---
    no unguarded destructor/constructor addition found

[ unchecked_add ] 0 finding(s) written to /tmp/cwe190_findings_QDp2tR
=== Detector 3: unchecked_increment ===
    input  : /Users/afiaasante/Security-Code-Smells/linux/net/mac80211/mesh_pathtbl.c.xml
    output : /tmp/cwe190_findings_QDp2tR

    strategy : XPath on srcML XML -- ancestor-scoped guard check

--- extracting finding via XPath ---
    function : __mesh_path_lookup_by_idx
    position : 286:22

    no taint source -- warning/smell
    finding: /Users/afiaasante/Security-Code-Smells/linux/net/mac80211/mesh_pathtbl.c:286:22 -- __mesh_path_lookup_by_idx() increments without MAX guard

[ unchecked_increment ] 1 finding(s) written to /tmp/cwe190_findings_QDp2tR
========================================
 Findings JSON
========================================
{
  "detector": "unchecked_multiply",
  "severity": "warning",
  "classification": "smell",
  "rule": "integerOverflow",
  "file": "/Users/afiaasante/Security-Code-Smells/linux/net/mac80211/mesh_pathtbl.c",
  "line": 466,
  "col": 59,
  "varname": "mesh_fast_tx_cache",
  "note": {
    "line": 466,
    "col": 59,
    "message": "multiplication in mesh_fast_tx_cache() -- no upper-bound guard (INT_MAX / 2)"
  }
}
{
  "detector": "unchecked_increment",
  "severity": "warning",
  "classification": "smell",
  "rule": "integerOverflow",
  "file": "/Users/afiaasante/Security-Code-Smells/linux/net/mac80211/mesh_pathtbl.c",
  "line": 286,
  "col": 22,
  "varname": "__mesh_path_lookup_by_idx",
  "note": {
    "line": 286,
    "col": 22,
    "message": "increment (++) in __mesh_path_lookup_by_idx() -- no upper-bound guard (INT_MAX check)"
  }
}

========================================
 Summary
 Total findings : 2
 Errors         : 0
 Warnings       : 2

 Breakdown by detector:
   unchecked_increment       1
   unchecked_multiply        1
========================================
