========================================
 CWE-190 Integer Overflow Risk Detector
 Source  : /Users/afiaasante/Security-Code-Smells/linux/net/l2tp/l2tp_netlink.c
 Report  : /Users/afiaasante/Security-Code-Smells/results/net_scan/SCS006/l2tp__l2tp_netlink.c/l2tp_netlink_report_20260417_174031.txt
 Findings: /Users/afiaasante/Security-Code-Smells/results/net_scan/SCS006/l2tp__l2tp_netlink.c/l2tp_netlink_findings_20260417_174031.json
 Date    : Fri Apr 17 17:40:31 EDT 2026
========================================

=== Stage 1: srcml ===

real	0m0.060s
user	0m0.052s
sys	0m0.005s

=== Stage 2: srcslice ===
Writing to :: /Users/afiaasante/Security-Code-Smells/linux/net/l2tp/l2tp_netlink.c.json
Output Saved to :: /Users/afiaasante/Security-Code-Smells/linux/net/l2tp/l2tp_netlink.c.json

real	0m0.242s
user	0m0.119s
sys	0m0.005s

=== Stage 3: srcattributor ===

real	0m1.552s
user	0m1.458s
sys	0m0.020s

=== Detector 1: unchecked_multiply ===
    input  : /Users/afiaasante/Security-Code-Smells/linux/net/l2tp/l2tp_netlink.c.xml
    output : /tmp/cwe190_findings_0VYmPm

    query  : FIND $T $FUNC($PARAMS) {} CONTAINS $TYPE $RESULT = $A * $B
    note   : destructor/constructor blocks covered by XPath fallback


real	0m0.024s
user	0m0.018s
sys	0m0.004s

--- Stage 1: checking srcQL result for MAX guard in <condition> ---
    no taint source -- warning/smell
    finding: /Users/afiaasante/Security-Code-Smells/linux/net/l2tp/l2tp_netlink.c:501:45 -- l2tp_nl_cmd_tunnel_dump() multiplies without MAX guard

--- Stage 2: XPath destructor/constructor fallback ---
    no unguarded destructor/constructor multiply found

[ unchecked_multiply ] 1 finding(s) written to /tmp/cwe190_findings_0VYmPm
=== Detector 2: unchecked_add ===
    input  : /Users/afiaasante/Security-Code-Smells/linux/net/l2tp/l2tp_netlink.c.xml
    output : /tmp/cwe190_findings_0VYmPm

    query  : FIND $T $FUNC($PARAMS) {} CONTAINS $TYPE $RESULT = $A + $B
    note   : destructor/constructor blocks covered by XPath fallback


real	0m0.028s
user	0m0.021s
sys	0m0.005s


--- Stage 2: XPath destructor/constructor fallback ---
    no unguarded destructor/constructor addition found

[ unchecked_add ] 0 finding(s) written to /tmp/cwe190_findings_0VYmPm
=== Detector 3: unchecked_increment ===
    input  : /Users/afiaasante/Security-Code-Smells/linux/net/l2tp/l2tp_netlink.c.xml
    output : /tmp/cwe190_findings_0VYmPm

    strategy : XPath on srcML XML -- ancestor-scoped guard check

--- extracting finding via XPath ---
    function : l2tp_nl_cmd_tunnel_dump
    position : 519:20

    no taint source -- warning/smell
    finding: /Users/afiaasante/Security-Code-Smells/linux/net/l2tp/l2tp_netlink.c:519:20 -- l2tp_nl_cmd_tunnel_dump() increments without MAX guard

[ unchecked_increment ] 1 finding(s) written to /tmp/cwe190_findings_0VYmPm
========================================
 Findings JSON
========================================
{
  "detector": "unchecked_multiply",
  "severity": "warning",
  "classification": "smell",
  "rule": "integerOverflow",
  "file": "/Users/afiaasante/Security-Code-Smells/linux/net/l2tp/l2tp_netlink.c",
  "line": 501,
  "col": 45,
  "varname": "l2tp_nl_cmd_tunnel_dump",
  "note": {
    "line": 501,
    "col": 45,
    "message": "multiplication in l2tp_nl_cmd_tunnel_dump() -- no upper-bound guard (INT_MAX / 2)"
  }
}
{
  "detector": "unchecked_increment",
  "severity": "warning",
  "classification": "smell",
  "rule": "integerOverflow",
  "file": "/Users/afiaasante/Security-Code-Smells/linux/net/l2tp/l2tp_netlink.c",
  "line": 519,
  "col": 20,
  "varname": "l2tp_nl_cmd_tunnel_dump",
  "note": {
    "line": 519,
    "col": 20,
    "message": "increment (++) in l2tp_nl_cmd_tunnel_dump() -- no upper-bound guard (INT_MAX check)"
  }
}

========================================
 Summary
 Total findings : 2
 Errors         : 0
 Warnings       : 2

 Breakdown by detector:
   unchecked_increment       1
   unchecked_multiply        1
========================================
