========================================
 CWE-190 Integer Overflow Risk Detector
 Source  : /Users/afiaasante/Security-Code-Smells/linux/net/rds/connection.c
 Report  : /Users/afiaasante/Security-Code-Smells/results/net_scan/SCS006/rds__connection.c/connection_report_20260417_174339.txt
 Findings: /Users/afiaasante/Security-Code-Smells/results/net_scan/SCS006/rds__connection.c/connection_findings_20260417_174339.json
 Date    : Fri Apr 17 17:43:39 EDT 2026
========================================

=== Stage 1: srcml ===

real	0m0.066s
user	0m0.056s
sys	0m0.005s

=== Stage 2: srcslice ===
Writing to :: /Users/afiaasante/Security-Code-Smells/linux/net/rds/connection.c.json
Output Saved to :: /Users/afiaasante/Security-Code-Smells/linux/net/rds/connection.c.json

real	0m0.248s
user	0m0.110s
sys	0m0.005s

=== Stage 3: srcattributor ===

real	0m1.413s
user	0m1.371s
sys	0m0.016s

=== Detector 1: unchecked_multiply ===
    input  : /Users/afiaasante/Security-Code-Smells/linux/net/rds/connection.c.xml
    output : /tmp/cwe190_findings_JjXuMS

    query  : FIND $T $FUNC($PARAMS) {} CONTAINS $TYPE $RESULT = $A * $B
    note   : destructor/constructor blocks covered by XPath fallback


real	0m0.024s
user	0m0.018s
sys	0m0.004s


--- Stage 2: XPath destructor/constructor fallback ---
    no unguarded destructor/constructor multiply found

[ unchecked_multiply ] 0 finding(s) written to /tmp/cwe190_findings_JjXuMS
=== Detector 2: unchecked_add ===
    input  : /Users/afiaasante/Security-Code-Smells/linux/net/rds/connection.c.xml
    output : /tmp/cwe190_findings_JjXuMS

    query  : FIND $T $FUNC($PARAMS) {} CONTAINS $TYPE $RESULT = $A + $B
    note   : destructor/constructor blocks covered by XPath fallback


real	0m0.024s
user	0m0.018s
sys	0m0.005s


--- Stage 2: XPath destructor/constructor fallback ---
    no unguarded destructor/constructor addition found

[ unchecked_add ] 0 finding(s) written to /tmp/cwe190_findings_JjXuMS
=== Detector 3: unchecked_increment ===
    input  : /Users/afiaasante/Security-Code-Smells/linux/net/rds/connection.c.xml
    output : /tmp/cwe190_findings_JjXuMS

    strategy : XPath on srcML XML -- ancestor-scoped guard check

--- extracting finding via XPath ---
    function : __rds_conn_create
    position : 269:34

    no taint source -- warning/smell
    finding: /Users/afiaasante/Security-Code-Smells/linux/net/rds/connection.c:269:34 -- __rds_conn_create() increments without MAX guard

[ unchecked_increment ] 1 finding(s) written to /tmp/cwe190_findings_JjXuMS
========================================
 Findings JSON
========================================
{
  "detector": "unchecked_increment",
  "severity": "warning",
  "classification": "smell",
  "rule": "integerOverflow",
  "file": "/Users/afiaasante/Security-Code-Smells/linux/net/rds/connection.c",
  "line": 269,
  "col": 34,
  "varname": "__rds_conn_create",
  "note": {
    "line": 269,
    "col": 34,
    "message": "increment (++) in __rds_conn_create() -- no upper-bound guard (INT_MAX check)"
  }
}

========================================
 Summary
 Total findings : 1
 Errors         : 0
 Warnings       : 1

 Breakdown by detector:
   unchecked_increment       1
========================================
