========================================
 CWE-190 Integer Overflow Risk Detector
 Source  : /Users/afiaasante/Security-Code-Smells/linux/net/sctp/bind_addr.c
 Report  : /Users/afiaasante/Security-Code-Smells/results/net_scan/SCS006/sctp__bind_addr.c/bind_addr_report_20260417_174446.txt
 Findings: /Users/afiaasante/Security-Code-Smells/results/net_scan/SCS006/sctp__bind_addr.c/bind_addr_findings_20260417_174446.json
 Date    : Fri Apr 17 17:44:46 EDT 2026
========================================

=== Stage 1: srcml ===

real	0m0.035s
user	0m0.028s
sys	0m0.004s

=== Stage 2: srcslice ===
Writing to :: /Users/afiaasante/Security-Code-Smells/linux/net/sctp/bind_addr.c.json
Output Saved to :: /Users/afiaasante/Security-Code-Smells/linux/net/sctp/bind_addr.c.json

real	0m0.194s
user	0m0.064s
sys	0m0.004s

=== Stage 3: srcattributor ===

real	0m0.337s
user	0m0.327s
sys	0m0.006s

=== Detector 1: unchecked_multiply ===
    input  : /Users/afiaasante/Security-Code-Smells/linux/net/sctp/bind_addr.c.xml
    output : /tmp/cwe190_findings_grIbCC

    query  : FIND $T $FUNC($PARAMS) {} CONTAINS $TYPE $RESULT = $A * $B
    note   : destructor/constructor blocks covered by XPath fallback


real	0m0.017s
user	0m0.012s
sys	0m0.004s


--- Stage 2: XPath destructor/constructor fallback ---
    no unguarded destructor/constructor multiply found

[ unchecked_multiply ] 0 finding(s) written to /tmp/cwe190_findings_grIbCC
=== Detector 2: unchecked_add ===
    input  : /Users/afiaasante/Security-Code-Smells/linux/net/sctp/bind_addr.c.xml
    output : /tmp/cwe190_findings_grIbCC

    query  : FIND $T $FUNC($PARAMS) {} CONTAINS $TYPE $RESULT = $A + $B
    note   : destructor/constructor blocks covered by XPath fallback


real	0m0.019s
user	0m0.013s
sys	0m0.004s


--- Stage 2: XPath destructor/constructor fallback ---
    no unguarded destructor/constructor addition found

[ unchecked_add ] 0 finding(s) written to /tmp/cwe190_findings_grIbCC
=== Detector 3: unchecked_increment ===
    input  : /Users/afiaasante/Security-Code-Smells/linux/net/sctp/bind_addr.c.xml
    output : /tmp/cwe190_findings_grIbCC

    strategy : XPath on srcML XML -- ancestor-scoped guard check

--- extracting finding via XPath ---
    function : sctp_bind_addrs_check
    position : 355:20

    no taint source -- warning/smell
    finding: /Users/afiaasante/Security-Code-Smells/linux/net/sctp/bind_addr.c:355:20 -- sctp_bind_addrs_check() increments without MAX guard

[ unchecked_increment ] 1 finding(s) written to /tmp/cwe190_findings_grIbCC
========================================
 Findings JSON
========================================
{
  "detector": "unchecked_increment",
  "severity": "warning",
  "classification": "smell",
  "rule": "integerOverflow",
  "file": "/Users/afiaasante/Security-Code-Smells/linux/net/sctp/bind_addr.c",
  "line": 355,
  "col": 20,
  "varname": "sctp_bind_addrs_check",
  "note": {
    "line": 355,
    "col": 20,
    "message": "increment (++) in sctp_bind_addrs_check() -- no upper-bound guard (INT_MAX check)"
  }
}

========================================
 Summary
 Total findings : 1
 Errors         : 0
 Warnings       : 1

 Breakdown by detector:
   unchecked_increment       1
========================================
