========================================
 CWE-195 Signed-to-Unsigned Conversion Detector
 Source  : /Users/afiaasante/Security-Code-Smells/linux/net/ipv6/seg6_local.c
 Report  : /Users/afiaasante/Security-Code-Smells/results/net_scan/SCS007/ipv6__seg6_local.c/seg6_local_report_20260417_175951.txt
 Findings: /Users/afiaasante/Security-Code-Smells/results/net_scan/SCS007/ipv6__seg6_local.c/seg6_local_findings_20260417_175951.json
 Date    : Fri Apr 17 17:59:51 EDT 2026
========================================

=== Stage 1: srcml ===

real	0m0.150s
user	0m0.137s
sys	0m0.007s

=== Stage 2: srcslice ===
Writing to :: /Users/afiaasante/Security-Code-Smells/linux/net/ipv6/seg6_local.c.json
Output Saved to :: /Users/afiaasante/Security-Code-Smells/linux/net/ipv6/seg6_local.c.json

real	0m0.431s
user	0m0.266s
sys	0m0.009s

=== Stage 3: srcattributor ===

real	0m11.637s
user	0m9.941s
sys	0m0.130s

=== Detector 1: signed_malloc ===
    input  : /Users/afiaasante/Security-Code-Smells/linux/net/ipv6/seg6_local.c.xml
    output : /tmp/cwe195_findings_hW0Ijr

    query  : FIND $T $FUNC($PARAMS) {} CONTAINS malloc($A)
    note   : destructor/constructor blocks covered by XPath fallback


real	0m0.053s
user	0m0.042s
sys	0m0.007s


--- Stage 2: XPath destructor/constructor fallback ---
    no unguarded destructor/constructor malloc found

[ signed_malloc ] 0 finding(s) written to /tmp/cwe195_findings_hW0Ijr
=== Detector 2: signed_memcpy ===
    input  : /Users/afiaasante/Security-Code-Smells/linux/net/ipv6/seg6_local.c.xml
    output : /tmp/cwe195_findings_hW0Ijr

    query  : FIND $T $FUNC($PARAMS) {} CONTAINS memcpy($A, $B, $C)

real	0m0.053s
user	0m0.043s
sys	0m0.007s

--- Stage 1 (memcpy): checking srcQL result for positivity guard in <condition> ---
    no taint source -- warning/smell
    finding: /Users/afiaasante/Security-Code-Smells/linux/net/ipv6/seg6_local.c:1698:9 -- put_nla_srh() memcpy without positivity guard
    query  : FIND $T $FUNC($PARAMS) {} CONTAINS memmove($A, $B, $C)

real	0m0.050s
user	0m0.042s
sys	0m0.007s

--- Stage 1 (memmove): checking srcQL result for positivity guard in <condition> ---
    no taint source -- warning/smell
    finding: /Users/afiaasante/Security-Code-Smells/linux/net/ipv6/seg6_local.c:374:9 -- seg6_next_csid_advance_arg() memmove without positivity guard

--- Stage 2: XPath destructor/constructor fallback ---

[ signed_memcpy ] 2 finding(s) written to /tmp/cwe195_findings_hW0Ijr
=== Detector 3: signed_strncpy ===
    input  : /Users/afiaasante/Security-Code-Smells/linux/net/ipv6/seg6_local.c.xml
    output : /tmp/cwe195_findings_hW0Ijr

    query  : FIND $T $FUNC($PARAMS) {} CONTAINS strncpy($A, $B, $C)
    note   : destructor/constructor blocks covered by XPath fallback


real	0m0.052s
user	0m0.043s
sys	0m0.006s


--- Stage 2: XPath destructor/constructor fallback ---
    no unguarded destructor/constructor strncpy found

[ signed_strncpy ] 0 finding(s) written to /tmp/cwe195_findings_hW0Ijr
========================================
 Findings JSON
========================================
{
  "detector": "signed_memcpy",
  "severity": "warning",
  "classification": "smell",
  "rule": "signedUnsignedConversion",
  "file": "/Users/afiaasante/Security-Code-Smells/linux/net/ipv6/seg6_local.c",
  "line": 1698,
  "col": 9,
  "varname": "put_nla_srh",
  "note": {
    "line": 1698,
    "col": 9,
    "message": "memcpy() in put_nla_srh() -- signed int passed as byte count with no positivity guard (data > 0)"
  }
}
{
  "detector": "signed_memcpy",
  "severity": "warning",
  "classification": "smell",
  "rule": "signedUnsignedConversion",
  "file": "/Users/afiaasante/Security-Code-Smells/linux/net/ipv6/seg6_local.c",
  "line": 374,
  "col": 9,
  "varname": "seg6_next_csid_advance_arg",
  "note": {
    "line": 374,
    "col": 9,
    "message": "memmove() in seg6_next_csid_advance_arg() -- signed int passed as byte count with no positivity guard (data > 0)"
  }
}

========================================
 Summary
 Total findings : 2
 Errors         : 0
 Warnings       : 2

 Breakdown by detector:
   signed_memcpy             2
========================================
