========================================
 CWE-190 Integer Overflow Risk Detector
 Source  : /Users/afiaasante/Security-Code-Smells/linux/net/dsa/tag_8021q.c
 Report  : /Users/afiaasante/Security-Code-Smells/results/net_scan/SCS006/dsa__tag_8021q.c/tag_8021q_report_20260417_173758.txt
 Findings: /Users/afiaasante/Security-Code-Smells/results/net_scan/SCS006/dsa__tag_8021q.c/tag_8021q_findings_20260417_173758.json
 Date    : Fri Apr 17 17:37:58 EDT 2026
========================================

=== Stage 1: srcml ===

real	0m0.028s
user	0m0.023s
sys	0m0.003s

=== Stage 2: srcslice ===
Writing to :: /Users/afiaasante/Security-Code-Smells/linux/net/dsa/tag_8021q.c.json
Output Saved to :: /Users/afiaasante/Security-Code-Smells/linux/net/dsa/tag_8021q.c.json

real	0m0.179s
user	0m0.048s
sys	0m0.004s

=== Stage 3: srcattributor ===

real	0m0.307s
user	0m0.296s
sys	0m0.006s

=== Detector 1: unchecked_multiply ===
    input  : /Users/afiaasante/Security-Code-Smells/linux/net/dsa/tag_8021q.c.xml
    output : /tmp/cwe190_findings_FjAo3o

    query  : FIND $T $FUNC($PARAMS) {} CONTAINS $TYPE $RESULT = $A * $B
    note   : destructor/constructor blocks covered by XPath fallback


real	0m0.014s
user	0m0.009s
sys	0m0.004s


--- Stage 2: XPath destructor/constructor fallback ---
    no unguarded destructor/constructor multiply found

[ unchecked_multiply ] 0 finding(s) written to /tmp/cwe190_findings_FjAo3o
=== Detector 2: unchecked_add ===
    input  : /Users/afiaasante/Security-Code-Smells/linux/net/dsa/tag_8021q.c.xml
    output : /tmp/cwe190_findings_FjAo3o

    query  : FIND $T $FUNC($PARAMS) {} CONTAINS $TYPE $RESULT = $A + $B
    note   : destructor/constructor blocks covered by XPath fallback


real	0m0.017s
user	0m0.011s
sys	0m0.004s


--- Stage 2: XPath destructor/constructor fallback ---
    no unguarded destructor/constructor addition found

[ unchecked_add ] 0 finding(s) written to /tmp/cwe190_findings_FjAo3o
=== Detector 3: unchecked_increment ===
    input  : /Users/afiaasante/Security-Code-Smells/linux/net/dsa/tag_8021q.c.xml
    output : /tmp/cwe190_findings_FjAo3o

    strategy : XPath on srcML XML -- ancestor-scoped guard check

--- extracting finding via XPath ---
    function : dsa_tag_8021q_setup
    position : 395:50

    no taint source -- warning/smell
    finding: /Users/afiaasante/Security-Code-Smells/linux/net/dsa/tag_8021q.c:395:50 -- dsa_tag_8021q_setup() increments without MAX guard

[ unchecked_increment ] 1 finding(s) written to /tmp/cwe190_findings_FjAo3o
========================================
 Findings JSON
========================================
{
  "detector": "unchecked_increment",
  "severity": "warning",
  "classification": "smell",
  "rule": "integerOverflow",
  "file": "/Users/afiaasante/Security-Code-Smells/linux/net/dsa/tag_8021q.c",
  "line": 395,
  "col": 50,
  "varname": "dsa_tag_8021q_setup",
  "note": {
    "line": 395,
    "col": 50,
    "message": "increment (++) in dsa_tag_8021q_setup() -- no upper-bound guard (INT_MAX check)"
  }
}

========================================
 Summary
 Total findings : 1
 Errors         : 0
 Warnings       : 1

 Breakdown by detector:
   unchecked_increment       1
========================================
