========================================
 CWE-190 Integer Overflow Risk Detector
 Source  : /Users/afiaasante/Security-Code-Smells/linux/net/9p/error.c
 Report  : /Users/afiaasante/Security-Code-Smells/results/net_scan/SCS006/9p__error.c/error_report_20260417_173511.txt
 Findings: /Users/afiaasante/Security-Code-Smells/results/net_scan/SCS006/9p__error.c/error_findings_20260417_173511.json
 Date    : Fri Apr 17 17:35:11 EDT 2026
========================================

=== Stage 1: srcml ===

real	0m0.013s
user	0m0.008s
sys	0m0.003s

=== Stage 2: srcslice ===
Writing to :: /Users/afiaasante/Security-Code-Smells/linux/net/9p/error.c.json
Output Saved to :: /Users/afiaasante/Security-Code-Smells/linux/net/9p/error.c.json

real	0m0.171s
user	0m0.019s
sys	0m0.003s

=== Stage 3: srcattributor ===

real	0m0.010s
user	0m0.008s
sys	0m0.002s

=== Detector 1: unchecked_multiply ===
    input  : /Users/afiaasante/Security-Code-Smells/linux/net/9p/error.c.xml
    output : /tmp/cwe190_findings_uLZwIB

    query  : FIND $T $FUNC($PARAMS) {} CONTAINS $TYPE $RESULT = $A * $B
    note   : destructor/constructor blocks covered by XPath fallback


real	0m0.007s
user	0m0.004s
sys	0m0.002s


--- Stage 2: XPath destructor/constructor fallback ---
    no unguarded destructor/constructor multiply found

[ unchecked_multiply ] 0 finding(s) written to /tmp/cwe190_findings_uLZwIB
=== Detector 2: unchecked_add ===
    input  : /Users/afiaasante/Security-Code-Smells/linux/net/9p/error.c.xml
    output : /tmp/cwe190_findings_uLZwIB

    query  : FIND $T $FUNC($PARAMS) {} CONTAINS $TYPE $RESULT = $A + $B
    note   : destructor/constructor blocks covered by XPath fallback


real	0m0.007s
user	0m0.004s
sys	0m0.002s


--- Stage 2: XPath destructor/constructor fallback ---
    no unguarded destructor/constructor addition found

[ unchecked_add ] 0 finding(s) written to /tmp/cwe190_findings_uLZwIB
=== Detector 3: unchecked_increment ===
    input  : /Users/afiaasante/Security-Code-Smells/linux/net/9p/error.c.xml
    output : /tmp/cwe190_findings_uLZwIB

    strategy : XPath on srcML XML -- ancestor-scoped guard check

--- extracting finding via XPath ---
    function : p9_error_init
    position : 183:36

    no taint source -- warning/smell
    finding: /Users/afiaasante/Security-Code-Smells/linux/net/9p/error.c:183:36 -- p9_error_init() increments without MAX guard

[ unchecked_increment ] 1 finding(s) written to /tmp/cwe190_findings_uLZwIB
========================================
 Findings JSON
========================================
{
  "detector": "unchecked_increment",
  "severity": "warning",
  "classification": "smell",
  "rule": "integerOverflow",
  "file": "/Users/afiaasante/Security-Code-Smells/linux/net/9p/error.c",
  "line": 183,
  "col": 36,
  "varname": "p9_error_init",
  "note": {
    "line": 183,
    "col": 36,
    "message": "increment (++) in p9_error_init() -- no upper-bound guard (INT_MAX check)"
  }
}

========================================
 Summary
 Total findings : 1
 Errors         : 0
 Warnings       : 1

 Breakdown by detector:
   unchecked_increment       1
========================================
