========================================
 CWE-190 Integer Overflow Risk Detector
 Source  : /Users/afiaasante/Security-Code-Smells/linux/net/ethtool/stats.c
 Report  : /Users/afiaasante/Security-Code-Smells/results/net_scan/SCS006/ethtool__stats.c/stats_report_20260417_173814.txt
 Findings: /Users/afiaasante/Security-Code-Smells/results/net_scan/SCS006/ethtool__stats.c/stats_findings_20260417_173814.json
 Date    : Fri Apr 17 17:38:14 EDT 2026
========================================

=== Stage 1: srcml ===

real	0m0.034s
user	0m0.026s
sys	0m0.004s

=== Stage 2: srcslice ===
Writing to :: /Users/afiaasante/Security-Code-Smells/linux/net/ethtool/stats.c.json
Output Saved to :: /Users/afiaasante/Security-Code-Smells/linux/net/ethtool/stats.c.json

real	0m0.181s
user	0m0.067s
sys	0m0.004s

=== Stage 3: srcattributor ===

real	0m0.526s
user	0m0.507s
sys	0m0.007s

=== Detector 1: unchecked_multiply ===
    input  : /Users/afiaasante/Security-Code-Smells/linux/net/ethtool/stats.c.xml
    output : /tmp/cwe190_findings_XenV2v

    query  : FIND $T $FUNC($PARAMS) {} CONTAINS $TYPE $RESULT = $A * $B
    note   : destructor/constructor blocks covered by XPath fallback


real	0m0.021s
user	0m0.012s
sys	0m0.004s


--- Stage 2: XPath destructor/constructor fallback ---
    no unguarded destructor/constructor multiply found

[ unchecked_multiply ] 0 finding(s) written to /tmp/cwe190_findings_XenV2v
=== Detector 2: unchecked_add ===
    input  : /Users/afiaasante/Security-Code-Smells/linux/net/ethtool/stats.c.xml
    output : /tmp/cwe190_findings_XenV2v

    query  : FIND $T $FUNC($PARAMS) {} CONTAINS $TYPE $RESULT = $A + $B
    note   : destructor/constructor blocks covered by XPath fallback


real	0m0.017s
user	0m0.011s
sys	0m0.003s

--- Stage 1: checking srcQL result for MAX guard in <condition> ---
    no taint source -- warning/smell
    finding: /Users/afiaasante/Security-Code-Smells/linux/net/ethtool/stats.c:515:36 -- ethtool_aggregate_stats() adds without MAX guard

--- Stage 2: XPath destructor/constructor fallback ---
    no unguarded destructor/constructor addition found

[ unchecked_add ] 1 finding(s) written to /tmp/cwe190_findings_XenV2v
=== Detector 3: unchecked_increment ===
    input  : /Users/afiaasante/Security-Code-Smells/linux/net/ethtool/stats.c.xml
    output : /tmp/cwe190_findings_XenV2v

    strategy : XPath on srcML XML -- ancestor-scoped guard check

--- extracting finding via XPath ---
    function : stats_reply_size
    position : 206:23

    no taint source -- warning/smell
    finding: /Users/afiaasante/Security-Code-Smells/linux/net/ethtool/stats.c:206:23 -- stats_reply_size() increments without MAX guard

[ unchecked_increment ] 1 finding(s) written to /tmp/cwe190_findings_XenV2v
========================================
 Findings JSON
========================================
{
  "detector": "unchecked_add",
  "severity": "warning",
  "classification": "smell",
  "rule": "integerOverflow",
  "file": "/Users/afiaasante/Security-Code-Smells/linux/net/ethtool/stats.c",
  "line": 515,
  "col": 36,
  "varname": "ethtool_aggregate_stats",
  "note": {
    "line": 515,
    "col": 36,
    "message": "addition in ethtool_aggregate_stats() -- no upper-bound guard before adding"
  }
}
{
  "detector": "unchecked_increment",
  "severity": "warning",
  "classification": "smell",
  "rule": "integerOverflow",
  "file": "/Users/afiaasante/Security-Code-Smells/linux/net/ethtool/stats.c",
  "line": 206,
  "col": 23,
  "varname": "stats_reply_size",
  "note": {
    "line": 206,
    "col": 23,
    "message": "increment (++) in stats_reply_size() -- no upper-bound guard (INT_MAX check)"
  }
}

========================================
 Summary
 Total findings : 2
 Errors         : 0
 Warnings       : 2

 Breakdown by detector:
   unchecked_add             1
   unchecked_increment       1
========================================
