========================================
 CWE-195 Signed-to-Unsigned Conversion Detector
 Source  : /Users/afiaasante/Security-Code-Smells/linux/net/llc/llc_c_st.c
 Report  : /Users/afiaasante/Security-Code-Smells/results/net_scan/SCS007/llc__llc_c_st.c/llc_c_st_report_20260417_180020.txt
 Findings: /Users/afiaasante/Security-Code-Smells/results/net_scan/SCS007/llc__llc_c_st.c/llc_c_st_findings_20260417_180020.json
 Date    : Fri Apr 17 18:00:20 EDT 2026
========================================

=== Stage 1: srcml ===

real	0m0.190s
user	0m0.174s
sys	0m0.008s

=== Stage 2: srcslice ===
Writing to :: /Users/afiaasante/Security-Code-Smells/linux/net/llc/llc_c_st.c.json
Output Saved to :: /Users/afiaasante/Security-Code-Smells/linux/net/llc/llc_c_st.c.json

real	0m0.562s
user	0m0.388s
sys	0m0.013s

=== Stage 3: srcattributor ===

real	0m9.952s
user	0m9.186s
sys	0m0.101s

=== Detector 1: signed_malloc ===
    input  : /Users/afiaasante/Security-Code-Smells/linux/net/llc/llc_c_st.c.xml
    output : /tmp/cwe195_findings_6CRRX6

    query  : FIND $T $FUNC($PARAMS) {} CONTAINS malloc($A)
    note   : destructor/constructor blocks covered by XPath fallback


real	0m0.070s
user	0m0.055s
sys	0m0.010s


--- Stage 2: XPath destructor/constructor fallback ---
    no unguarded destructor/constructor malloc found

[ signed_malloc ] 0 finding(s) written to /tmp/cwe195_findings_6CRRX6
=== Detector 2: signed_memcpy ===
    input  : /Users/afiaasante/Security-Code-Smells/linux/net/llc/llc_c_st.c.xml
    output : /tmp/cwe195_findings_6CRRX6

    query  : FIND $T $FUNC($PARAMS) {} CONTAINS memcpy($A, $B, $C)

real	0m0.074s
user	0m0.051s
sys	0m0.012s

    query  : FIND $T $FUNC($PARAMS) {} CONTAINS memmove($A, $B, $C)

real	0m0.078s
user	0m0.050s
sys	0m0.010s


--- Stage 2: XPath destructor/constructor fallback ---
    no unguarded destructor/constructor memcpy/memmove found

[ signed_memcpy ] 0 finding(s) written to /tmp/cwe195_findings_6CRRX6
=== Detector 3: signed_strncpy ===
    input  : /Users/afiaasante/Security-Code-Smells/linux/net/llc/llc_c_st.c.xml
    output : /tmp/cwe195_findings_6CRRX6

    query  : FIND $T $FUNC($PARAMS) {} CONTAINS strncpy($A, $B, $C)
    note   : destructor/constructor blocks covered by XPath fallback


real	0m0.075s
user	0m0.054s
sys	0m0.010s


--- Stage 2: XPath destructor/constructor fallback ---
    no unguarded destructor/constructor strncpy found

[ signed_strncpy ] 0 finding(s) written to /tmp/cwe195_findings_6CRRX6
========================================
 Findings JSON
========================================

========================================
 Summary
 Total findings : 0
 Errors         : 0
 Warnings       : 0
========================================
