========================================
 CWE-195 Signed-to-Unsigned Conversion Detector
 Source  : /Users/afiaasante/Security-Code-Smells/linux/net/rxrpc/af_rxrpc.c
 Report  : /Users/afiaasante/Security-Code-Smells/results/net_scan/SCS007/rxrpc__af_rxrpc.c/af_rxrpc_report_20260417_180427.txt
 Findings: /Users/afiaasante/Security-Code-Smells/results/net_scan/SCS007/rxrpc__af_rxrpc.c/af_rxrpc_findings_20260417_180427.json
 Date    : Fri Apr 17 18:04:27 EDT 2026
========================================

=== Stage 1: srcml ===

real	0m0.078s
user	0m0.066s
sys	0m0.007s

=== Stage 2: srcslice ===
Writing to :: /Users/afiaasante/Security-Code-Smells/linux/net/rxrpc/af_rxrpc.c.json
Output Saved to :: /Users/afiaasante/Security-Code-Smells/linux/net/rxrpc/af_rxrpc.c.json

real	0m0.257s
user	0m0.131s
sys	0m0.006s

=== Stage 3: srcattributor ===

real	0m2.061s
user	0m1.828s
sys	0m0.028s

=== Detector 1: signed_malloc ===
    input  : /Users/afiaasante/Security-Code-Smells/linux/net/rxrpc/af_rxrpc.c.xml
    output : /tmp/cwe195_findings_bNDAQb

    query  : FIND $T $FUNC($PARAMS) {} CONTAINS malloc($A)
    note   : destructor/constructor blocks covered by XPath fallback


real	0m0.032s
user	0m0.021s
sys	0m0.005s


--- Stage 2: XPath destructor/constructor fallback ---
    no unguarded destructor/constructor malloc found

[ signed_malloc ] 0 finding(s) written to /tmp/cwe195_findings_bNDAQb
=== Detector 2: signed_memcpy ===
    input  : /Users/afiaasante/Security-Code-Smells/linux/net/rxrpc/af_rxrpc.c.xml
    output : /tmp/cwe195_findings_bNDAQb

    query  : FIND $T $FUNC($PARAMS) {} CONTAINS memcpy($A, $B, $C)

real	0m0.030s
user	0m0.022s
sys	0m0.005s

    query  : FIND $T $FUNC($PARAMS) {} CONTAINS memmove($A, $B, $C)

real	0m0.034s
user	0m0.023s
sys	0m0.005s


--- Stage 2: XPath destructor/constructor fallback ---
    no unguarded destructor/constructor memcpy/memmove found

[ signed_memcpy ] 0 finding(s) written to /tmp/cwe195_findings_bNDAQb
=== Detector 3: signed_strncpy ===
    input  : /Users/afiaasante/Security-Code-Smells/linux/net/rxrpc/af_rxrpc.c.xml
    output : /tmp/cwe195_findings_bNDAQb

    query  : FIND $T $FUNC($PARAMS) {} CONTAINS strncpy($A, $B, $C)
    note   : destructor/constructor blocks covered by XPath fallback


real	0m0.030s
user	0m0.022s
sys	0m0.005s


--- Stage 2: XPath destructor/constructor fallback ---
    no unguarded destructor/constructor strncpy found

[ signed_strncpy ] 0 finding(s) written to /tmp/cwe195_findings_bNDAQb
========================================
 Findings JSON
========================================

========================================
 Summary
 Total findings : 0
 Errors         : 0
 Warnings       : 0
========================================
