========================================
 CWE-190 Integer Overflow Risk Detector
 Source  : /Users/afiaasante/Security-Code-Smells/linux/net/ipv6/xfrm6_policy.c
 Report  : /Users/afiaasante/Security-Code-Smells/results/net_scan/SCS006/ipv6__xfrm6_policy.c/xfrm6_policy_report_20260417_174023.txt
 Findings: /Users/afiaasante/Security-Code-Smells/results/net_scan/SCS006/ipv6__xfrm6_policy.c/xfrm6_policy_findings_20260417_174023.json
 Date    : Fri Apr 17 17:40:23 EDT 2026
========================================

=== Stage 1: srcml ===

real	0m0.023s
user	0m0.017s
sys	0m0.004s

=== Stage 2: srcslice ===
Writing to :: /Users/afiaasante/Security-Code-Smells/linux/net/ipv6/xfrm6_policy.c.json
Output Saved to :: /Users/afiaasante/Security-Code-Smells/linux/net/ipv6/xfrm6_policy.c.json

real	0m0.192s
user	0m0.048s
sys	0m0.004s

=== Stage 3: srcattributor ===

real	0m0.143s
user	0m0.131s
sys	0m0.005s

=== Detector 1: unchecked_multiply ===
    input  : /Users/afiaasante/Security-Code-Smells/linux/net/ipv6/xfrm6_policy.c.xml
    output : /tmp/cwe190_findings_vZsNih

    query  : FIND $T $FUNC($PARAMS) {} CONTAINS $TYPE $RESULT = $A * $B
    note   : destructor/constructor blocks covered by XPath fallback


real	0m0.017s
user	0m0.011s
sys	0m0.004s

--- Stage 1: checking srcQL result for MAX guard in <condition> ---
    no taint source -- warning/smell
    finding: /Users/afiaasante/Security-Code-Smells/linux/net/ipv6/xfrm6_policy.c:111:50 -- xfrm6_update_pmtu() multiplies without MAX guard

--- Stage 2: XPath destructor/constructor fallback ---
    no unguarded destructor/constructor multiply found

[ unchecked_multiply ] 1 finding(s) written to /tmp/cwe190_findings_vZsNih
=== Detector 2: unchecked_add ===
    input  : /Users/afiaasante/Security-Code-Smells/linux/net/ipv6/xfrm6_policy.c.xml
    output : /tmp/cwe190_findings_vZsNih

    query  : FIND $T $FUNC($PARAMS) {} CONTAINS $TYPE $RESULT = $A + $B
    note   : destructor/constructor blocks covered by XPath fallback


real	0m0.016s
user	0m0.010s
sys	0m0.004s


--- Stage 2: XPath destructor/constructor fallback ---
    no unguarded destructor/constructor addition found

[ unchecked_add ] 0 finding(s) written to /tmp/cwe190_findings_vZsNih
=== Detector 3: unchecked_increment ===
    input  : /Users/afiaasante/Security-Code-Smells/linux/net/ipv6/xfrm6_policy.c.xml
    output : /tmp/cwe190_findings_vZsNih

    strategy : XPath on srcML XML -- ancestor-scoped guard check

[ unchecked_increment ] No smell detected.
========================================
 Findings JSON
========================================
{
  "detector": "unchecked_multiply",
  "severity": "warning",
  "classification": "smell",
  "rule": "integerOverflow",
  "file": "/Users/afiaasante/Security-Code-Smells/linux/net/ipv6/xfrm6_policy.c",
  "line": 111,
  "col": 50,
  "varname": "xfrm6_update_pmtu",
  "note": {
    "line": 111,
    "col": 50,
    "message": "multiplication in xfrm6_update_pmtu() -- no upper-bound guard (INT_MAX / 2)"
  }
}

========================================
 Summary
 Total findings : 1
 Errors         : 0
 Warnings       : 1

 Breakdown by detector:
   unchecked_multiply        1
========================================
