========================================
 CWE-190 Integer Overflow Risk Detector
 Source  : /Users/afiaasante/Security-Code-Smells/linux/net/netfilter/xt_connlimit.c
 Report  : /Users/afiaasante/Security-Code-Smells/results/net_scan/SCS006/netfilter__xt_connlimit.c/xt_connlimit_report_20260417_174301.txt
 Findings: /Users/afiaasante/Security-Code-Smells/results/net_scan/SCS006/netfilter__xt_connlimit.c/xt_connlimit_findings_20260417_174301.json
 Date    : Fri Apr 17 17:43:01 EDT 2026
========================================

=== Stage 1: srcml ===

real	0m0.018s
user	0m0.011s
sys	0m0.004s

=== Stage 2: srcslice ===
Writing to :: /Users/afiaasante/Security-Code-Smells/linux/net/netfilter/xt_connlimit.c.json
Output Saved to :: /Users/afiaasante/Security-Code-Smells/linux/net/netfilter/xt_connlimit.c.json

real	0m0.186s
user	0m0.031s
sys	0m0.003s

=== Stage 3: srcattributor ===

real	0m0.040s
user	0m0.034s
sys	0m0.003s

=== Detector 1: unchecked_multiply ===
    input  : /Users/afiaasante/Security-Code-Smells/linux/net/netfilter/xt_connlimit.c.xml
    output : /tmp/cwe190_findings_dUuf9O

    query  : FIND $T $FUNC($PARAMS) {} CONTAINS $TYPE $RESULT = $A * $B
    note   : destructor/constructor blocks covered by XPath fallback


real	0m0.012s
user	0m0.007s
sys	0m0.003s


--- Stage 2: XPath destructor/constructor fallback ---
    no unguarded destructor/constructor multiply found

[ unchecked_multiply ] 0 finding(s) written to /tmp/cwe190_findings_dUuf9O
=== Detector 2: unchecked_add ===
    input  : /Users/afiaasante/Security-Code-Smells/linux/net/netfilter/xt_connlimit.c.xml
    output : /tmp/cwe190_findings_dUuf9O

    query  : FIND $T $FUNC($PARAMS) {} CONTAINS $TYPE $RESULT = $A + $B
    note   : destructor/constructor blocks covered by XPath fallback


real	0m0.015s
user	0m0.008s
sys	0m0.004s


--- Stage 2: XPath destructor/constructor fallback ---
    no unguarded destructor/constructor addition found

[ unchecked_add ] 0 finding(s) written to /tmp/cwe190_findings_dUuf9O
=== Detector 3: unchecked_increment ===
    input  : /Users/afiaasante/Security-Code-Smells/linux/net/netfilter/xt_connlimit.c.xml
    output : /tmp/cwe190_findings_dUuf9O

    strategy : XPath on srcML XML -- ancestor-scoped guard check

--- extracting finding via XPath ---
    function : connlimit_mt
    position : 52:55

    no taint source -- warning/smell
    finding: /Users/afiaasante/Security-Code-Smells/linux/net/netfilter/xt_connlimit.c:52:55 -- connlimit_mt() increments without MAX guard

[ unchecked_increment ] 1 finding(s) written to /tmp/cwe190_findings_dUuf9O
========================================
 Findings JSON
========================================
{
  "detector": "unchecked_increment",
  "severity": "warning",
  "classification": "smell",
  "rule": "integerOverflow",
  "file": "/Users/afiaasante/Security-Code-Smells/linux/net/netfilter/xt_connlimit.c",
  "line": 52,
  "col": 55,
  "varname": "connlimit_mt",
  "note": {
    "line": 52,
    "col": 55,
    "message": "increment (++) in connlimit_mt() -- no upper-bound guard (INT_MAX check)"
  }
}

========================================
 Summary
 Total findings : 1
 Errors         : 0
 Warnings       : 1

 Breakdown by detector:
   unchecked_increment       1
========================================
