========================================
 CWE-190 Integer Overflow Risk Detector
 Source  : /Users/afiaasante/Security-Code-Smells/linux/net/ieee802154/nl-phy.c
 Report  : /Users/afiaasante/Security-Code-Smells/results/net_scan/SCS006/ieee802154__nl-phy.c/nl-phy_report_20260417_173821.txt
 Findings: /Users/afiaasante/Security-Code-Smells/results/net_scan/SCS006/ieee802154__nl-phy.c/nl-phy_findings_20260417_173821.json
 Date    : Fri Apr 17 17:38:21 EDT 2026
========================================

=== Stage 1: srcml ===

real	0m0.024s
user	0m0.017s
sys	0m0.004s

=== Stage 2: srcslice ===
Writing to :: /Users/afiaasante/Security-Code-Smells/linux/net/ieee802154/nl-phy.c.json
Output Saved to :: /Users/afiaasante/Security-Code-Smells/linux/net/ieee802154/nl-phy.c.json

real	0m0.185s
user	0m0.043s
sys	0m0.004s

=== Stage 3: srcattributor ===

real	0m0.172s
user	0m0.150s
sys	0m0.005s

=== Detector 1: unchecked_multiply ===
    input  : /Users/afiaasante/Security-Code-Smells/linux/net/ieee802154/nl-phy.c.xml
    output : /tmp/cwe190_findings_DF7FmK

    query  : FIND $T $FUNC($PARAMS) {} CONTAINS $TYPE $RESULT = $A * $B
    note   : destructor/constructor blocks covered by XPath fallback


real	0m0.013s
user	0m0.009s
sys	0m0.003s


--- Stage 2: XPath destructor/constructor fallback ---
    no unguarded destructor/constructor multiply found

[ unchecked_multiply ] 0 finding(s) written to /tmp/cwe190_findings_DF7FmK
=== Detector 2: unchecked_add ===
    input  : /Users/afiaasante/Security-Code-Smells/linux/net/ieee802154/nl-phy.c.xml
    output : /tmp/cwe190_findings_DF7FmK

    query  : FIND $T $FUNC($PARAMS) {} CONTAINS $TYPE $RESULT = $A + $B
    note   : destructor/constructor blocks covered by XPath fallback


real	0m0.014s
user	0m0.008s
sys	0m0.003s


--- Stage 2: XPath destructor/constructor fallback ---
    no unguarded destructor/constructor addition found

[ unchecked_add ] 0 finding(s) written to /tmp/cwe190_findings_DF7FmK
=== Detector 3: unchecked_increment ===
    input  : /Users/afiaasante/Security-Code-Smells/linux/net/ieee802154/nl-phy.c.xml
    output : /tmp/cwe190_findings_DF7FmK

    strategy : XPath on srcML XML -- ancestor-scoped guard check

--- extracting finding via XPath ---
    function : ieee802154_nl_fill_phy
    position : 50:48

    no taint source -- warning/smell
    finding: /Users/afiaasante/Security-Code-Smells/linux/net/ieee802154/nl-phy.c:50:48 -- ieee802154_nl_fill_phy() increments without MAX guard

[ unchecked_increment ] 1 finding(s) written to /tmp/cwe190_findings_DF7FmK
========================================
 Findings JSON
========================================
{
  "detector": "unchecked_increment",
  "severity": "warning",
  "classification": "smell",
  "rule": "integerOverflow",
  "file": "/Users/afiaasante/Security-Code-Smells/linux/net/ieee802154/nl-phy.c",
  "line": 50,
  "col": 48,
  "varname": "ieee802154_nl_fill_phy",
  "note": {
    "line": 50,
    "col": 48,
    "message": "increment (++) in ieee802154_nl_fill_phy() -- no upper-bound guard (INT_MAX check)"
  }
}

========================================
 Summary
 Total findings : 1
 Errors         : 0
 Warnings       : 1

 Breakdown by detector:
   unchecked_increment       1
========================================
