========================================
 CWE-190 Integer Overflow Risk Detector
 Source  : /Users/afiaasante/Security-Code-Smells/linux/net/ipv4/arp.c
 Report  : /Users/afiaasante/Security-Code-Smells/results/net_scan/SCS006/ipv4__arp.c/arp_report_20260417_173824.txt
 Findings: /Users/afiaasante/Security-Code-Smells/results/net_scan/SCS006/ipv4__arp.c/arp_findings_20260417_173824.json
 Date    : Fri Apr 17 17:38:24 EDT 2026
========================================

=== Stage 1: srcml ===

real	0m0.071s
user	0m0.062s
sys	0m0.005s

=== Stage 2: srcslice ===
Writing to :: /Users/afiaasante/Security-Code-Smells/linux/net/ipv4/arp.c.json
Output Saved to :: /Users/afiaasante/Security-Code-Smells/linux/net/ipv4/arp.c.json

real	0m0.284s
user	0m0.136s
sys	0m0.008s

=== Stage 3: srcattributor ===

real	0m3.640s
user	0m3.160s
sys	0m0.035s

=== Detector 1: unchecked_multiply ===
    input  : /Users/afiaasante/Security-Code-Smells/linux/net/ipv4/arp.c.xml
    output : /tmp/cwe190_findings_xLQvTb

    query  : FIND $T $FUNC($PARAMS) {} CONTAINS $TYPE $RESULT = $A * $B
    note   : destructor/constructor blocks covered by XPath fallback


real	0m0.028s
user	0m0.022s
sys	0m0.005s

--- Stage 1: checking srcQL result for MAX guard in <condition> ---
    no taint source -- warning/smell
    finding: /Users/afiaasante/Security-Code-Smells/linux/net/ipv4/arp.c:339:25 -- arp_solicit() multiplies without MAX guard

--- Stage 2: XPath destructor/constructor fallback ---
    no unguarded destructor/constructor multiply found

[ unchecked_multiply ] 1 finding(s) written to /tmp/cwe190_findings_xLQvTb
=== Detector 2: unchecked_add ===
    input  : /Users/afiaasante/Security-Code-Smells/linux/net/ipv4/arp.c.xml
    output : /tmp/cwe190_findings_xLQvTb

    query  : FIND $T $FUNC($PARAMS) {} CONTAINS $TYPE $RESULT = $A + $B
    note   : destructor/constructor blocks covered by XPath fallback


real	0m0.029s
user	0m0.022s
sys	0m0.005s


--- Stage 2: XPath destructor/constructor fallback ---
    no unguarded destructor/constructor addition found

[ unchecked_add ] 0 finding(s) written to /tmp/cwe190_findings_xLQvTb
=== Detector 3: unchecked_increment ===
    input  : /Users/afiaasante/Security-Code-Smells/linux/net/ipv4/arp.c.xml
    output : /tmp/cwe190_findings_xLQvTb

    strategy : XPath on srcML XML -- ancestor-scoped guard check

--- extracting finding via XPath ---
    function : ax2asc2
    position : 1392:38

    no taint source -- warning/smell
    finding: /Users/afiaasante/Security-Code-Smells/linux/net/ipv4/arp.c:1392:38 -- ax2asc2() increments without MAX guard

[ unchecked_increment ] 1 finding(s) written to /tmp/cwe190_findings_xLQvTb
========================================
 Findings JSON
========================================
{
  "detector": "unchecked_multiply",
  "severity": "warning",
  "classification": "smell",
  "rule": "integerOverflow",
  "file": "/Users/afiaasante/Security-Code-Smells/linux/net/ipv4/arp.c",
  "line": 339,
  "col": 25,
  "varname": "arp_solicit",
  "note": {
    "line": 339,
    "col": 25,
    "message": "multiplication in arp_solicit() -- no upper-bound guard (INT_MAX / 2)"
  }
}
{
  "detector": "unchecked_increment",
  "severity": "warning",
  "classification": "smell",
  "rule": "integerOverflow",
  "file": "/Users/afiaasante/Security-Code-Smells/linux/net/ipv4/arp.c",
  "line": 1392,
  "col": 38,
  "varname": "ax2asc2",
  "note": {
    "line": 1392,
    "col": 38,
    "message": "increment (++) in ax2asc2() -- no upper-bound guard (INT_MAX check)"
  }
}

========================================
 Summary
 Total findings : 2
 Errors         : 0
 Warnings       : 2

 Breakdown by detector:
   unchecked_increment       1
   unchecked_multiply        1
========================================
