========================================
 CWE-190 Integer Overflow Risk Detector
 Source  : /Users/afiaasante/Security-Code-Smells/linux/net/wireless/pmsr.c
 Report  : /Users/afiaasante/Security-Code-Smells/results/net_scan/SCS006/wireless__pmsr.c/pmsr_report_20260417_174639.txt
 Findings: /Users/afiaasante/Security-Code-Smells/results/net_scan/SCS006/wireless__pmsr.c/pmsr_findings_20260417_174639.json
 Date    : Fri Apr 17 17:46:39 EDT 2026
========================================

=== Stage 1: srcml ===

real	0m0.041s
user	0m0.035s
sys	0m0.005s

=== Stage 2: srcslice ===
Writing to :: /Users/afiaasante/Security-Code-Smells/linux/net/wireless/pmsr.c.json
Output Saved to :: /Users/afiaasante/Security-Code-Smells/linux/net/wireless/pmsr.c.json

real	0m0.238s
user	0m0.085s
sys	0m0.004s

=== Stage 3: srcattributor ===

real	0m0.584s
user	0m0.564s
sys	0m0.009s

=== Detector 1: unchecked_multiply ===
    input  : /Users/afiaasante/Security-Code-Smells/linux/net/wireless/pmsr.c.xml
    output : /tmp/cwe190_findings_leNDe1

    query  : FIND $T $FUNC($PARAMS) {} CONTAINS $TYPE $RESULT = $A * $B
    note   : destructor/constructor blocks covered by XPath fallback


real	0m0.022s
user	0m0.016s
sys	0m0.005s


--- Stage 2: XPath destructor/constructor fallback ---
    no unguarded destructor/constructor multiply found

[ unchecked_multiply ] 0 finding(s) written to /tmp/cwe190_findings_leNDe1
=== Detector 2: unchecked_add ===
    input  : /Users/afiaasante/Security-Code-Smells/linux/net/wireless/pmsr.c.xml
    output : /tmp/cwe190_findings_leNDe1

    query  : FIND $T $FUNC($PARAMS) {} CONTAINS $TYPE $RESULT = $A + $B
    note   : destructor/constructor blocks covered by XPath fallback


real	0m0.021s
user	0m0.015s
sys	0m0.005s


--- Stage 2: XPath destructor/constructor fallback ---
    no unguarded destructor/constructor addition found

[ unchecked_add ] 0 finding(s) written to /tmp/cwe190_findings_leNDe1
=== Detector 3: unchecked_increment ===
    input  : /Users/afiaasante/Security-Code-Smells/linux/net/wireless/pmsr.c.xml
    output : /tmp/cwe190_findings_leNDe1

    strategy : XPath on srcML XML -- ancestor-scoped guard check

--- extracting finding via XPath ---
    function : nl80211_pmsr_start
    position : 306:22

    no taint source -- warning/smell
    finding: /Users/afiaasante/Security-Code-Smells/linux/net/wireless/pmsr.c:306:22 -- nl80211_pmsr_start() increments without MAX guard

[ unchecked_increment ] 1 finding(s) written to /tmp/cwe190_findings_leNDe1
========================================
 Findings JSON
========================================
{
  "detector": "unchecked_increment",
  "severity": "warning",
  "classification": "smell",
  "rule": "integerOverflow",
  "file": "/Users/afiaasante/Security-Code-Smells/linux/net/wireless/pmsr.c",
  "line": 306,
  "col": 22,
  "varname": "nl80211_pmsr_start",
  "note": {
    "line": 306,
    "col": 22,
    "message": "increment (++) in nl80211_pmsr_start() -- no upper-bound guard (INT_MAX check)"
  }
}

========================================
 Summary
 Total findings : 1
 Errors         : 0
 Warnings       : 1

 Breakdown by detector:
   unchecked_increment       1
========================================
