========================================
 CWE-195 Signed-to-Unsigned Conversion Detector
 Source  : /Users/afiaasante/Security-Code-Smells/linux/net/bridge/br_multicast.c
 Report  : /Users/afiaasante/Security-Code-Smells/results/net_scan/SCS007/bridge__br_multicast.c/br_multicast_report_20260417_175313.txt
 Findings: /Users/afiaasante/Security-Code-Smells/results/net_scan/SCS007/bridge__br_multicast.c/br_multicast_findings_20260417_175313.json
 Date    : Fri Apr 17 17:53:13 EDT 2026
========================================

=== Stage 1: srcml ===

real	0m0.239s
user	0m0.225s
sys	0m0.008s

=== Stage 2: srcslice ===
Writing to :: /Users/afiaasante/Security-Code-Smells/linux/net/bridge/br_multicast.c.json
Output Saved to :: /Users/afiaasante/Security-Code-Smells/linux/net/bridge/br_multicast.c.json

real	0m0.662s
user	0m0.473s
sys	0m0.015s

=== Stage 3: srcattributor ===

real	1m9.797s
user	0m59.946s
sys	0m0.737s

=== Detector 1: signed_malloc ===
    input  : /Users/afiaasante/Security-Code-Smells/linux/net/bridge/br_multicast.c.xml
    output : /tmp/cwe195_findings_y7U0xz

    query  : FIND $T $FUNC($PARAMS) {} CONTAINS malloc($A)
    note   : destructor/constructor blocks covered by XPath fallback


real	0m0.112s
user	0m0.093s
sys	0m0.010s


--- Stage 2: XPath destructor/constructor fallback ---
    no unguarded destructor/constructor malloc found

[ signed_malloc ] 0 finding(s) written to /tmp/cwe195_findings_y7U0xz
=== Detector 2: signed_memcpy ===
    input  : /Users/afiaasante/Security-Code-Smells/linux/net/bridge/br_multicast.c.xml
    output : /tmp/cwe195_findings_y7U0xz

    query  : FIND $T $FUNC($PARAMS) {} CONTAINS memcpy($A, $B, $C)

real	0m0.125s
user	0m0.097s
sys	0m0.012s

--- Stage 1 (memcpy): checking srcQL result for positivity guard in <condition> ---
    no taint source -- warning/smell
    finding: /Users/afiaasante/Security-Code-Smells/linux/net/bridge/br_multicast.c:1446:17 -- br_multicast_new_port_group() memcpy without positivity guard
    query  : FIND $T $FUNC($PARAMS) {} CONTAINS memmove($A, $B, $C)

real	0m0.108s
user	0m0.095s
sys	0m0.010s


--- Stage 2: XPath destructor/constructor fallback ---

[ signed_memcpy ] 1 finding(s) written to /tmp/cwe195_findings_y7U0xz
=== Detector 3: signed_strncpy ===
    input  : /Users/afiaasante/Security-Code-Smells/linux/net/bridge/br_multicast.c.xml
    output : /tmp/cwe195_findings_y7U0xz

    query  : FIND $T $FUNC($PARAMS) {} CONTAINS strncpy($A, $B, $C)
    note   : destructor/constructor blocks covered by XPath fallback


real	0m0.121s
user	0m0.094s
sys	0m0.010s


--- Stage 2: XPath destructor/constructor fallback ---
    no unguarded destructor/constructor strncpy found

[ signed_strncpy ] 0 finding(s) written to /tmp/cwe195_findings_y7U0xz
========================================
 Findings JSON
========================================
{
  "detector": "signed_memcpy",
  "severity": "warning",
  "classification": "smell",
  "rule": "signedUnsignedConversion",
  "file": "/Users/afiaasante/Security-Code-Smells/linux/net/bridge/br_multicast.c",
  "line": 1446,
  "col": 17,
  "varname": "br_multicast_new_port_group",
  "note": {
    "line": 1446,
    "col": 17,
    "message": "memcpy() in br_multicast_new_port_group() -- signed int passed as byte count with no positivity guard (data > 0)"
  }
}

========================================
 Summary
 Total findings : 1
 Errors         : 0
 Warnings       : 1

 Breakdown by detector:
   signed_memcpy             1
========================================
