========================================
 CWE-195 Signed-to-Unsigned Conversion Detector
 Source  : /Users/afiaasante/Security-Code-Smells/linux/net/mac80211/debugfs_netdev.c
 Report  : /Users/afiaasante/Security-Code-Smells/results/net_scan/SCS007/mac80211__debugfs_netdev.c/debugfs_netdev_report_20260417_180032.txt
 Findings: /Users/afiaasante/Security-Code-Smells/results/net_scan/SCS007/mac80211__debugfs_netdev.c/debugfs_netdev_findings_20260417_180032.json
 Date    : Fri Apr 17 18:00:32 EDT 2026
========================================

=== Stage 1: srcml ===

real	0m0.094s
user	0m0.075s
sys	0m0.006s

=== Stage 2: srcslice ===
Writing to :: /Users/afiaasante/Security-Code-Smells/linux/net/mac80211/debugfs_netdev.c.json
Output Saved to :: /Users/afiaasante/Security-Code-Smells/linux/net/mac80211/debugfs_netdev.c.json

real	0m0.247s
user	0m0.131s
sys	0m0.007s

=== Stage 3: srcattributor ===

real	0m1.782s
user	0m1.624s
sys	0m0.023s

=== Detector 1: signed_malloc ===
    input  : /Users/afiaasante/Security-Code-Smells/linux/net/mac80211/debugfs_netdev.c.xml
    output : /tmp/cwe195_findings_iGJNnF

    query  : FIND $T $FUNC($PARAMS) {} CONTAINS malloc($A)
    note   : destructor/constructor blocks covered by XPath fallback


real	0m0.034s
user	0m0.023s
sys	0m0.005s


--- Stage 2: XPath destructor/constructor fallback ---
    no unguarded destructor/constructor malloc found

[ signed_malloc ] 0 finding(s) written to /tmp/cwe195_findings_iGJNnF
=== Detector 2: signed_memcpy ===
    input  : /Users/afiaasante/Security-Code-Smells/linux/net/mac80211/debugfs_netdev.c.xml
    output : /tmp/cwe195_findings_iGJNnF

    query  : FIND $T $FUNC($PARAMS) {} CONTAINS memcpy($A, $B, $C)

real	0m0.031s
user	0m0.023s
sys	0m0.005s

--- Stage 1 (memcpy): checking srcQL result for positivity guard in <condition> ---
    no taint source -- warning/smell
    finding: /Users/afiaasante/Security-Code-Smells/linux/net/mac80211/debugfs_netdev.c:470:17 -- ieee80211_if_parse_tkip_mic_test() memcpy without positivity guard
    query  : FIND $T $FUNC($PARAMS) {} CONTAINS memmove($A, $B, $C)

real	0m0.033s
user	0m0.024s
sys	0m0.005s


--- Stage 2: XPath destructor/constructor fallback ---

[ signed_memcpy ] 1 finding(s) written to /tmp/cwe195_findings_iGJNnF
=== Detector 3: signed_strncpy ===
    input  : /Users/afiaasante/Security-Code-Smells/linux/net/mac80211/debugfs_netdev.c.xml
    output : /tmp/cwe195_findings_iGJNnF

    query  : FIND $T $FUNC($PARAMS) {} CONTAINS strncpy($A, $B, $C)
    note   : destructor/constructor blocks covered by XPath fallback


real	0m0.032s
user	0m0.023s
sys	0m0.005s


--- Stage 2: XPath destructor/constructor fallback ---
    no unguarded destructor/constructor strncpy found

[ signed_strncpy ] 0 finding(s) written to /tmp/cwe195_findings_iGJNnF
========================================
 Findings JSON
========================================
{
  "detector": "signed_memcpy",
  "severity": "warning",
  "classification": "smell",
  "rule": "signedUnsignedConversion",
  "file": "/Users/afiaasante/Security-Code-Smells/linux/net/mac80211/debugfs_netdev.c",
  "line": 470,
  "col": 17,
  "varname": "ieee80211_if_parse_tkip_mic_test",
  "note": {
    "line": 470,
    "col": 17,
    "message": "memcpy() in ieee80211_if_parse_tkip_mic_test() -- signed int passed as byte count with no positivity guard (data > 0)"
  }
}

========================================
 Summary
 Total findings : 1
 Errors         : 0
 Warnings       : 1

 Breakdown by detector:
   signed_memcpy             1
========================================
