========================================
 CWE-190 Integer Overflow Risk Detector
 Source  : /Users/afiaasante/Security-Code-Smells/linux/net/sched/act_ctinfo.c
 Report  : /Users/afiaasante/Security-Code-Smells/results/net_scan/SCS006/sched__act_ctinfo.c/act_ctinfo_report_20260417_174403.txt
 Findings: /Users/afiaasante/Security-Code-Smells/results/net_scan/SCS006/sched__act_ctinfo.c/act_ctinfo_findings_20260417_174403.json
 Date    : Fri Apr 17 17:44:03 EDT 2026
========================================

=== Stage 1: srcml ===

real	0m0.032s
user	0m0.026s
sys	0m0.005s

=== Stage 2: srcslice ===
Writing to :: /Users/afiaasante/Security-Code-Smells/linux/net/sched/act_ctinfo.c.json
Output Saved to :: /Users/afiaasante/Security-Code-Smells/linux/net/sched/act_ctinfo.c.json

real	0m0.192s
user	0m0.066s
sys	0m0.005s

=== Stage 3: srcattributor ===

real	0m0.343s
user	0m0.323s
sys	0m0.010s

=== Detector 1: unchecked_multiply ===
    input  : /Users/afiaasante/Security-Code-Smells/linux/net/sched/act_ctinfo.c.xml
    output : /tmp/cwe190_findings_odpE6j

    query  : FIND $T $FUNC($PARAMS) {} CONTAINS $TYPE $RESULT = $A * $B
    note   : destructor/constructor blocks covered by XPath fallback


real	0m0.019s
user	0m0.012s
sys	0m0.005s


--- Stage 2: XPath destructor/constructor fallback ---
    no unguarded destructor/constructor multiply found

[ unchecked_multiply ] 0 finding(s) written to /tmp/cwe190_findings_odpE6j
=== Detector 2: unchecked_add ===
    input  : /Users/afiaasante/Security-Code-Smells/linux/net/sched/act_ctinfo.c.xml
    output : /tmp/cwe190_findings_odpE6j

    query  : FIND $T $FUNC($PARAMS) {} CONTAINS $TYPE $RESULT = $A + $B
    note   : destructor/constructor blocks covered by XPath fallback


real	0m0.018s
user	0m0.012s
sys	0m0.005s


--- Stage 2: XPath destructor/constructor fallback ---
    no unguarded destructor/constructor addition found

[ unchecked_add ] 0 finding(s) written to /tmp/cwe190_findings_odpE6j
=== Detector 3: unchecked_increment ===
    input  : /Users/afiaasante/Security-Code-Smells/linux/net/sched/act_ctinfo.c.xml
    output : /tmp/cwe190_findings_odpE6j

    strategy : XPath on srcML XML -- ancestor-scoped guard check

[ unchecked_increment ] No smell detected.
========================================
 Findings JSON
========================================

========================================
 Summary
 Total findings : 0
 Errors         : 0
 Warnings       : 0
========================================
