========================================
 CWE-195 Signed-to-Unsigned Conversion Detector
 Source  : /Users/afiaasante/Security-Code-Smells/linux/net/appletalk/aarp.c
 Report  : /Users/afiaasante/Security-Code-Smells/results/net_scan/SCS007/appletalk__aarp.c/aarp_report_20260417_175227.txt
 Findings: /Users/afiaasante/Security-Code-Smells/results/net_scan/SCS007/appletalk__aarp.c/aarp_findings_20260417_175227.json
 Date    : Fri Apr 17 17:52:27 EDT 2026
========================================

=== Stage 1: srcml ===

real	0m0.034s
user	0m0.029s
sys	0m0.003s

=== Stage 2: srcslice ===
Writing to :: /Users/afiaasante/Security-Code-Smells/linux/net/appletalk/aarp.c.json
Output Saved to :: /Users/afiaasante/Security-Code-Smells/linux/net/appletalk/aarp.c.json

real	0m0.184s
user	0m0.068s
sys	0m0.003s

=== Stage 3: srcattributor ===

real	0m0.899s
user	0m0.872s
sys	0m0.011s

=== Detector 1: signed_malloc ===
    input  : /Users/afiaasante/Security-Code-Smells/linux/net/appletalk/aarp.c.xml
    output : /tmp/cwe195_findings_DE33Ln

    query  : FIND $T $FUNC($PARAMS) {} CONTAINS malloc($A)
    note   : destructor/constructor blocks covered by XPath fallback


real	0m0.016s
user	0m0.011s
sys	0m0.003s


--- Stage 2: XPath destructor/constructor fallback ---
    no unguarded destructor/constructor malloc found

[ signed_malloc ] 0 finding(s) written to /tmp/cwe195_findings_DE33Ln
=== Detector 2: signed_memcpy ===
    input  : /Users/afiaasante/Security-Code-Smells/linux/net/appletalk/aarp.c.xml
    output : /tmp/cwe195_findings_DE33Ln

    query  : FIND $T $FUNC($PARAMS) {} CONTAINS memcpy($A, $B, $C)

real	0m0.023s
user	0m0.016s
sys	0m0.003s

    query  : FIND $T $FUNC($PARAMS) {} CONTAINS memmove($A, $B, $C)

real	0m0.015s
user	0m0.010s
sys	0m0.003s


--- Stage 2: XPath destructor/constructor fallback ---
    no unguarded destructor/constructor memcpy/memmove found

[ signed_memcpy ] 0 finding(s) written to /tmp/cwe195_findings_DE33Ln
=== Detector 3: signed_strncpy ===
    input  : /Users/afiaasante/Security-Code-Smells/linux/net/appletalk/aarp.c.xml
    output : /tmp/cwe195_findings_DE33Ln

    query  : FIND $T $FUNC($PARAMS) {} CONTAINS strncpy($A, $B, $C)
    note   : destructor/constructor blocks covered by XPath fallback


real	0m0.020s
user	0m0.015s
sys	0m0.004s


--- Stage 2: XPath destructor/constructor fallback ---
    no unguarded destructor/constructor strncpy found

[ signed_strncpy ] 0 finding(s) written to /tmp/cwe195_findings_DE33Ln
========================================
 Findings JSON
========================================

========================================
 Summary
 Total findings : 0
 Errors         : 0
 Warnings       : 0
========================================
