========================================
 CWE-190 Integer Overflow Risk Detector
 Source  : /Users/afiaasante/Security-Code-Smells/linux/net/netfilter/nf_conntrack_proto.c
 Report  : /Users/afiaasante/Security-Code-Smells/results/net_scan/SCS006/netfilter__nf_conntrack_proto.c/nf_conntrack_proto_report_20260417_174228.txt
 Findings: /Users/afiaasante/Security-Code-Smells/results/net_scan/SCS006/netfilter__nf_conntrack_proto.c/nf_conntrack_proto_findings_20260417_174228.json
 Date    : Fri Apr 17 17:42:28 EDT 2026
========================================

=== Stage 1: srcml ===

real	0m0.042s
user	0m0.035s
sys	0m0.005s

=== Stage 2: srcslice ===
Writing to :: /Users/afiaasante/Security-Code-Smells/linux/net/netfilter/nf_conntrack_proto.c.json
Output Saved to :: /Users/afiaasante/Security-Code-Smells/linux/net/netfilter/nf_conntrack_proto.c.json

real	0m0.190s
user	0m0.076s
sys	0m0.005s

=== Stage 3: srcattributor ===

real	0m0.632s
user	0m0.599s
sys	0m0.011s

=== Detector 1: unchecked_multiply ===
    input  : /Users/afiaasante/Security-Code-Smells/linux/net/netfilter/nf_conntrack_proto.c.xml
    output : /tmp/cwe190_findings_9Bn7Cj

    query  : FIND $T $FUNC($PARAMS) {} CONTAINS $TYPE $RESULT = $A * $B
    note   : destructor/constructor blocks covered by XPath fallback


real	0m0.021s
user	0m0.015s
sys	0m0.004s


--- Stage 2: XPath destructor/constructor fallback ---
    no unguarded destructor/constructor multiply found

[ unchecked_multiply ] 0 finding(s) written to /tmp/cwe190_findings_9Bn7Cj
=== Detector 2: unchecked_add ===
    input  : /Users/afiaasante/Security-Code-Smells/linux/net/netfilter/nf_conntrack_proto.c.xml
    output : /tmp/cwe190_findings_9Bn7Cj

    query  : FIND $T $FUNC($PARAMS) {} CONTAINS $TYPE $RESULT = $A + $B
    note   : destructor/constructor blocks covered by XPath fallback


real	0m0.022s
user	0m0.015s
sys	0m0.004s


--- Stage 2: XPath destructor/constructor fallback ---
    no unguarded destructor/constructor addition found

[ unchecked_add ] 0 finding(s) written to /tmp/cwe190_findings_9Bn7Cj
=== Detector 3: unchecked_increment ===
    input  : /Users/afiaasante/Security-Code-Smells/linux/net/netfilter/nf_conntrack_proto.c.xml
    output : /tmp/cwe190_findings_9Bn7Cj

    strategy : XPath on srcML XML -- ancestor-scoped guard check

--- extracting finding via XPath ---
    function : nf_ct_netns_do_get
    position : 445:29

    no taint source -- warning/smell
    finding: /Users/afiaasante/Security-Code-Smells/linux/net/netfilter/nf_conntrack_proto.c:445:29 -- nf_ct_netns_do_get() increments without MAX guard

[ unchecked_increment ] 1 finding(s) written to /tmp/cwe190_findings_9Bn7Cj
========================================
 Findings JSON
========================================
{
  "detector": "unchecked_increment",
  "severity": "warning",
  "classification": "smell",
  "rule": "integerOverflow",
  "file": "/Users/afiaasante/Security-Code-Smells/linux/net/netfilter/nf_conntrack_proto.c",
  "line": 445,
  "col": 29,
  "varname": "nf_ct_netns_do_get",
  "note": {
    "line": 445,
    "col": 29,
    "message": "increment (++) in nf_ct_netns_do_get() -- no upper-bound guard (INT_MAX check)"
  }
}

========================================
 Summary
 Total findings : 1
 Errors         : 0
 Warnings       : 1

 Breakdown by detector:
   unchecked_increment       1
========================================
