========================================
 CWE-190 Integer Overflow Risk Detector
 Source  : /Users/afiaasante/Security-Code-Smells/linux/net/ethtool/linkmodes.c
 Report  : /Users/afiaasante/Security-Code-Smells/results/net_scan/SCS006/ethtool__linkmodes.c/linkmodes_report_20260417_173809.txt
 Findings: /Users/afiaasante/Security-Code-Smells/results/net_scan/SCS006/ethtool__linkmodes.c/linkmodes_findings_20260417_173809.json
 Date    : Fri Apr 17 17:38:09 EDT 2026
========================================

=== Stage 1: srcml ===

real	0m0.019s
user	0m0.015s
sys	0m0.003s

=== Stage 2: srcslice ===
Writing to :: /Users/afiaasante/Security-Code-Smells/linux/net/ethtool/linkmodes.c.json
Output Saved to :: /Users/afiaasante/Security-Code-Smells/linux/net/ethtool/linkmodes.c.json

real	0m0.186s
user	0m0.042s
sys	0m0.003s

=== Stage 3: srcattributor ===

real	0m0.225s
user	0m0.218s
sys	0m0.005s

=== Detector 1: unchecked_multiply ===
    input  : /Users/afiaasante/Security-Code-Smells/linux/net/ethtool/linkmodes.c.xml
    output : /tmp/cwe190_findings_o7tOKd

    query  : FIND $T $FUNC($PARAMS) {} CONTAINS $TYPE $RESULT = $A * $B
    note   : destructor/constructor blocks covered by XPath fallback


real	0m0.013s
user	0m0.009s
sys	0m0.003s


--- Stage 2: XPath destructor/constructor fallback ---
    no unguarded destructor/constructor multiply found

[ unchecked_multiply ] 0 finding(s) written to /tmp/cwe190_findings_o7tOKd
=== Detector 2: unchecked_add ===
    input  : /Users/afiaasante/Security-Code-Smells/linux/net/ethtool/linkmodes.c.xml
    output : /tmp/cwe190_findings_o7tOKd

    query  : FIND $T $FUNC($PARAMS) {} CONTAINS $TYPE $RESULT = $A + $B
    note   : destructor/constructor blocks covered by XPath fallback


real	0m0.014s
user	0m0.009s
sys	0m0.003s


--- Stage 2: XPath destructor/constructor fallback ---
    no unguarded destructor/constructor addition found

[ unchecked_add ] 0 finding(s) written to /tmp/cwe190_findings_o7tOKd
=== Detector 3: unchecked_increment ===
    input  : /Users/afiaasante/Security-Code-Smells/linux/net/ethtool/linkmodes.c.xml
    output : /tmp/cwe190_findings_o7tOKd

    strategy : XPath on srcML XML -- ancestor-scoped guard check

--- extracting finding via XPath ---
    function : ethnl_auto_linkmodes
    position : 183:58

    no taint source -- warning/smell
    finding: /Users/afiaasante/Security-Code-Smells/linux/net/ethtool/linkmodes.c:183:58 -- ethnl_auto_linkmodes() increments without MAX guard

[ unchecked_increment ] 1 finding(s) written to /tmp/cwe190_findings_o7tOKd
========================================
 Findings JSON
========================================
{
  "detector": "unchecked_increment",
  "severity": "warning",
  "classification": "smell",
  "rule": "integerOverflow",
  "file": "/Users/afiaasante/Security-Code-Smells/linux/net/ethtool/linkmodes.c",
  "line": 183,
  "col": 58,
  "varname": "ethnl_auto_linkmodes",
  "note": {
    "line": 183,
    "col": 58,
    "message": "increment (++) in ethnl_auto_linkmodes() -- no upper-bound guard (INT_MAX check)"
  }
}

========================================
 Summary
 Total findings : 1
 Errors         : 0
 Warnings       : 1

 Breakdown by detector:
   unchecked_increment       1
========================================
