========================================
 CWE-190 Integer Overflow Risk Detector
 Source  : /Users/afiaasante/Security-Code-Smells/linux/net/rxrpc/peer_event.c
 Report  : /Users/afiaasante/Security-Code-Smells/results/net_scan/SCS006/rxrpc__peer_event.c/peer_event_report_20260417_174357.txt
 Findings: /Users/afiaasante/Security-Code-Smells/results/net_scan/SCS006/rxrpc__peer_event.c/peer_event_findings_20260417_174357.json
 Date    : Fri Apr 17 17:43:57 EDT 2026
========================================

=== Stage 1: srcml ===

real	0m0.032s
user	0m0.027s
sys	0m0.004s

=== Stage 2: srcslice ===
Writing to :: /Users/afiaasante/Security-Code-Smells/linux/net/rxrpc/peer_event.c.json
Output Saved to :: /Users/afiaasante/Security-Code-Smells/linux/net/rxrpc/peer_event.c.json

real	0m0.192s
user	0m0.066s
sys	0m0.004s

=== Stage 3: srcattributor ===

real	0m0.426s
user	0m0.411s
sys	0m0.008s

=== Detector 1: unchecked_multiply ===
    input  : /Users/afiaasante/Security-Code-Smells/linux/net/rxrpc/peer_event.c.xml
    output : /tmp/cwe190_findings_yI35Qo

    query  : FIND $T $FUNC($PARAMS) {} CONTAINS $TYPE $RESULT = $A * $B
    note   : destructor/constructor blocks covered by XPath fallback


real	0m0.019s
user	0m0.013s
sys	0m0.005s


--- Stage 2: XPath destructor/constructor fallback ---
    no unguarded destructor/constructor multiply found

[ unchecked_multiply ] 0 finding(s) written to /tmp/cwe190_findings_yI35Qo
=== Detector 2: unchecked_add ===
    input  : /Users/afiaasante/Security-Code-Smells/linux/net/rxrpc/peer_event.c.xml
    output : /tmp/cwe190_findings_yI35Qo

    query  : FIND $T $FUNC($PARAMS) {} CONTAINS $TYPE $RESULT = $A + $B
    note   : destructor/constructor blocks covered by XPath fallback


real	0m0.017s
user	0m0.012s
sys	0m0.004s


--- Stage 2: XPath destructor/constructor fallback ---
    no unguarded destructor/constructor addition found

[ unchecked_add ] 0 finding(s) written to /tmp/cwe190_findings_yI35Qo
=== Detector 3: unchecked_increment ===
    input  : /Users/afiaasante/Security-Code-Smells/linux/net/rxrpc/peer_event.c.xml
    output : /tmp/cwe190_findings_yI35Qo

    strategy : XPath on srcML XML -- ancestor-scoped guard check

--- extracting finding via XPath ---
    function : rxrpc_peer_keepalive_worker
    position : 347:21

    no taint source -- warning/smell
    finding: /Users/afiaasante/Security-Code-Smells/linux/net/rxrpc/peer_event.c:347:21 -- rxrpc_peer_keepalive_worker() increments without MAX guard

[ unchecked_increment ] 1 finding(s) written to /tmp/cwe190_findings_yI35Qo
========================================
 Findings JSON
========================================
{
  "detector": "unchecked_increment",
  "severity": "warning",
  "classification": "smell",
  "rule": "integerOverflow",
  "file": "/Users/afiaasante/Security-Code-Smells/linux/net/rxrpc/peer_event.c",
  "line": 347,
  "col": 21,
  "varname": "rxrpc_peer_keepalive_worker",
  "note": {
    "line": 347,
    "col": 21,
    "message": "increment (++) in rxrpc_peer_keepalive_worker() -- no upper-bound guard (INT_MAX check)"
  }
}

========================================
 Summary
 Total findings : 1
 Errors         : 0
 Warnings       : 1

 Breakdown by detector:
   unchecked_increment       1
========================================
