========================================
 CWE-190 Integer Overflow Risk Detector
 Source  : /Users/afiaasante/Security-Code-Smells/linux/net/iucv/iucv.c
 Report  : /Users/afiaasante/Security-Code-Smells/results/net_scan/SCS006/iucv__iucv.c/iucv_report_20260417_174023.txt
 Findings: /Users/afiaasante/Security-Code-Smells/results/net_scan/SCS006/iucv__iucv.c/iucv_findings_20260417_174023.json
 Date    : Fri Apr 17 17:40:23 EDT 2026
========================================

=== Stage 1: srcml ===

real	0m0.094s
user	0m0.086s
sys	0m0.005s

=== Stage 2: srcslice ===
Writing to :: /Users/afiaasante/Security-Code-Smells/linux/net/iucv/iucv.c.json
Output Saved to :: /Users/afiaasante/Security-Code-Smells/linux/net/iucv/iucv.c.json

real	0m0.308s
user	0m0.155s
sys	0m0.007s

=== Stage 3: srcattributor ===

real	0m4.285s
user	0m4.147s
sys	0m0.035s

=== Detector 1: unchecked_multiply ===
    input  : /Users/afiaasante/Security-Code-Smells/linux/net/iucv/iucv.c.xml
    output : /tmp/cwe190_findings_yRXb7q

    query  : FIND $T $FUNC($PARAMS) {} CONTAINS $TYPE $RESULT = $A * $B
    note   : destructor/constructor blocks covered by XPath fallback


real	0m0.037s
user	0m0.026s
sys	0m0.006s

--- Stage 1: checking srcQL result for MAX guard in <condition> ---
    no taint source -- warning/smell
    finding: /Users/afiaasante/Security-Code-Smells/linux/net/iucv/iucv.c:1466:47 -- iucv_path_pending() multiplies without MAX guard

--- Stage 2: XPath destructor/constructor fallback ---
    no unguarded destructor/constructor multiply found

[ unchecked_multiply ] 1 finding(s) written to /tmp/cwe190_findings_yRXb7q
=== Detector 2: unchecked_add ===
    input  : /Users/afiaasante/Security-Code-Smells/linux/net/iucv/iucv.c.xml
    output : /tmp/cwe190_findings_yRXb7q

    query  : FIND $T $FUNC($PARAMS) {} CONTAINS $TYPE $RESULT = $A + $B
    note   : destructor/constructor blocks covered by XPath fallback


real	0m0.031s
user	0m0.024s
sys	0m0.005s


--- Stage 2: XPath destructor/constructor fallback ---
    no unguarded destructor/constructor addition found

[ unchecked_add ] 0 finding(s) written to /tmp/cwe190_findings_yRXb7q
=== Detector 3: unchecked_increment ===
    input  : /Users/afiaasante/Security-Code-Smells/linux/net/iucv/iucv.c.xml
    output : /tmp/cwe190_findings_yRXb7q

    strategy : XPath on srcML XML -- ancestor-scoped guard check

--- extracting finding via XPath ---
    function : iucv_register
    position : 761:36

    no taint source -- warning/smell
    finding: /Users/afiaasante/Security-Code-Smells/linux/net/iucv/iucv.c:761:36 -- iucv_register() increments without MAX guard

[ unchecked_increment ] 1 finding(s) written to /tmp/cwe190_findings_yRXb7q
========================================
 Findings JSON
========================================
{
  "detector": "unchecked_multiply",
  "severity": "warning",
  "classification": "smell",
  "rule": "integerOverflow",
  "file": "/Users/afiaasante/Security-Code-Smells/linux/net/iucv/iucv.c",
  "line": 1466,
  "col": 47,
  "varname": "iucv_path_pending",
  "note": {
    "line": 1466,
    "col": 47,
    "message": "multiplication in iucv_path_pending() -- no upper-bound guard (INT_MAX / 2)"
  }
}
{
  "detector": "unchecked_increment",
  "severity": "warning",
  "classification": "smell",
  "rule": "integerOverflow",
  "file": "/Users/afiaasante/Security-Code-Smells/linux/net/iucv/iucv.c",
  "line": 761,
  "col": 36,
  "varname": "iucv_register",
  "note": {
    "line": 761,
    "col": 36,
    "message": "increment (++) in iucv_register() -- no upper-bound guard (INT_MAX check)"
  }
}

========================================
 Summary
 Total findings : 2
 Errors         : 0
 Warnings       : 2

 Breakdown by detector:
   unchecked_increment       1
   unchecked_multiply        1
========================================
