========================================
 CWE-195 Signed-to-Unsigned Conversion Detector
 Source  : /Users/afiaasante/Security-Code-Smells/linux/net/sctp/ipv6.c
 Report  : /Users/afiaasante/Security-Code-Smells/results/net_scan/SCS007/sctp__ipv6.c/ipv6_report_20260417_180535.txt
 Findings: /Users/afiaasante/Security-Code-Smells/results/net_scan/SCS007/sctp__ipv6.c/ipv6_findings_20260417_180535.json
 Date    : Fri Apr 17 18:05:35 EDT 2026
========================================

=== Stage 1: srcml ===

real	0m0.085s
user	0m0.074s
sys	0m0.006s

=== Stage 2: srcslice ===
Writing to :: /Users/afiaasante/Security-Code-Smells/linux/net/sctp/ipv6.c.json
Output Saved to :: /Users/afiaasante/Security-Code-Smells/linux/net/sctp/ipv6.c.json

real	0m0.301s
user	0m0.156s
sys	0m0.006s

=== Stage 3: srcattributor ===

real	0m2.399s
user	0m2.209s
sys	0m0.026s

=== Detector 1: signed_malloc ===
    input  : /Users/afiaasante/Security-Code-Smells/linux/net/sctp/ipv6.c.xml
    output : /tmp/cwe195_findings_5eMAb1

    query  : FIND $T $FUNC($PARAMS) {} CONTAINS malloc($A)
    note   : destructor/constructor blocks covered by XPath fallback


real	0m0.035s
user	0m0.027s
sys	0m0.005s


--- Stage 2: XPath destructor/constructor fallback ---
    no unguarded destructor/constructor malloc found

[ signed_malloc ] 0 finding(s) written to /tmp/cwe195_findings_5eMAb1
=== Detector 2: signed_memcpy ===
    input  : /Users/afiaasante/Security-Code-Smells/linux/net/sctp/ipv6.c.xml
    output : /tmp/cwe195_findings_5eMAb1

    query  : FIND $T $FUNC($PARAMS) {} CONTAINS memcpy($A, $B, $C)

real	0m0.037s
user	0m0.027s
sys	0m0.006s

--- Stage 1 (memcpy): checking srcQL result for positivity guard in <condition> ---
    guarded -- > operator found in condition, no finding
    query  : FIND $T $FUNC($PARAMS) {} CONTAINS memmove($A, $B, $C)

real	0m0.035s
user	0m0.025s
sys	0m0.007s


--- Stage 2: XPath destructor/constructor fallback ---
    no unguarded destructor/constructor memcpy/memmove found

[ signed_memcpy ] 0 finding(s) written to /tmp/cwe195_findings_5eMAb1
=== Detector 3: signed_strncpy ===
    input  : /Users/afiaasante/Security-Code-Smells/linux/net/sctp/ipv6.c.xml
    output : /tmp/cwe195_findings_5eMAb1

    query  : FIND $T $FUNC($PARAMS) {} CONTAINS strncpy($A, $B, $C)
    note   : destructor/constructor blocks covered by XPath fallback


real	0m0.054s
user	0m0.027s
sys	0m0.007s


--- Stage 2: XPath destructor/constructor fallback ---
    no unguarded destructor/constructor strncpy found

[ signed_strncpy ] 0 finding(s) written to /tmp/cwe195_findings_5eMAb1
========================================
 Findings JSON
========================================

========================================
 Summary
 Total findings : 0
 Errors         : 0
 Warnings       : 0
========================================
