========================================
 CWE-190 Integer Overflow Risk Detector
 Source  : /Users/afiaasante/Security-Code-Smells/linux/net/netlabel/netlabel_addrlist.c
 Report  : /Users/afiaasante/Security-Code-Smells/results/net_scan/SCS006/netlabel__netlabel_addrlist.c/netlabel_addrlist_report_20260417_174307.txt
 Findings: /Users/afiaasante/Security-Code-Smells/results/net_scan/SCS006/netlabel__netlabel_addrlist.c/netlabel_addrlist_findings_20260417_174307.json
 Date    : Fri Apr 17 17:43:07 EDT 2026
========================================

=== Stage 1: srcml ===

real	0m0.025s
user	0m0.018s
sys	0m0.005s

=== Stage 2: srcslice ===
Writing to :: /Users/afiaasante/Security-Code-Smells/linux/net/netlabel/netlabel_addrlist.c.json
Output Saved to :: /Users/afiaasante/Security-Code-Smells/linux/net/netlabel/netlabel_addrlist.c.json

real	0m0.185s
user	0m0.042s
sys	0m0.004s

=== Stage 3: srcattributor ===

real	0m0.104s
user	0m0.094s
sys	0m0.004s

=== Detector 1: unchecked_multiply ===
    input  : /Users/afiaasante/Security-Code-Smells/linux/net/netlabel/netlabel_addrlist.c.xml
    output : /tmp/cwe190_findings_5AAF9R

    query  : FIND $T $FUNC($PARAMS) {} CONTAINS $TYPE $RESULT = $A * $B
    note   : destructor/constructor blocks covered by XPath fallback


real	0m0.015s
user	0m0.009s
sys	0m0.005s


--- Stage 2: XPath destructor/constructor fallback ---
    no unguarded destructor/constructor multiply found

[ unchecked_multiply ] 0 finding(s) written to /tmp/cwe190_findings_5AAF9R
=== Detector 2: unchecked_add ===
    input  : /Users/afiaasante/Security-Code-Smells/linux/net/netlabel/netlabel_addrlist.c.xml
    output : /tmp/cwe190_findings_5AAF9R

    query  : FIND $T $FUNC($PARAMS) {} CONTAINS $TYPE $RESULT = $A + $B
    note   : destructor/constructor blocks covered by XPath fallback


real	0m0.014s
user	0m0.009s
sys	0m0.004s


--- Stage 2: XPath destructor/constructor fallback ---
    no unguarded destructor/constructor addition found

[ unchecked_add ] 0 finding(s) written to /tmp/cwe190_findings_5AAF9R
=== Detector 3: unchecked_increment ===
    input  : /Users/afiaasante/Security-Code-Smells/linux/net/netlabel/netlabel_addrlist.c.xml
    output : /tmp/cwe190_findings_5AAF9R

    strategy : XPath on srcML XML -- ancestor-scoped guard check

--- extracting finding via XPath ---
    function : netlbl_af4list_audit_addr
    position : 324:33

    no taint source -- warning/smell
    finding: /Users/afiaasante/Security-Code-Smells/linux/net/netlabel/netlabel_addrlist.c:324:33 -- netlbl_af4list_audit_addr() increments without MAX guard

[ unchecked_increment ] 1 finding(s) written to /tmp/cwe190_findings_5AAF9R
========================================
 Findings JSON
========================================
{
  "detector": "unchecked_increment",
  "severity": "warning",
  "classification": "smell",
  "rule": "integerOverflow",
  "file": "/Users/afiaasante/Security-Code-Smells/linux/net/netlabel/netlabel_addrlist.c",
  "line": 324,
  "col": 33,
  "varname": "netlbl_af4list_audit_addr",
  "note": {
    "line": 324,
    "col": 33,
    "message": "increment (++) in netlbl_af4list_audit_addr() -- no upper-bound guard (INT_MAX check)"
  }
}

========================================
 Summary
 Total findings : 1
 Errors         : 0
 Warnings       : 1

 Breakdown by detector:
   unchecked_increment       1
========================================
