========================================
 CWE-195 Signed-to-Unsigned Conversion Detector
 Source  : /Users/afiaasante/Security-Code-Smells/linux/net/ipv6/fou6.c
 Report  : /Users/afiaasante/Security-Code-Smells/results/net_scan/SCS007/ipv6__fou6.c/fou6_report_20260417_175906.txt
 Findings: /Users/afiaasante/Security-Code-Smells/results/net_scan/SCS007/ipv6__fou6.c/fou6_findings_20260417_175906.json
 Date    : Fri Apr 17 17:59:06 EDT 2026
========================================

=== Stage 1: srcml ===

real	0m0.035s
user	0m0.021s
sys	0m0.007s

=== Stage 2: srcslice ===
Writing to :: /Users/afiaasante/Security-Code-Smells/linux/net/ipv6/fou6.c.json
Output Saved to :: /Users/afiaasante/Security-Code-Smells/linux/net/ipv6/fou6.c.json

real	0m0.202s
user	0m0.048s
sys	0m0.005s

=== Stage 3: srcattributor ===

real	0m0.120s
user	0m0.098s
sys	0m0.006s

=== Detector 1: signed_malloc ===
    input  : /Users/afiaasante/Security-Code-Smells/linux/net/ipv6/fou6.c.xml
    output : /tmp/cwe195_findings_3zwfhF

    query  : FIND $T $FUNC($PARAMS) {} CONTAINS malloc($A)
    note   : destructor/constructor blocks covered by XPath fallback


real	0m0.022s
user	0m0.011s
sys	0m0.006s


--- Stage 2: XPath destructor/constructor fallback ---
    no unguarded destructor/constructor malloc found

[ signed_malloc ] 0 finding(s) written to /tmp/cwe195_findings_3zwfhF
=== Detector 2: signed_memcpy ===
    input  : /Users/afiaasante/Security-Code-Smells/linux/net/ipv6/fou6.c.xml
    output : /tmp/cwe195_findings_3zwfhF

    query  : FIND $T $FUNC($PARAMS) {} CONTAINS memcpy($A, $B, $C)

real	0m0.023s
user	0m0.011s
sys	0m0.005s

    query  : FIND $T $FUNC($PARAMS) {} CONTAINS memmove($A, $B, $C)

real	0m0.026s
user	0m0.011s
sys	0m0.005s


--- Stage 2: XPath destructor/constructor fallback ---
    no unguarded destructor/constructor memcpy/memmove found

[ signed_memcpy ] 0 finding(s) written to /tmp/cwe195_findings_3zwfhF
=== Detector 3: signed_strncpy ===
    input  : /Users/afiaasante/Security-Code-Smells/linux/net/ipv6/fou6.c.xml
    output : /tmp/cwe195_findings_3zwfhF

    query  : FIND $T $FUNC($PARAMS) {} CONTAINS strncpy($A, $B, $C)
    note   : destructor/constructor blocks covered by XPath fallback


real	0m0.028s
user	0m0.011s
sys	0m0.006s


--- Stage 2: XPath destructor/constructor fallback ---
    no unguarded destructor/constructor strncpy found

[ signed_strncpy ] 0 finding(s) written to /tmp/cwe195_findings_3zwfhF
========================================
 Findings JSON
========================================

========================================
 Summary
 Total findings : 0
 Errors         : 0
 Warnings       : 0
========================================
