========================================
 CWE-195 Signed-to-Unsigned Conversion Detector
 Source  : /Users/afiaasante/Security-Code-Smells/linux/net/x25/x25_in.c
 Report  : /Users/afiaasante/Security-Code-Smells/results/net_scan/SCS007/x25__x25_in.c/x25_in_report_20260417_180818.txt
 Findings: /Users/afiaasante/Security-Code-Smells/results/net_scan/SCS007/x25__x25_in.c/x25_in_findings_20260417_180818.json
 Date    : Fri Apr 17 18:08:18 EDT 2026
========================================

=== Stage 1: srcml ===

real	0m0.039s
user	0m0.031s
sys	0m0.005s

=== Stage 2: srcslice ===
Writing to :: /Users/afiaasante/Security-Code-Smells/linux/net/x25/x25_in.c.json
Output Saved to :: /Users/afiaasante/Security-Code-Smells/linux/net/x25/x25_in.c.json

real	0m0.199s
user	0m0.073s
sys	0m0.005s

=== Stage 3: srcattributor ===

real	0m0.450s
user	0m0.415s
sys	0m0.008s

=== Detector 1: signed_malloc ===
    input  : /Users/afiaasante/Security-Code-Smells/linux/net/x25/x25_in.c.xml
    output : /tmp/cwe195_findings_CICQ1z

    query  : FIND $T $FUNC($PARAMS) {} CONTAINS malloc($A)
    note   : destructor/constructor blocks covered by XPath fallback


real	0m0.027s
user	0m0.013s
sys	0m0.004s


--- Stage 2: XPath destructor/constructor fallback ---
    no unguarded destructor/constructor malloc found

[ signed_malloc ] 0 finding(s) written to /tmp/cwe195_findings_CICQ1z
=== Detector 2: signed_memcpy ===
    input  : /Users/afiaasante/Security-Code-Smells/linux/net/x25/x25_in.c.xml
    output : /tmp/cwe195_findings_CICQ1z

    query  : FIND $T $FUNC($PARAMS) {} CONTAINS memcpy($A, $B, $C)

real	0m0.024s
user	0m0.013s
sys	0m0.004s

    query  : FIND $T $FUNC($PARAMS) {} CONTAINS memmove($A, $B, $C)

real	0m0.027s
user	0m0.014s
sys	0m0.005s


--- Stage 2: XPath destructor/constructor fallback ---
    no unguarded destructor/constructor memcpy/memmove found

[ signed_memcpy ] 0 finding(s) written to /tmp/cwe195_findings_CICQ1z
=== Detector 3: signed_strncpy ===
    input  : /Users/afiaasante/Security-Code-Smells/linux/net/x25/x25_in.c.xml
    output : /tmp/cwe195_findings_CICQ1z

    query  : FIND $T $FUNC($PARAMS) {} CONTAINS strncpy($A, $B, $C)
    note   : destructor/constructor blocks covered by XPath fallback


real	0m0.025s
user	0m0.013s
sys	0m0.004s


--- Stage 2: XPath destructor/constructor fallback ---
    no unguarded destructor/constructor strncpy found

[ signed_strncpy ] 0 finding(s) written to /tmp/cwe195_findings_CICQ1z
========================================
 Findings JSON
========================================

========================================
 Summary
 Total findings : 0
 Errors         : 0
 Warnings       : 0
========================================
