========================================
 CWE-195 Signed-to-Unsigned Conversion Detector
 Source  : /Users/afiaasante/Security-Code-Smells/linux/net/ipv4/ip_gre.c
 Report  : /Users/afiaasante/Security-Code-Smells/results/net_scan/SCS007/ipv4__ip_gre.c/ip_gre_report_20260417_175743.txt
 Findings: /Users/afiaasante/Security-Code-Smells/results/net_scan/SCS007/ipv4__ip_gre.c/ip_gre_findings_20260417_175743.json
 Date    : Fri Apr 17 17:57:43 EDT 2026
========================================

=== Stage 1: srcml ===

real	0m0.130s
user	0m0.112s
sys	0m0.009s

=== Stage 2: srcslice ===
Writing to :: /Users/afiaasante/Security-Code-Smells/linux/net/ipv4/ip_gre.c.json
Output Saved to :: /Users/afiaasante/Security-Code-Smells/linux/net/ipv4/ip_gre.c.json

real	0m0.374s
user	0m0.232s
sys	0m0.009s

=== Stage 3: srcattributor ===

real	0m6.750s
user	0m6.070s
sys	0m0.077s

=== Detector 1: signed_malloc ===
    input  : /Users/afiaasante/Security-Code-Smells/linux/net/ipv4/ip_gre.c.xml
    output : /tmp/cwe195_findings_UXCmd9

    query  : FIND $T $FUNC($PARAMS) {} CONTAINS malloc($A)
    note   : destructor/constructor blocks covered by XPath fallback


real	0m0.057s
user	0m0.037s
sys	0m0.007s


--- Stage 2: XPath destructor/constructor fallback ---
    no unguarded destructor/constructor malloc found

[ signed_malloc ] 0 finding(s) written to /tmp/cwe195_findings_UXCmd9
=== Detector 2: signed_memcpy ===
    input  : /Users/afiaasante/Security-Code-Smells/linux/net/ipv4/ip_gre.c.xml
    output : /tmp/cwe195_findings_UXCmd9

    query  : FIND $T $FUNC($PARAMS) {} CONTAINS memcpy($A, $B, $C)

real	0m0.049s
user	0m0.038s
sys	0m0.006s

--- Stage 1 (memcpy): checking srcQL result for positivity guard in <condition> ---
    no taint source -- warning/smell
    finding: /Users/afiaasante/Security-Code-Smells/linux/net/ipv4/ip_gre.c:348:25 -- erspan_rcv() memcpy without positivity guard
    query  : FIND $T $FUNC($PARAMS) {} CONTAINS memmove($A, $B, $C)

real	0m0.052s
user	0m0.037s
sys	0m0.006s


--- Stage 2: XPath destructor/constructor fallback ---

[ signed_memcpy ] 1 finding(s) written to /tmp/cwe195_findings_UXCmd9
=== Detector 3: signed_strncpy ===
    input  : /Users/afiaasante/Security-Code-Smells/linux/net/ipv4/ip_gre.c.xml
    output : /tmp/cwe195_findings_UXCmd9

    query  : FIND $T $FUNC($PARAMS) {} CONTAINS strncpy($A, $B, $C)
    note   : destructor/constructor blocks covered by XPath fallback


real	0m0.057s
user	0m0.037s
sys	0m0.007s


--- Stage 2: XPath destructor/constructor fallback ---
    no unguarded destructor/constructor strncpy found

[ signed_strncpy ] 0 finding(s) written to /tmp/cwe195_findings_UXCmd9
========================================
 Findings JSON
========================================
{
  "detector": "signed_memcpy",
  "severity": "warning",
  "classification": "smell",
  "rule": "signedUnsignedConversion",
  "file": "/Users/afiaasante/Security-Code-Smells/linux/net/ipv4/ip_gre.c",
  "line": 348,
  "col": 25,
  "varname": "erspan_rcv",
  "note": {
    "line": 348,
    "col": 25,
    "message": "memcpy() in erspan_rcv() -- signed int passed as byte count with no positivity guard (data > 0)"
  }
}

========================================
 Summary
 Total findings : 1
 Errors         : 0
 Warnings       : 1

 Breakdown by detector:
   signed_memcpy             1
========================================
