========================================
 CWE-195 Signed-to-Unsigned Conversion Detector
 Source  : /Users/afiaasante/Security-Code-Smells/linux/net/bluetooth/rfcomm/tty.c
 Report  : /Users/afiaasante/Security-Code-Smells/results/net_scan/SCS007/bluetooth__rfcomm__tty.c/tty_report_20260417_175256.txt
 Findings: /Users/afiaasante/Security-Code-Smells/results/net_scan/SCS007/bluetooth__rfcomm__tty.c/tty_findings_20260417_175256.json
 Date    : Fri Apr 17 17:52:56 EDT 2026
========================================

=== Stage 1: srcml ===

real	0m0.045s
user	0m0.039s
sys	0m0.003s

=== Stage 2: srcslice ===
Writing to :: /Users/afiaasante/Security-Code-Smells/linux/net/bluetooth/rfcomm/tty.c.json
Output Saved to :: /Users/afiaasante/Security-Code-Smells/linux/net/bluetooth/rfcomm/tty.c.json

real	0m0.240s
user	0m0.093s
sys	0m0.005s

=== Stage 3: srcattributor ===

real	0m2.478s
user	0m1.746s
sys	0m0.025s

=== Detector 1: signed_malloc ===
    input  : /Users/afiaasante/Security-Code-Smells/linux/net/bluetooth/rfcomm/tty.c.xml
    output : /tmp/cwe195_findings_kEp494

    query  : FIND $T $FUNC($PARAMS) {} CONTAINS malloc($A)
    note   : destructor/constructor blocks covered by XPath fallback


real	0m0.024s
user	0m0.018s
sys	0m0.004s


--- Stage 2: XPath destructor/constructor fallback ---
    no unguarded destructor/constructor malloc found

[ signed_malloc ] 0 finding(s) written to /tmp/cwe195_findings_kEp494
=== Detector 2: signed_memcpy ===
    input  : /Users/afiaasante/Security-Code-Smells/linux/net/bluetooth/rfcomm/tty.c.xml
    output : /tmp/cwe195_findings_kEp494

    query  : FIND $T $FUNC($PARAMS) {} CONTAINS memcpy($A, $B, $C)

real	0m0.024s
user	0m0.018s
sys	0m0.004s

    query  : FIND $T $FUNC($PARAMS) {} CONTAINS memmove($A, $B, $C)

real	0m0.024s
user	0m0.017s
sys	0m0.004s


--- Stage 2: XPath destructor/constructor fallback ---
    no unguarded destructor/constructor memcpy/memmove found

[ signed_memcpy ] 0 finding(s) written to /tmp/cwe195_findings_kEp494
=== Detector 3: signed_strncpy ===
    input  : /Users/afiaasante/Security-Code-Smells/linux/net/bluetooth/rfcomm/tty.c.xml
    output : /tmp/cwe195_findings_kEp494

    query  : FIND $T $FUNC($PARAMS) {} CONTAINS strncpy($A, $B, $C)
    note   : destructor/constructor blocks covered by XPath fallback


real	0m0.026s
user	0m0.018s
sys	0m0.005s


--- Stage 2: XPath destructor/constructor fallback ---
    no unguarded destructor/constructor strncpy found

[ signed_strncpy ] 0 finding(s) written to /tmp/cwe195_findings_kEp494
========================================
 Findings JSON
========================================

========================================
 Summary
 Total findings : 0
 Errors         : 0
 Warnings       : 0
========================================
