========================================
 CWE-195 Signed-to-Unsigned Conversion Detector
 Source  : /Users/afiaasante/Security-Code-Smells/linux/net/can/isotp.c
 Report  : /Users/afiaasante/Security-Code-Smells/results/net_scan/SCS007/can__isotp.c/isotp_report_20260417_175348.txt
 Findings: /Users/afiaasante/Security-Code-Smells/results/net_scan/SCS007/can__isotp.c/isotp_findings_20260417_175348.json
 Date    : Fri Apr 17 17:53:48 EDT 2026
========================================

=== Stage 1: srcml ===

real	0m0.140s
user	0m0.102s
sys	0m0.006s

=== Stage 2: srcslice ===
Writing to :: /Users/afiaasante/Security-Code-Smells/linux/net/can/isotp.c.json
Output Saved to :: /Users/afiaasante/Security-Code-Smells/linux/net/can/isotp.c.json

real	0m0.337s
user	0m0.212s
sys	0m0.008s

=== Stage 3: srcattributor ===

real	0m7.106s
user	0m5.684s
sys	0m0.075s

=== Detector 1: signed_malloc ===
    input  : /Users/afiaasante/Security-Code-Smells/linux/net/can/isotp.c.xml
    output : /tmp/cwe195_findings_KTuvn0

    query  : FIND $T $FUNC($PARAMS) {} CONTAINS malloc($A)
    note   : destructor/constructor blocks covered by XPath fallback


real	0m0.054s
user	0m0.036s
sys	0m0.006s


--- Stage 2: XPath destructor/constructor fallback ---
    no unguarded destructor/constructor malloc found

[ signed_malloc ] 0 finding(s) written to /tmp/cwe195_findings_KTuvn0
=== Detector 2: signed_memcpy ===
    input  : /Users/afiaasante/Security-Code-Smells/linux/net/can/isotp.c.xml
    output : /tmp/cwe195_findings_KTuvn0

    query  : FIND $T $FUNC($PARAMS) {} CONTAINS memcpy($A, $B, $C)

real	0m0.043s
user	0m0.035s
sys	0m0.006s

--- Stage 1 (memcpy): checking srcQL result for positivity guard in <condition> ---
    guarded -- > operator found in condition, no finding
    query  : FIND $T $FUNC($PARAMS) {} CONTAINS memmove($A, $B, $C)

real	0m0.042s
user	0m0.033s
sys	0m0.006s


--- Stage 2: XPath destructor/constructor fallback ---
    no unguarded destructor/constructor memcpy/memmove found

[ signed_memcpy ] 0 finding(s) written to /tmp/cwe195_findings_KTuvn0
=== Detector 3: signed_strncpy ===
    input  : /Users/afiaasante/Security-Code-Smells/linux/net/can/isotp.c.xml
    output : /tmp/cwe195_findings_KTuvn0

    query  : FIND $T $FUNC($PARAMS) {} CONTAINS strncpy($A, $B, $C)
    note   : destructor/constructor blocks covered by XPath fallback


real	0m0.055s
user	0m0.034s
sys	0m0.007s


--- Stage 2: XPath destructor/constructor fallback ---
    no unguarded destructor/constructor strncpy found

[ signed_strncpy ] 0 finding(s) written to /tmp/cwe195_findings_KTuvn0
========================================
 Findings JSON
========================================

========================================
 Summary
 Total findings : 0
 Errors         : 0
 Warnings       : 0
========================================
