========================================
 CWE-190 Integer Overflow Risk Detector
 Source  : /Users/afiaasante/Security-Code-Smells/linux/net/mac80211/debugfs_sta.c
 Report  : /Users/afiaasante/Security-Code-Smells/results/net_scan/SCS006/mac80211__debugfs_sta.c/debugfs_sta_report_20260417_174048.txt
 Findings: /Users/afiaasante/Security-Code-Smells/results/net_scan/SCS006/mac80211__debugfs_sta.c/debugfs_sta_findings_20260417_174048.json
 Date    : Fri Apr 17 17:40:48 EDT 2026
========================================

=== Stage 1: srcml ===

real	0m0.099s
user	0m0.082s
sys	0m0.006s

=== Stage 2: srcslice ===
Writing to :: /Users/afiaasante/Security-Code-Smells/linux/net/mac80211/debugfs_sta.c.json
Output Saved to :: /Users/afiaasante/Security-Code-Smells/linux/net/mac80211/debugfs_sta.c.json

real	0m0.315s
user	0m0.176s
sys	0m0.007s

=== Stage 3: srcattributor ===

real	0m3.911s
user	0m3.612s
sys	0m0.048s

=== Detector 1: unchecked_multiply ===
    input  : /Users/afiaasante/Security-Code-Smells/linux/net/mac80211/debugfs_sta.c.xml
    output : /tmp/cwe190_findings_QvxJof

    query  : FIND $T $FUNC($PARAMS) {} CONTAINS $TYPE $RESULT = $A * $B
    note   : destructor/constructor blocks covered by XPath fallback


real	0m0.038s
user	0m0.029s
sys	0m0.007s

--- Stage 1: checking srcQL result for MAX guard in <condition> ---
    no taint source -- warning/smell
    finding: /Users/afiaasante/Security-Code-Smells/linux/net/mac80211/debugfs_sta.c:141:42 -- sta_aqm_read() multiplies without MAX guard

--- Stage 2: XPath destructor/constructor fallback ---
    no unguarded destructor/constructor multiply found

[ unchecked_multiply ] 1 finding(s) written to /tmp/cwe190_findings_QvxJof
=== Detector 2: unchecked_add ===
    input  : /Users/afiaasante/Security-Code-Smells/linux/net/mac80211/debugfs_sta.c.xml
    output : /tmp/cwe190_findings_QvxJof

    query  : FIND $T $FUNC($PARAMS) {} CONTAINS $TYPE $RESULT = $A + $B
    note   : destructor/constructor blocks covered by XPath fallback


real	0m0.039s
user	0m0.030s
sys	0m0.005s

--- Stage 1: checking srcQL result for MAX guard in <condition> ---
    no taint source -- warning/smell
    finding: /Users/afiaasante/Security-Code-Smells/linux/net/mac80211/debugfs_sta.c:88:25 -- sta_flags_read() adds without MAX guard

--- Stage 2: XPath destructor/constructor fallback ---
    no unguarded destructor/constructor addition found

[ unchecked_add ] 1 finding(s) written to /tmp/cwe190_findings_QvxJof
=== Detector 3: unchecked_increment ===
    input  : /Users/afiaasante/Security-Code-Smells/linux/net/mac80211/debugfs_sta.c.xml
    output : /tmp/cwe190_findings_QvxJof

    strategy : XPath on srcML XML -- ancestor-scoped guard check

--- extracting finding via XPath ---
    function : sta_flags_read
    position : 94:52

    no taint source -- warning/smell
    finding: /Users/afiaasante/Security-Code-Smells/linux/net/mac80211/debugfs_sta.c:94:52 -- sta_flags_read() increments without MAX guard

[ unchecked_increment ] 1 finding(s) written to /tmp/cwe190_findings_QvxJof
========================================
 Findings JSON
========================================
{
  "detector": "unchecked_multiply",
  "severity": "warning",
  "classification": "smell",
  "rule": "integerOverflow",
  "file": "/Users/afiaasante/Security-Code-Smells/linux/net/mac80211/debugfs_sta.c",
  "line": 141,
  "col": 42,
  "varname": "sta_aqm_read",
  "note": {
    "line": 141,
    "col": 42,
    "message": "multiplication in sta_aqm_read() -- no upper-bound guard (INT_MAX / 2)"
  }
}
{
  "detector": "unchecked_add",
  "severity": "warning",
  "classification": "smell",
  "rule": "integerOverflow",
  "file": "/Users/afiaasante/Security-Code-Smells/linux/net/mac80211/debugfs_sta.c",
  "line": 88,
  "col": 25,
  "varname": "sta_flags_read",
  "note": {
    "line": 88,
    "col": 25,
    "message": "addition in sta_flags_read() -- no upper-bound guard before adding"
  }
}
{
  "detector": "unchecked_increment",
  "severity": "warning",
  "classification": "smell",
  "rule": "integerOverflow",
  "file": "/Users/afiaasante/Security-Code-Smells/linux/net/mac80211/debugfs_sta.c",
  "line": 94,
  "col": 52,
  "varname": "sta_flags_read",
  "note": {
    "line": 94,
    "col": 52,
    "message": "increment (++) in sta_flags_read() -- no upper-bound guard (INT_MAX check)"
  }
}

========================================
 Summary
 Total findings : 3
 Errors         : 0
 Warnings       : 3

 Breakdown by detector:
   unchecked_add             1
   unchecked_increment       1
   unchecked_multiply        1
========================================
