========================================
 CWE-190 Integer Overflow Risk Detector
 Source  : /Users/afiaasante/Security-Code-Smells/linux/net/netrom/nr_timer.c
 Report  : /Users/afiaasante/Security-Code-Smells/results/net_scan/SCS006/netrom__nr_timer.c/nr_timer_report_20260417_174311.txt
 Findings: /Users/afiaasante/Security-Code-Smells/results/net_scan/SCS006/netrom__nr_timer.c/nr_timer_findings_20260417_174311.json
 Date    : Fri Apr 17 17:43:11 EDT 2026
========================================

=== Stage 1: srcml ===

real	0m0.022s
user	0m0.016s
sys	0m0.004s

=== Stage 2: srcslice ===
Writing to :: /Users/afiaasante/Security-Code-Smells/linux/net/netrom/nr_timer.c.json
Output Saved to :: /Users/afiaasante/Security-Code-Smells/linux/net/netrom/nr_timer.c.json

real	0m0.184s
user	0m0.043s
sys	0m0.004s

=== Stage 3: srcattributor ===

real	0m0.157s
user	0m0.122s
sys	0m0.005s

=== Detector 1: unchecked_multiply ===
    input  : /Users/afiaasante/Security-Code-Smells/linux/net/netrom/nr_timer.c.xml
    output : /tmp/cwe190_findings_oilv0Y

    query  : FIND $T $FUNC($PARAMS) {} CONTAINS $TYPE $RESULT = $A * $B
    note   : destructor/constructor blocks covered by XPath fallback


real	0m0.019s
user	0m0.010s
sys	0m0.004s


--- Stage 2: XPath destructor/constructor fallback ---
    no unguarded destructor/constructor multiply found

[ unchecked_multiply ] 0 finding(s) written to /tmp/cwe190_findings_oilv0Y
=== Detector 2: unchecked_add ===
    input  : /Users/afiaasante/Security-Code-Smells/linux/net/netrom/nr_timer.c.xml
    output : /tmp/cwe190_findings_oilv0Y

    query  : FIND $T $FUNC($PARAMS) {} CONTAINS $TYPE $RESULT = $A + $B
    note   : destructor/constructor blocks covered by XPath fallback


real	0m0.015s
user	0m0.009s
sys	0m0.004s


--- Stage 2: XPath destructor/constructor fallback ---
    no unguarded destructor/constructor addition found

[ unchecked_add ] 0 finding(s) written to /tmp/cwe190_findings_oilv0Y
=== Detector 3: unchecked_increment ===
    input  : /Users/afiaasante/Security-Code-Smells/linux/net/netrom/nr_timer.c.xml
    output : /tmp/cwe190_findings_oilv0Y

    strategy : XPath on srcML XML -- ancestor-scoped guard check

--- extracting finding via XPath ---
    function : nr_t1timer_expiry
    position : 219:36

    no taint source -- warning/smell
    finding: /Users/afiaasante/Security-Code-Smells/linux/net/netrom/nr_timer.c:219:36 -- nr_t1timer_expiry() increments without MAX guard

[ unchecked_increment ] 1 finding(s) written to /tmp/cwe190_findings_oilv0Y
========================================
 Findings JSON
========================================
{
  "detector": "unchecked_increment",
  "severity": "warning",
  "classification": "smell",
  "rule": "integerOverflow",
  "file": "/Users/afiaasante/Security-Code-Smells/linux/net/netrom/nr_timer.c",
  "line": 219,
  "col": 36,
  "varname": "nr_t1timer_expiry",
  "note": {
    "line": 219,
    "col": 36,
    "message": "increment (++) in nr_t1timer_expiry() -- no upper-bound guard (INT_MAX check)"
  }
}

========================================
 Summary
 Total findings : 1
 Errors         : 0
 Warnings       : 1

 Breakdown by detector:
   unchecked_increment       1
========================================
