========================================
 CWE-190 Integer Overflow Risk Detector
 Source  : /Users/afiaasante/Security-Code-Smells/linux/net/sched/sch_taprio.c
 Report  : /Users/afiaasante/Security-Code-Smells/results/net_scan/SCS006/sched__sch_taprio.c/sch_taprio_report_20260417_174445.txt
 Findings: /Users/afiaasante/Security-Code-Smells/results/net_scan/SCS006/sched__sch_taprio.c/sch_taprio_findings_20260417_174445.json
 Date    : Fri Apr 17 17:44:45 EDT 2026
========================================

=== Stage 1: srcml ===

real	0m0.142s
user	0m0.130s
sys	0m0.007s

=== Stage 2: srcslice ===
Writing to :: /Users/afiaasante/Security-Code-Smells/linux/net/sched/sch_taprio.c.json
Output Saved to :: /Users/afiaasante/Security-Code-Smells/linux/net/sched/sch_taprio.c.json

real	0m0.376s
user	0m0.269s
sys	0m0.008s

=== Stage 3: srcattributor ===

real	0m12.909s
user	0m12.587s
sys	0m0.096s

=== Detector 1: unchecked_multiply ===
    input  : /Users/afiaasante/Security-Code-Smells/linux/net/sched/sch_taprio.c.xml
    output : /tmp/cwe190_findings_bwmqxZ

    query  : FIND $T $FUNC($PARAMS) {} CONTAINS $TYPE $RESULT = $A * $B
    note   : destructor/constructor blocks covered by XPath fallback


real	0m0.052s
user	0m0.043s
sys	0m0.006s


--- Stage 2: XPath destructor/constructor fallback ---
    no unguarded destructor/constructor multiply found

[ unchecked_multiply ] 0 finding(s) written to /tmp/cwe190_findings_bwmqxZ
=== Detector 2: unchecked_add ===
    input  : /Users/afiaasante/Security-Code-Smells/linux/net/sched/sch_taprio.c.xml
    output : /tmp/cwe190_findings_bwmqxZ

    query  : FIND $T $FUNC($PARAMS) {} CONTAINS $TYPE $RESULT = $A + $B
    note   : destructor/constructor blocks covered by XPath fallback


real	0m0.050s
user	0m0.041s
sys	0m0.007s


--- Stage 2: XPath destructor/constructor fallback ---
    no unguarded destructor/constructor addition found

[ unchecked_add ] 0 finding(s) written to /tmp/cwe190_findings_bwmqxZ
=== Detector 3: unchecked_increment ===
    input  : /Users/afiaasante/Security-Code-Smells/linux/net/sched/sch_taprio.c.xml
    output : /tmp/cwe190_findings_bwmqxZ

    strategy : XPath on srcML XML -- ancestor-scoped guard check

--- extracting finding via XPath ---
    function : taprio_calculate_gate_durations
    position : 140:53

    no taint source -- warning/smell
    finding: /Users/afiaasante/Security-Code-Smells/linux/net/sched/sch_taprio.c:140:53 -- taprio_calculate_gate_durations() increments without MAX guard

[ unchecked_increment ] 1 finding(s) written to /tmp/cwe190_findings_bwmqxZ
========================================
 Findings JSON
========================================
{
  "detector": "unchecked_increment",
  "severity": "warning",
  "classification": "smell",
  "rule": "integerOverflow",
  "file": "/Users/afiaasante/Security-Code-Smells/linux/net/sched/sch_taprio.c",
  "line": 140,
  "col": 53,
  "varname": "taprio_calculate_gate_durations",
  "note": {
    "line": 140,
    "col": 53,
    "message": "increment (++) in taprio_calculate_gate_durations() -- no upper-bound guard (INT_MAX check)"
  }
}

========================================
 Summary
 Total findings : 1
 Errors         : 0
 Warnings       : 1

 Breakdown by detector:
   unchecked_increment       1
========================================
