========================================
 CWE-190 Integer Overflow Risk Detector
 Source  : /Users/afiaasante/Security-Code-Smells/linux/net/wireless/mlme.c
 Report  : /Users/afiaasante/Security-Code-Smells/results/net_scan/SCS006/wireless__mlme.c/mlme_report_20260417_174635.txt
 Findings: /Users/afiaasante/Security-Code-Smells/results/net_scan/SCS006/wireless__mlme.c/mlme_findings_20260417_174635.json
 Date    : Fri Apr 17 17:46:35 EDT 2026
========================================

=== Stage 1: srcml ===

real	0m0.088s
user	0m0.078s
sys	0m0.005s

=== Stage 2: srcslice ===
Writing to :: /Users/afiaasante/Security-Code-Smells/linux/net/wireless/mlme.c.json
Output Saved to :: /Users/afiaasante/Security-Code-Smells/linux/net/wireless/mlme.c.json

real	0m0.310s
user	0m0.171s
sys	0m0.007s

=== Stage 3: srcattributor ===

real	0m3.737s
user	0m3.603s
sys	0m0.034s

=== Detector 1: unchecked_multiply ===
    input  : /Users/afiaasante/Security-Code-Smells/linux/net/wireless/mlme.c.xml
    output : /tmp/cwe190_findings_IyEImw

    query  : FIND $T $FUNC($PARAMS) {} CONTAINS $TYPE $RESULT = $A * $B
    note   : destructor/constructor blocks covered by XPath fallback


real	0m0.035s
user	0m0.028s
sys	0m0.006s

--- Stage 1: checking srcQL result for MAX guard in <condition> ---
    no taint source -- warning/smell
    finding: /Users/afiaasante/Security-Code-Smells/linux/net/wireless/mlme.c:30:62 -- cfg80211_rx_assoc_resp() multiplies without MAX guard

--- Stage 2: XPath destructor/constructor fallback ---
    no unguarded destructor/constructor multiply found

[ unchecked_multiply ] 1 finding(s) written to /tmp/cwe190_findings_IyEImw
=== Detector 2: unchecked_add ===
    input  : /Users/afiaasante/Security-Code-Smells/linux/net/wireless/mlme.c.xml
    output : /tmp/cwe190_findings_IyEImw

    query  : FIND $T $FUNC($PARAMS) {} CONTAINS $TYPE $RESULT = $A + $B
    note   : destructor/constructor blocks covered by XPath fallback


real	0m0.031s
user	0m0.025s
sys	0m0.005s


--- Stage 2: XPath destructor/constructor fallback ---
    no unguarded destructor/constructor addition found

[ unchecked_add ] 0 finding(s) written to /tmp/cwe190_findings_IyEImw
=== Detector 3: unchecked_increment ===
    input  : /Users/afiaasante/Security-Code-Smells/linux/net/wireless/mlme.c.xml
    output : /tmp/cwe190_findings_IyEImw

    strategy : XPath on srcML XML -- ancestor-scoped guard check

--- extracting finding via XPath ---
    function : cfg80211_rx_assoc_resp
    position : 44:69

    no taint source -- warning/smell
    finding: /Users/afiaasante/Security-Code-Smells/linux/net/wireless/mlme.c:44:69 -- cfg80211_rx_assoc_resp() increments without MAX guard

[ unchecked_increment ] 1 finding(s) written to /tmp/cwe190_findings_IyEImw
========================================
 Findings JSON
========================================
{
  "detector": "unchecked_multiply",
  "severity": "warning",
  "classification": "smell",
  "rule": "integerOverflow",
  "file": "/Users/afiaasante/Security-Code-Smells/linux/net/wireless/mlme.c",
  "line": 30,
  "col": 62,
  "varname": "cfg80211_rx_assoc_resp",
  "note": {
    "line": 30,
    "col": 62,
    "message": "multiplication in cfg80211_rx_assoc_resp() -- no upper-bound guard (INT_MAX / 2)"
  }
}
{
  "detector": "unchecked_increment",
  "severity": "warning",
  "classification": "smell",
  "rule": "integerOverflow",
  "file": "/Users/afiaasante/Security-Code-Smells/linux/net/wireless/mlme.c",
  "line": 44,
  "col": 69,
  "varname": "cfg80211_rx_assoc_resp",
  "note": {
    "line": 44,
    "col": 69,
    "message": "increment (++) in cfg80211_rx_assoc_resp() -- no upper-bound guard (INT_MAX check)"
  }
}

========================================
 Summary
 Total findings : 2
 Errors         : 0
 Warnings       : 2

 Breakdown by detector:
   unchecked_increment       1
   unchecked_multiply        1
========================================
