========================================
 CWE-195 Signed-to-Unsigned Conversion Detector
 Source  : /Users/afiaasante/Security-Code-Smells/linux/net/rfkill/core.c
 Report  : /Users/afiaasante/Security-Code-Smells/results/net_scan/SCS007/rfkill__core.c/core_report_20260417_180423.txt
 Findings: /Users/afiaasante/Security-Code-Smells/results/net_scan/SCS007/rfkill__core.c/core_findings_20260417_180423.json
 Date    : Fri Apr 17 18:04:23 EDT 2026
========================================

=== Stage 1: srcml ===

real	0m0.119s
user	0m0.089s
sys	0m0.008s

=== Stage 2: srcslice ===
Writing to :: /Users/afiaasante/Security-Code-Smells/linux/net/rfkill/core.c.json
Output Saved to :: /Users/afiaasante/Security-Code-Smells/linux/net/rfkill/core.c.json

real	0m0.368s
user	0m0.166s
sys	0m0.010s

=== Stage 3: srcattributor ===

real	0m3.407s
user	0m3.035s
sys	0m0.041s

=== Detector 1: signed_malloc ===
    input  : /Users/afiaasante/Security-Code-Smells/linux/net/rfkill/core.c.xml
    output : /tmp/cwe195_findings_Anuj6j

    query  : FIND $T $FUNC($PARAMS) {} CONTAINS malloc($A)
    note   : destructor/constructor blocks covered by XPath fallback


real	0m0.040s
user	0m0.027s
sys	0m0.006s


--- Stage 2: XPath destructor/constructor fallback ---
    no unguarded destructor/constructor malloc found

[ signed_malloc ] 0 finding(s) written to /tmp/cwe195_findings_Anuj6j
=== Detector 2: signed_memcpy ===
    input  : /Users/afiaasante/Security-Code-Smells/linux/net/rfkill/core.c.xml
    output : /tmp/cwe195_findings_Anuj6j

    query  : FIND $T $FUNC($PARAMS) {} CONTAINS memcpy($A, $B, $C)

real	0m0.036s
user	0m0.028s
sys	0m0.006s

    query  : FIND $T $FUNC($PARAMS) {} CONTAINS memmove($A, $B, $C)

real	0m0.056s
user	0m0.029s
sys	0m0.006s


--- Stage 2: XPath destructor/constructor fallback ---
    no unguarded destructor/constructor memcpy/memmove found

[ signed_memcpy ] 0 finding(s) written to /tmp/cwe195_findings_Anuj6j
=== Detector 3: signed_strncpy ===
    input  : /Users/afiaasante/Security-Code-Smells/linux/net/rfkill/core.c.xml
    output : /tmp/cwe195_findings_Anuj6j

    query  : FIND $T $FUNC($PARAMS) {} CONTAINS strncpy($A, $B, $C)
    note   : destructor/constructor blocks covered by XPath fallback


real	0m0.040s
user	0m0.027s
sys	0m0.007s


--- Stage 2: XPath destructor/constructor fallback ---
    no unguarded destructor/constructor strncpy found

[ signed_strncpy ] 0 finding(s) written to /tmp/cwe195_findings_Anuj6j
========================================
 Findings JSON
========================================

========================================
 Summary
 Total findings : 0
 Errors         : 0
 Warnings       : 0
========================================
