========================================
 CWE-195 Signed-to-Unsigned Conversion Detector
 Source  : /Users/afiaasante/Security-Code-Smells/linux/net/sched/sch_fq_codel.c
 Report  : /Users/afiaasante/Security-Code-Smells/results/net_scan/SCS007/sched__sch_fq_codel.c/sch_fq_codel_report_20260417_180509.txt
 Findings: /Users/afiaasante/Security-Code-Smells/results/net_scan/SCS007/sched__sch_fq_codel.c/sch_fq_codel_findings_20260417_180509.json
 Date    : Fri Apr 17 18:05:09 EDT 2026
========================================

=== Stage 1: srcml ===

real	0m0.068s
user	0m0.053s
sys	0m0.006s

=== Stage 2: srcslice ===
Writing to :: /Users/afiaasante/Security-Code-Smells/linux/net/sched/sch_fq_codel.c.json
Output Saved to :: /Users/afiaasante/Security-Code-Smells/linux/net/sched/sch_fq_codel.c.json

real	0m0.252s
user	0m0.114s
sys	0m0.006s

=== Stage 3: srcattributor ===

real	0m1.338s
user	0m1.269s
sys	0m0.015s

=== Detector 1: signed_malloc ===
    input  : /Users/afiaasante/Security-Code-Smells/linux/net/sched/sch_fq_codel.c.xml
    output : /tmp/cwe195_findings_4PHFok

    query  : FIND $T $FUNC($PARAMS) {} CONTAINS malloc($A)
    note   : destructor/constructor blocks covered by XPath fallback


real	0m0.029s
user	0m0.019s
sys	0m0.005s


--- Stage 2: XPath destructor/constructor fallback ---
    no unguarded destructor/constructor malloc found

[ signed_malloc ] 0 finding(s) written to /tmp/cwe195_findings_4PHFok
=== Detector 2: signed_memcpy ===
    input  : /Users/afiaasante/Security-Code-Smells/linux/net/sched/sch_fq_codel.c.xml
    output : /tmp/cwe195_findings_4PHFok

    query  : FIND $T $FUNC($PARAMS) {} CONTAINS memcpy($A, $B, $C)

real	0m0.026s
user	0m0.019s
sys	0m0.005s

    query  : FIND $T $FUNC($PARAMS) {} CONTAINS memmove($A, $B, $C)

real	0m0.029s
user	0m0.019s
sys	0m0.005s


--- Stage 2: XPath destructor/constructor fallback ---
    no unguarded destructor/constructor memcpy/memmove found

[ signed_memcpy ] 0 finding(s) written to /tmp/cwe195_findings_4PHFok
=== Detector 3: signed_strncpy ===
    input  : /Users/afiaasante/Security-Code-Smells/linux/net/sched/sch_fq_codel.c.xml
    output : /tmp/cwe195_findings_4PHFok

    query  : FIND $T $FUNC($PARAMS) {} CONTAINS strncpy($A, $B, $C)
    note   : destructor/constructor blocks covered by XPath fallback


real	0m0.033s
user	0m0.020s
sys	0m0.006s


--- Stage 2: XPath destructor/constructor fallback ---
    no unguarded destructor/constructor strncpy found

[ signed_strncpy ] 0 finding(s) written to /tmp/cwe195_findings_4PHFok
========================================
 Findings JSON
========================================

========================================
 Summary
 Total findings : 0
 Errors         : 0
 Warnings       : 0
========================================
