========================================
 CWE-190 Integer Overflow Risk Detector
 Source  : /Users/afiaasante/Security-Code-Smells/linux/net/sunrpc/xprtmultipath.c
 Report  : /Users/afiaasante/Security-Code-Smells/results/net_scan/SCS006/sunrpc__xprtmultipath.c/xprtmultipath_report_20260417_174543.txt
 Findings: /Users/afiaasante/Security-Code-Smells/results/net_scan/SCS006/sunrpc__xprtmultipath.c/xprtmultipath_findings_20260417_174543.json
 Date    : Fri Apr 17 17:45:43 EDT 2026
========================================

=== Stage 1: srcml ===

real	0m0.041s
user	0m0.035s
sys	0m0.004s

=== Stage 2: srcslice ===
HERE: /Users/afiaasante/Security-Code-Smells/tools/srcslice/srcDispatch/src/policy_classes/DeclPolicy.hpp operator() 273
Writing to :: /Users/afiaasante/Security-Code-Smells/linux/net/sunrpc/xprtmultipath.c.json
Output Saved to :: /Users/afiaasante/Security-Code-Smells/linux/net/sunrpc/xprtmultipath.c.json

real	0m0.191s
user	0m0.072s
sys	0m0.004s

=== Stage 3: srcattributor ===

real	0m0.453s
user	0m0.439s
sys	0m0.007s

=== Detector 1: unchecked_multiply ===
    input  : /Users/afiaasante/Security-Code-Smells/linux/net/sunrpc/xprtmultipath.c.xml
    output : /tmp/cwe190_findings_PPX0bL

    query  : FIND $T $FUNC($PARAMS) {} CONTAINS $TYPE $RESULT = $A * $B
    note   : destructor/constructor blocks covered by XPath fallback


real	0m0.019s
user	0m0.013s
sys	0m0.004s


--- Stage 2: XPath destructor/constructor fallback ---
    no unguarded destructor/constructor multiply found

[ unchecked_multiply ] 0 finding(s) written to /tmp/cwe190_findings_PPX0bL
=== Detector 2: unchecked_add ===
    input  : /Users/afiaasante/Security-Code-Smells/linux/net/sunrpc/xprtmultipath.c.xml
    output : /tmp/cwe190_findings_PPX0bL

    query  : FIND $T $FUNC($PARAMS) {} CONTAINS $TYPE $RESULT = $A + $B
    note   : destructor/constructor blocks covered by XPath fallback


real	0m0.018s
user	0m0.013s
sys	0m0.004s


--- Stage 2: XPath destructor/constructor fallback ---
    no unguarded destructor/constructor addition found

[ unchecked_add ] 0 finding(s) written to /tmp/cwe190_findings_PPX0bL
=== Detector 3: unchecked_increment ===
    input  : /Users/afiaasante/Security-Code-Smells/linux/net/sunrpc/xprtmultipath.c.xml
    output : /tmp/cwe190_findings_PPX0bL

    strategy : XPath on srcML XML -- ancestor-scoped guard check

--- extracting finding via XPath ---
    function : xprt_switch_add_xprt_locked
    position : 41:24

    no taint source -- warning/smell
    finding: /Users/afiaasante/Security-Code-Smells/linux/net/sunrpc/xprtmultipath.c:41:24 -- xprt_switch_add_xprt_locked() increments without MAX guard

[ unchecked_increment ] 1 finding(s) written to /tmp/cwe190_findings_PPX0bL
========================================
 Findings JSON
========================================
{
  "detector": "unchecked_increment",
  "severity": "warning",
  "classification": "smell",
  "rule": "integerOverflow",
  "file": "/Users/afiaasante/Security-Code-Smells/linux/net/sunrpc/xprtmultipath.c",
  "line": 41,
  "col": 24,
  "varname": "xprt_switch_add_xprt_locked",
  "note": {
    "line": 41,
    "col": 24,
    "message": "increment (++) in xprt_switch_add_xprt_locked() -- no upper-bound guard (INT_MAX check)"
  }
}

========================================
 Summary
 Total findings : 1
 Errors         : 0
 Warnings       : 1

 Breakdown by detector:
   unchecked_increment       1
========================================
