========================================
 CWE-190 Integer Overflow Risk Detector
 Source  : /Users/afiaasante/Security-Code-Smells/linux/net/sctp/ulpqueue.c
 Report  : /Users/afiaasante/Security-Code-Smells/results/net_scan/SCS006/sctp__ulpqueue.c/ulpqueue_report_20260417_174459.txt
 Findings: /Users/afiaasante/Security-Code-Smells/results/net_scan/SCS006/sctp__ulpqueue.c/ulpqueue_findings_20260417_174459.json
 Date    : Fri Apr 17 17:44:59 EDT 2026
========================================

=== Stage 1: srcml ===

real	0m0.061s
user	0m0.053s
sys	0m0.005s

=== Stage 2: srcslice ===
Writing to :: /Users/afiaasante/Security-Code-Smells/linux/net/sctp/ulpqueue.c.json
Output Saved to :: /Users/afiaasante/Security-Code-Smells/linux/net/sctp/ulpqueue.c.json

real	0m0.244s
user	0m0.110s
sys	0m0.005s

=== Stage 3: srcattributor ===

real	0m1.614s
user	0m1.571s
sys	0m0.015s

=== Detector 1: unchecked_multiply ===
    input  : /Users/afiaasante/Security-Code-Smells/linux/net/sctp/ulpqueue.c.xml
    output : /tmp/cwe190_findings_7k1ReP

    query  : FIND $T $FUNC($PARAMS) {} CONTAINS $TYPE $RESULT = $A * $B
    note   : destructor/constructor blocks covered by XPath fallback


real	0m0.026s
user	0m0.020s
sys	0m0.005s


--- Stage 2: XPath destructor/constructor fallback ---
    no unguarded destructor/constructor multiply found

[ unchecked_multiply ] 0 finding(s) written to /tmp/cwe190_findings_7k1ReP
=== Detector 2: unchecked_add ===
    input  : /Users/afiaasante/Security-Code-Smells/linux/net/sctp/ulpqueue.c.xml
    output : /tmp/cwe190_findings_7k1ReP

    query  : FIND $T $FUNC($PARAMS) {} CONTAINS $TYPE $RESULT = $A + $B
    note   : destructor/constructor blocks covered by XPath fallback


real	0m0.026s
user	0m0.018s
sys	0m0.005s


--- Stage 2: XPath destructor/constructor fallback ---
    no unguarded destructor/constructor addition found

[ unchecked_add ] 0 finding(s) written to /tmp/cwe190_findings_7k1ReP
=== Detector 3: unchecked_increment ===
    input  : /Users/afiaasante/Security-Code-Smells/linux/net/sctp/ulpqueue.c.xml
    output : /tmp/cwe190_findings_7k1ReP

    strategy : XPath on srcML XML -- ancestor-scoped guard check

--- extracting finding via XPath ---
    function : sctp_ulpq_retrieve_reassembled
    position : 451:41

    no taint source -- warning/smell
    finding: /Users/afiaasante/Security-Code-Smells/linux/net/sctp/ulpqueue.c:451:41 -- sctp_ulpq_retrieve_reassembled() increments without MAX guard

[ unchecked_increment ] 1 finding(s) written to /tmp/cwe190_findings_7k1ReP
========================================
 Findings JSON
========================================
{
  "detector": "unchecked_increment",
  "severity": "warning",
  "classification": "smell",
  "rule": "integerOverflow",
  "file": "/Users/afiaasante/Security-Code-Smells/linux/net/sctp/ulpqueue.c",
  "line": 451,
  "col": 41,
  "varname": "sctp_ulpq_retrieve_reassembled",
  "note": {
    "line": 451,
    "col": 41,
    "message": "increment (++) in sctp_ulpq_retrieve_reassembled() -- no upper-bound guard (INT_MAX check)"
  }
}

========================================
 Summary
 Total findings : 1
 Errors         : 0
 Warnings       : 1

 Breakdown by detector:
   unchecked_increment       1
========================================
