========================================
 CWE-190 Integer Overflow Risk Detector
 Source  : /Users/afiaasante/Security-Code-Smells/linux/net/batman-adv/mesh-interface.c
 Report  : /Users/afiaasante/Security-Code-Smells/results/net_scan/SCS006/batman-adv__mesh-interface.c/mesh-interface_report_20260417_173519.txt
 Findings: /Users/afiaasante/Security-Code-Smells/results/net_scan/SCS006/batman-adv__mesh-interface.c/mesh-interface_findings_20260417_173519.json
 Date    : Fri Apr 17 17:35:19 EDT 2026
========================================

=== Stage 1: srcml ===

real	0m0.033s
user	0m0.028s
sys	0m0.004s

=== Stage 2: srcslice ===
Writing to :: /Users/afiaasante/Security-Code-Smells/linux/net/batman-adv/mesh-interface.c.json
Output Saved to :: /Users/afiaasante/Security-Code-Smells/linux/net/batman-adv/mesh-interface.c.json

real	0m0.178s
user	0m0.059s
sys	0m0.003s

=== Stage 3: srcattributor ===

real	0m0.559s
user	0m0.529s
sys	0m0.008s

=== Detector 1: unchecked_multiply ===
    input  : /Users/afiaasante/Security-Code-Smells/linux/net/batman-adv/mesh-interface.c.xml
    output : /tmp/cwe190_findings_9F5bab

    query  : FIND $T $FUNC($PARAMS) {} CONTAINS $TYPE $RESULT = $A * $B
    note   : destructor/constructor blocks covered by XPath fallback


real	0m0.017s
user	0m0.010s
sys	0m0.003s

--- Stage 1: checking srcQL result for MAX guard in <condition> ---
    no taint source -- warning/smell
    finding: /Users/afiaasante/Security-Code-Smells/linux/net/batman-adv/mesh-interface.c:741:38 -- batadv_meshif_init_late() multiplies without MAX guard

--- Stage 2: XPath destructor/constructor fallback ---
    no unguarded destructor/constructor multiply found

[ unchecked_multiply ] 1 finding(s) written to /tmp/cwe190_findings_9F5bab
=== Detector 2: unchecked_add ===
    input  : /Users/afiaasante/Security-Code-Smells/linux/net/batman-adv/mesh-interface.c.xml
    output : /tmp/cwe190_findings_9F5bab

    query  : FIND $T $FUNC($PARAMS) {} CONTAINS $TYPE $RESULT = $A + $B
    note   : destructor/constructor blocks covered by XPath fallback


real	0m0.017s
user	0m0.011s
sys	0m0.003s


--- Stage 2: XPath destructor/constructor fallback ---
    no unguarded destructor/constructor addition found

[ unchecked_add ] 0 finding(s) written to /tmp/cwe190_findings_9F5bab
=== Detector 3: unchecked_increment ===
    input  : /Users/afiaasante/Security-Code-Smells/linux/net/batman-adv/mesh-interface.c.xml
    output : /tmp/cwe190_findings_9F5bab

    strategy : XPath on srcML XML -- ancestor-scoped guard check

--- extracting finding via XPath ---
    function : batadv_get_ethtool_stats
    position : 963:42

    no taint source -- warning/smell
    finding: /Users/afiaasante/Security-Code-Smells/linux/net/batman-adv/mesh-interface.c:963:42 -- batadv_get_ethtool_stats() increments without MAX guard

[ unchecked_increment ] 1 finding(s) written to /tmp/cwe190_findings_9F5bab
========================================
 Findings JSON
========================================
{
  "detector": "unchecked_multiply",
  "severity": "warning",
  "classification": "smell",
  "rule": "integerOverflow",
  "file": "/Users/afiaasante/Security-Code-Smells/linux/net/batman-adv/mesh-interface.c",
  "line": 741,
  "col": 38,
  "varname": "batadv_meshif_init_late",
  "note": {
    "line": 741,
    "col": 38,
    "message": "multiplication in batadv_meshif_init_late() -- no upper-bound guard (INT_MAX / 2)"
  }
}
{
  "detector": "unchecked_increment",
  "severity": "warning",
  "classification": "smell",
  "rule": "integerOverflow",
  "file": "/Users/afiaasante/Security-Code-Smells/linux/net/batman-adv/mesh-interface.c",
  "line": 963,
  "col": 42,
  "varname": "batadv_get_ethtool_stats",
  "note": {
    "line": 963,
    "col": 42,
    "message": "increment (++) in batadv_get_ethtool_stats() -- no upper-bound guard (INT_MAX check)"
  }
}

========================================
 Summary
 Total findings : 2
 Errors         : 0
 Warnings       : 2

 Breakdown by detector:
   unchecked_increment       1
   unchecked_multiply        1
========================================
