========================================
 CWE-195 Signed-to-Unsigned Conversion Detector
 Source  : /Users/afiaasante/Security-Code-Smells/linux/net/ipv4/ip_vti.c
 Report  : /Users/afiaasante/Security-Code-Smells/results/net_scan/SCS007/ipv4__ip_vti.c/ip_vti_report_20260417_175751.txt
 Findings: /Users/afiaasante/Security-Code-Smells/results/net_scan/SCS007/ipv4__ip_vti.c/ip_vti_findings_20260417_175751.json
 Date    : Fri Apr 17 17:57:51 EDT 2026
========================================

=== Stage 1: srcml ===

real	0m0.075s
user	0m0.052s
sys	0m0.006s

=== Stage 2: srcslice ===
Writing to :: /Users/afiaasante/Security-Code-Smells/linux/net/ipv4/ip_vti.c.json
Output Saved to :: /Users/afiaasante/Security-Code-Smells/linux/net/ipv4/ip_vti.c.json

real	0m0.278s
user	0m0.112s
sys	0m0.007s

=== Stage 3: srcattributor ===

real	0m1.135s
user	0m1.005s
sys	0m0.019s

=== Detector 1: signed_malloc ===
    input  : /Users/afiaasante/Security-Code-Smells/linux/net/ipv4/ip_vti.c.xml
    output : /tmp/cwe195_findings_aQhogv

    query  : FIND $T $FUNC($PARAMS) {} CONTAINS malloc($A)
    note   : destructor/constructor blocks covered by XPath fallback


real	0m0.032s
user	0m0.019s
sys	0m0.006s


--- Stage 2: XPath destructor/constructor fallback ---
    no unguarded destructor/constructor malloc found

[ signed_malloc ] 0 finding(s) written to /tmp/cwe195_findings_aQhogv
=== Detector 2: signed_memcpy ===
    input  : /Users/afiaasante/Security-Code-Smells/linux/net/ipv4/ip_vti.c.xml
    output : /tmp/cwe195_findings_aQhogv

    query  : FIND $T $FUNC($PARAMS) {} CONTAINS memcpy($A, $B, $C)

real	0m0.037s
user	0m0.021s
sys	0m0.006s

--- Stage 1 (memcpy): checking srcQL result for positivity guard in <condition> ---
    no taint source -- warning/smell
    finding: /Users/afiaasante/Security-Code-Smells/linux/net/ipv4/ip_vti.c:442:9 -- vti_tunnel_init() memcpy without positivity guard
    query  : FIND $T $FUNC($PARAMS) {} CONTAINS memmove($A, $B, $C)

real	0m0.028s
user	0m0.019s
sys	0m0.005s


--- Stage 2: XPath destructor/constructor fallback ---

[ signed_memcpy ] 1 finding(s) written to /tmp/cwe195_findings_aQhogv
=== Detector 3: signed_strncpy ===
    input  : /Users/afiaasante/Security-Code-Smells/linux/net/ipv4/ip_vti.c.xml
    output : /tmp/cwe195_findings_aQhogv

    query  : FIND $T $FUNC($PARAMS) {} CONTAINS strncpy($A, $B, $C)
    note   : destructor/constructor blocks covered by XPath fallback


real	0m0.034s
user	0m0.019s
sys	0m0.006s


--- Stage 2: XPath destructor/constructor fallback ---
    no unguarded destructor/constructor strncpy found

[ signed_strncpy ] 0 finding(s) written to /tmp/cwe195_findings_aQhogv
========================================
 Findings JSON
========================================
{
  "detector": "signed_memcpy",
  "severity": "warning",
  "classification": "smell",
  "rule": "signedUnsignedConversion",
  "file": "/Users/afiaasante/Security-Code-Smells/linux/net/ipv4/ip_vti.c",
  "line": 442,
  "col": 9,
  "varname": "vti_tunnel_init",
  "note": {
    "line": 442,
    "col": 9,
    "message": "memcpy() in vti_tunnel_init() -- signed int passed as byte count with no positivity guard (data > 0)"
  }
}

========================================
 Summary
 Total findings : 1
 Errors         : 0
 Warnings       : 1

 Breakdown by detector:
   signed_memcpy             1
========================================
