========================================
 CWE-195 Signed-to-Unsigned Conversion Detector
 Source  : /Users/afiaasante/Security-Code-Smells/linux/net/sched/sch_skbprio.c
 Report  : /Users/afiaasante/Security-Code-Smells/results/net_scan/SCS007/sched__sch_skbprio.c/sch_skbprio_report_20260417_180529.txt
 Findings: /Users/afiaasante/Security-Code-Smells/results/net_scan/SCS007/sched__sch_skbprio.c/sch_skbprio_findings_20260417_180529.json
 Date    : Fri Apr 17 18:05:29 EDT 2026
========================================

=== Stage 1: srcml ===

real	0m0.038s
user	0m0.025s
sys	0m0.005s

=== Stage 2: srcslice ===
Writing to :: /Users/afiaasante/Security-Code-Smells/linux/net/sched/sch_skbprio.c.json
Output Saved to :: /Users/afiaasante/Security-Code-Smells/linux/net/sched/sch_skbprio.c.json

real	0m0.195s
user	0m0.060s
sys	0m0.005s

=== Stage 3: srcattributor ===

real	0m0.219s
user	0m0.192s
sys	0m0.006s

=== Detector 1: signed_malloc ===
    input  : /Users/afiaasante/Security-Code-Smells/linux/net/sched/sch_skbprio.c.xml
    output : /tmp/cwe195_findings_CPsDMu

    query  : FIND $T $FUNC($PARAMS) {} CONTAINS malloc($A)
    note   : destructor/constructor blocks covered by XPath fallback


real	0m0.020s
user	0m0.011s
sys	0m0.004s


--- Stage 2: XPath destructor/constructor fallback ---
    no unguarded destructor/constructor malloc found

[ signed_malloc ] 0 finding(s) written to /tmp/cwe195_findings_CPsDMu
=== Detector 2: signed_memcpy ===
    input  : /Users/afiaasante/Security-Code-Smells/linux/net/sched/sch_skbprio.c.xml
    output : /tmp/cwe195_findings_CPsDMu

    query  : FIND $T $FUNC($PARAMS) {} CONTAINS memcpy($A, $B, $C)

real	0m0.020s
user	0m0.012s
sys	0m0.004s

    query  : FIND $T $FUNC($PARAMS) {} CONTAINS memmove($A, $B, $C)

real	0m0.017s
user	0m0.012s
sys	0m0.004s


--- Stage 2: XPath destructor/constructor fallback ---
    no unguarded destructor/constructor memcpy/memmove found

[ signed_memcpy ] 0 finding(s) written to /tmp/cwe195_findings_CPsDMu
=== Detector 3: signed_strncpy ===
    input  : /Users/afiaasante/Security-Code-Smells/linux/net/sched/sch_skbprio.c.xml
    output : /tmp/cwe195_findings_CPsDMu

    query  : FIND $T $FUNC($PARAMS) {} CONTAINS strncpy($A, $B, $C)
    note   : destructor/constructor blocks covered by XPath fallback


real	0m0.017s
user	0m0.011s
sys	0m0.004s


--- Stage 2: XPath destructor/constructor fallback ---
    no unguarded destructor/constructor strncpy found

[ signed_strncpy ] 0 finding(s) written to /tmp/cwe195_findings_CPsDMu
========================================
 Findings JSON
========================================

========================================
 Summary
 Total findings : 0
 Errors         : 0
 Warnings       : 0
========================================
