========================================
 CWE-190 Integer Overflow Risk Detector
 Source  : /Users/afiaasante/Security-Code-Smells/linux/net/netfilter/nf_log_syslog.c
 Report  : /Users/afiaasante/Security-Code-Smells/results/net_scan/SCS006/netfilter__nf_log_syslog.c/nf_log_syslog_report_20260417_174237.txt
 Findings: /Users/afiaasante/Security-Code-Smells/results/net_scan/SCS006/netfilter__nf_log_syslog.c/nf_log_syslog_findings_20260417_174237.json
 Date    : Fri Apr 17 17:42:37 EDT 2026
========================================

=== Stage 1: srcml ===

real	0m0.066s
user	0m0.056s
sys	0m0.005s

=== Stage 2: srcslice ===
Writing to :: /Users/afiaasante/Security-Code-Smells/linux/net/netfilter/nf_log_syslog.c.json
Output Saved to :: /Users/afiaasante/Security-Code-Smells/linux/net/netfilter/nf_log_syslog.c.json

real	0m0.247s
user	0m0.126s
sys	0m0.005s

=== Stage 3: srcattributor ===

real	0m1.858s
user	0m1.794s
sys	0m0.019s

=== Detector 1: unchecked_multiply ===
    input  : /Users/afiaasante/Security-Code-Smells/linux/net/netfilter/nf_log_syslog.c.xml
    output : /tmp/cwe190_findings_G5WCMg

    query  : FIND $T $FUNC($PARAMS) {} CONTAINS $TYPE $RESULT = $A * $B
    note   : destructor/constructor blocks covered by XPath fallback


real	0m0.029s
user	0m0.022s
sys	0m0.005s

--- Stage 1: checking srcQL result for MAX guard in <condition> ---
    no taint source -- warning/smell
    finding: /Users/afiaasante/Security-Code-Smells/linux/net/netfilter/nf_log_syslog.c:241:52 -- nf_log_dump_tcp_header() multiplies without MAX guard

--- Stage 2: XPath destructor/constructor fallback ---
    no unguarded destructor/constructor multiply found

[ unchecked_multiply ] 1 finding(s) written to /tmp/cwe190_findings_G5WCMg
=== Detector 2: unchecked_add ===
    input  : /Users/afiaasante/Security-Code-Smells/linux/net/netfilter/nf_log_syslog.c.xml
    output : /tmp/cwe190_findings_G5WCMg

    query  : FIND $T $FUNC($PARAMS) {} CONTAINS $TYPE $RESULT = $A + $B
    note   : destructor/constructor blocks covered by XPath fallback


real	0m0.026s
user	0m0.019s
sys	0m0.005s


--- Stage 2: XPath destructor/constructor fallback ---
    no unguarded destructor/constructor addition found

[ unchecked_add ] 0 finding(s) written to /tmp/cwe190_findings_G5WCMg
=== Detector 3: unchecked_increment ===
    input  : /Users/afiaasante/Security-Code-Smells/linux/net/netfilter/nf_log_syslog.c.xml
    output : /tmp/cwe190_findings_G5WCMg

    strategy : XPath on srcML XML -- ancestor-scoped guard check

--- extracting finding via XPath ---
    function : nf_log_dump_tcp_header
    position : 256:43

    no taint source -- warning/smell
    finding: /Users/afiaasante/Security-Code-Smells/linux/net/netfilter/nf_log_syslog.c:256:43 -- nf_log_dump_tcp_header() increments without MAX guard

[ unchecked_increment ] 1 finding(s) written to /tmp/cwe190_findings_G5WCMg
========================================
 Findings JSON
========================================
{
  "detector": "unchecked_multiply",
  "severity": "warning",
  "classification": "smell",
  "rule": "integerOverflow",
  "file": "/Users/afiaasante/Security-Code-Smells/linux/net/netfilter/nf_log_syslog.c",
  "line": 241,
  "col": 52,
  "varname": "nf_log_dump_tcp_header",
  "note": {
    "line": 241,
    "col": 52,
    "message": "multiplication in nf_log_dump_tcp_header() -- no upper-bound guard (INT_MAX / 2)"
  }
}
{
  "detector": "unchecked_increment",
  "severity": "warning",
  "classification": "smell",
  "rule": "integerOverflow",
  "file": "/Users/afiaasante/Security-Code-Smells/linux/net/netfilter/nf_log_syslog.c",
  "line": 256,
  "col": 43,
  "varname": "nf_log_dump_tcp_header",
  "note": {
    "line": 256,
    "col": 43,
    "message": "increment (++) in nf_log_dump_tcp_header() -- no upper-bound guard (INT_MAX check)"
  }
}

========================================
 Summary
 Total findings : 2
 Errors         : 0
 Warnings       : 2

 Breakdown by detector:
   unchecked_increment       1
   unchecked_multiply        1
========================================
