========================================
 CWE-190 Integer Overflow Risk Detector
 Source  : /Users/afiaasante/Security-Code-Smells/linux/net/netfilter/ipset/ip_set_bitmap_ipmac.c
 Report  : /Users/afiaasante/Security-Code-Smells/results/net_scan/SCS006/netfilter__ipset__ip_set_bitmap_ipmac.c/ip_set_bitmap_ipmac_report_20260417_174201.txt
 Findings: /Users/afiaasante/Security-Code-Smells/results/net_scan/SCS006/netfilter__ipset__ip_set_bitmap_ipmac.c/ip_set_bitmap_ipmac_findings_20260417_174201.json
 Date    : Fri Apr 17 17:42:01 EDT 2026
========================================

=== Stage 1: srcml ===

real	0m0.032s
user	0m0.026s
sys	0m0.004s

=== Stage 2: srcslice ===
HERE: /Users/afiaasante/Security-Code-Smells/tools/srcslice/srcDispatch/src/policy_classes/DeclPolicy.hpp operator() 273
Writing to :: /Users/afiaasante/Security-Code-Smells/linux/net/netfilter/ipset/ip_set_bitmap_ipmac.c.json
Output Saved to :: /Users/afiaasante/Security-Code-Smells/linux/net/netfilter/ipset/ip_set_bitmap_ipmac.c.json

real	0m0.189s
user	0m0.061s
sys	0m0.004s

=== Stage 3: srcattributor ===

real	0m0.317s
user	0m0.307s
sys	0m0.006s

=== Detector 1: unchecked_multiply ===
    input  : /Users/afiaasante/Security-Code-Smells/linux/net/netfilter/ipset/ip_set_bitmap_ipmac.c.xml
    output : /tmp/cwe190_findings_sEoGfr

    query  : FIND $T $FUNC($PARAMS) {} CONTAINS $TYPE $RESULT = $A * $B
    note   : destructor/constructor blocks covered by XPath fallback


real	0m0.023s
user	0m0.013s
sys	0m0.005s


--- Stage 2: XPath destructor/constructor fallback ---
    no unguarded destructor/constructor multiply found

[ unchecked_multiply ] 0 finding(s) written to /tmp/cwe190_findings_sEoGfr
=== Detector 2: unchecked_add ===
    input  : /Users/afiaasante/Security-Code-Smells/linux/net/netfilter/ipset/ip_set_bitmap_ipmac.c.xml
    output : /tmp/cwe190_findings_sEoGfr

    query  : FIND $T $FUNC($PARAMS) {} CONTAINS $TYPE $RESULT = $A + $B
    note   : destructor/constructor blocks covered by XPath fallback


real	0m0.020s
user	0m0.013s
sys	0m0.005s


--- Stage 2: XPath destructor/constructor fallback ---
    no unguarded destructor/constructor addition found

[ unchecked_add ] 0 finding(s) written to /tmp/cwe190_findings_sEoGfr
=== Detector 3: unchecked_increment ===
    input  : /Users/afiaasante/Security-Code-Smells/linux/net/netfilter/ipset/ip_set_bitmap_ipmac.c.xml
    output : /tmp/cwe190_findings_sEoGfr

    strategy : XPath on srcML XML -- ancestor-scoped guard check

[ unchecked_increment ] No smell detected.
========================================
 Findings JSON
========================================

========================================
 Summary
 Total findings : 0
 Errors         : 0
 Warnings       : 0
========================================
