========================================
 CWE-190 Integer Overflow Risk Detector
 Source  : /Users/afiaasante/Security-Code-Smells/linux/net/x25/x25_facilities.c
 Report  : /Users/afiaasante/Security-Code-Smells/results/net_scan/SCS006/x25__x25_facilities.c/x25_facilities_report_20260417_174655.txt
 Findings: /Users/afiaasante/Security-Code-Smells/results/net_scan/SCS006/x25__x25_facilities.c/x25_facilities_findings_20260417_174655.json
 Date    : Fri Apr 17 17:46:55 EDT 2026
========================================

=== Stage 1: srcml ===

real	0m0.025s
user	0m0.019s
sys	0m0.004s

=== Stage 2: srcslice ===
Writing to :: /Users/afiaasante/Security-Code-Smells/linux/net/x25/x25_facilities.c.json
Output Saved to :: /Users/afiaasante/Security-Code-Smells/linux/net/x25/x25_facilities.c.json

real	0m0.196s
user	0m0.060s
sys	0m0.005s

=== Stage 3: srcattributor ===

real	0m0.303s
user	0m0.239s
sys	0m0.008s

=== Detector 1: unchecked_multiply ===
    input  : /Users/afiaasante/Security-Code-Smells/linux/net/x25/x25_facilities.c.xml
    output : /tmp/cwe190_findings_KhQ0Zq

    query  : FIND $T $FUNC($PARAMS) {} CONTAINS $TYPE $RESULT = $A * $B
    note   : destructor/constructor blocks covered by XPath fallback


real	0m0.022s
user	0m0.011s
sys	0m0.006s


--- Stage 2: XPath destructor/constructor fallback ---
    no unguarded destructor/constructor multiply found

[ unchecked_multiply ] 0 finding(s) written to /tmp/cwe190_findings_KhQ0Zq
=== Detector 2: unchecked_add ===
    input  : /Users/afiaasante/Security-Code-Smells/linux/net/x25/x25_facilities.c.xml
    output : /tmp/cwe190_findings_KhQ0Zq

    query  : FIND $T $FUNC($PARAMS) {} CONTAINS $TYPE $RESULT = $A + $B
    note   : destructor/constructor blocks covered by XPath fallback


real	0m0.024s
user	0m0.011s
sys	0m0.006s

--- Stage 1: checking srcQL result for MAX guard in <condition> ---
    no taint source -- warning/smell
    finding: /Users/afiaasante/Security-Code-Smells/linux/net/x25/x25_facilities.c:192:35 -- x25_create_facilities() adds without MAX guard

--- Stage 2: XPath destructor/constructor fallback ---
    no unguarded destructor/constructor addition found

[ unchecked_add ] 1 finding(s) written to /tmp/cwe190_findings_KhQ0Zq
=== Detector 3: unchecked_increment ===
    input  : /Users/afiaasante/Security-Code-Smells/linux/net/x25/x25_facilities.c.xml
    output : /tmp/cwe190_findings_KhQ0Zq

    strategy : XPath on srcML XML -- ancestor-scoped guard check

--- extracting finding via XPath ---
    function : x25_create_facilities
    position : 206:19

    no taint source -- warning/smell
    finding: /Users/afiaasante/Security-Code-Smells/linux/net/x25/x25_facilities.c:206:19 -- x25_create_facilities() increments without MAX guard

[ unchecked_increment ] 1 finding(s) written to /tmp/cwe190_findings_KhQ0Zq
========================================
 Findings JSON
========================================
{
  "detector": "unchecked_add",
  "severity": "warning",
  "classification": "smell",
  "rule": "integerOverflow",
  "file": "/Users/afiaasante/Security-Code-Smells/linux/net/x25/x25_facilities.c",
  "line": 192,
  "col": 35,
  "varname": "x25_create_facilities",
  "note": {
    "line": 192,
    "col": 35,
    "message": "addition in x25_create_facilities() -- no upper-bound guard before adding"
  }
}
{
  "detector": "unchecked_increment",
  "severity": "warning",
  "classification": "smell",
  "rule": "integerOverflow",
  "file": "/Users/afiaasante/Security-Code-Smells/linux/net/x25/x25_facilities.c",
  "line": 206,
  "col": 19,
  "varname": "x25_create_facilities",
  "note": {
    "line": 206,
    "col": 19,
    "message": "increment (++) in x25_create_facilities() -- no upper-bound guard (INT_MAX check)"
  }
}

========================================
 Summary
 Total findings : 2
 Errors         : 0
 Warnings       : 2

 Breakdown by detector:
   unchecked_add             1
   unchecked_increment       1
========================================
