========================================
 CWE-195 Signed-to-Unsigned Conversion Detector
 Source  : /Users/afiaasante/Security-Code-Smells/linux/net/ipv4/udp.c
 Report  : /Users/afiaasante/Security-Code-Smells/results/net_scan/SCS007/ipv4__udp.c/udp_report_20260417_175835.txt
 Findings: /Users/afiaasante/Security-Code-Smells/results/net_scan/SCS007/ipv4__udp.c/udp_findings_20260417_175835.json
 Date    : Fri Apr 17 17:58:35 EDT 2026
========================================

=== Stage 1: srcml ===

real	0m0.264s
user	0m0.246s
sys	0m0.009s

=== Stage 2: srcslice ===
HERE: /Users/afiaasante/Security-Code-Smells/tools/srcslice/srcDispatch/src/policy_classes/DeclPolicy.hpp operator() 273
Writing to :: /Users/afiaasante/Security-Code-Smells/linux/net/ipv4/udp.c.json
Output Saved to :: /Users/afiaasante/Security-Code-Smells/linux/net/ipv4/udp.c.json

real	0m0.620s
user	0m0.482s
sys	0m0.014s

=== Stage 3: srcattributor ===

real	0m41.485s
user	0m37.226s
sys	0m0.469s

=== Detector 1: signed_malloc ===
    input  : /Users/afiaasante/Security-Code-Smells/linux/net/ipv4/udp.c.xml
    output : /tmp/cwe195_findings_gSiImF

    query  : FIND $T $FUNC($PARAMS) {} CONTAINS malloc($A)
    note   : destructor/constructor blocks covered by XPath fallback


real	0m0.097s
user	0m0.074s
sys	0m0.010s


--- Stage 2: XPath destructor/constructor fallback ---
    no unguarded destructor/constructor malloc found

[ signed_malloc ] 0 finding(s) written to /tmp/cwe195_findings_gSiImF
=== Detector 2: signed_memcpy ===
    input  : /Users/afiaasante/Security-Code-Smells/linux/net/ipv4/udp.c.xml
    output : /tmp/cwe195_findings_gSiImF

    query  : FIND $T $FUNC($PARAMS) {} CONTAINS memcpy($A, $B, $C)

real	0m0.083s
user	0m0.070s
sys	0m0.009s

--- Stage 1 (memcpy): checking srcQL result for positivity guard in <condition> ---
    guarded -- > operator found in condition, no finding
    query  : FIND $T $FUNC($PARAMS) {} CONTAINS memmove($A, $B, $C)

real	0m0.086s
user	0m0.068s
sys	0m0.010s


--- Stage 2: XPath destructor/constructor fallback ---
    no unguarded destructor/constructor memcpy/memmove found

[ signed_memcpy ] 0 finding(s) written to /tmp/cwe195_findings_gSiImF
=== Detector 3: signed_strncpy ===
    input  : /Users/afiaasante/Security-Code-Smells/linux/net/ipv4/udp.c.xml
    output : /tmp/cwe195_findings_gSiImF

    query  : FIND $T $FUNC($PARAMS) {} CONTAINS strncpy($A, $B, $C)
    note   : destructor/constructor blocks covered by XPath fallback


real	0m0.091s
user	0m0.071s
sys	0m0.010s


--- Stage 2: XPath destructor/constructor fallback ---
    no unguarded destructor/constructor strncpy found

[ signed_strncpy ] 0 finding(s) written to /tmp/cwe195_findings_gSiImF
========================================
 Findings JSON
========================================

========================================
 Summary
 Total findings : 0
 Errors         : 0
 Warnings       : 0
========================================
