========================================
 CWE-195 Signed-to-Unsigned Conversion Detector
 Source  : /Users/afiaasante/Security-Code-Smells/linux/net/wireless/scan.c
 Report  : /Users/afiaasante/Security-Code-Smells/results/net_scan/SCS007/wireless__scan.c/scan_report_20260417_180759.txt
 Findings: /Users/afiaasante/Security-Code-Smells/results/net_scan/SCS007/wireless__scan.c/scan_findings_20260417_180759.json
 Date    : Fri Apr 17 18:07:59 EDT 2026
========================================

=== Stage 1: srcml ===

real	0m0.247s
user	0m0.224s
sys	0m0.009s

=== Stage 2: srcslice ===
Writing to :: /Users/afiaasante/Security-Code-Smells/linux/net/wireless/scan.c.json
Output Saved to :: /Users/afiaasante/Security-Code-Smells/linux/net/wireless/scan.c.json

real	0m0.619s
user	0m0.456s
sys	0m0.012s

=== Stage 3: srcattributor ===

real	0m36.632s
user	0m34.005s
sys	0m0.346s

=== Detector 1: signed_malloc ===
    input  : /Users/afiaasante/Security-Code-Smells/linux/net/wireless/scan.c.xml
    output : /tmp/cwe195_findings_bxull2

    query  : FIND $T $FUNC($PARAMS) {} CONTAINS malloc($A)
    note   : destructor/constructor blocks covered by XPath fallback


real	0m0.076s
user	0m0.065s
sys	0m0.009s


--- Stage 2: XPath destructor/constructor fallback ---
    no unguarded destructor/constructor malloc found

[ signed_malloc ] 0 finding(s) written to /tmp/cwe195_findings_bxull2
=== Detector 2: signed_memcpy ===
    input  : /Users/afiaasante/Security-Code-Smells/linux/net/wireless/scan.c.xml
    output : /tmp/cwe195_findings_bxull2

    query  : FIND $T $FUNC($PARAMS) {} CONTAINS memcpy($A, $B, $C)

real	0m0.084s
user	0m0.073s
sys	0m0.009s

--- Stage 1 (memcpy): checking srcQL result for positivity guard in <condition> ---
    guarded -- > operator found in condition, no finding
    query  : FIND $T $FUNC($PARAMS) {} CONTAINS memmove($A, $B, $C)

real	0m0.075s
user	0m0.065s
sys	0m0.009s

--- Stage 1 (memmove): checking srcQL result for positivity guard in <condition> ---
    guarded -- > operator found in condition, no finding

--- Stage 2: XPath destructor/constructor fallback ---
    no unguarded destructor/constructor memcpy/memmove found

[ signed_memcpy ] 0 finding(s) written to /tmp/cwe195_findings_bxull2
=== Detector 3: signed_strncpy ===
    input  : /Users/afiaasante/Security-Code-Smells/linux/net/wireless/scan.c.xml
    output : /tmp/cwe195_findings_bxull2

    query  : FIND $T $FUNC($PARAMS) {} CONTAINS strncpy($A, $B, $C)
    note   : destructor/constructor blocks covered by XPath fallback


real	0m0.076s
user	0m0.064s
sys	0m0.009s


--- Stage 2: XPath destructor/constructor fallback ---
    no unguarded destructor/constructor strncpy found

[ signed_strncpy ] 0 finding(s) written to /tmp/cwe195_findings_bxull2
========================================
 Findings JSON
========================================

========================================
 Summary
 Total findings : 0
 Errors         : 0
 Warnings       : 0
========================================
