========================================
 CWE-190 Integer Overflow Risk Detector
 Source  : /Users/afiaasante/Security-Code-Smells/linux/net/sunrpc/auth_gss/gss_rpc_xdr.c
 Report  : /Users/afiaasante/Security-Code-Smells/results/net_scan/SCS006/sunrpc__auth_gss__gss_rpc_xdr.c/gss_rpc_xdr_report_20260417_174526.txt
 Findings: /Users/afiaasante/Security-Code-Smells/results/net_scan/SCS006/sunrpc__auth_gss__gss_rpc_xdr.c/gss_rpc_xdr_findings_20260417_174526.json
 Date    : Fri Apr 17 17:45:26 EDT 2026
========================================

=== Stage 1: srcml ===

real	0m0.052s
user	0m0.045s
sys	0m0.004s

=== Stage 2: srcslice ===
Writing to :: /Users/afiaasante/Security-Code-Smells/linux/net/sunrpc/auth_gss/gss_rpc_xdr.c.json
Output Saved to :: /Users/afiaasante/Security-Code-Smells/linux/net/sunrpc/auth_gss/gss_rpc_xdr.c.json

real	0m0.251s
user	0m0.102s
sys	0m0.005s

=== Stage 3: srcattributor ===

real	0m1.748s
user	0m1.658s
sys	0m0.017s

=== Detector 1: unchecked_multiply ===
    input  : /Users/afiaasante/Security-Code-Smells/linux/net/sunrpc/auth_gss/gss_rpc_xdr.c.xml
    output : /tmp/cwe190_findings_gdA0jq

    query  : FIND $T $FUNC($PARAMS) {} CONTAINS $TYPE $RESULT = $A * $B
    note   : destructor/constructor blocks covered by XPath fallback


real	0m0.027s
user	0m0.019s
sys	0m0.006s


--- Stage 2: XPath destructor/constructor fallback ---
    no unguarded destructor/constructor multiply found

[ unchecked_multiply ] 0 finding(s) written to /tmp/cwe190_findings_gdA0jq
=== Detector 2: unchecked_add ===
    input  : /Users/afiaasante/Security-Code-Smells/linux/net/sunrpc/auth_gss/gss_rpc_xdr.c.xml
    output : /tmp/cwe190_findings_gdA0jq

    query  : FIND $T $FUNC($PARAMS) {} CONTAINS $TYPE $RESULT = $A + $B
    note   : destructor/constructor blocks covered by XPath fallback


real	0m0.025s
user	0m0.018s
sys	0m0.005s


--- Stage 2: XPath destructor/constructor fallback ---
    no unguarded destructor/constructor addition found

[ unchecked_add ] 0 finding(s) written to /tmp/cwe190_findings_gdA0jq
=== Detector 3: unchecked_increment ===
    input  : /Users/afiaasante/Security-Code-Smells/linux/net/sunrpc/auth_gss/gss_rpc_xdr.c.xml
    output : /tmp/cwe190_findings_gdA0jq

    strategy : XPath on srcML XML -- ancestor-scoped guard check

--- extracting finding via XPath ---
    function : dummy_dec_opt_array
    position : 145:31

    no taint source -- warning/smell
    finding: /Users/afiaasante/Security-Code-Smells/linux/net/sunrpc/auth_gss/gss_rpc_xdr.c:145:31 -- dummy_dec_opt_array() increments without MAX guard

[ unchecked_increment ] 1 finding(s) written to /tmp/cwe190_findings_gdA0jq
========================================
 Findings JSON
========================================
{
  "detector": "unchecked_increment",
  "severity": "warning",
  "classification": "smell",
  "rule": "integerOverflow",
  "file": "/Users/afiaasante/Security-Code-Smells/linux/net/sunrpc/auth_gss/gss_rpc_xdr.c",
  "line": 145,
  "col": 31,
  "varname": "dummy_dec_opt_array",
  "note": {
    "line": 145,
    "col": 31,
    "message": "increment (++) in dummy_dec_opt_array() -- no upper-bound guard (INT_MAX check)"
  }
}

========================================
 Summary
 Total findings : 1
 Errors         : 0
 Warnings       : 1

 Breakdown by detector:
   unchecked_increment       1
========================================
