========================================
 CWE-195 Signed-to-Unsigned Conversion Detector
 Source  : /Users/afiaasante/Security-Code-Smells/linux/net/bridge/br_if.c
 Report  : /Users/afiaasante/Security-Code-Smells/results/net_scan/SCS007/bridge__br_if.c/br_if_report_20260417_175308.txt
 Findings: /Users/afiaasante/Security-Code-Smells/results/net_scan/SCS007/bridge__br_if.c/br_if_findings_20260417_175308.json
 Date    : Fri Apr 17 17:53:08 EDT 2026
========================================

=== Stage 1: srcml ===

real	0m0.039s
user	0m0.029s
sys	0m0.004s

=== Stage 2: srcslice ===
Writing to :: /Users/afiaasante/Security-Code-Smells/linux/net/bridge/br_if.c.json
Output Saved to :: /Users/afiaasante/Security-Code-Smells/linux/net/bridge/br_if.c.json

real	0m0.185s
user	0m0.057s
sys	0m0.004s

=== Stage 3: srcattributor ===

real	0m0.564s
user	0m0.538s
sys	0m0.007s

=== Detector 1: signed_malloc ===
    input  : /Users/afiaasante/Security-Code-Smells/linux/net/bridge/br_if.c.xml
    output : /tmp/cwe195_findings_qcyI4Q

    query  : FIND $T $FUNC($PARAMS) {} CONTAINS malloc($A)
    note   : destructor/constructor blocks covered by XPath fallback


real	0m0.018s
user	0m0.012s
sys	0m0.004s


--- Stage 2: XPath destructor/constructor fallback ---
    no unguarded destructor/constructor malloc found

[ signed_malloc ] 0 finding(s) written to /tmp/cwe195_findings_qcyI4Q
=== Detector 2: signed_memcpy ===
    input  : /Users/afiaasante/Security-Code-Smells/linux/net/bridge/br_if.c.xml
    output : /tmp/cwe195_findings_qcyI4Q

    query  : FIND $T $FUNC($PARAMS) {} CONTAINS memcpy($A, $B, $C)

real	0m0.017s
user	0m0.013s
sys	0m0.003s

    query  : FIND $T $FUNC($PARAMS) {} CONTAINS memmove($A, $B, $C)

real	0m0.020s
user	0m0.014s
sys	0m0.004s


--- Stage 2: XPath destructor/constructor fallback ---
    no unguarded destructor/constructor memcpy/memmove found

[ signed_memcpy ] 0 finding(s) written to /tmp/cwe195_findings_qcyI4Q
=== Detector 3: signed_strncpy ===
    input  : /Users/afiaasante/Security-Code-Smells/linux/net/bridge/br_if.c.xml
    output : /tmp/cwe195_findings_qcyI4Q

    query  : FIND $T $FUNC($PARAMS) {} CONTAINS strncpy($A, $B, $C)
    note   : destructor/constructor blocks covered by XPath fallback


real	0m0.014s
user	0m0.010s
sys	0m0.003s


--- Stage 2: XPath destructor/constructor fallback ---
    no unguarded destructor/constructor strncpy found

[ signed_strncpy ] 0 finding(s) written to /tmp/cwe195_findings_qcyI4Q
========================================
 Findings JSON
========================================

========================================
 Summary
 Total findings : 0
 Errors         : 0
 Warnings       : 0
========================================
