========================================
 CWE-195 Signed-to-Unsigned Conversion Detector
 Source  : /Users/afiaasante/Security-Code-Smells/linux/net/ceph/auth_x.c
 Report  : /Users/afiaasante/Security-Code-Smells/results/net_scan/SCS007/ceph__auth_x.c/auth_x_report_20260417_175402.txt
 Findings: /Users/afiaasante/Security-Code-Smells/results/net_scan/SCS007/ceph__auth_x.c/auth_x_findings_20260417_175402.json
 Date    : Fri Apr 17 17:54:02 EDT 2026
========================================

=== Stage 1: srcml ===

real	0m0.091s
user	0m0.079s
sys	0m0.006s

=== Stage 2: srcslice ===
Writing to :: /Users/afiaasante/Security-Code-Smells/linux/net/ceph/auth_x.c.json
Output Saved to :: /Users/afiaasante/Security-Code-Smells/linux/net/ceph/auth_x.c.json

real	0m0.315s
user	0m0.171s
sys	0m0.007s

=== Stage 3: srcattributor ===

real	0m4.300s
user	0m3.908s
sys	0m0.041s

=== Detector 1: signed_malloc ===
    input  : /Users/afiaasante/Security-Code-Smells/linux/net/ceph/auth_x.c.xml
    output : /tmp/cwe195_findings_yL7Sjv

    query  : FIND $T $FUNC($PARAMS) {} CONTAINS malloc($A)
    note   : destructor/constructor blocks covered by XPath fallback


real	0m0.044s
user	0m0.027s
sys	0m0.006s


--- Stage 2: XPath destructor/constructor fallback ---
    no unguarded destructor/constructor malloc found

[ signed_malloc ] 0 finding(s) written to /tmp/cwe195_findings_yL7Sjv
=== Detector 2: signed_memcpy ===
    input  : /Users/afiaasante/Security-Code-Smells/linux/net/ceph/auth_x.c.xml
    output : /tmp/cwe195_findings_yL7Sjv

    query  : FIND $T $FUNC($PARAMS) {} CONTAINS memcpy($A, $B, $C)

real	0m0.041s
user	0m0.027s
sys	0m0.006s

--- Stage 1 (memcpy): checking srcQL result for positivity guard in <condition> ---
    guarded -- > operator found in condition, no finding
    query  : FIND $T $FUNC($PARAMS) {} CONTAINS memmove($A, $B, $C)

real	0m0.035s
user	0m0.027s
sys	0m0.006s


--- Stage 2: XPath destructor/constructor fallback ---
    no unguarded destructor/constructor memcpy/memmove found

[ signed_memcpy ] 0 finding(s) written to /tmp/cwe195_findings_yL7Sjv
=== Detector 3: signed_strncpy ===
    input  : /Users/afiaasante/Security-Code-Smells/linux/net/ceph/auth_x.c.xml
    output : /tmp/cwe195_findings_yL7Sjv

    query  : FIND $T $FUNC($PARAMS) {} CONTAINS strncpy($A, $B, $C)
    note   : destructor/constructor blocks covered by XPath fallback


real	0m0.040s
user	0m0.027s
sys	0m0.006s


--- Stage 2: XPath destructor/constructor fallback ---
    no unguarded destructor/constructor strncpy found

[ signed_strncpy ] 0 finding(s) written to /tmp/cwe195_findings_yL7Sjv
========================================
 Findings JSON
========================================

========================================
 Summary
 Total findings : 0
 Errors         : 0
 Warnings       : 0
========================================
