========================================
 CWE-190 Integer Overflow Risk Detector
 Source  : /Users/afiaasante/Security-Code-Smells/linux/net/ipv6/seg6_iptunnel.c
 Report  : /Users/afiaasante/Security-Code-Smells/results/net_scan/SCS006/ipv6__seg6_iptunnel.c/seg6_iptunnel_report_20260417_174014.txt
 Findings: /Users/afiaasante/Security-Code-Smells/results/net_scan/SCS006/ipv6__seg6_iptunnel.c/seg6_iptunnel_findings_20260417_174014.json
 Date    : Fri Apr 17 17:40:14 EDT 2026
========================================

=== Stage 1: srcml ===

real	0m0.068s
user	0m0.046s
sys	0m0.006s

=== Stage 2: srcslice ===
Writing to :: /Users/afiaasante/Security-Code-Smells/linux/net/ipv6/seg6_iptunnel.c.json
Output Saved to :: /Users/afiaasante/Security-Code-Smells/linux/net/ipv6/seg6_iptunnel.c.json

real	0m0.280s
user	0m0.098s
sys	0m0.006s

=== Stage 3: srcattributor ===

real	0m1.215s
user	0m1.157s
sys	0m0.014s

=== Detector 1: unchecked_multiply ===
    input  : /Users/afiaasante/Security-Code-Smells/linux/net/ipv6/seg6_iptunnel.c.xml
    output : /tmp/cwe190_findings_JPoJyO

    query  : FIND $T $FUNC($PARAMS) {} CONTAINS $TYPE $RESULT = $A * $B
    note   : destructor/constructor blocks covered by XPath fallback


real	0m0.021s
user	0m0.015s
sys	0m0.004s

--- Stage 1: checking srcQL result for MAX guard in <condition> ---
    no taint source -- warning/smell
    finding: /Users/afiaasante/Security-Code-Smells/linux/net/ipv6/seg6_iptunnel.c:264:46 -- seg6_do_srh_encap_red() multiplies without MAX guard

--- Stage 2: XPath destructor/constructor fallback ---
    no unguarded destructor/constructor multiply found

[ unchecked_multiply ] 1 finding(s) written to /tmp/cwe190_findings_JPoJyO
=== Detector 2: unchecked_add ===
    input  : /Users/afiaasante/Security-Code-Smells/linux/net/ipv6/seg6_iptunnel.c.xml
    output : /tmp/cwe190_findings_JPoJyO

    query  : FIND $T $FUNC($PARAMS) {} CONTAINS $TYPE $RESULT = $A + $B
    note   : destructor/constructor blocks covered by XPath fallback


real	0m0.024s
user	0m0.018s
sys	0m0.004s

--- Stage 1: checking srcQL result for MAX guard in <condition> ---
    no taint source -- warning/smell
    finding: /Users/afiaasante/Security-Code-Smells/linux/net/ipv6/seg6_iptunnel.c:241:30 -- seg6_do_srh_encap_red() adds without MAX guard

--- Stage 2: XPath destructor/constructor fallback ---
    no unguarded destructor/constructor addition found

[ unchecked_add ] 1 finding(s) written to /tmp/cwe190_findings_JPoJyO
=== Detector 3: unchecked_increment ===
    input  : /Users/afiaasante/Security-Code-Smells/linux/net/ipv6/seg6_iptunnel.c.xml
    output : /tmp/cwe190_findings_JPoJyO

    strategy : XPath on srcML XML -- ancestor-scoped guard check

[ unchecked_increment ] No smell detected.
========================================
 Findings JSON
========================================
{
  "detector": "unchecked_multiply",
  "severity": "warning",
  "classification": "smell",
  "rule": "integerOverflow",
  "file": "/Users/afiaasante/Security-Code-Smells/linux/net/ipv6/seg6_iptunnel.c",
  "line": 264,
  "col": 46,
  "varname": "seg6_do_srh_encap_red",
  "note": {
    "line": 264,
    "col": 46,
    "message": "multiplication in seg6_do_srh_encap_red() -- no upper-bound guard (INT_MAX / 2)"
  }
}
{
  "detector": "unchecked_add",
  "severity": "warning",
  "classification": "smell",
  "rule": "integerOverflow",
  "file": "/Users/afiaasante/Security-Code-Smells/linux/net/ipv6/seg6_iptunnel.c",
  "line": 241,
  "col": 30,
  "varname": "seg6_do_srh_encap_red",
  "note": {
    "line": 241,
    "col": 30,
    "message": "addition in seg6_do_srh_encap_red() -- no upper-bound guard before adding"
  }
}

========================================
 Summary
 Total findings : 2
 Errors         : 0
 Warnings       : 2

 Breakdown by detector:
   unchecked_add             1
   unchecked_multiply        1
========================================
