========================================
 CWE-190 Integer Overflow Risk Detector
 Source  : /Users/afiaasante/Security-Code-Smells/linux/net/ceph/cls_lock_client.c
 Report  : /Users/afiaasante/Security-Code-Smells/results/net_scan/SCS006/ceph__cls_lock_client.c/cls_lock_client_report_20260417_173625.txt
 Findings: /Users/afiaasante/Security-Code-Smells/results/net_scan/SCS006/ceph__cls_lock_client.c/cls_lock_client_findings_20260417_173625.json
 Date    : Fri Apr 17 17:36:25 EDT 2026
========================================

=== Stage 1: srcml ===

real	0m0.022s
user	0m0.018s
sys	0m0.003s

=== Stage 2: srcslice ===
Writing to :: /Users/afiaasante/Security-Code-Smells/linux/net/ceph/cls_lock_client.c.json
Output Saved to :: /Users/afiaasante/Security-Code-Smells/linux/net/ceph/cls_lock_client.c.json

real	0m0.179s
user	0m0.049s
sys	0m0.003s

=== Stage 3: srcattributor ===

real	0m0.366s
user	0m0.330s
sys	0m0.007s

=== Detector 1: unchecked_multiply ===
    input  : /Users/afiaasante/Security-Code-Smells/linux/net/ceph/cls_lock_client.c.xml
    output : /tmp/cwe190_findings_3Nl1YU

    query  : FIND $T $FUNC($PARAMS) {} CONTAINS $TYPE $RESULT = $A * $B
    note   : destructor/constructor blocks covered by XPath fallback


real	0m0.016s
user	0m0.010s
sys	0m0.004s


--- Stage 2: XPath destructor/constructor fallback ---
    no unguarded destructor/constructor multiply found

[ unchecked_multiply ] 0 finding(s) written to /tmp/cwe190_findings_3Nl1YU
=== Detector 2: unchecked_add ===
    input  : /Users/afiaasante/Security-Code-Smells/linux/net/ceph/cls_lock_client.c.xml
    output : /tmp/cwe190_findings_3Nl1YU

    query  : FIND $T $FUNC($PARAMS) {} CONTAINS $TYPE $RESULT = $A + $B
    note   : destructor/constructor blocks covered by XPath fallback


real	0m0.091s
user	0m0.008s
sys	0m0.005s


--- Stage 2: XPath destructor/constructor fallback ---
    no unguarded destructor/constructor addition found

[ unchecked_add ] 0 finding(s) written to /tmp/cwe190_findings_3Nl1YU
=== Detector 3: unchecked_increment ===
    input  : /Users/afiaasante/Security-Code-Smells/linux/net/ceph/cls_lock_client.c.xml
    output : /tmp/cwe190_findings_3Nl1YU

    strategy : XPath on srcML XML -- ancestor-scoped guard check

--- extracting finding via XPath ---
    function : ceph_free_lockers
    position : 245:39

    no taint source -- warning/smell
    finding: /Users/afiaasante/Security-Code-Smells/linux/net/ceph/cls_lock_client.c:245:39 -- ceph_free_lockers() increments without MAX guard

[ unchecked_increment ] 1 finding(s) written to /tmp/cwe190_findings_3Nl1YU
========================================
 Findings JSON
========================================
{
  "detector": "unchecked_increment",
  "severity": "warning",
  "classification": "smell",
  "rule": "integerOverflow",
  "file": "/Users/afiaasante/Security-Code-Smells/linux/net/ceph/cls_lock_client.c",
  "line": 245,
  "col": 39,
  "varname": "ceph_free_lockers",
  "note": {
    "line": 245,
    "col": 39,
    "message": "increment (++) in ceph_free_lockers() -- no upper-bound guard (INT_MAX check)"
  }
}

========================================
 Summary
 Total findings : 1
 Errors         : 0
 Warnings       : 1

 Breakdown by detector:
   unchecked_increment       1
========================================
