========================================
 CWE-190 Integer Overflow Risk Detector
 Source  : /Users/afiaasante/Security-Code-Smells/linux/net/netfilter/xt_IDLETIMER.c
 Report  : /Users/afiaasante/Security-Code-Smells/results/net_scan/SCS006/netfilter__xt_IDLETIMER.c/xt_IDLETIMER_report_20260417_174258.txt
 Findings: /Users/afiaasante/Security-Code-Smells/results/net_scan/SCS006/netfilter__xt_IDLETIMER.c/xt_IDLETIMER_findings_20260417_174258.json
 Date    : Fri Apr 17 17:42:58 EDT 2026
========================================

=== Stage 1: srcml ===

real	0m0.034s
user	0m0.028s
sys	0m0.004s

=== Stage 2: srcslice ===
Writing to :: /Users/afiaasante/Security-Code-Smells/linux/net/netfilter/xt_IDLETIMER.c.json
Output Saved to :: /Users/afiaasante/Security-Code-Smells/linux/net/netfilter/xt_IDLETIMER.c.json

real	0m0.190s
user	0m0.069s
sys	0m0.004s

=== Stage 3: srcattributor ===

real	0m0.305s
user	0m0.291s
sys	0m0.008s

=== Detector 1: unchecked_multiply ===
    input  : /Users/afiaasante/Security-Code-Smells/linux/net/netfilter/xt_IDLETIMER.c.xml
    output : /tmp/cwe190_findings_ELqBtd

    query  : FIND $T $FUNC($PARAMS) {} CONTAINS $TYPE $RESULT = $A * $B
    note   : destructor/constructor blocks covered by XPath fallback


real	0m0.019s
user	0m0.014s
sys	0m0.004s


--- Stage 2: XPath destructor/constructor fallback ---
    no unguarded destructor/constructor multiply found

[ unchecked_multiply ] 0 finding(s) written to /tmp/cwe190_findings_ELqBtd
=== Detector 2: unchecked_add ===
    input  : /Users/afiaasante/Security-Code-Smells/linux/net/netfilter/xt_IDLETIMER.c.xml
    output : /tmp/cwe190_findings_ELqBtd

    query  : FIND $T $FUNC($PARAMS) {} CONTAINS $TYPE $RESULT = $A + $B
    note   : destructor/constructor blocks covered by XPath fallback


real	0m0.019s
user	0m0.013s
sys	0m0.005s


--- Stage 2: XPath destructor/constructor fallback ---
    no unguarded destructor/constructor addition found

[ unchecked_add ] 0 finding(s) written to /tmp/cwe190_findings_ELqBtd
=== Detector 3: unchecked_increment ===
    input  : /Users/afiaasante/Security-Code-Smells/linux/net/netfilter/xt_IDLETIMER.c.xml
    output : /tmp/cwe190_findings_ELqBtd

    strategy : XPath on srcML XML -- ancestor-scoped guard check

--- extracting finding via XPath ---
    function : idletimer_tg_checkentry
    position : 327:36

    no taint source -- warning/smell
    finding: /Users/afiaasante/Security-Code-Smells/linux/net/netfilter/xt_IDLETIMER.c:327:36 -- idletimer_tg_checkentry() increments without MAX guard

[ unchecked_increment ] 1 finding(s) written to /tmp/cwe190_findings_ELqBtd
========================================
 Findings JSON
========================================
{
  "detector": "unchecked_increment",
  "severity": "warning",
  "classification": "smell",
  "rule": "integerOverflow",
  "file": "/Users/afiaasante/Security-Code-Smells/linux/net/netfilter/xt_IDLETIMER.c",
  "line": 327,
  "col": 36,
  "varname": "idletimer_tg_checkentry",
  "note": {
    "line": 327,
    "col": 36,
    "message": "increment (++) in idletimer_tg_checkentry() -- no upper-bound guard (INT_MAX check)"
  }
}

========================================
 Summary
 Total findings : 1
 Errors         : 0
 Warnings       : 1

 Breakdown by detector:
   unchecked_increment       1
========================================
