========================================
 CWE-190 Integer Overflow Risk Detector
 Source  : /Users/afiaasante/Security-Code-Smells/linux/net/netfilter/nf_conntrack_proto_udp.c
 Report  : /Users/afiaasante/Security-Code-Smells/results/net_scan/SCS006/netfilter__nf_conntrack_proto_udp.c/nf_conntrack_proto_udp_report_20260417_174231.txt
 Findings: /Users/afiaasante/Security-Code-Smells/results/net_scan/SCS006/netfilter__nf_conntrack_proto_udp.c/nf_conntrack_proto_udp_findings_20260417_174231.json
 Date    : Fri Apr 17 17:42:31 EDT 2026
========================================

=== Stage 1: srcml ===

real	0m0.025s
user	0m0.019s
sys	0m0.004s

=== Stage 2: srcslice ===
Writing to :: /Users/afiaasante/Security-Code-Smells/linux/net/netfilter/nf_conntrack_proto_udp.c.json
Output Saved to :: /Users/afiaasante/Security-Code-Smells/linux/net/netfilter/nf_conntrack_proto_udp.c.json

real	0m0.186s
user	0m0.048s
sys	0m0.004s

=== Stage 3: srcattributor ===

real	0m0.131s
user	0m0.123s
sys	0m0.005s

=== Detector 1: unchecked_multiply ===
    input  : /Users/afiaasante/Security-Code-Smells/linux/net/netfilter/nf_conntrack_proto_udp.c.xml
    output : /tmp/cwe190_findings_BNTgd1

    query  : FIND $T $FUNC($PARAMS) {} CONTAINS $TYPE $RESULT = $A * $B
    note   : destructor/constructor blocks covered by XPath fallback


real	0m0.017s
user	0m0.010s
sys	0m0.004s


--- Stage 2: XPath destructor/constructor fallback ---
    no unguarded destructor/constructor multiply found

[ unchecked_multiply ] 0 finding(s) written to /tmp/cwe190_findings_BNTgd1
=== Detector 2: unchecked_add ===
    input  : /Users/afiaasante/Security-Code-Smells/linux/net/netfilter/nf_conntrack_proto_udp.c.xml
    output : /tmp/cwe190_findings_BNTgd1

    query  : FIND $T $FUNC($PARAMS) {} CONTAINS $TYPE $RESULT = $A + $B
    note   : destructor/constructor blocks covered by XPath fallback


real	0m0.015s
user	0m0.010s
sys	0m0.004s


--- Stage 2: XPath destructor/constructor fallback ---
    no unguarded destructor/constructor addition found

[ unchecked_add ] 0 finding(s) written to /tmp/cwe190_findings_BNTgd1
=== Detector 3: unchecked_increment ===
    input  : /Users/afiaasante/Security-Code-Smells/linux/net/netfilter/nf_conntrack_proto_udp.c.xml
    output : /tmp/cwe190_findings_BNTgd1

    strategy : XPath on srcML XML -- ancestor-scoped guard check

--- extracting finding via XPath ---
    function : nf_conntrack_udp_init_net
    position : 274:38

    no taint source -- warning/smell
    finding: /Users/afiaasante/Security-Code-Smells/linux/net/netfilter/nf_conntrack_proto_udp.c:274:38 -- nf_conntrack_udp_init_net() increments without MAX guard

[ unchecked_increment ] 1 finding(s) written to /tmp/cwe190_findings_BNTgd1
========================================
 Findings JSON
========================================
{
  "detector": "unchecked_increment",
  "severity": "warning",
  "classification": "smell",
  "rule": "integerOverflow",
  "file": "/Users/afiaasante/Security-Code-Smells/linux/net/netfilter/nf_conntrack_proto_udp.c",
  "line": 274,
  "col": 38,
  "varname": "nf_conntrack_udp_init_net",
  "note": {
    "line": 274,
    "col": 38,
    "message": "increment (++) in nf_conntrack_udp_init_net() -- no upper-bound guard (INT_MAX check)"
  }
}

========================================
 Summary
 Total findings : 1
 Errors         : 0
 Warnings       : 1

 Breakdown by detector:
   unchecked_increment       1
========================================
