========================================
 CWE-190 Integer Overflow Risk Detector
 Source  : /Users/afiaasante/Security-Code-Smells/linux/net/mctp/neigh.c
 Report  : /Users/afiaasante/Security-Code-Smells/results/net_scan/SCS006/mctp__neigh.c/neigh_report_20260417_174134.txt
 Findings: /Users/afiaasante/Security-Code-Smells/results/net_scan/SCS006/mctp__neigh.c/neigh_findings_20260417_174134.json
 Date    : Fri Apr 17 17:41:34 EDT 2026
========================================

=== Stage 1: srcml ===

real	0m0.028s
user	0m0.022s
sys	0m0.005s

=== Stage 2: srcslice ===
Writing to :: /Users/afiaasante/Security-Code-Smells/linux/net/mctp/neigh.c.json
Output Saved to :: /Users/afiaasante/Security-Code-Smells/linux/net/mctp/neigh.c.json

real	0m0.186s
user	0m0.055s
sys	0m0.005s

=== Stage 3: srcattributor ===

real	0m0.230s
user	0m0.208s
sys	0m0.006s

=== Detector 1: unchecked_multiply ===
    input  : /Users/afiaasante/Security-Code-Smells/linux/net/mctp/neigh.c.xml
    output : /tmp/cwe190_findings_FWTTWm

    query  : FIND $T $FUNC($PARAMS) {} CONTAINS $TYPE $RESULT = $A * $B
    note   : destructor/constructor blocks covered by XPath fallback


real	0m0.031s
user	0m0.011s
sys	0m0.006s


--- Stage 2: XPath destructor/constructor fallback ---
    no unguarded destructor/constructor multiply found

[ unchecked_multiply ] 0 finding(s) written to /tmp/cwe190_findings_FWTTWm
=== Detector 2: unchecked_add ===
    input  : /Users/afiaasante/Security-Code-Smells/linux/net/mctp/neigh.c.xml
    output : /tmp/cwe190_findings_FWTTWm

    query  : FIND $T $FUNC($PARAMS) {} CONTAINS $TYPE $RESULT = $A + $B
    note   : destructor/constructor blocks covered by XPath fallback


real	0m0.020s
user	0m0.011s
sys	0m0.004s


--- Stage 2: XPath destructor/constructor fallback ---
    no unguarded destructor/constructor addition found

[ unchecked_add ] 0 finding(s) written to /tmp/cwe190_findings_FWTTWm
=== Detector 3: unchecked_increment ===
    input  : /Users/afiaasante/Security-Code-Smells/linux/net/mctp/neigh.c.xml
    output : /tmp/cwe190_findings_FWTTWm

    strategy : XPath on srcML XML -- ancestor-scoped guard check

--- extracting finding via XPath ---
    function : mctp_rtm_getneigh
    position : 275:20

    no taint source -- warning/smell
    finding: /Users/afiaasante/Security-Code-Smells/linux/net/mctp/neigh.c:275:20 -- mctp_rtm_getneigh() increments without MAX guard

[ unchecked_increment ] 1 finding(s) written to /tmp/cwe190_findings_FWTTWm
========================================
 Findings JSON
========================================
{
  "detector": "unchecked_increment",
  "severity": "warning",
  "classification": "smell",
  "rule": "integerOverflow",
  "file": "/Users/afiaasante/Security-Code-Smells/linux/net/mctp/neigh.c",
  "line": 275,
  "col": 20,
  "varname": "mctp_rtm_getneigh",
  "note": {
    "line": 275,
    "col": 20,
    "message": "increment (++) in mctp_rtm_getneigh() -- no upper-bound guard (INT_MAX check)"
  }
}

========================================
 Summary
 Total findings : 1
 Errors         : 0
 Warnings       : 1

 Breakdown by detector:
   unchecked_increment       1
========================================
