========================================
 CWE-190 Integer Overflow Risk Detector
 Source  : /Users/afiaasante/Security-Code-Smells/linux/net/ipv4/inet_connection_sock.c
 Report  : /Users/afiaasante/Security-Code-Smells/results/net_scan/SCS006/ipv4__inet_connection_sock.c/inet_connection_sock_report_20260417_173838.txt
 Findings: /Users/afiaasante/Security-Code-Smells/results/net_scan/SCS006/ipv4__inet_connection_sock.c/inet_connection_sock_findings_20260417_173838.json
 Date    : Fri Apr 17 17:38:38 EDT 2026
========================================

=== Stage 1: srcml ===

real	0m0.076s
user	0m0.068s
sys	0m0.006s

=== Stage 2: srcslice ===
Writing to :: /Users/afiaasante/Security-Code-Smells/linux/net/ipv4/inet_connection_sock.c.json
Output Saved to :: /Users/afiaasante/Security-Code-Smells/linux/net/ipv4/inet_connection_sock.c.json

real	0m0.297s
user	0m0.153s
sys	0m0.007s

=== Stage 3: srcattributor ===

real	0m3.703s
user	0m3.622s
sys	0m0.028s

=== Detector 1: unchecked_multiply ===
    input  : /Users/afiaasante/Security-Code-Smells/linux/net/ipv4/inet_connection_sock.c.xml
    output : /tmp/cwe190_findings_t8VkxO

    query  : FIND $T $FUNC($PARAMS) {} CONTAINS $TYPE $RESULT = $A * $B
    note   : destructor/constructor blocks covered by XPath fallback


real	0m0.032s
user	0m0.023s
sys	0m0.004s


--- Stage 2: XPath destructor/constructor fallback ---
    no unguarded destructor/constructor multiply found

[ unchecked_multiply ] 0 finding(s) written to /tmp/cwe190_findings_t8VkxO
=== Detector 2: unchecked_add ===
    input  : /Users/afiaasante/Security-Code-Smells/linux/net/ipv4/inet_connection_sock.c.xml
    output : /tmp/cwe190_findings_t8VkxO

    query  : FIND $T $FUNC($PARAMS) {} CONTAINS $TYPE $RESULT = $A + $B
    note   : destructor/constructor blocks covered by XPath fallback


real	0m0.030s
user	0m0.024s
sys	0m0.004s

--- Stage 1: checking srcQL result for MAX guard in <condition> ---
    no taint source -- warning/smell
    finding: /Users/afiaasante/Security-Code-Smells/linux/net/ipv4/inet_connection_sock.c:338:32 -- inet_csk_find_open_port() adds without MAX guard

--- Stage 2: XPath destructor/constructor fallback ---
    no unguarded destructor/constructor addition found

[ unchecked_add ] 1 finding(s) written to /tmp/cwe190_findings_t8VkxO
=== Detector 3: unchecked_increment ===
    input  : /Users/afiaasante/Security-Code-Smells/linux/net/ipv4/inet_connection_sock.c.xml
    output : /tmp/cwe190_findings_t8VkxO

    strategy : XPath on srcML XML -- ancestor-scoped guard check

--- extracting finding via XPath ---
    function : inet_csk_find_open_port
    position : 334:13

    no taint source -- warning/smell
    finding: /Users/afiaasante/Security-Code-Smells/linux/net/ipv4/inet_connection_sock.c:334:13 -- inet_csk_find_open_port() increments without MAX guard

[ unchecked_increment ] 1 finding(s) written to /tmp/cwe190_findings_t8VkxO
========================================
 Findings JSON
========================================
{
  "detector": "unchecked_add",
  "severity": "warning",
  "classification": "smell",
  "rule": "integerOverflow",
  "file": "/Users/afiaasante/Security-Code-Smells/linux/net/ipv4/inet_connection_sock.c",
  "line": 338,
  "col": 32,
  "varname": "inet_csk_find_open_port",
  "note": {
    "line": 338,
    "col": 32,
    "message": "addition in inet_csk_find_open_port() -- no upper-bound guard before adding"
  }
}
{
  "detector": "unchecked_increment",
  "severity": "warning",
  "classification": "smell",
  "rule": "integerOverflow",
  "file": "/Users/afiaasante/Security-Code-Smells/linux/net/ipv4/inet_connection_sock.c",
  "line": 334,
  "col": 13,
  "varname": "inet_csk_find_open_port",
  "note": {
    "line": 334,
    "col": 13,
    "message": "increment (++) in inet_csk_find_open_port() -- no upper-bound guard (INT_MAX check)"
  }
}

========================================
 Summary
 Total findings : 2
 Errors         : 0
 Warnings       : 2

 Breakdown by detector:
   unchecked_add             1
   unchecked_increment       1
========================================
