========================================
 CWE-190 Integer Overflow Risk Detector
 Source  : /Users/afiaasante/Security-Code-Smells/linux/net/ipv6/exthdrs_offload.c
 Report  : /Users/afiaasante/Security-Code-Smells/results/net_scan/SCS006/ipv6__exthdrs_offload.c/exthdrs_offload_report_20260417_173941.txt
 Findings: /Users/afiaasante/Security-Code-Smells/results/net_scan/SCS006/ipv6__exthdrs_offload.c/exthdrs_offload_findings_20260417_173941.json
 Date    : Fri Apr 17 17:39:41 EDT 2026
========================================

=== Stage 1: srcml ===

real	0m0.013s
user	0m0.007s
sys	0m0.004s

=== Stage 2: srcslice ===
Writing to :: /Users/afiaasante/Security-Code-Smells/linux/net/ipv6/exthdrs_offload.c.json
Output Saved to :: /Users/afiaasante/Security-Code-Smells/linux/net/ipv6/exthdrs_offload.c.json

real	0m0.178s
user	0m0.019s
sys	0m0.003s

=== Stage 3: srcattributor ===

real	0m0.022s
user	0m0.012s
sys	0m0.004s

=== Detector 1: unchecked_multiply ===
    input  : /Users/afiaasante/Security-Code-Smells/linux/net/ipv6/exthdrs_offload.c.xml
    output : /tmp/cwe190_findings_TdJSuq

    query  : FIND $T $FUNC($PARAMS) {} CONTAINS $TYPE $RESULT = $A * $B
    note   : destructor/constructor blocks covered by XPath fallback


real	0m0.016s
user	0m0.006s
sys	0m0.004s


--- Stage 2: XPath destructor/constructor fallback ---
    no unguarded destructor/constructor multiply found

[ unchecked_multiply ] 0 finding(s) written to /tmp/cwe190_findings_TdJSuq
=== Detector 2: unchecked_add ===
    input  : /Users/afiaasante/Security-Code-Smells/linux/net/ipv6/exthdrs_offload.c.xml
    output : /tmp/cwe190_findings_TdJSuq

    query  : FIND $T $FUNC($PARAMS) {} CONTAINS $TYPE $RESULT = $A + $B
    note   : destructor/constructor blocks covered by XPath fallback


real	0m0.021s
user	0m0.006s
sys	0m0.004s


--- Stage 2: XPath destructor/constructor fallback ---
    no unguarded destructor/constructor addition found

[ unchecked_add ] 0 finding(s) written to /tmp/cwe190_findings_TdJSuq
=== Detector 3: unchecked_increment ===
    input  : /Users/afiaasante/Security-Code-Smells/linux/net/ipv6/exthdrs_offload.c.xml
    output : /tmp/cwe190_findings_TdJSuq

    strategy : XPath on srcML XML -- ancestor-scoped guard check

[ unchecked_increment ] No smell detected.
========================================
 Findings JSON
========================================

========================================
 Summary
 Total findings : 0
 Errors         : 0
 Warnings       : 0
========================================
