========================================
 CWE-195 Signed-to-Unsigned Conversion Detector
 Source  : /Users/afiaasante/Security-Code-Smells/linux/net/mac802154/llsec.c
 Report  : /Users/afiaasante/Security-Code-Smells/results/net_scan/SCS007/mac802154__llsec.c/llsec_report_20260417_180122.txt
 Findings: /Users/afiaasante/Security-Code-Smells/results/net_scan/SCS007/mac802154__llsec.c/llsec_findings_20260417_180122.json
 Date    : Fri Apr 17 18:01:22 EDT 2026
========================================

=== Stage 1: srcml ===

real	0m0.088s
user	0m0.071s
sys	0m0.006s

=== Stage 2: srcslice ===
Writing to :: /Users/afiaasante/Security-Code-Smells/linux/net/mac802154/llsec.c.json
Output Saved to :: /Users/afiaasante/Security-Code-Smells/linux/net/mac802154/llsec.c.json

real	0m0.262s
user	0m0.143s
sys	0m0.006s

=== Stage 3: srcattributor ===

real	0m2.708s
user	0m2.538s
sys	0m0.026s

=== Detector 1: signed_malloc ===
    input  : /Users/afiaasante/Security-Code-Smells/linux/net/mac802154/llsec.c.xml
    output : /tmp/cwe195_findings_DGr28M

    query  : FIND $T $FUNC($PARAMS) {} CONTAINS malloc($A)
    note   : destructor/constructor blocks covered by XPath fallback


real	0m0.031s
user	0m0.023s
sys	0m0.005s


--- Stage 2: XPath destructor/constructor fallback ---
    no unguarded destructor/constructor malloc found

[ signed_malloc ] 0 finding(s) written to /tmp/cwe195_findings_DGr28M
=== Detector 2: signed_memcpy ===
    input  : /Users/afiaasante/Security-Code-Smells/linux/net/mac802154/llsec.c.xml
    output : /tmp/cwe195_findings_DGr28M

    query  : FIND $T $FUNC($PARAMS) {} CONTAINS memcpy($A, $B, $C)

real	0m0.033s
user	0m0.025s
sys	0m0.005s

--- Stage 1 (memcpy): checking srcQL result for positivity guard in <condition> ---
    no taint source -- warning/smell
    finding: /Users/afiaasante/Security-Code-Smells/linux/net/mac802154/llsec.c:611:9 -- llsec_geniv() memcpy without positivity guard
    query  : FIND $T $FUNC($PARAMS) {} CONTAINS memmove($A, $B, $C)

real	0m0.034s
user	0m0.023s
sys	0m0.005s


--- Stage 2: XPath destructor/constructor fallback ---

[ signed_memcpy ] 1 finding(s) written to /tmp/cwe195_findings_DGr28M
=== Detector 3: signed_strncpy ===
    input  : /Users/afiaasante/Security-Code-Smells/linux/net/mac802154/llsec.c.xml
    output : /tmp/cwe195_findings_DGr28M

    query  : FIND $T $FUNC($PARAMS) {} CONTAINS strncpy($A, $B, $C)
    note   : destructor/constructor blocks covered by XPath fallback


real	0m0.031s
user	0m0.024s
sys	0m0.005s


--- Stage 2: XPath destructor/constructor fallback ---
    no unguarded destructor/constructor strncpy found

[ signed_strncpy ] 0 finding(s) written to /tmp/cwe195_findings_DGr28M
========================================
 Findings JSON
========================================
{
  "detector": "signed_memcpy",
  "severity": "warning",
  "classification": "smell",
  "rule": "signedUnsignedConversion",
  "file": "/Users/afiaasante/Security-Code-Smells/linux/net/mac802154/llsec.c",
  "line": 611,
  "col": 9,
  "varname": "llsec_geniv",
  "note": {
    "line": 611,
    "col": 9,
    "message": "memcpy() in llsec_geniv() -- signed int passed as byte count with no positivity guard (data > 0)"
  }
}

========================================
 Summary
 Total findings : 1
 Errors         : 0
 Warnings       : 1

 Breakdown by detector:
   signed_memcpy             1
========================================
