========================================
 CWE-195 Signed-to-Unsigned Conversion Detector
 Source  : /Users/afiaasante/Security-Code-Smells/linux/net/ipv4/ip_tunnel_core.c
 Report  : /Users/afiaasante/Security-Code-Smells/results/net_scan/SCS007/ipv4__ip_tunnel_core.c/ip_tunnel_core_report_20260417_175748.txt
 Findings: /Users/afiaasante/Security-Code-Smells/results/net_scan/SCS007/ipv4__ip_tunnel_core.c/ip_tunnel_core_findings_20260417_175748.json
 Date    : Fri Apr 17 17:57:48 EDT 2026
========================================

=== Stage 1: srcml ===

real	0m0.100s
user	0m0.079s
sys	0m0.007s

=== Stage 2: srcslice ===
Writing to :: /Users/afiaasante/Security-Code-Smells/linux/net/ipv4/ip_tunnel_core.c.json
Output Saved to :: /Users/afiaasante/Security-Code-Smells/linux/net/ipv4/ip_tunnel_core.c.json

real	0m0.313s
user	0m0.161s
sys	0m0.007s

=== Stage 3: srcattributor ===

real	0m2.966s
user	0m2.651s
sys	0m0.035s

=== Detector 1: signed_malloc ===
    input  : /Users/afiaasante/Security-Code-Smells/linux/net/ipv4/ip_tunnel_core.c.xml
    output : /tmp/cwe195_findings_RdgN1q

    query  : FIND $T $FUNC($PARAMS) {} CONTAINS malloc($A)
    note   : destructor/constructor blocks covered by XPath fallback


real	0m0.046s
user	0m0.027s
sys	0m0.006s


--- Stage 2: XPath destructor/constructor fallback ---
    no unguarded destructor/constructor malloc found

[ signed_malloc ] 0 finding(s) written to /tmp/cwe195_findings_RdgN1q
=== Detector 2: signed_memcpy ===
    input  : /Users/afiaasante/Security-Code-Smells/linux/net/ipv4/ip_tunnel_core.c.xml
    output : /tmp/cwe195_findings_RdgN1q

    query  : FIND $T $FUNC($PARAMS) {} CONTAINS memcpy($A, $B, $C)

real	0m0.055s
user	0m0.028s
sys	0m0.006s

--- Stage 1 (memcpy): checking srcQL result for positivity guard in <condition> ---
    no taint source -- warning/smell
    finding: /Users/afiaasante/Security-Code-Smells/linux/net/ipv4/ip_tunnel_core.c:161:17 -- iptunnel_metadata_reply() memcpy without positivity guard
    query  : FIND $T $FUNC($PARAMS) {} CONTAINS memmove($A, $B, $C)

real	0m0.071s
user	0m0.027s
sys	0m0.006s


--- Stage 2: XPath destructor/constructor fallback ---

[ signed_memcpy ] 1 finding(s) written to /tmp/cwe195_findings_RdgN1q
=== Detector 3: signed_strncpy ===
    input  : /Users/afiaasante/Security-Code-Smells/linux/net/ipv4/ip_tunnel_core.c.xml
    output : /tmp/cwe195_findings_RdgN1q

    query  : FIND $T $FUNC($PARAMS) {} CONTAINS strncpy($A, $B, $C)
    note   : destructor/constructor blocks covered by XPath fallback


real	0m0.049s
user	0m0.027s
sys	0m0.006s


--- Stage 2: XPath destructor/constructor fallback ---
    no unguarded destructor/constructor strncpy found

[ signed_strncpy ] 0 finding(s) written to /tmp/cwe195_findings_RdgN1q
========================================
 Findings JSON
========================================
{
  "detector": "signed_memcpy",
  "severity": "warning",
  "classification": "smell",
  "rule": "signedUnsignedConversion",
  "file": "/Users/afiaasante/Security-Code-Smells/linux/net/ipv4/ip_tunnel_core.c",
  "line": 161,
  "col": 17,
  "varname": "iptunnel_metadata_reply",
  "note": {
    "line": 161,
    "col": 17,
    "message": "memcpy() in iptunnel_metadata_reply() -- signed int passed as byte count with no positivity guard (data > 0)"
  }
}

========================================
 Summary
 Total findings : 1
 Errors         : 0
 Warnings       : 1

 Breakdown by detector:
   signed_memcpy             1
========================================
