========================================
 CWE-190 Integer Overflow Risk Detector
 Source  : /Users/afiaasante/Security-Code-Smells/linux/net/sctp/stream.c
 Report  : /Users/afiaasante/Security-Code-Smells/results/net_scan/SCS006/sctp__stream.c/stream_report_20260417_174453.txt
 Findings: /Users/afiaasante/Security-Code-Smells/results/net_scan/SCS006/sctp__stream.c/stream_findings_20260417_174453.json
 Date    : Fri Apr 17 17:44:53 EDT 2026
========================================

=== Stage 1: srcml ===

real	0m0.067s
user	0m0.061s
sys	0m0.005s

=== Stage 2: srcslice ===
Writing to :: /Users/afiaasante/Security-Code-Smells/linux/net/sctp/stream.c.json
Output Saved to :: /Users/afiaasante/Security-Code-Smells/linux/net/sctp/stream.c.json

real	0m0.249s
user	0m0.138s
sys	0m0.005s

=== Stage 3: srcattributor ===

real	0m3.024s
user	0m2.921s
sys	0m0.024s

=== Detector 1: unchecked_multiply ===
    input  : /Users/afiaasante/Security-Code-Smells/linux/net/sctp/stream.c.xml
    output : /tmp/cwe190_findings_LvLayD

    query  : FIND $T $FUNC($PARAMS) {} CONTAINS $TYPE $RESULT = $A * $B
    note   : destructor/constructor blocks covered by XPath fallback


real	0m0.028s
user	0m0.021s
sys	0m0.005s


--- Stage 2: XPath destructor/constructor fallback ---
    no unguarded destructor/constructor multiply found

[ unchecked_multiply ] 0 finding(s) written to /tmp/cwe190_findings_LvLayD
=== Detector 2: unchecked_add ===
    input  : /Users/afiaasante/Security-Code-Smells/linux/net/sctp/stream.c.xml
    output : /tmp/cwe190_findings_LvLayD

    query  : FIND $T $FUNC($PARAMS) {} CONTAINS $TYPE $RESULT = $A + $B
    note   : destructor/constructor blocks covered by XPath fallback


real	0m0.028s
user	0m0.021s
sys	0m0.004s


--- Stage 2: XPath destructor/constructor fallback ---
    no unguarded destructor/constructor addition found

[ unchecked_add ] 0 finding(s) written to /tmp/cwe190_findings_LvLayD
=== Detector 3: unchecked_increment ===
    input  : /Users/afiaasante/Security-Code-Smells/linux/net/sctp/stream.c.xml
    output : /tmp/cwe190_findings_LvLayD

    strategy : XPath on srcML XML -- ancestor-scoped guard check

--- extracting finding via XPath ---
    function : sctp_stream_outq_migrate
    position : 85:42

    no taint source -- warning/smell
    finding: /Users/afiaasante/Security-Code-Smells/linux/net/sctp/stream.c:85:42 -- sctp_stream_outq_migrate() increments without MAX guard

[ unchecked_increment ] 1 finding(s) written to /tmp/cwe190_findings_LvLayD
========================================
 Findings JSON
========================================
{
  "detector": "unchecked_increment",
  "severity": "warning",
  "classification": "smell",
  "rule": "integerOverflow",
  "file": "/Users/afiaasante/Security-Code-Smells/linux/net/sctp/stream.c",
  "line": 85,
  "col": 42,
  "varname": "sctp_stream_outq_migrate",
  "note": {
    "line": 85,
    "col": 42,
    "message": "increment (++) in sctp_stream_outq_migrate() -- no upper-bound guard (INT_MAX check)"
  }
}

========================================
 Summary
 Total findings : 1
 Errors         : 0
 Warnings       : 1

 Breakdown by detector:
   unchecked_increment       1
========================================
