========================================
 CWE-195 Signed-to-Unsigned Conversion Detector
 Source  : /Users/afiaasante/Security-Code-Smells/linux/net/netfilter/nf_conntrack_helper.c
 Report  : /Users/afiaasante/Security-Code-Smells/results/net_scan/SCS007/netfilter__nf_conntrack_helper.c/nf_conntrack_helper_report_20260417_180237.txt
 Findings: /Users/afiaasante/Security-Code-Smells/results/net_scan/SCS007/netfilter__nf_conntrack_helper.c/nf_conntrack_helper_findings_20260417_180237.json
 Date    : Fri Apr 17 18:02:37 EDT 2026
========================================

=== Stage 1: srcml ===

real	0m0.072s
user	0m0.040s
sys	0m0.007s

=== Stage 2: srcslice ===
Writing to :: /Users/afiaasante/Security-Code-Smells/linux/net/netfilter/nf_conntrack_helper.c.json
Output Saved to :: /Users/afiaasante/Security-Code-Smells/linux/net/netfilter/nf_conntrack_helper.c.json

real	0m0.274s
user	0m0.079s
sys	0m0.007s

=== Stage 3: srcattributor ===

real	0m0.550s
user	0m0.450s
sys	0m0.012s

=== Detector 1: signed_malloc ===
    input  : /Users/afiaasante/Security-Code-Smells/linux/net/netfilter/nf_conntrack_helper.c.xml
    output : /tmp/cwe195_findings_uKs07j

    query  : FIND $T $FUNC($PARAMS) {} CONTAINS malloc($A)
    note   : destructor/constructor blocks covered by XPath fallback


real	0m0.022s
user	0m0.015s
sys	0m0.005s


--- Stage 2: XPath destructor/constructor fallback ---
    no unguarded destructor/constructor malloc found

[ signed_malloc ] 0 finding(s) written to /tmp/cwe195_findings_uKs07j
=== Detector 2: signed_memcpy ===
    input  : /Users/afiaasante/Security-Code-Smells/linux/net/netfilter/nf_conntrack_helper.c.xml
    output : /tmp/cwe195_findings_uKs07j

    query  : FIND $T $FUNC($PARAMS) {} CONTAINS memcpy($A, $B, $C)

real	0m0.024s
user	0m0.015s
sys	0m0.005s

    query  : FIND $T $FUNC($PARAMS) {} CONTAINS memmove($A, $B, $C)

real	0m0.021s
user	0m0.015s
sys	0m0.004s


--- Stage 2: XPath destructor/constructor fallback ---
    no unguarded destructor/constructor memcpy/memmove found

[ signed_memcpy ] 0 finding(s) written to /tmp/cwe195_findings_uKs07j
=== Detector 3: signed_strncpy ===
    input  : /Users/afiaasante/Security-Code-Smells/linux/net/netfilter/nf_conntrack_helper.c.xml
    output : /tmp/cwe195_findings_uKs07j

    query  : FIND $T $FUNC($PARAMS) {} CONTAINS strncpy($A, $B, $C)
    note   : destructor/constructor blocks covered by XPath fallback


real	0m0.026s
user	0m0.015s
sys	0m0.004s


--- Stage 2: XPath destructor/constructor fallback ---
    no unguarded destructor/constructor strncpy found

[ signed_strncpy ] 0 finding(s) written to /tmp/cwe195_findings_uKs07j
========================================
 Findings JSON
========================================

========================================
 Summary
 Total findings : 0
 Errors         : 0
 Warnings       : 0
========================================
