========================================
 CWE-195 Signed-to-Unsigned Conversion Detector
 Source  : /Users/afiaasante/Security-Code-Smells/linux/net/ethtool/pause.c
 Report  : /Users/afiaasante/Security-Code-Smells/results/net_scan/SCS007/ethtool__pause.c/pause_report_20260417_175658.txt
 Findings: /Users/afiaasante/Security-Code-Smells/results/net_scan/SCS007/ethtool__pause.c/pause_findings_20260417_175658.json
 Date    : Fri Apr 17 17:56:58 EDT 2026
========================================

=== Stage 1: srcml ===

real	0m0.023s
user	0m0.017s
sys	0m0.004s

=== Stage 2: srcslice ===
Writing to :: /Users/afiaasante/Security-Code-Smells/linux/net/ethtool/pause.c.json
Output Saved to :: /Users/afiaasante/Security-Code-Smells/linux/net/ethtool/pause.c.json

real	0m0.199s
user	0m0.049s
sys	0m0.005s

=== Stage 3: srcattributor ===

real	0m0.113s
user	0m0.101s
sys	0m0.005s

=== Detector 1: signed_malloc ===
    input  : /Users/afiaasante/Security-Code-Smells/linux/net/ethtool/pause.c.xml
    output : /tmp/cwe195_findings_Xdjs7E

    query  : FIND $T $FUNC($PARAMS) {} CONTAINS malloc($A)
    note   : destructor/constructor blocks covered by XPath fallback


real	0m0.017s
user	0m0.011s
sys	0m0.005s


--- Stage 2: XPath destructor/constructor fallback ---
    no unguarded destructor/constructor malloc found

[ signed_malloc ] 0 finding(s) written to /tmp/cwe195_findings_Xdjs7E
=== Detector 2: signed_memcpy ===
    input  : /Users/afiaasante/Security-Code-Smells/linux/net/ethtool/pause.c.xml
    output : /tmp/cwe195_findings_Xdjs7E

    query  : FIND $T $FUNC($PARAMS) {} CONTAINS memcpy($A, $B, $C)

real	0m0.017s
user	0m0.011s
sys	0m0.004s

    query  : FIND $T $FUNC($PARAMS) {} CONTAINS memmove($A, $B, $C)

real	0m0.019s
user	0m0.011s
sys	0m0.005s


--- Stage 2: XPath destructor/constructor fallback ---
    no unguarded destructor/constructor memcpy/memmove found

[ signed_memcpy ] 0 finding(s) written to /tmp/cwe195_findings_Xdjs7E
=== Detector 3: signed_strncpy ===
    input  : /Users/afiaasante/Security-Code-Smells/linux/net/ethtool/pause.c.xml
    output : /tmp/cwe195_findings_Xdjs7E

    query  : FIND $T $FUNC($PARAMS) {} CONTAINS strncpy($A, $B, $C)
    note   : destructor/constructor blocks covered by XPath fallback


real	0m0.022s
user	0m0.011s
sys	0m0.005s


--- Stage 2: XPath destructor/constructor fallback ---
    no unguarded destructor/constructor strncpy found

[ signed_strncpy ] 0 finding(s) written to /tmp/cwe195_findings_Xdjs7E
========================================
 Findings JSON
========================================

========================================
 Summary
 Total findings : 0
 Errors         : 0
 Warnings       : 0
========================================
