========================================
 CWE-190 Integer Overflow Risk Detector
 Source  : /Users/afiaasante/Security-Code-Smells/linux/net/caif/cffrml.c
 Report  : /Users/afiaasante/Security-Code-Smells/results/net_scan/SCS006/caif__cffrml.c/cffrml_report_20260417_173613.txt
 Findings: /Users/afiaasante/Security-Code-Smells/results/net_scan/SCS006/caif__cffrml.c/cffrml_findings_20260417_173613.json
 Date    : Fri Apr 17 17:36:13 EDT 2026
========================================

=== Stage 1: srcml ===

real	0m0.013s
user	0m0.009s
sys	0m0.003s

=== Stage 2: srcslice ===
Writing to :: /Users/afiaasante/Security-Code-Smells/linux/net/caif/cffrml.c.json
Output Saved to :: /Users/afiaasante/Security-Code-Smells/linux/net/caif/cffrml.c.json

real	0m0.181s
user	0m0.029s
sys	0m0.004s

=== Stage 3: srcattributor ===

real	0m0.071s
user	0m0.064s
sys	0m0.004s

=== Detector 1: unchecked_multiply ===
    input  : /Users/afiaasante/Security-Code-Smells/linux/net/caif/cffrml.c.xml
    output : /tmp/cwe190_findings_P7LwVn

    query  : FIND $T $FUNC($PARAMS) {} CONTAINS $TYPE $RESULT = $A * $B
    note   : destructor/constructor blocks covered by XPath fallback


real	0m0.011s
user	0m0.006s
sys	0m0.003s


--- Stage 2: XPath destructor/constructor fallback ---
    no unguarded destructor/constructor multiply found

[ unchecked_multiply ] 0 finding(s) written to /tmp/cwe190_findings_P7LwVn
=== Detector 2: unchecked_add ===
    input  : /Users/afiaasante/Security-Code-Smells/linux/net/caif/cffrml.c.xml
    output : /tmp/cwe190_findings_P7LwVn

    query  : FIND $T $FUNC($PARAMS) {} CONTAINS $TYPE $RESULT = $A + $B
    note   : destructor/constructor blocks covered by XPath fallback


real	0m0.013s
user	0m0.007s
sys	0m0.004s


--- Stage 2: XPath destructor/constructor fallback ---
    no unguarded destructor/constructor addition found

[ unchecked_add ] 0 finding(s) written to /tmp/cwe190_findings_P7LwVn
=== Detector 3: unchecked_increment ===
    input  : /Users/afiaasante/Security-Code-Smells/linux/net/caif/cffrml.c.xml
    output : /tmp/cwe190_findings_P7LwVn

    strategy : XPath on srcML XML -- ancestor-scoped guard check

--- extracting finding via XPath ---
    function : cffrml_receive
    position : 97:25

    no taint source -- warning/smell
    finding: /Users/afiaasante/Security-Code-Smells/linux/net/caif/cffrml.c:97:25 -- cffrml_receive() increments without MAX guard

[ unchecked_increment ] 1 finding(s) written to /tmp/cwe190_findings_P7LwVn
========================================
 Findings JSON
========================================
{
  "detector": "unchecked_increment",
  "severity": "warning",
  "classification": "smell",
  "rule": "integerOverflow",
  "file": "/Users/afiaasante/Security-Code-Smells/linux/net/caif/cffrml.c",
  "line": 97,
  "col": 25,
  "varname": "cffrml_receive",
  "note": {
    "line": 97,
    "col": 25,
    "message": "increment (++) in cffrml_receive() -- no upper-bound guard (INT_MAX check)"
  }
}

========================================
 Summary
 Total findings : 1
 Errors         : 0
 Warnings       : 1

 Breakdown by detector:
   unchecked_increment       1
========================================
