========================================
 CWE-195 Signed-to-Unsigned Conversion Detector
 Source  : /Users/afiaasante/Security-Code-Smells/linux/net/mac80211/tx.c
 Report  : /Users/afiaasante/Security-Code-Smells/results/net_scan/SCS007/mac80211__tx.c/tx_report_20260417_180104.txt
 Findings: /Users/afiaasante/Security-Code-Smells/results/net_scan/SCS007/mac80211__tx.c/tx_findings_20260417_180104.json
 Date    : Fri Apr 17 18:01:04 EDT 2026
========================================

=== Stage 1: srcml ===

real	0m0.381s
user	0m0.358s
sys	0m0.011s

=== Stage 2: srcslice ===
Writing to :: /Users/afiaasante/Security-Code-Smells/linux/net/mac80211/tx.c.json
Output Saved to :: /Users/afiaasante/Security-Code-Smells/linux/net/mac80211/tx.c.json

real	0m1.018s
user	0m0.773s
sys	0m0.020s

=== Stage 3: srcattributor ===

real	1m43.651s
user	1m33.318s
sys	0m0.998s

=== Detector 1: signed_malloc ===
    input  : /Users/afiaasante/Security-Code-Smells/linux/net/mac80211/tx.c.xml
    output : /tmp/cwe195_findings_N6r1st

    query  : FIND $T $FUNC($PARAMS) {} CONTAINS malloc($A)
    note   : destructor/constructor blocks covered by XPath fallback


real	0m0.126s
user	0m0.105s
sys	0m0.010s


--- Stage 2: XPath destructor/constructor fallback ---
    no unguarded destructor/constructor malloc found

[ signed_malloc ] 0 finding(s) written to /tmp/cwe195_findings_N6r1st
=== Detector 2: signed_memcpy ===
    input  : /Users/afiaasante/Security-Code-Smells/linux/net/mac80211/tx.c.xml
    output : /tmp/cwe195_findings_N6r1st

    query  : FIND $T $FUNC($PARAMS) {} CONTAINS memcpy($A, $B, $C)

real	0m0.143s
user	0m0.118s
sys	0m0.012s

--- Stage 1 (memcpy): checking srcQL result for positivity guard in <condition> ---
    guarded -- > operator found in condition, no finding
    query  : FIND $T $FUNC($PARAMS) {} CONTAINS memmove($A, $B, $C)

real	0m0.129s
user	0m0.103s
sys	0m0.012s

--- Stage 1 (memmove): checking srcQL result for positivity guard in <condition> ---
    no taint source -- warning/smell
    finding: /Users/afiaasante/Security-Code-Smells/linux/net/mac80211/tx.c:3362:9 -- ieee80211_amsdu_prepare_head() memmove without positivity guard

--- Stage 2: XPath destructor/constructor fallback ---

[ signed_memcpy ] 1 finding(s) written to /tmp/cwe195_findings_N6r1st
=== Detector 3: signed_strncpy ===
    input  : /Users/afiaasante/Security-Code-Smells/linux/net/mac80211/tx.c.xml
    output : /tmp/cwe195_findings_N6r1st

    query  : FIND $T $FUNC($PARAMS) {} CONTAINS strncpy($A, $B, $C)
    note   : destructor/constructor blocks covered by XPath fallback


real	0m0.134s
user	0m0.109s
sys	0m0.012s


--- Stage 2: XPath destructor/constructor fallback ---
    no unguarded destructor/constructor strncpy found

[ signed_strncpy ] 0 finding(s) written to /tmp/cwe195_findings_N6r1st
========================================
 Findings JSON
========================================
{
  "detector": "signed_memcpy",
  "severity": "warning",
  "classification": "smell",
  "rule": "signedUnsignedConversion",
  "file": "/Users/afiaasante/Security-Code-Smells/linux/net/mac80211/tx.c",
  "line": 3362,
  "col": 9,
  "varname": "ieee80211_amsdu_prepare_head",
  "note": {
    "line": 3362,
    "col": 9,
    "message": "memmove() in ieee80211_amsdu_prepare_head() -- signed int passed as byte count with no positivity guard (data > 0)"
  }
}

========================================
 Summary
 Total findings : 1
 Errors         : 0
 Warnings       : 1

 Breakdown by detector:
   signed_memcpy             1
========================================
