========================================
 CWE-195 Signed-to-Unsigned Conversion Detector
 Source  : /Users/afiaasante/Security-Code-Smells/linux/net/sched/sch_frag.c
 Report  : /Users/afiaasante/Security-Code-Smells/results/net_scan/SCS007/sched__sch_frag.c/sch_frag_report_20260417_180513.txt
 Findings: /Users/afiaasante/Security-Code-Smells/results/net_scan/SCS007/sched__sch_frag.c/sch_frag_findings_20260417_180513.json
 Date    : Fri Apr 17 18:05:13 EDT 2026
========================================

=== Stage 1: srcml ===

real	0m0.026s
user	0m0.019s
sys	0m0.005s

=== Stage 2: srcslice ===
Writing to :: /Users/afiaasante/Security-Code-Smells/linux/net/sched/sch_frag.c.json
Output Saved to :: /Users/afiaasante/Security-Code-Smells/linux/net/sched/sch_frag.c.json

real	0m0.196s
user	0m0.043s
sys	0m0.006s

=== Stage 3: srcattributor ===

real	0m0.097s
user	0m0.085s
sys	0m0.005s

=== Detector 1: signed_malloc ===
    input  : /Users/afiaasante/Security-Code-Smells/linux/net/sched/sch_frag.c.xml
    output : /tmp/cwe195_findings_0oxlnA

    query  : FIND $T $FUNC($PARAMS) {} CONTAINS malloc($A)
    note   : destructor/constructor blocks covered by XPath fallback


real	0m0.019s
user	0m0.010s
sys	0m0.004s


--- Stage 2: XPath destructor/constructor fallback ---
    no unguarded destructor/constructor malloc found

[ signed_malloc ] 0 finding(s) written to /tmp/cwe195_findings_0oxlnA
=== Detector 2: signed_memcpy ===
    input  : /Users/afiaasante/Security-Code-Smells/linux/net/sched/sch_frag.c.xml
    output : /tmp/cwe195_findings_0oxlnA

    query  : FIND $T $FUNC($PARAMS) {} CONTAINS memcpy($A, $B, $C)

real	0m0.020s
user	0m0.011s
sys	0m0.005s

--- Stage 1 (memcpy): checking srcQL result for positivity guard in <condition> ---
    no taint source -- warning/smell
    finding: /Users/afiaasante/Security-Code-Smells/linux/net/sched/sch_frag.c:47:9 -- sch_frag_xmit() memcpy without positivity guard
    query  : FIND $T $FUNC($PARAMS) {} CONTAINS memmove($A, $B, $C)

real	0m0.021s
user	0m0.010s
sys	0m0.005s


--- Stage 2: XPath destructor/constructor fallback ---

[ signed_memcpy ] 1 finding(s) written to /tmp/cwe195_findings_0oxlnA
=== Detector 3: signed_strncpy ===
    input  : /Users/afiaasante/Security-Code-Smells/linux/net/sched/sch_frag.c.xml
    output : /tmp/cwe195_findings_0oxlnA

    query  : FIND $T $FUNC($PARAMS) {} CONTAINS strncpy($A, $B, $C)
    note   : destructor/constructor blocks covered by XPath fallback


real	0m0.018s
user	0m0.010s
sys	0m0.005s


--- Stage 2: XPath destructor/constructor fallback ---
    no unguarded destructor/constructor strncpy found

[ signed_strncpy ] 0 finding(s) written to /tmp/cwe195_findings_0oxlnA
========================================
 Findings JSON
========================================
{
  "detector": "signed_memcpy",
  "severity": "warning",
  "classification": "smell",
  "rule": "signedUnsignedConversion",
  "file": "/Users/afiaasante/Security-Code-Smells/linux/net/sched/sch_frag.c",
  "line": 47,
  "col": 9,
  "varname": "sch_frag_xmit",
  "note": {
    "line": 47,
    "col": 9,
    "message": "memcpy() in sch_frag_xmit() -- signed int passed as byte count with no positivity guard (data > 0)"
  }
}

========================================
 Summary
 Total findings : 1
 Errors         : 0
 Warnings       : 1

 Breakdown by detector:
   signed_memcpy             1
========================================
