========================================
 CWE-190 Integer Overflow Risk Detector
 Source  : /Users/afiaasante/Security-Code-Smells/linux/net/core/hwbm.c
 Report  : /Users/afiaasante/Security-Code-Smells/results/net_scan/SCS006/core__hwbm.c/hwbm_report_20260417_173653.txt
 Findings: /Users/afiaasante/Security-Code-Smells/results/net_scan/SCS006/core__hwbm.c/hwbm_findings_20260417_173653.json
 Date    : Fri Apr 17 17:36:53 EDT 2026
========================================

=== Stage 1: srcml ===

real	0m0.013s
user	0m0.007s
sys	0m0.004s

=== Stage 2: srcslice ===
Writing to :: /Users/afiaasante/Security-Code-Smells/linux/net/core/hwbm.c.json
Output Saved to :: /Users/afiaasante/Security-Code-Smells/linux/net/core/hwbm.c.json

real	0m0.183s
user	0m0.020s
sys	0m0.002s

=== Stage 3: srcattributor ===

real	0m0.022s
user	0m0.017s
sys	0m0.003s

=== Detector 1: unchecked_multiply ===
    input  : /Users/afiaasante/Security-Code-Smells/linux/net/core/hwbm.c.xml
    output : /tmp/cwe190_findings_2JXqTx

    query  : FIND $T $FUNC($PARAMS) {} CONTAINS $TYPE $RESULT = $A * $B
    note   : destructor/constructor blocks covered by XPath fallback


real	0m0.015s
user	0m0.007s
sys	0m0.004s


--- Stage 2: XPath destructor/constructor fallback ---
    no unguarded destructor/constructor multiply found

[ unchecked_multiply ] 0 finding(s) written to /tmp/cwe190_findings_2JXqTx
=== Detector 2: unchecked_add ===
    input  : /Users/afiaasante/Security-Code-Smells/linux/net/core/hwbm.c.xml
    output : /tmp/cwe190_findings_2JXqTx

    query  : FIND $T $FUNC($PARAMS) {} CONTAINS $TYPE $RESULT = $A + $B
    note   : destructor/constructor blocks covered by XPath fallback


real	0m0.008s
user	0m0.005s
sys	0m0.003s


--- Stage 2: XPath destructor/constructor fallback ---
    no unguarded destructor/constructor addition found

[ unchecked_add ] 0 finding(s) written to /tmp/cwe190_findings_2JXqTx
=== Detector 3: unchecked_increment ===
    input  : /Users/afiaasante/Security-Code-Smells/linux/net/core/hwbm.c.xml
    output : /tmp/cwe190_findings_2JXqTx

    strategy : XPath on srcML XML -- ancestor-scoped guard check

--- extracting finding via XPath ---
    function : hwbm_pool_add
    position : 71:35

    no taint source -- warning/smell
    finding: /Users/afiaasante/Security-Code-Smells/linux/net/core/hwbm.c:71:35 -- hwbm_pool_add() increments without MAX guard

[ unchecked_increment ] 1 finding(s) written to /tmp/cwe190_findings_2JXqTx
========================================
 Findings JSON
========================================
{
  "detector": "unchecked_increment",
  "severity": "warning",
  "classification": "smell",
  "rule": "integerOverflow",
  "file": "/Users/afiaasante/Security-Code-Smells/linux/net/core/hwbm.c",
  "line": 71,
  "col": 35,
  "varname": "hwbm_pool_add",
  "note": {
    "line": 71,
    "col": 35,
    "message": "increment (++) in hwbm_pool_add() -- no upper-bound guard (INT_MAX check)"
  }
}

========================================
 Summary
 Total findings : 1
 Errors         : 0
 Warnings       : 1

 Breakdown by detector:
   unchecked_increment       1
========================================
