========================================
 CWE-195 Signed-to-Unsigned Conversion Detector
 Source  : /Users/afiaasante/Security-Code-Smells/linux/net/ceph/pagelist.c
 Report  : /Users/afiaasante/Security-Code-Smells/results/net_scan/SCS007/ceph__pagelist.c/pagelist_report_20260417_175421.txt
 Findings: /Users/afiaasante/Security-Code-Smells/results/net_scan/SCS007/ceph__pagelist.c/pagelist_findings_20260417_175421.json
 Date    : Fri Apr 17 17:54:21 EDT 2026
========================================

=== Stage 1: srcml ===

real	0m0.021s
user	0m0.014s
sys	0m0.004s

=== Stage 2: srcslice ===
Writing to :: /Users/afiaasante/Security-Code-Smells/linux/net/ceph/pagelist.c.json
Output Saved to :: /Users/afiaasante/Security-Code-Smells/linux/net/ceph/pagelist.c.json

real	0m0.199s
user	0m0.039s
sys	0m0.004s

=== Stage 3: srcattributor ===

real	0m0.077s
user	0m0.066s
sys	0m0.005s

=== Detector 1: signed_malloc ===
    input  : /Users/afiaasante/Security-Code-Smells/linux/net/ceph/pagelist.c.xml
    output : /tmp/cwe195_findings_sLSgni

    query  : FIND $T $FUNC($PARAMS) {} CONTAINS malloc($A)
    note   : destructor/constructor blocks covered by XPath fallback


real	0m0.016s
user	0m0.009s
sys	0m0.004s


--- Stage 2: XPath destructor/constructor fallback ---
    no unguarded destructor/constructor malloc found

[ signed_malloc ] 0 finding(s) written to /tmp/cwe195_findings_sLSgni
=== Detector 2: signed_memcpy ===
    input  : /Users/afiaasante/Security-Code-Smells/linux/net/ceph/pagelist.c.xml
    output : /tmp/cwe195_findings_sLSgni

    query  : FIND $T $FUNC($PARAMS) {} CONTAINS memcpy($A, $B, $C)

real	0m0.030s
user	0m0.009s
sys	0m0.004s

--- Stage 1 (memcpy): checking srcQL result for positivity guard in <condition> ---
    no taint source -- warning/smell
    finding: /Users/afiaasante/Security-Code-Smells/linux/net/ceph/pagelist.c:80:17 -- ceph_pagelist_append() memcpy without positivity guard
    query  : FIND $T $FUNC($PARAMS) {} CONTAINS memmove($A, $B, $C)

real	0m0.027s
user	0m0.009s
sys	0m0.004s


--- Stage 2: XPath destructor/constructor fallback ---

[ signed_memcpy ] 1 finding(s) written to /tmp/cwe195_findings_sLSgni
=== Detector 3: signed_strncpy ===
    input  : /Users/afiaasante/Security-Code-Smells/linux/net/ceph/pagelist.c.xml
    output : /tmp/cwe195_findings_sLSgni

    query  : FIND $T $FUNC($PARAMS) {} CONTAINS strncpy($A, $B, $C)
    note   : destructor/constructor blocks covered by XPath fallback


real	0m0.020s
user	0m0.009s
sys	0m0.004s


--- Stage 2: XPath destructor/constructor fallback ---
    no unguarded destructor/constructor strncpy found

[ signed_strncpy ] 0 finding(s) written to /tmp/cwe195_findings_sLSgni
========================================
 Findings JSON
========================================
{
  "detector": "signed_memcpy",
  "severity": "warning",
  "classification": "smell",
  "rule": "signedUnsignedConversion",
  "file": "/Users/afiaasante/Security-Code-Smells/linux/net/ceph/pagelist.c",
  "line": 80,
  "col": 17,
  "varname": "ceph_pagelist_append",
  "note": {
    "line": 80,
    "col": 17,
    "message": "memcpy() in ceph_pagelist_append() -- signed int passed as byte count with no positivity guard (data > 0)"
  }
}

========================================
 Summary
 Total findings : 1
 Errors         : 0
 Warnings       : 1

 Breakdown by detector:
   signed_memcpy             1
========================================
