========================================
 CWE-195 Signed-to-Unsigned Conversion Detector
 Source  : /Users/afiaasante/Security-Code-Smells/linux/net/ax25/ax25_out.c
 Report  : /Users/afiaasante/Security-Code-Smells/results/net_scan/SCS007/ax25__ax25_out.c/ax25_out_report_20260417_175232.txt
 Findings: /Users/afiaasante/Security-Code-Smells/results/net_scan/SCS007/ax25__ax25_out.c/ax25_out_findings_20260417_175232.json
 Date    : Fri Apr 17 17:52:32 EDT 2026
========================================

=== Stage 1: srcml ===

real	0m0.015s
user	0m0.012s
sys	0m0.003s

=== Stage 2: srcslice ===
Writing to :: /Users/afiaasante/Security-Code-Smells/linux/net/ax25/ax25_out.c.json
Output Saved to :: /Users/afiaasante/Security-Code-Smells/linux/net/ax25/ax25_out.c.json

real	0m0.177s
user	0m0.037s
sys	0m0.002s

=== Stage 3: srcattributor ===

real	0m0.169s
user	0m0.162s
sys	0m0.004s

=== Detector 1: signed_malloc ===
    input  : /Users/afiaasante/Security-Code-Smells/linux/net/ax25/ax25_out.c.xml
    output : /tmp/cwe195_findings_KXryls

    query  : FIND $T $FUNC($PARAMS) {} CONTAINS malloc($A)
    note   : destructor/constructor blocks covered by XPath fallback


real	0m0.011s
user	0m0.007s
sys	0m0.003s


--- Stage 2: XPath destructor/constructor fallback ---
    no unguarded destructor/constructor malloc found

[ signed_malloc ] 0 finding(s) written to /tmp/cwe195_findings_KXryls
=== Detector 2: signed_memcpy ===
    input  : /Users/afiaasante/Security-Code-Smells/linux/net/ax25/ax25_out.c.xml
    output : /tmp/cwe195_findings_KXryls

    query  : FIND $T $FUNC($PARAMS) {} CONTAINS memcpy($A, $B, $C)

real	0m0.010s
user	0m0.007s
sys	0m0.002s

    query  : FIND $T $FUNC($PARAMS) {} CONTAINS memmove($A, $B, $C)

real	0m0.010s
user	0m0.007s
sys	0m0.003s


--- Stage 2: XPath destructor/constructor fallback ---
    no unguarded destructor/constructor memcpy/memmove found

[ signed_memcpy ] 0 finding(s) written to /tmp/cwe195_findings_KXryls
=== Detector 3: signed_strncpy ===
    input  : /Users/afiaasante/Security-Code-Smells/linux/net/ax25/ax25_out.c.xml
    output : /tmp/cwe195_findings_KXryls

    query  : FIND $T $FUNC($PARAMS) {} CONTAINS strncpy($A, $B, $C)
    note   : destructor/constructor blocks covered by XPath fallback


real	0m0.012s
user	0m0.008s
sys	0m0.003s


--- Stage 2: XPath destructor/constructor fallback ---
    no unguarded destructor/constructor strncpy found

[ signed_strncpy ] 0 finding(s) written to /tmp/cwe195_findings_KXryls
========================================
 Findings JSON
========================================

========================================
 Summary
 Total findings : 0
 Errors         : 0
 Warnings       : 0
========================================
