========================================
 CWE-190 Integer Overflow Risk Detector
 Source  : /Users/afiaasante/Security-Code-Smells/linux/net/rxrpc/local_object.c
 Report  : /Users/afiaasante/Security-Code-Smells/results/net_scan/SCS006/rxrpc__local_object.c/local_object_report_20260417_174356.txt
 Findings: /Users/afiaasante/Security-Code-Smells/results/net_scan/SCS006/rxrpc__local_object.c/local_object_findings_20260417_174356.json
 Date    : Fri Apr 17 17:43:56 EDT 2026
========================================

=== Stage 1: srcml ===

real	0m0.034s
user	0m0.028s
sys	0m0.004s

=== Stage 2: srcslice ===
Writing to :: /Users/afiaasante/Security-Code-Smells/linux/net/rxrpc/local_object.c.json
Output Saved to :: /Users/afiaasante/Security-Code-Smells/linux/net/rxrpc/local_object.c.json

real	0m0.192s
user	0m0.061s
sys	0m0.004s

=== Stage 3: srcattributor ===

real	0m0.306s
user	0m0.292s
sys	0m0.006s

=== Detector 1: unchecked_multiply ===
    input  : /Users/afiaasante/Security-Code-Smells/linux/net/rxrpc/local_object.c.xml
    output : /tmp/cwe190_findings_I3C7Rg

    query  : FIND $T $FUNC($PARAMS) {} CONTAINS $TYPE $RESULT = $A * $B
    note   : destructor/constructor blocks covered by XPath fallback


real	0m0.018s
user	0m0.012s
sys	0m0.004s


--- Stage 2: XPath destructor/constructor fallback ---
    no unguarded destructor/constructor multiply found

[ unchecked_multiply ] 0 finding(s) written to /tmp/cwe190_findings_I3C7Rg
=== Detector 2: unchecked_add ===
    input  : /Users/afiaasante/Security-Code-Smells/linux/net/rxrpc/local_object.c.xml
    output : /tmp/cwe190_findings_I3C7Rg

    query  : FIND $T $FUNC($PARAMS) {} CONTAINS $TYPE $RESULT = $A + $B
    note   : destructor/constructor blocks covered by XPath fallback


real	0m0.018s
user	0m0.012s
sys	0m0.005s


--- Stage 2: XPath destructor/constructor fallback ---
    no unguarded destructor/constructor addition found

[ unchecked_add ] 0 finding(s) written to /tmp/cwe190_findings_I3C7Rg
=== Detector 3: unchecked_increment ===
    input  : /Users/afiaasante/Security-Code-Smells/linux/net/rxrpc/local_object.c.xml
    output : /tmp/cwe190_findings_I3C7Rg

    strategy : XPath on srcML XML -- ancestor-scoped guard check

[ unchecked_increment ] No smell detected.
========================================
 Findings JSON
========================================

========================================
 Summary
 Total findings : 0
 Errors         : 0
 Warnings       : 0
========================================
