========================================
 CWE-190 Integer Overflow Risk Detector
 Source  : /Users/afiaasante/Security-Code-Smells/linux/net/netfilter/nf_nat_core.c
 Report  : /Users/afiaasante/Security-Code-Smells/results/net_scan/SCS006/netfilter__nf_nat_core.c/nf_nat_core_report_20260417_174238.txt
 Findings: /Users/afiaasante/Security-Code-Smells/results/net_scan/SCS006/netfilter__nf_nat_core.c/nf_nat_core_findings_20260417_174238.json
 Date    : Fri Apr 17 17:42:38 EDT 2026
========================================

=== Stage 1: srcml ===

real	0m0.079s
user	0m0.070s
sys	0m0.005s

=== Stage 2: srcslice ===
Writing to :: /Users/afiaasante/Security-Code-Smells/linux/net/netfilter/nf_nat_core.c.json
Output Saved to :: /Users/afiaasante/Security-Code-Smells/linux/net/netfilter/nf_nat_core.c.json

real	0m0.251s
user	0m0.147s
sys	0m0.006s

=== Stage 3: srcattributor ===

real	0m2.988s
user	0m2.881s
sys	0m0.029s

=== Detector 1: unchecked_multiply ===
    input  : /Users/afiaasante/Security-Code-Smells/linux/net/netfilter/nf_nat_core.c.xml
    output : /tmp/cwe190_findings_8nAWx8

    query  : FIND $T $FUNC($PARAMS) {} CONTAINS $TYPE $RESULT = $A * $B
    note   : destructor/constructor blocks covered by XPath fallback


real	0m0.031s
user	0m0.023s
sys	0m0.005s


--- Stage 2: XPath destructor/constructor fallback ---
    no unguarded destructor/constructor multiply found

[ unchecked_multiply ] 0 finding(s) written to /tmp/cwe190_findings_8nAWx8
=== Detector 2: unchecked_add ===
    input  : /Users/afiaasante/Security-Code-Smells/linux/net/netfilter/nf_nat_core.c.xml
    output : /tmp/cwe190_findings_8nAWx8

    query  : FIND $T $FUNC($PARAMS) {} CONTAINS $TYPE $RESULT = $A + $B
    note   : destructor/constructor blocks covered by XPath fallback


real	0m0.028s
user	0m0.022s
sys	0m0.004s


--- Stage 2: XPath destructor/constructor fallback ---
    no unguarded destructor/constructor addition found

[ unchecked_add ] 0 finding(s) written to /tmp/cwe190_findings_8nAWx8
=== Detector 3: unchecked_increment ===
    input  : /Users/afiaasante/Security-Code-Smells/linux/net/netfilter/nf_nat_core.c.xml
    output : /tmp/cwe190_findings_8nAWx8

    strategy : XPath on srcML XML -- ancestor-scoped guard check

--- extracting finding via XPath ---
    function : find_best_ips_proto
    position : 542:32

    no taint source -- warning/smell
    finding: /Users/afiaasante/Security-Code-Smells/linux/net/netfilter/nf_nat_core.c:542:32 -- find_best_ips_proto() increments without MAX guard

[ unchecked_increment ] 1 finding(s) written to /tmp/cwe190_findings_8nAWx8
========================================
 Findings JSON
========================================
{
  "detector": "unchecked_increment",
  "severity": "warning",
  "classification": "smell",
  "rule": "integerOverflow",
  "file": "/Users/afiaasante/Security-Code-Smells/linux/net/netfilter/nf_nat_core.c",
  "line": 542,
  "col": 32,
  "varname": "find_best_ips_proto",
  "note": {
    "line": 542,
    "col": 32,
    "message": "increment (++) in find_best_ips_proto() -- no upper-bound guard (INT_MAX check)"
  }
}

========================================
 Summary
 Total findings : 1
 Errors         : 0
 Warnings       : 1

 Breakdown by detector:
   unchecked_increment       1
========================================
