========================================
 CWE-190 Integer Overflow Risk Detector
 Source  : /Users/afiaasante/Security-Code-Smells/linux/net/ceph/osd_client.c
 Report  : /Users/afiaasante/Security-Code-Smells/results/net_scan/SCS006/ceph__osd_client.c/osd_client_report_20260417_173633.txt
 Findings: /Users/afiaasante/Security-Code-Smells/results/net_scan/SCS006/ceph__osd_client.c/osd_client_findings_20260417_173633.json
 Date    : Fri Apr 17 17:36:33 EDT 2026
========================================

=== Stage 1: srcml ===

real	0m0.244s
user	0m0.228s
sys	0m0.008s

=== Stage 2: srcslice ===
Writing to :: /Users/afiaasante/Security-Code-Smells/linux/net/ceph/osd_client.c.json
Output Saved to :: /Users/afiaasante/Security-Code-Smells/linux/net/ceph/osd_client.c.json

real	0m0.649s
user	0m0.478s
sys	0m0.014s

=== Stage 3: srcattributor ===

real	1m3.303s
user	1m0.425s
sys	0m0.583s

=== Detector 1: unchecked_multiply ===
    input  : /Users/afiaasante/Security-Code-Smells/linux/net/ceph/osd_client.c.xml
    output : /tmp/cwe190_findings_Zh06jl

    query  : FIND $T $FUNC($PARAMS) {} CONTAINS $TYPE $RESULT = $A * $B
    note   : destructor/constructor blocks covered by XPath fallback


real	0m0.084s
user	0m0.071s
sys	0m0.010s

--- Stage 1: checking srcQL result for MAX guard in <condition> ---
    no taint source -- warning/smell
    finding: /Users/afiaasante/Security-Code-Smells/linux/net/ceph/osd_client.c:2587:19 -- abort_fn() multiplies without MAX guard

--- Stage 2: XPath destructor/constructor fallback ---
    no unguarded destructor/constructor multiply found

[ unchecked_multiply ] 1 finding(s) written to /tmp/cwe190_findings_Zh06jl
=== Detector 2: unchecked_add ===
    input  : /Users/afiaasante/Security-Code-Smells/linux/net/ceph/osd_client.c.xml
    output : /tmp/cwe190_findings_Zh06jl

    query  : FIND $T $FUNC($PARAMS) {} CONTAINS $TYPE $RESULT = $A + $B
    note   : destructor/constructor blocks covered by XPath fallback


real	0m0.082s
user	0m0.071s
sys	0m0.009s

--- Stage 1: checking srcQL result for MAX guard in <condition> ---
    no taint source -- warning/smell
    finding: /Users/afiaasante/Security-Code-Smells/linux/net/ceph/osd_client.c:2148:29 -- encode_request_partial() adds without MAX guard

--- Stage 2: XPath destructor/constructor fallback ---
    no unguarded destructor/constructor addition found

[ unchecked_add ] 1 finding(s) written to /tmp/cwe190_findings_Zh06jl
=== Detector 3: unchecked_increment ===
    input  : /Users/afiaasante/Security-Code-Smells/linux/net/ceph/osd_client.c.xml
    output : /tmp/cwe190_findings_Zh06jl

    strategy : XPath on srcML XML -- ancestor-scoped guard check

--- extracting finding via XPath ---
    function : ceph_osdc_release_request
    position : 498:54

    no taint source -- warning/smell
    finding: /Users/afiaasante/Security-Code-Smells/linux/net/ceph/osd_client.c:498:54 -- ceph_osdc_release_request() increments without MAX guard

[ unchecked_increment ] 1 finding(s) written to /tmp/cwe190_findings_Zh06jl
========================================
 Findings JSON
========================================
{
  "detector": "unchecked_multiply",
  "severity": "warning",
  "classification": "smell",
  "rule": "integerOverflow",
  "file": "/Users/afiaasante/Security-Code-Smells/linux/net/ceph/osd_client.c",
  "line": 2587,
  "col": 19,
  "varname": "abort_fn",
  "note": {
    "line": 2587,
    "col": 19,
    "message": "multiplication in abort_fn() -- no upper-bound guard (INT_MAX / 2)"
  }
}
{
  "detector": "unchecked_add",
  "severity": "warning",
  "classification": "smell",
  "rule": "integerOverflow",
  "file": "/Users/afiaasante/Security-Code-Smells/linux/net/ceph/osd_client.c",
  "line": 2148,
  "col": 29,
  "varname": "encode_request_partial",
  "note": {
    "line": 2148,
    "col": 29,
    "message": "addition in encode_request_partial() -- no upper-bound guard before adding"
  }
}
{
  "detector": "unchecked_increment",
  "severity": "warning",
  "classification": "smell",
  "rule": "integerOverflow",
  "file": "/Users/afiaasante/Security-Code-Smells/linux/net/ceph/osd_client.c",
  "line": 498,
  "col": 54,
  "varname": "ceph_osdc_release_request",
  "note": {
    "line": 498,
    "col": 54,
    "message": "increment (++) in ceph_osdc_release_request() -- no upper-bound guard (INT_MAX check)"
  }
}

========================================
 Summary
 Total findings : 3
 Errors         : 0
 Warnings       : 3

 Breakdown by detector:
   unchecked_add             1
   unchecked_increment       1
   unchecked_multiply        1
========================================
