========================================
 CWE-195 Signed-to-Unsigned Conversion Detector
 Source  : /Users/afiaasante/Security-Code-Smells/linux/net/phonet/af_phonet.c
 Report  : /Users/afiaasante/Security-Code-Smells/results/net_scan/SCS007/phonet__af_phonet.c/af_phonet_report_20260417_180401.txt
 Findings: /Users/afiaasante/Security-Code-Smells/results/net_scan/SCS007/phonet__af_phonet.c/af_phonet_findings_20260417_180401.json
 Date    : Fri Apr 17 18:04:01 EDT 2026
========================================

=== Stage 1: srcml ===

real	0m0.059s
user	0m0.041s
sys	0m0.006s

=== Stage 2: srcslice ===
Writing to :: /Users/afiaasante/Security-Code-Smells/linux/net/phonet/af_phonet.c.json
Output Saved to :: /Users/afiaasante/Security-Code-Smells/linux/net/phonet/af_phonet.c.json

real	0m0.252s
user	0m0.084s
sys	0m0.006s

=== Stage 3: srcattributor ===

real	0m0.922s
user	0m0.658s
sys	0m0.017s

=== Detector 1: signed_malloc ===
    input  : /Users/afiaasante/Security-Code-Smells/linux/net/phonet/af_phonet.c.xml
    output : /tmp/cwe195_findings_5lIGqs

    query  : FIND $T $FUNC($PARAMS) {} CONTAINS malloc($A)
    note   : destructor/constructor blocks covered by XPath fallback


real	0m0.040s
user	0m0.016s
sys	0m0.005s


--- Stage 2: XPath destructor/constructor fallback ---
    no unguarded destructor/constructor malloc found

[ signed_malloc ] 0 finding(s) written to /tmp/cwe195_findings_5lIGqs
=== Detector 2: signed_memcpy ===
    input  : /Users/afiaasante/Security-Code-Smells/linux/net/phonet/af_phonet.c.xml
    output : /tmp/cwe195_findings_5lIGqs

    query  : FIND $T $FUNC($PARAMS) {} CONTAINS memcpy($A, $B, $C)

real	0m0.041s
user	0m0.016s
sys	0m0.006s

    query  : FIND $T $FUNC($PARAMS) {} CONTAINS memmove($A, $B, $C)

real	0m0.033s
user	0m0.017s
sys	0m0.006s


--- Stage 2: XPath destructor/constructor fallback ---
    no unguarded destructor/constructor memcpy/memmove found

[ signed_memcpy ] 0 finding(s) written to /tmp/cwe195_findings_5lIGqs
=== Detector 3: signed_strncpy ===
    input  : /Users/afiaasante/Security-Code-Smells/linux/net/phonet/af_phonet.c.xml
    output : /tmp/cwe195_findings_5lIGqs

    query  : FIND $T $FUNC($PARAMS) {} CONTAINS strncpy($A, $B, $C)
    note   : destructor/constructor blocks covered by XPath fallback


real	0m0.030s
user	0m0.016s
sys	0m0.005s


--- Stage 2: XPath destructor/constructor fallback ---
    no unguarded destructor/constructor strncpy found

[ signed_strncpy ] 0 finding(s) written to /tmp/cwe195_findings_5lIGqs
========================================
 Findings JSON
========================================

========================================
 Summary
 Total findings : 0
 Errors         : 0
 Warnings       : 0
========================================
