========================================
 CWE-190 Integer Overflow Risk Detector
 Source  : /Users/afiaasante/Security-Code-Smells/linux/net/batman-adv/bat_iv_ogm.c
 Report  : /Users/afiaasante/Security-Code-Smells/results/net_scan/SCS006/batman-adv__bat_iv_ogm.c/bat_iv_ogm_report_20260417_173517.txt
 Findings: /Users/afiaasante/Security-Code-Smells/results/net_scan/SCS006/batman-adv__bat_iv_ogm.c/bat_iv_ogm_findings_20260417_173517.json
 Date    : Fri Apr 17 17:35:17 EDT 2026
========================================

=== Stage 1: srcml ===

real	0m0.050s
user	0m0.046s
sys	0m0.003s

=== Stage 2: srcslice ===
Writing to :: /Users/afiaasante/Security-Code-Smells/linux/net/batman-adv/bat_iv_ogm.c.json
Output Saved to :: /Users/afiaasante/Security-Code-Smells/linux/net/batman-adv/bat_iv_ogm.c.json

real	0m0.235s
user	0m0.105s
sys	0m0.004s

=== Stage 3: srcattributor ===

real	0m3.476s
user	0m3.309s
sys	0m0.033s

=== Detector 1: unchecked_multiply ===
    input  : /Users/afiaasante/Security-Code-Smells/linux/net/batman-adv/bat_iv_ogm.c.xml
    output : /tmp/cwe190_findings_L9nJU8

    query  : FIND $T $FUNC($PARAMS) {} CONTAINS $TYPE $RESULT = $A * $B
    note   : destructor/constructor blocks covered by XPath fallback


real	0m0.028s
user	0m0.022s
sys	0m0.005s


--- Stage 2: XPath destructor/constructor fallback ---
    no unguarded destructor/constructor multiply found

[ unchecked_multiply ] 0 finding(s) written to /tmp/cwe190_findings_L9nJU8
=== Detector 2: unchecked_add ===
    input  : /Users/afiaasante/Security-Code-Smells/linux/net/batman-adv/bat_iv_ogm.c.xml
    output : /tmp/cwe190_findings_L9nJU8

    query  : FIND $T $FUNC($PARAMS) {} CONTAINS $TYPE $RESULT = $A + $B
    note   : destructor/constructor blocks covered by XPath fallback


real	0m0.024s
user	0m0.019s
sys	0m0.003s

--- Stage 1: checking srcQL result for MAX guard in <condition> ---
    no taint source -- warning/smell
    finding: /Users/afiaasante/Security-Code-Smells/linux/net/batman-adv/bat_iv_ogm.c:446:65 -- batadv_iv_ogm_can_aggregate() adds without MAX guard

--- Stage 2: XPath destructor/constructor fallback ---
    no unguarded destructor/constructor addition found

[ unchecked_add ] 1 finding(s) written to /tmp/cwe190_findings_L9nJU8
=== Detector 3: unchecked_increment ===
    input  : /Users/afiaasante/Security-Code-Smells/linux/net/batman-adv/bat_iv_ogm.c.xml
    output : /tmp/cwe190_findings_L9nJU8

    strategy : XPath on srcML XML -- ancestor-scoped guard check

--- extracting finding via XPath ---
    function : batadv_ring_buffer_avg
    position : 115:30

    no taint source -- warning/smell
    finding: /Users/afiaasante/Security-Code-Smells/linux/net/batman-adv/bat_iv_ogm.c:115:30 -- batadv_ring_buffer_avg() increments without MAX guard

[ unchecked_increment ] 1 finding(s) written to /tmp/cwe190_findings_L9nJU8
========================================
 Findings JSON
========================================
{
  "detector": "unchecked_add",
  "severity": "warning",
  "classification": "smell",
  "rule": "integerOverflow",
  "file": "/Users/afiaasante/Security-Code-Smells/linux/net/batman-adv/bat_iv_ogm.c",
  "line": 446,
  "col": 65,
  "varname": "batadv_iv_ogm_can_aggregate",
  "note": {
    "line": 446,
    "col": 65,
    "message": "addition in batadv_iv_ogm_can_aggregate() -- no upper-bound guard before adding"
  }
}
{
  "detector": "unchecked_increment",
  "severity": "warning",
  "classification": "smell",
  "rule": "integerOverflow",
  "file": "/Users/afiaasante/Security-Code-Smells/linux/net/batman-adv/bat_iv_ogm.c",
  "line": 115,
  "col": 30,
  "varname": "batadv_ring_buffer_avg",
  "note": {
    "line": 115,
    "col": 30,
    "message": "increment (++) in batadv_ring_buffer_avg() -- no upper-bound guard (INT_MAX check)"
  }
}

========================================
 Summary
 Total findings : 2
 Errors         : 0
 Warnings       : 2

 Breakdown by detector:
   unchecked_add             1
   unchecked_increment       1
========================================
