========================================
 CWE-190 Integer Overflow Risk Detector
 Source  : /Users/afiaasante/Security-Code-Smells/linux/net/atm/mpc.c
 Report  : /Users/afiaasante/Security-Code-Smells/results/net_scan/SCS006/atm__mpc.c/mpc_report_20260417_173513.txt
 Findings: /Users/afiaasante/Security-Code-Smells/results/net_scan/SCS006/atm__mpc.c/mpc_findings_20260417_173513.json
 Date    : Fri Apr 17 17:35:13 EDT 2026
========================================

=== Stage 1: srcml ===

real	0m0.050s
user	0m0.042s
sys	0m0.004s

=== Stage 2: srcslice ===
Writing to :: /Users/afiaasante/Security-Code-Smells/linux/net/atm/mpc.c.json
Output Saved to :: /Users/afiaasante/Security-Code-Smells/linux/net/atm/mpc.c.json

real	0m0.243s
user	0m0.106s
sys	0m0.004s

=== Stage 3: srcattributor ===

real	0m2.338s
user	0m2.192s
sys	0m0.022s

=== Detector 1: unchecked_multiply ===
    input  : /Users/afiaasante/Security-Code-Smells/linux/net/atm/mpc.c.xml
    output : /tmp/cwe190_findings_YeqfFG

    query  : FIND $T $FUNC($PARAMS) {} CONTAINS $TYPE $RESULT = $A * $B
    note   : destructor/constructor blocks covered by XPath fallback


real	0m0.019s
user	0m0.015s
sys	0m0.003s

--- Stage 1: checking srcQL result for MAX guard in <condition> ---
    no taint source -- warning/smell
    finding: /Users/afiaasante/Security-Code-Smells/linux/net/atm/mpc.c:687:53 -- mpc_push() multiplies without MAX guard

--- Stage 2: XPath destructor/constructor fallback ---
    no unguarded destructor/constructor multiply found

[ unchecked_multiply ] 1 finding(s) written to /tmp/cwe190_findings_YeqfFG
=== Detector 2: unchecked_add ===
    input  : /Users/afiaasante/Security-Code-Smells/linux/net/atm/mpc.c.xml
    output : /tmp/cwe190_findings_YeqfFG

    query  : FIND $T $FUNC($PARAMS) {} CONTAINS $TYPE $RESULT = $A + $B
    note   : destructor/constructor blocks covered by XPath fallback


real	0m0.026s
user	0m0.019s
sys	0m0.004s


--- Stage 2: XPath destructor/constructor fallback ---
    no unguarded destructor/constructor addition found

[ unchecked_add ] 0 finding(s) written to /tmp/cwe190_findings_YeqfFG
=== Detector 3: unchecked_increment ===
    input  : /Users/afiaasante/Security-Code-Smells/linux/net/atm/mpc.c.xml
    output : /tmp/cwe190_findings_YeqfFG

    strategy : XPath on srcML XML -- ancestor-scoped guard check

--- extracting finding via XPath ---
    function : lane2_assoc_ind
    position : 413:41

    no taint source -- warning/smell
    finding: /Users/afiaasante/Security-Code-Smells/linux/net/atm/mpc.c:413:41 -- lane2_assoc_ind() increments without MAX guard

[ unchecked_increment ] 1 finding(s) written to /tmp/cwe190_findings_YeqfFG
========================================
 Findings JSON
========================================
{
  "detector": "unchecked_multiply",
  "severity": "warning",
  "classification": "smell",
  "rule": "integerOverflow",
  "file": "/Users/afiaasante/Security-Code-Smells/linux/net/atm/mpc.c",
  "line": 687,
  "col": 53,
  "varname": "mpc_push",
  "note": {
    "line": 687,
    "col": 53,
    "message": "multiplication in mpc_push() -- no upper-bound guard (INT_MAX / 2)"
  }
}
{
  "detector": "unchecked_increment",
  "severity": "warning",
  "classification": "smell",
  "rule": "integerOverflow",
  "file": "/Users/afiaasante/Security-Code-Smells/linux/net/atm/mpc.c",
  "line": 413,
  "col": 41,
  "varname": "lane2_assoc_ind",
  "note": {
    "line": 413,
    "col": 41,
    "message": "increment (++) in lane2_assoc_ind() -- no upper-bound guard (INT_MAX check)"
  }
}

========================================
 Summary
 Total findings : 2
 Errors         : 0
 Warnings       : 2

 Breakdown by detector:
   unchecked_increment       1
   unchecked_multiply        1
========================================
