========================================
 CWE-190 Integer Overflow Risk Detector
 Source  : /Users/afiaasante/Security-Code-Smells/linux/net/8021q/vlan_core.c
 Report  : /Users/afiaasante/Security-Code-Smells/results/net_scan/SCS006/8021q__vlan_core.c/vlan_core_report_20260417_173510.txt
 Findings: /Users/afiaasante/Security-Code-Smells/results/net_scan/SCS006/8021q__vlan_core.c/vlan_core_findings_20260417_173510.json
 Date    : Fri Apr 17 17:35:10 EDT 2026
========================================

=== Stage 1: srcml ===

real	0m0.022s
user	0m0.016s
sys	0m0.003s

=== Stage 2: srcslice ===
Writing to :: /Users/afiaasante/Security-Code-Smells/linux/net/8021q/vlan_core.c.json
Output Saved to :: /Users/afiaasante/Security-Code-Smells/linux/net/8021q/vlan_core.c.json

real	0m0.175s
user	0m0.039s
sys	0m0.003s

=== Stage 3: srcattributor ===

real	0m0.262s
user	0m0.240s
sys	0m0.007s

=== Detector 1: unchecked_multiply ===
    input  : /Users/afiaasante/Security-Code-Smells/linux/net/8021q/vlan_core.c.xml
    output : /tmp/cwe190_findings_76fbg6

    query  : FIND $T $FUNC($PARAMS) {} CONTAINS $TYPE $RESULT = $A * $B
    note   : destructor/constructor blocks covered by XPath fallback


real	0m0.015s
user	0m0.009s
sys	0m0.004s

--- Stage 1: checking srcQL result for MAX guard in <condition> ---
    no taint source -- warning/smell
    finding: /Users/afiaasante/Security-Code-Smells/linux/net/8021q/vlan_core.c:517:50 -- vlan_gro_complete() multiplies without MAX guard

--- Stage 2: XPath destructor/constructor fallback ---
    no unguarded destructor/constructor multiply found

[ unchecked_multiply ] 1 finding(s) written to /tmp/cwe190_findings_76fbg6
=== Detector 2: unchecked_add ===
    input  : /Users/afiaasante/Security-Code-Smells/linux/net/8021q/vlan_core.c.xml
    output : /tmp/cwe190_findings_76fbg6

    query  : FIND $T $FUNC($PARAMS) {} CONTAINS $TYPE $RESULT = $A + $B
    note   : destructor/constructor blocks covered by XPath fallback


real	0m0.011s
user	0m0.007s
sys	0m0.003s

--- Stage 1: checking srcQL result for MAX guard in <condition> ---
    no taint source -- warning/smell
    finding: /Users/afiaasante/Security-Code-Smells/linux/net/8021q/vlan_core.c:517:63 -- vlan_gro_complete() adds without MAX guard

--- Stage 2: XPath destructor/constructor fallback ---
    no unguarded destructor/constructor addition found

[ unchecked_add ] 1 finding(s) written to /tmp/cwe190_findings_76fbg6
=== Detector 3: unchecked_increment ===
    input  : /Users/afiaasante/Security-Code-Smells/linux/net/8021q/vlan_core.c.xml
    output : /tmp/cwe190_findings_76fbg6

    strategy : XPath on srcML XML -- ancestor-scoped guard check

--- extracting finding via XPath ---
    function : vlan_group_free
    position : 133:42

    no taint source -- warning/smell
    finding: /Users/afiaasante/Security-Code-Smells/linux/net/8021q/vlan_core.c:133:42 -- vlan_group_free() increments without MAX guard

[ unchecked_increment ] 1 finding(s) written to /tmp/cwe190_findings_76fbg6
========================================
 Findings JSON
========================================
{
  "detector": "unchecked_multiply",
  "severity": "warning",
  "classification": "smell",
  "rule": "integerOverflow",
  "file": "/Users/afiaasante/Security-Code-Smells/linux/net/8021q/vlan_core.c",
  "line": 517,
  "col": 50,
  "varname": "vlan_gro_complete",
  "note": {
    "line": 517,
    "col": 50,
    "message": "multiplication in vlan_gro_complete() -- no upper-bound guard (INT_MAX / 2)"
  }
}
{
  "detector": "unchecked_add",
  "severity": "warning",
  "classification": "smell",
  "rule": "integerOverflow",
  "file": "/Users/afiaasante/Security-Code-Smells/linux/net/8021q/vlan_core.c",
  "line": 517,
  "col": 63,
  "varname": "vlan_gro_complete",
  "note": {
    "line": 517,
    "col": 63,
    "message": "addition in vlan_gro_complete() -- no upper-bound guard before adding"
  }
}
{
  "detector": "unchecked_increment",
  "severity": "warning",
  "classification": "smell",
  "rule": "integerOverflow",
  "file": "/Users/afiaasante/Security-Code-Smells/linux/net/8021q/vlan_core.c",
  "line": 133,
  "col": 42,
  "varname": "vlan_group_free",
  "note": {
    "line": 133,
    "col": 42,
    "message": "increment (++) in vlan_group_free() -- no upper-bound guard (INT_MAX check)"
  }
}

========================================
 Summary
 Total findings : 3
 Errors         : 0
 Warnings       : 3

 Breakdown by detector:
   unchecked_add             1
   unchecked_increment       1
   unchecked_multiply        1
========================================
