========================================
 CWE-190 Integer Overflow Risk Detector
 Source  : /Users/afiaasante/Security-Code-Smells/linux/net/lapb/lapb_timer.c
 Report  : /Users/afiaasante/Security-Code-Smells/results/net_scan/SCS006/lapb__lapb_timer.c/lapb_timer_report_20260417_174035.txt
 Findings: /Users/afiaasante/Security-Code-Smells/results/net_scan/SCS006/lapb__lapb_timer.c/lapb_timer_findings_20260417_174035.json
 Date    : Fri Apr 17 17:40:35 EDT 2026
========================================

=== Stage 1: srcml ===

real	0m0.019s
user	0m0.013s
sys	0m0.004s

=== Stage 2: srcslice ===
Writing to :: /Users/afiaasante/Security-Code-Smells/linux/net/lapb/lapb_timer.c.json
Output Saved to :: /Users/afiaasante/Security-Code-Smells/linux/net/lapb/lapb_timer.c.json

real	0m0.180s
user	0m0.034s
sys	0m0.003s

=== Stage 3: srcattributor ===

real	0m0.051s
user	0m0.044s
sys	0m0.004s

=== Detector 1: unchecked_multiply ===
    input  : /Users/afiaasante/Security-Code-Smells/linux/net/lapb/lapb_timer.c.xml
    output : /tmp/cwe190_findings_q2lNwO

    query  : FIND $T $FUNC($PARAMS) {} CONTAINS $TYPE $RESULT = $A * $B
    note   : destructor/constructor blocks covered by XPath fallback


real	0m0.014s
user	0m0.008s
sys	0m0.004s


--- Stage 2: XPath destructor/constructor fallback ---
    no unguarded destructor/constructor multiply found

[ unchecked_multiply ] 0 finding(s) written to /tmp/cwe190_findings_q2lNwO
=== Detector 2: unchecked_add ===
    input  : /Users/afiaasante/Security-Code-Smells/linux/net/lapb/lapb_timer.c.xml
    output : /tmp/cwe190_findings_q2lNwO

    query  : FIND $T $FUNC($PARAMS) {} CONTAINS $TYPE $RESULT = $A + $B
    note   : destructor/constructor blocks covered by XPath fallback


real	0m0.014s
user	0m0.009s
sys	0m0.004s


--- Stage 2: XPath destructor/constructor fallback ---
    no unguarded destructor/constructor addition found

[ unchecked_add ] 0 finding(s) written to /tmp/cwe190_findings_q2lNwO
=== Detector 3: unchecked_increment ===
    input  : /Users/afiaasante/Security-Code-Smells/linux/net/lapb/lapb_timer.c.xml
    output : /tmp/cwe190_findings_q2lNwO

    strategy : XPath on srcML XML -- ancestor-scoped guard check

--- extracting finding via XPath ---
    function : lapb_t1timer_expiry
    position : 114:46

    no taint source -- warning/smell
    finding: /Users/afiaasante/Security-Code-Smells/linux/net/lapb/lapb_timer.c:114:46 -- lapb_t1timer_expiry() increments without MAX guard

[ unchecked_increment ] 1 finding(s) written to /tmp/cwe190_findings_q2lNwO
========================================
 Findings JSON
========================================
{
  "detector": "unchecked_increment",
  "severity": "warning",
  "classification": "smell",
  "rule": "integerOverflow",
  "file": "/Users/afiaasante/Security-Code-Smells/linux/net/lapb/lapb_timer.c",
  "line": 114,
  "col": 46,
  "varname": "lapb_t1timer_expiry",
  "note": {
    "line": 114,
    "col": 46,
    "message": "increment (++) in lapb_t1timer_expiry() -- no upper-bound guard (INT_MAX check)"
  }
}

========================================
 Summary
 Total findings : 1
 Errors         : 0
 Warnings       : 1

 Breakdown by detector:
   unchecked_increment       1
========================================
