========================================
 CWE-190 Integer Overflow Risk Detector
 Source  : /Users/afiaasante/Security-Code-Smells/linux/net/rxrpc/oob.c
 Report  : /Users/afiaasante/Security-Code-Smells/results/net_scan/SCS006/rxrpc__oob.c/oob_report_20260417_174357.txt
 Findings: /Users/afiaasante/Security-Code-Smells/results/net_scan/SCS006/rxrpc__oob.c/oob_findings_20260417_174357.json
 Date    : Fri Apr 17 17:43:57 EDT 2026
========================================

=== Stage 1: srcml ===

real	0m0.025s
user	0m0.019s
sys	0m0.004s

=== Stage 2: srcslice ===
Writing to :: /Users/afiaasante/Security-Code-Smells/linux/net/rxrpc/oob.c.json
Output Saved to :: /Users/afiaasante/Security-Code-Smells/linux/net/rxrpc/oob.c.json

real	0m0.185s
user	0m0.050s
sys	0m0.004s

=== Stage 3: srcattributor ===

real	0m0.186s
user	0m0.177s
sys	0m0.005s

=== Detector 1: unchecked_multiply ===
    input  : /Users/afiaasante/Security-Code-Smells/linux/net/rxrpc/oob.c.xml
    output : /tmp/cwe190_findings_XXTdWz

    query  : FIND $T $FUNC($PARAMS) {} CONTAINS $TYPE $RESULT = $A * $B
    note   : destructor/constructor blocks covered by XPath fallback


real	0m0.016s
user	0m0.010s
sys	0m0.004s


--- Stage 2: XPath destructor/constructor fallback ---
    no unguarded destructor/constructor multiply found

[ unchecked_multiply ] 0 finding(s) written to /tmp/cwe190_findings_XXTdWz
=== Detector 2: unchecked_add ===
    input  : /Users/afiaasante/Security-Code-Smells/linux/net/rxrpc/oob.c.xml
    output : /tmp/cwe190_findings_XXTdWz

    query  : FIND $T $FUNC($PARAMS) {} CONTAINS $TYPE $RESULT = $A + $B
    note   : destructor/constructor blocks covered by XPath fallback


real	0m0.015s
user	0m0.010s
sys	0m0.005s


--- Stage 2: XPath destructor/constructor fallback ---
    no unguarded destructor/constructor addition found

[ unchecked_add ] 0 finding(s) written to /tmp/cwe190_findings_XXTdWz
=== Detector 3: unchecked_increment ===
    input  : /Users/afiaasante/Security-Code-Smells/linux/net/rxrpc/oob.c.xml
    output : /tmp/cwe190_findings_XXTdWz

    strategy : XPath on srcML XML -- ancestor-scoped guard check

--- extracting finding via XPath ---
    function : rxrpc_notify_socket_oob
    position : 49:64

    no taint source -- warning/smell
    finding: /Users/afiaasante/Security-Code-Smells/linux/net/rxrpc/oob.c:49:64 -- rxrpc_notify_socket_oob() increments without MAX guard

[ unchecked_increment ] 1 finding(s) written to /tmp/cwe190_findings_XXTdWz
========================================
 Findings JSON
========================================
{
  "detector": "unchecked_increment",
  "severity": "warning",
  "classification": "smell",
  "rule": "integerOverflow",
  "file": "/Users/afiaasante/Security-Code-Smells/linux/net/rxrpc/oob.c",
  "line": 49,
  "col": 64,
  "varname": "rxrpc_notify_socket_oob",
  "note": {
    "line": 49,
    "col": 64,
    "message": "increment (++) in rxrpc_notify_socket_oob() -- no upper-bound guard (INT_MAX check)"
  }
}

========================================
 Summary
 Total findings : 1
 Errors         : 0
 Warnings       : 1

 Breakdown by detector:
   unchecked_increment       1
========================================
