========================================
 CWE-190 Integer Overflow Risk Detector
 Source  : /Users/afiaasante/Security-Code-Smells/linux/net/dsa/tag.c
 Report  : /Users/afiaasante/Security-Code-Smells/results/net_scan/SCS006/dsa__tag.c/tag_report_20260417_173757.txt
 Findings: /Users/afiaasante/Security-Code-Smells/results/net_scan/SCS006/dsa__tag.c/tag_findings_20260417_173757.json
 Date    : Fri Apr 17 17:37:57 EDT 2026
========================================

=== Stage 1: srcml ===

real	0m0.016s
user	0m0.011s
sys	0m0.004s

=== Stage 2: srcslice ===
Writing to :: /Users/afiaasante/Security-Code-Smells/linux/net/dsa/tag.c.json
Output Saved to :: /Users/afiaasante/Security-Code-Smells/linux/net/dsa/tag.c.json

real	0m0.183s
user	0m0.032s
sys	0m0.003s

=== Stage 3: srcattributor ===

real	0m0.067s
user	0m0.057s
sys	0m0.004s

=== Detector 1: unchecked_multiply ===
    input  : /Users/afiaasante/Security-Code-Smells/linux/net/dsa/tag.c.xml
    output : /tmp/cwe190_findings_JBpRdN

    query  : FIND $T $FUNC($PARAMS) {} CONTAINS $TYPE $RESULT = $A * $B
    note   : destructor/constructor blocks covered by XPath fallback


real	0m0.015s
user	0m0.007s
sys	0m0.003s


--- Stage 2: XPath destructor/constructor fallback ---
    no unguarded destructor/constructor multiply found

[ unchecked_multiply ] 0 finding(s) written to /tmp/cwe190_findings_JBpRdN
=== Detector 2: unchecked_add ===
    input  : /Users/afiaasante/Security-Code-Smells/linux/net/dsa/tag.c.xml
    output : /tmp/cwe190_findings_JBpRdN

    query  : FIND $T $FUNC($PARAMS) {} CONTAINS $TYPE $RESULT = $A + $B
    note   : destructor/constructor blocks covered by XPath fallback


real	0m0.012s
user	0m0.006s
sys	0m0.003s


--- Stage 2: XPath destructor/constructor fallback ---
    no unguarded destructor/constructor addition found

[ unchecked_add ] 0 finding(s) written to /tmp/cwe190_findings_JBpRdN
=== Detector 3: unchecked_increment ===
    input  : /Users/afiaasante/Security-Code-Smells/linux/net/dsa/tag.c.xml
    output : /tmp/cwe190_findings_JBpRdN

    strategy : XPath on srcML XML -- ancestor-scoped guard check

--- extracting finding via XPath ---
    function : dsa_tag_drivers_register
    position : 148:33

    no taint source -- warning/smell
    finding: /Users/afiaasante/Security-Code-Smells/linux/net/dsa/tag.c:148:33 -- dsa_tag_drivers_register() increments without MAX guard

[ unchecked_increment ] 1 finding(s) written to /tmp/cwe190_findings_JBpRdN
========================================
 Findings JSON
========================================
{
  "detector": "unchecked_increment",
  "severity": "warning",
  "classification": "smell",
  "rule": "integerOverflow",
  "file": "/Users/afiaasante/Security-Code-Smells/linux/net/dsa/tag.c",
  "line": 148,
  "col": 33,
  "varname": "dsa_tag_drivers_register",
  "note": {
    "line": 148,
    "col": 33,
    "message": "increment (++) in dsa_tag_drivers_register() -- no upper-bound guard (INT_MAX check)"
  }
}

========================================
 Summary
 Total findings : 1
 Errors         : 0
 Warnings       : 1

 Breakdown by detector:
   unchecked_increment       1
========================================
