========================================
 CWE-190 Integer Overflow Risk Detector
 Source  : /Users/afiaasante/Security-Code-Smells/linux/net/mac80211/ibss.c
 Report  : /Users/afiaasante/Security-Code-Smells/results/net_scan/SCS006/mac80211__ibss.c/ibss_report_20260417_174052.txt
 Findings: /Users/afiaasante/Security-Code-Smells/results/net_scan/SCS006/mac80211__ibss.c/ibss_findings_20260417_174052.json
 Date    : Fri Apr 17 17:40:52 EDT 2026
========================================

=== Stage 1: srcml ===

real	0m0.101s
user	0m0.090s
sys	0m0.006s

=== Stage 2: srcslice ===
Writing to :: /Users/afiaasante/Security-Code-Smells/linux/net/mac80211/ibss.c.json
Output Saved to :: /Users/afiaasante/Security-Code-Smells/linux/net/mac80211/ibss.c.json

real	0m0.311s
user	0m0.198s
sys	0m0.009s

=== Stage 3: srcattributor ===

real	0m6.352s
user	0m5.970s
sys	0m0.058s

=== Detector 1: unchecked_multiply ===
    input  : /Users/afiaasante/Security-Code-Smells/linux/net/mac80211/ibss.c.xml
    output : /tmp/cwe190_findings_31Ex44

    query  : FIND $T $FUNC($PARAMS) {} CONTAINS $TYPE $RESULT = $A * $B
    note   : destructor/constructor blocks covered by XPath fallback


real	0m0.041s
user	0m0.032s
sys	0m0.006s

--- Stage 1: checking srcQL result for MAX guard in <condition> ---
    no taint source -- warning/smell
    finding: /Users/afiaasante/Security-Code-Smells/linux/net/mac80211/ibss.c:1487:45 -- ieee80211_rx_mgmt_probe_req() multiplies without MAX guard

--- Stage 2: XPath destructor/constructor fallback ---
    no unguarded destructor/constructor multiply found

[ unchecked_multiply ] 1 finding(s) written to /tmp/cwe190_findings_31Ex44
=== Detector 2: unchecked_add ===
    input  : /Users/afiaasante/Security-Code-Smells/linux/net/mac80211/ibss.c.xml
    output : /tmp/cwe190_findings_31Ex44

    query  : FIND $T $FUNC($PARAMS) {} CONTAINS $TYPE $RESULT = $A + $B
    note   : destructor/constructor blocks covered by XPath fallback


real	0m0.039s
user	0m0.032s
sys	0m0.005s


--- Stage 2: XPath destructor/constructor fallback ---
    no unguarded destructor/constructor addition found

[ unchecked_add ] 0 finding(s) written to /tmp/cwe190_findings_31Ex44
=== Detector 3: unchecked_increment ===
    input  : /Users/afiaasante/Security-Code-Smells/linux/net/mac80211/ibss.c.xml
    output : /tmp/cwe190_findings_31Ex44

    strategy : XPath on srcML XML -- ancestor-scoped guard check

--- extracting finding via XPath ---
    function : ieee80211_ibss_build_presp
    position : 87:13

    no taint source -- warning/smell
    finding: /Users/afiaasante/Security-Code-Smells/linux/net/mac80211/ibss.c:87:13 -- ieee80211_ibss_build_presp() increments without MAX guard

[ unchecked_increment ] 1 finding(s) written to /tmp/cwe190_findings_31Ex44
========================================
 Findings JSON
========================================
{
  "detector": "unchecked_multiply",
  "severity": "warning",
  "classification": "smell",
  "rule": "integerOverflow",
  "file": "/Users/afiaasante/Security-Code-Smells/linux/net/mac80211/ibss.c",
  "line": 1487,
  "col": 45,
  "varname": "ieee80211_rx_mgmt_probe_req",
  "note": {
    "line": 1487,
    "col": 45,
    "message": "multiplication in ieee80211_rx_mgmt_probe_req() -- no upper-bound guard (INT_MAX / 2)"
  }
}
{
  "detector": "unchecked_increment",
  "severity": "warning",
  "classification": "smell",
  "rule": "integerOverflow",
  "file": "/Users/afiaasante/Security-Code-Smells/linux/net/mac80211/ibss.c",
  "line": 87,
  "col": 13,
  "varname": "ieee80211_ibss_build_presp",
  "note": {
    "line": 87,
    "col": 13,
    "message": "increment (++) in ieee80211_ibss_build_presp() -- no upper-bound guard (INT_MAX check)"
  }
}

========================================
 Summary
 Total findings : 2
 Errors         : 0
 Warnings       : 2

 Breakdown by detector:
   unchecked_increment       1
   unchecked_multiply        1
========================================
