========================================
 CWE-190 Integer Overflow Risk Detector
 Source  : /Users/afiaasante/Security-Code-Smells/linux/net/core/bpf_sk_storage.c
 Report  : /Users/afiaasante/Security-Code-Smells/results/net_scan/SCS006/core__bpf_sk_storage.c/bpf_sk_storage_report_20260417_173637.txt
 Findings: /Users/afiaasante/Security-Code-Smells/results/net_scan/SCS006/core__bpf_sk_storage.c/bpf_sk_storage_findings_20260417_173637.json
 Date    : Fri Apr 17 17:36:37 EDT 2026
========================================

=== Stage 1: srcml ===

real	0m0.033s
user	0m0.028s
sys	0m0.004s

=== Stage 2: srcslice ===
Writing to :: /Users/afiaasante/Security-Code-Smells/linux/net/core/bpf_sk_storage.c.json
Output Saved to :: /Users/afiaasante/Security-Code-Smells/linux/net/core/bpf_sk_storage.c.json

real	0m0.190s
user	0m0.067s
sys	0m0.004s

=== Stage 3: srcattributor ===

real	0m0.719s
user	0m0.696s
sys	0m0.008s

=== Detector 1: unchecked_multiply ===
    input  : /Users/afiaasante/Security-Code-Smells/linux/net/core/bpf_sk_storage.c.xml
    output : /tmp/cwe190_findings_bk57YW

    query  : FIND $T $FUNC($PARAMS) {} CONTAINS $TYPE $RESULT = $A * $B
    note   : destructor/constructor blocks covered by XPath fallback


real	0m0.020s
user	0m0.012s
sys	0m0.004s

--- Stage 1: checking srcQL result for MAX guard in <condition> ---
    no taint source -- warning/smell
    finding: /Users/afiaasante/Security-Code-Smells/linux/net/core/bpf_sk_storage.c:285:40 -- bpf_sk_storage_charge() multiplies without MAX guard

--- Stage 2: XPath destructor/constructor fallback ---
    no unguarded destructor/constructor multiply found

[ unchecked_multiply ] 1 finding(s) written to /tmp/cwe190_findings_bk57YW
=== Detector 2: unchecked_add ===
    input  : /Users/afiaasante/Security-Code-Smells/linux/net/core/bpf_sk_storage.c.xml
    output : /tmp/cwe190_findings_bk57YW

    query  : FIND $T $FUNC($PARAMS) {} CONTAINS $TYPE $RESULT = $A + $B
    note   : destructor/constructor blocks covered by XPath fallback


real	0m0.023s
user	0m0.012s
sys	0m0.004s


--- Stage 2: XPath destructor/constructor fallback ---
    no unguarded destructor/constructor addition found

[ unchecked_add ] 0 finding(s) written to /tmp/cwe190_findings_bk57YW
=== Detector 3: unchecked_increment ===
    input  : /Users/afiaasante/Security-Code-Smells/linux/net/core/bpf_sk_storage.c.xml
    output : /tmp/cwe190_findings_bk57YW

    strategy : XPath on srcML XML -- ancestor-scoped guard check

--- extracting finding via XPath ---
    function : bpf_sk_storage_diag_free
    position : 462:41

    no taint source -- warning/smell
    finding: /Users/afiaasante/Security-Code-Smells/linux/net/core/bpf_sk_storage.c:462:41 -- bpf_sk_storage_diag_free() increments without MAX guard

[ unchecked_increment ] 1 finding(s) written to /tmp/cwe190_findings_bk57YW
========================================
 Findings JSON
========================================
{
  "detector": "unchecked_multiply",
  "severity": "warning",
  "classification": "smell",
  "rule": "integerOverflow",
  "file": "/Users/afiaasante/Security-Code-Smells/linux/net/core/bpf_sk_storage.c",
  "line": 285,
  "col": 40,
  "varname": "bpf_sk_storage_charge",
  "note": {
    "line": 285,
    "col": 40,
    "message": "multiplication in bpf_sk_storage_charge() -- no upper-bound guard (INT_MAX / 2)"
  }
}
{
  "detector": "unchecked_increment",
  "severity": "warning",
  "classification": "smell",
  "rule": "integerOverflow",
  "file": "/Users/afiaasante/Security-Code-Smells/linux/net/core/bpf_sk_storage.c",
  "line": 462,
  "col": 41,
  "varname": "bpf_sk_storage_diag_free",
  "note": {
    "line": 462,
    "col": 41,
    "message": "increment (++) in bpf_sk_storage_diag_free() -- no upper-bound guard (INT_MAX check)"
  }
}

========================================
 Summary
 Total findings : 2
 Errors         : 0
 Warnings       : 2

 Breakdown by detector:
   unchecked_increment       1
   unchecked_multiply        1
========================================
