========================================
 CWE-195 Signed-to-Unsigned Conversion Detector
 Source  : /Users/afiaasante/Security-Code-Smells/linux/net/bridge/br_fdb.c
 Report  : /Users/afiaasante/Security-Code-Smells/results/net_scan/SCS007/bridge__br_fdb.c/br_fdb_report_20260417_175306.txt
 Findings: /Users/afiaasante/Security-Code-Smells/results/net_scan/SCS007/bridge__br_fdb.c/br_fdb_findings_20260417_175306.json
 Date    : Fri Apr 17 17:53:06 EDT 2026
========================================

=== Stage 1: srcml ===

real	0m0.082s
user	0m0.072s
sys	0m0.005s

=== Stage 2: srcslice ===
Writing to :: /Users/afiaasante/Security-Code-Smells/linux/net/bridge/br_fdb.c.json
Output Saved to :: /Users/afiaasante/Security-Code-Smells/linux/net/bridge/br_fdb.c.json

real	0m0.299s
user	0m0.148s
sys	0m0.006s

=== Stage 3: srcattributor ===

real	0m3.698s
user	0m3.531s
sys	0m0.028s

=== Detector 1: signed_malloc ===
    input  : /Users/afiaasante/Security-Code-Smells/linux/net/bridge/br_fdb.c.xml
    output : /tmp/cwe195_findings_Iih3tj

    query  : FIND $T $FUNC($PARAMS) {} CONTAINS malloc($A)
    note   : destructor/constructor blocks covered by XPath fallback


real	0m0.040s
user	0m0.030s
sys	0m0.006s


--- Stage 2: XPath destructor/constructor fallback ---
    no unguarded destructor/constructor malloc found

[ signed_malloc ] 0 finding(s) written to /tmp/cwe195_findings_Iih3tj
=== Detector 2: signed_memcpy ===
    input  : /Users/afiaasante/Security-Code-Smells/linux/net/bridge/br_fdb.c.xml
    output : /tmp/cwe195_findings_Iih3tj

    query  : FIND $T $FUNC($PARAMS) {} CONTAINS memcpy($A, $B, $C)

real	0m0.031s
user	0m0.024s
sys	0m0.005s

--- Stage 1 (memcpy): checking srcQL result for positivity guard in <condition> ---
    no taint source -- warning/smell
    finding: /Users/afiaasante/Security-Code-Smells/linux/net/bridge/br_fdb.c:214:9 -- fdb_find_rcu() memcpy without positivity guard
    query  : FIND $T $FUNC($PARAMS) {} CONTAINS memmove($A, $B, $C)

real	0m0.032s
user	0m0.021s
sys	0m0.005s


--- Stage 2: XPath destructor/constructor fallback ---

[ signed_memcpy ] 1 finding(s) written to /tmp/cwe195_findings_Iih3tj
=== Detector 3: signed_strncpy ===
    input  : /Users/afiaasante/Security-Code-Smells/linux/net/bridge/br_fdb.c.xml
    output : /tmp/cwe195_findings_Iih3tj

    query  : FIND $T $FUNC($PARAMS) {} CONTAINS strncpy($A, $B, $C)
    note   : destructor/constructor blocks covered by XPath fallback


real	0m0.032s
user	0m0.025s
sys	0m0.005s


--- Stage 2: XPath destructor/constructor fallback ---
    no unguarded destructor/constructor strncpy found

[ signed_strncpy ] 0 finding(s) written to /tmp/cwe195_findings_Iih3tj
========================================
 Findings JSON
========================================
{
  "detector": "signed_memcpy",
  "severity": "warning",
  "classification": "smell",
  "rule": "signedUnsignedConversion",
  "file": "/Users/afiaasante/Security-Code-Smells/linux/net/bridge/br_fdb.c",
  "line": 214,
  "col": 9,
  "varname": "fdb_find_rcu",
  "note": {
    "line": 214,
    "col": 9,
    "message": "memcpy() in fdb_find_rcu() -- signed int passed as byte count with no positivity guard (data > 0)"
  }
}

========================================
 Summary
 Total findings : 1
 Errors         : 0
 Warnings       : 1

 Breakdown by detector:
   signed_memcpy             1
========================================
