========================================
 CWE-190 Integer Overflow Risk Detector
 Source  : /Users/afiaasante/Security-Code-Smells/linux/net/xfrm/xfrm_interface_bpf.c
 Report  : /Users/afiaasante/Security-Code-Smells/results/net_scan/SCS006/xfrm__xfrm_interface_bpf.c/xfrm_interface_bpf_report_20260417_174708.txt
 Findings: /Users/afiaasante/Security-Code-Smells/results/net_scan/SCS006/xfrm__xfrm_interface_bpf.c/xfrm_interface_bpf_findings_20260417_174708.json
 Date    : Fri Apr 17 17:47:08 EDT 2026
========================================

=== Stage 1: srcml ===

real	0m0.016s
user	0m0.010s
sys	0m0.004s

=== Stage 2: srcslice ===
Writing to :: /Users/afiaasante/Security-Code-Smells/linux/net/xfrm/xfrm_interface_bpf.c.json
Output Saved to :: /Users/afiaasante/Security-Code-Smells/linux/net/xfrm/xfrm_interface_bpf.c.json

real	0m0.183s
user	0m0.029s
sys	0m0.003s

=== Stage 3: srcattributor ===

real	0m0.025s
user	0m0.021s
sys	0m0.004s

=== Detector 1: unchecked_multiply ===
    input  : /Users/afiaasante/Security-Code-Smells/linux/net/xfrm/xfrm_interface_bpf.c.xml
    output : /tmp/cwe190_findings_VIj36h

    query  : FIND $T $FUNC($PARAMS) {} CONTAINS $TYPE $RESULT = $A * $B
    note   : destructor/constructor blocks covered by XPath fallback


real	0m0.014s
user	0m0.007s
sys	0m0.004s

--- Stage 1: checking srcQL result for MAX guard in <condition> ---
    no taint source -- warning/smell
    finding: /Users/afiaasante/Security-Code-Smells/linux/net/xfrm/xfrm_interface_bpf.c:42:47 -- bpf_skb_get_xfrm_info() multiplies without MAX guard

--- Stage 2: XPath destructor/constructor fallback ---
    no unguarded destructor/constructor multiply found

[ unchecked_multiply ] 1 finding(s) written to /tmp/cwe190_findings_VIj36h
=== Detector 2: unchecked_add ===
    input  : /Users/afiaasante/Security-Code-Smells/linux/net/xfrm/xfrm_interface_bpf.c.xml
    output : /tmp/cwe190_findings_VIj36h

    query  : FIND $T $FUNC($PARAMS) {} CONTAINS $TYPE $RESULT = $A + $B
    note   : destructor/constructor blocks covered by XPath fallback


real	0m0.014s
user	0m0.008s
sys	0m0.005s


--- Stage 2: XPath destructor/constructor fallback ---
    no unguarded destructor/constructor addition found

[ unchecked_add ] 0 finding(s) written to /tmp/cwe190_findings_VIj36h
=== Detector 3: unchecked_increment ===
    input  : /Users/afiaasante/Security-Code-Smells/linux/net/xfrm/xfrm_interface_bpf.c.xml
    output : /tmp/cwe190_findings_VIj36h

    strategy : XPath on srcML XML -- ancestor-scoped guard check

[ unchecked_increment ] No smell detected.
========================================
 Findings JSON
========================================
{
  "detector": "unchecked_multiply",
  "severity": "warning",
  "classification": "smell",
  "rule": "integerOverflow",
  "file": "/Users/afiaasante/Security-Code-Smells/linux/net/xfrm/xfrm_interface_bpf.c",
  "line": 42,
  "col": 47,
  "varname": "bpf_skb_get_xfrm_info",
  "note": {
    "line": 42,
    "col": 47,
    "message": "multiplication in bpf_skb_get_xfrm_info() -- no upper-bound guard (INT_MAX / 2)"
  }
}

========================================
 Summary
 Total findings : 1
 Errors         : 0
 Warnings       : 1

 Breakdown by detector:
   unchecked_multiply        1
========================================
