========================================
 CWE-190 Integer Overflow Risk Detector
 Source  : /Users/afiaasante/Security-Code-Smells/linux/net/devlink/dpipe.c
 Report  : /Users/afiaasante/Security-Code-Smells/results/net_scan/SCS006/devlink__dpipe.c/dpipe_report_20260417_173744.txt
 Findings: /Users/afiaasante/Security-Code-Smells/results/net_scan/SCS006/devlink__dpipe.c/dpipe_findings_20260417_173744.json
 Date    : Fri Apr 17 17:37:44 EDT 2026
========================================

=== Stage 1: srcml ===

real	0m0.037s
user	0m0.032s
sys	0m0.003s

=== Stage 2: srcslice ===
Writing to :: /Users/afiaasante/Security-Code-Smells/linux/net/devlink/dpipe.c.json
Output Saved to :: /Users/afiaasante/Security-Code-Smells/linux/net/devlink/dpipe.c.json

real	0m0.187s
user	0m0.074s
sys	0m0.004s

=== Stage 3: srcattributor ===

real	0m0.994s
user	0m0.980s
sys	0m0.008s

=== Detector 1: unchecked_multiply ===
    input  : /Users/afiaasante/Security-Code-Smells/linux/net/devlink/dpipe.c.xml
    output : /tmp/cwe190_findings_9MvFvU

    query  : FIND $T $FUNC($PARAMS) {} CONTAINS $TYPE $RESULT = $A * $B
    note   : destructor/constructor blocks covered by XPath fallback


real	0m0.017s
user	0m0.012s
sys	0m0.003s


--- Stage 2: XPath destructor/constructor fallback ---
    no unguarded destructor/constructor multiply found

[ unchecked_multiply ] 0 finding(s) written to /tmp/cwe190_findings_9MvFvU
=== Detector 2: unchecked_add ===
    input  : /Users/afiaasante/Security-Code-Smells/linux/net/devlink/dpipe.c.xml
    output : /tmp/cwe190_findings_9MvFvU

    query  : FIND $T $FUNC($PARAMS) {} CONTAINS $TYPE $RESULT = $A + $B
    note   : destructor/constructor blocks covered by XPath fallback


real	0m0.020s
user	0m0.014s
sys	0m0.003s


--- Stage 2: XPath destructor/constructor fallback ---
    no unguarded destructor/constructor addition found

[ unchecked_add ] 0 finding(s) written to /tmp/cwe190_findings_9MvFvU
=== Detector 3: unchecked_increment ===
    input  : /Users/afiaasante/Security-Code-Smells/linux/net/devlink/dpipe.c.xml
    output : /tmp/cwe190_findings_9MvFvU

    strategy : XPath on srcML XML -- ancestor-scoped guard check

--- extracting finding via XPath ---
    function : devlink_dpipe_tables_fill
    position : 264:18

    no taint source -- warning/smell
    finding: /Users/afiaasante/Security-Code-Smells/linux/net/devlink/dpipe.c:264:18 -- devlink_dpipe_tables_fill() increments without MAX guard

[ unchecked_increment ] 1 finding(s) written to /tmp/cwe190_findings_9MvFvU
========================================
 Findings JSON
========================================
{
  "detector": "unchecked_increment",
  "severity": "warning",
  "classification": "smell",
  "rule": "integerOverflow",
  "file": "/Users/afiaasante/Security-Code-Smells/linux/net/devlink/dpipe.c",
  "line": 264,
  "col": 18,
  "varname": "devlink_dpipe_tables_fill",
  "note": {
    "line": 264,
    "col": 18,
    "message": "increment (++) in devlink_dpipe_tables_fill() -- no upper-bound guard (INT_MAX check)"
  }
}

========================================
 Summary
 Total findings : 1
 Errors         : 0
 Warnings       : 1

 Breakdown by detector:
   unchecked_increment       1
========================================
