========================================
 CWE-190 Integer Overflow Risk Detector
 Source  : /Users/afiaasante/Security-Code-Smells/linux/net/core/netclassid_cgroup.c
 Report  : /Users/afiaasante/Security-Code-Smells/results/net_scan/SCS006/core__netclassid_cgroup.c/netclassid_cgroup_report_20260417_173656.txt
 Findings: /Users/afiaasante/Security-Code-Smells/results/net_scan/SCS006/core__netclassid_cgroup.c/netclassid_cgroup_findings_20260417_173656.json
 Date    : Fri Apr 17 17:36:56 EDT 2026
========================================

=== Stage 1: srcml ===

real	0m0.014s
user	0m0.009s
sys	0m0.004s

=== Stage 2: srcslice ===
Writing to :: /Users/afiaasante/Security-Code-Smells/linux/net/core/netclassid_cgroup.c.json
Output Saved to :: /Users/afiaasante/Security-Code-Smells/linux/net/core/netclassid_cgroup.c.json

real	0m0.175s
user	0m0.025s
sys	0m0.003s

=== Stage 3: srcattributor ===

real	0m0.036s
user	0m0.030s
sys	0m0.003s

=== Detector 1: unchecked_multiply ===
    input  : /Users/afiaasante/Security-Code-Smells/linux/net/core/netclassid_cgroup.c.xml
    output : /tmp/cwe190_findings_31a8KT

    query  : FIND $T $FUNC($PARAMS) {} CONTAINS $TYPE $RESULT = $A * $B
    note   : destructor/constructor blocks covered by XPath fallback


real	0m0.015s
user	0m0.007s
sys	0m0.004s

--- Stage 1: checking srcQL result for MAX guard in <condition> ---
    no taint source -- warning/smell
    finding: /Users/afiaasante/Security-Code-Smells/linux/net/core/netclassid_cgroup.c:73:52 -- update_classid_sock() multiplies without MAX guard

--- Stage 2: XPath destructor/constructor fallback ---
    no unguarded destructor/constructor multiply found

[ unchecked_multiply ] 1 finding(s) written to /tmp/cwe190_findings_31a8KT
=== Detector 2: unchecked_add ===
    input  : /Users/afiaasante/Security-Code-Smells/linux/net/core/netclassid_cgroup.c.xml
    output : /tmp/cwe190_findings_31a8KT

    query  : FIND $T $FUNC($PARAMS) {} CONTAINS $TYPE $RESULT = $A + $B
    note   : destructor/constructor blocks covered by XPath fallback


real	0m0.010s
user	0m0.006s
sys	0m0.003s


--- Stage 2: XPath destructor/constructor fallback ---
    no unguarded destructor/constructor addition found

[ unchecked_add ] 0 finding(s) written to /tmp/cwe190_findings_31a8KT
=== Detector 3: unchecked_increment ===
    input  : /Users/afiaasante/Security-Code-Smells/linux/net/core/netclassid_cgroup.c.xml
    output : /tmp/cwe190_findings_31a8KT

    strategy : XPath on srcML XML -- ancestor-scoped guard check

[ unchecked_increment ] No smell detected.
========================================
 Findings JSON
========================================
{
  "detector": "unchecked_multiply",
  "severity": "warning",
  "classification": "smell",
  "rule": "integerOverflow",
  "file": "/Users/afiaasante/Security-Code-Smells/linux/net/core/netclassid_cgroup.c",
  "line": 73,
  "col": 52,
  "varname": "update_classid_sock",
  "note": {
    "line": 73,
    "col": 52,
    "message": "multiplication in update_classid_sock() -- no upper-bound guard (INT_MAX / 2)"
  }
}

========================================
 Summary
 Total findings : 1
 Errors         : 0
 Warnings       : 1

 Breakdown by detector:
   unchecked_multiply        1
========================================
