========================================
 CWE-190 Integer Overflow Risk Detector
 Source  : /Users/afiaasante/Security-Code-Smells/linux/net/x25/x25_forward.c
 Report  : /Users/afiaasante/Security-Code-Smells/results/net_scan/SCS006/x25__x25_forward.c/x25_forward_report_20260417_174656.txt
 Findings: /Users/afiaasante/Security-Code-Smells/results/net_scan/SCS006/x25__x25_forward.c/x25_forward_findings_20260417_174656.json
 Date    : Fri Apr 17 17:46:56 EDT 2026
========================================

=== Stage 1: srcml ===

real	0m0.018s
user	0m0.012s
sys	0m0.004s

=== Stage 2: srcslice ===
Writing to :: /Users/afiaasante/Security-Code-Smells/linux/net/x25/x25_forward.c.json
Output Saved to :: /Users/afiaasante/Security-Code-Smells/linux/net/x25/x25_forward.c.json

real	0m0.184s
user	0m0.033s
sys	0m0.004s

=== Stage 3: srcattributor ===

real	0m0.044s
user	0m0.035s
sys	0m0.005s

=== Detector 1: unchecked_multiply ===
    input  : /Users/afiaasante/Security-Code-Smells/linux/net/x25/x25_forward.c.xml
    output : /tmp/cwe190_findings_hspSbj

    query  : FIND $T $FUNC($PARAMS) {} CONTAINS $TYPE $RESULT = $A * $B
    note   : destructor/constructor blocks covered by XPath fallback


real	0m0.015s
user	0m0.009s
sys	0m0.005s


--- Stage 2: XPath destructor/constructor fallback ---
    no unguarded destructor/constructor multiply found

[ unchecked_multiply ] 0 finding(s) written to /tmp/cwe190_findings_hspSbj
=== Detector 2: unchecked_add ===
    input  : /Users/afiaasante/Security-Code-Smells/linux/net/x25/x25_forward.c.xml
    output : /tmp/cwe190_findings_hspSbj

    query  : FIND $T $FUNC($PARAMS) {} CONTAINS $TYPE $RESULT = $A + $B
    note   : destructor/constructor blocks covered by XPath fallback


real	0m0.021s
user	0m0.009s
sys	0m0.005s


--- Stage 2: XPath destructor/constructor fallback ---
    no unguarded destructor/constructor addition found

[ unchecked_add ] 0 finding(s) written to /tmp/cwe190_findings_hspSbj
=== Detector 3: unchecked_increment ===
    input  : /Users/afiaasante/Security-Code-Smells/linux/net/x25/x25_forward.c.xml
    output : /tmp/cwe190_findings_hspSbj

    strategy : XPath on srcML XML -- ancestor-scoped guard check

[ unchecked_increment ] No smell detected.
========================================
 Findings JSON
========================================

========================================
 Summary
 Total findings : 0
 Errors         : 0
 Warnings       : 0
========================================
