========================================
 CWE-190 Integer Overflow Risk Detector
 Source  : /Users/afiaasante/Security-Code-Smells/linux/net/sunrpc/stats.c
 Report  : /Users/afiaasante/Security-Code-Smells/results/net_scan/SCS006/sunrpc__stats.c/stats_report_20260417_174537.txt
 Findings: /Users/afiaasante/Security-Code-Smells/results/net_scan/SCS006/sunrpc__stats.c/stats_findings_20260417_174537.json
 Date    : Fri Apr 17 17:45:37 EDT 2026
========================================

=== Stage 1: srcml ===

real	0m0.030s
user	0m0.024s
sys	0m0.004s

=== Stage 2: srcslice ===
Writing to :: /Users/afiaasante/Security-Code-Smells/linux/net/sunrpc/stats.c.json
Output Saved to :: /Users/afiaasante/Security-Code-Smells/linux/net/sunrpc/stats.c.json

real	0m0.192s
user	0m0.057s
sys	0m0.004s

=== Stage 3: srcattributor ===

real	0m0.251s
user	0m0.239s
sys	0m0.006s

=== Detector 1: unchecked_multiply ===
    input  : /Users/afiaasante/Security-Code-Smells/linux/net/sunrpc/stats.c.xml
    output : /tmp/cwe190_findings_HKrpWF

    query  : FIND $T $FUNC($PARAMS) {} CONTAINS $TYPE $RESULT = $A * $B
    note   : destructor/constructor blocks covered by XPath fallback


real	0m0.017s
user	0m0.011s
sys	0m0.004s


--- Stage 2: XPath destructor/constructor fallback ---
    no unguarded destructor/constructor multiply found

[ unchecked_multiply ] 0 finding(s) written to /tmp/cwe190_findings_HKrpWF
=== Detector 2: unchecked_add ===
    input  : /Users/afiaasante/Security-Code-Smells/linux/net/sunrpc/stats.c.xml
    output : /tmp/cwe190_findings_HKrpWF

    query  : FIND $T $FUNC($PARAMS) {} CONTAINS $TYPE $RESULT = $A + $B
    note   : destructor/constructor blocks covered by XPath fallback


real	0m0.016s
user	0m0.011s
sys	0m0.004s


--- Stage 2: XPath destructor/constructor fallback ---
    no unguarded destructor/constructor addition found

[ unchecked_add ] 0 finding(s) written to /tmp/cwe190_findings_HKrpWF
=== Detector 3: unchecked_increment ===
    input  : /Users/afiaasante/Security-Code-Smells/linux/net/sunrpc/stats.c.xml
    output : /tmp/cwe190_findings_HKrpWF

    strategy : XPath on srcML XML -- ancestor-scoped guard check

--- extracting finding via XPath ---
    function : rpc_proc_show
    position : 54:40

    no taint source -- warning/smell
    finding: /Users/afiaasante/Security-Code-Smells/linux/net/sunrpc/stats.c:54:40 -- rpc_proc_show() increments without MAX guard

[ unchecked_increment ] 1 finding(s) written to /tmp/cwe190_findings_HKrpWF
========================================
 Findings JSON
========================================
{
  "detector": "unchecked_increment",
  "severity": "warning",
  "classification": "smell",
  "rule": "integerOverflow",
  "file": "/Users/afiaasante/Security-Code-Smells/linux/net/sunrpc/stats.c",
  "line": 54,
  "col": 40,
  "varname": "rpc_proc_show",
  "note": {
    "line": 54,
    "col": 40,
    "message": "increment (++) in rpc_proc_show() -- no upper-bound guard (INT_MAX check)"
  }
}

========================================
 Summary
 Total findings : 1
 Errors         : 0
 Warnings       : 1

 Breakdown by detector:
   unchecked_increment       1
========================================
